static-analysis	Set up job	﻿2026-02-02T16:50:47.1936586Z Current runner version: '2.331.0'
static-analysis	Set up job	2026-02-02T16:50:47.1960219Z ##[group]Runner Image Provisioner
static-analysis	Set up job	2026-02-02T16:50:47.1961062Z Hosted Compute Agent
static-analysis	Set up job	2026-02-02T16:50:47.1961606Z Version: 20260123.484
static-analysis	Set up job	2026-02-02T16:50:47.1962134Z Commit: 6bd6555ca37d84114959e1c76d2c01448ff61c5d
static-analysis	Set up job	2026-02-02T16:50:47.1962788Z Build Date: 2026-01-23T19:41:17Z
static-analysis	Set up job	2026-02-02T16:50:47.1963384Z Worker ID: {0ec274ea-3c09-4f96-9c83-d1e57d2024c5}
static-analysis	Set up job	2026-02-02T16:50:47.1964036Z Azure Region: westus3
static-analysis	Set up job	2026-02-02T16:50:47.1964500Z ##[endgroup]
static-analysis	Set up job	2026-02-02T16:50:47.1966276Z ##[group]Operating System
static-analysis	Set up job	2026-02-02T16:50:47.1966829Z Ubuntu
static-analysis	Set up job	2026-02-02T16:50:47.1967266Z 24.04.3
static-analysis	Set up job	2026-02-02T16:50:47.1967726Z LTS
static-analysis	Set up job	2026-02-02T16:50:47.1968159Z ##[endgroup]
static-analysis	Set up job	2026-02-02T16:50:47.1968614Z ##[group]Runner Image
static-analysis	Set up job	2026-02-02T16:50:47.1969147Z Image: ubuntu-24.04
static-analysis	Set up job	2026-02-02T16:50:47.1969622Z Version: 20260126.10.1
static-analysis	Set up job	2026-02-02T16:50:47.1970491Z Included Software: https://github.com/actions/runner-images/blob/ubuntu24/20260126.10/images/ubuntu/Ubuntu2404-Readme.md
static-analysis	Set up job	2026-02-02T16:50:47.1971973Z Image Release: https://github.com/actions/runner-images/releases/tag/ubuntu24%2F20260126.10
static-analysis	Set up job	2026-02-02T16:50:47.1972754Z ##[endgroup]
static-analysis	Set up job	2026-02-02T16:50:47.1973788Z ##[group]GITHUB_TOKEN Permissions
static-analysis	Set up job	2026-02-02T16:50:47.1975914Z Contents: read
static-analysis	Set up job	2026-02-02T16:50:47.1976438Z Metadata: read
static-analysis	Set up job	2026-02-02T16:50:47.1976928Z Packages: read
static-analysis	Set up job	2026-02-02T16:50:47.1977355Z ##[endgroup]
static-analysis	Set up job	2026-02-02T16:50:47.1979475Z Secret source: Actions
static-analysis	Set up job	2026-02-02T16:50:47.1980143Z Prepare workflow directory
static-analysis	Set up job	2026-02-02T16:50:47.2290940Z Prepare all required actions
static-analysis	Set up job	2026-02-02T16:50:47.2347257Z Getting action download info
static-analysis	Set up job	2026-02-02T16:50:47.6691334Z Download action repository 'actions/checkout@v4' (SHA:34e114876b0b11c390a56381ad16ebd13914f8d5)
static-analysis	Set up job	2026-02-02T16:50:47.8273183Z Complete job name: static-analysis
static-analysis	Run actions/checkout@v4	﻿2026-02-02T16:50:47.8863853Z ##[group]Run actions/checkout@v4
static-analysis	Run actions/checkout@v4	2026-02-02T16:50:47.8864700Z with:
static-analysis	Run actions/checkout@v4	2026-02-02T16:50:47.8865175Z   repository: w1ne/udslib
static-analysis	Run actions/checkout@v4	2026-02-02T16:50:47.8865993Z   token: ***
static-analysis	Run actions/checkout@v4	2026-02-02T16:50:47.8866482Z   ssh-strict: true
static-analysis	Run actions/checkout@v4	2026-02-02T16:50:47.8866905Z   ssh-user: git
static-analysis	Run actions/checkout@v4	2026-02-02T16:50:47.8867387Z   persist-credentials: true
static-analysis	Run actions/checkout@v4	2026-02-02T16:50:47.8867879Z   clean: true
static-analysis	Run actions/checkout@v4	2026-02-02T16:50:47.8868302Z   sparse-checkout-cone-mode: true
static-analysis	Run actions/checkout@v4	2026-02-02T16:50:47.8868814Z   fetch-depth: 1
static-analysis	Run actions/checkout@v4	2026-02-02T16:50:47.8869205Z   fetch-tags: false
static-analysis	Run actions/checkout@v4	2026-02-02T16:50:47.8869680Z   show-progress: true
static-analysis	Run actions/checkout@v4	2026-02-02T16:50:47.8870113Z   lfs: false
static-analysis	Run actions/checkout@v4	2026-02-02T16:50:47.8870516Z   submodules: false
static-analysis	Run actions/checkout@v4	2026-02-02T16:50:47.8870963Z   set-safe-directory: true
static-analysis	Run actions/checkout@v4	2026-02-02T16:50:47.8871710Z ##[endgroup]
static-analysis	Run actions/checkout@v4	2026-02-02T16:50:47.9890569Z Syncing repository: w1ne/udslib
static-analysis	Run actions/checkout@v4	2026-02-02T16:50:47.9892265Z ##[group]Getting Git version info
static-analysis	Run actions/checkout@v4	2026-02-02T16:50:47.9893029Z Working directory is '/home/runner/work/udslib/udslib'
static-analysis	Run actions/checkout@v4	2026-02-02T16:50:47.9893948Z [command]/usr/bin/git version
static-analysis	Run actions/checkout@v4	2026-02-02T16:50:47.9974408Z git version 2.52.0
static-analysis	Run actions/checkout@v4	2026-02-02T16:50:48.0000447Z ##[endgroup]
static-analysis	Run actions/checkout@v4	2026-02-02T16:50:48.0012550Z Temporarily overriding HOME='/home/runner/work/_temp/5f6ddba9-d7b4-43f2-a9ef-a0d091ec2a47' before making global git config changes
static-analysis	Run actions/checkout@v4	2026-02-02T16:50:48.0017235Z Adding repository directory to the temporary git global config as a safe directory
static-analysis	Run actions/checkout@v4	2026-02-02T16:50:48.0019060Z [command]/usr/bin/git config --global --add safe.directory /home/runner/work/udslib/udslib
static-analysis	Run actions/checkout@v4	2026-02-02T16:50:48.0052441Z Deleting the contents of '/home/runner/work/udslib/udslib'
static-analysis	Run actions/checkout@v4	2026-02-02T16:50:48.0055970Z ##[group]Initializing the repository
static-analysis	Run actions/checkout@v4	2026-02-02T16:50:48.0060265Z [command]/usr/bin/git init /home/runner/work/udslib/udslib
static-analysis	Run actions/checkout@v4	2026-02-02T16:50:48.0156453Z hint: Using 'master' as the name for the initial branch. This default branch name
static-analysis	Run actions/checkout@v4	2026-02-02T16:50:48.0157692Z hint: will change to "main" in Git 3.0. To configure the initial branch name
static-analysis	Run actions/checkout@v4	2026-02-02T16:50:48.0159322Z hint: to use in all of your new repositories, which will suppress this warning,
static-analysis	Run actions/checkout@v4	2026-02-02T16:50:48.0160532Z hint: call:
static-analysis	Run actions/checkout@v4	2026-02-02T16:50:48.0161270Z hint:
static-analysis	Run actions/checkout@v4	2026-02-02T16:50:48.0161852Z hint: 	git config --global init.defaultBranch <name>
static-analysis	Run actions/checkout@v4	2026-02-02T16:50:48.0162648Z hint:
static-analysis	Run actions/checkout@v4	2026-02-02T16:50:48.0163216Z hint: Names commonly chosen instead of 'master' are 'main', 'trunk' and
static-analysis	Run actions/checkout@v4	2026-02-02T16:50:48.0164028Z hint: 'development'. The just-created branch can be renamed via this command:
static-analysis	Run actions/checkout@v4	2026-02-02T16:50:48.0165056Z hint:
static-analysis	Run actions/checkout@v4	2026-02-02T16:50:48.0165667Z hint: 	git branch -m <name>
static-analysis	Run actions/checkout@v4	2026-02-02T16:50:48.0166187Z hint:
static-analysis	Run actions/checkout@v4	2026-02-02T16:50:48.0166797Z hint: Disable this message with "git config set advice.defaultBranchName false"
static-analysis	Run actions/checkout@v4	2026-02-02T16:50:48.0167730Z Initialized empty Git repository in /home/runner/work/udslib/udslib/.git/
static-analysis	Run actions/checkout@v4	2026-02-02T16:50:48.0170257Z [command]/usr/bin/git remote add origin https://github.com/w1ne/udslib
static-analysis	Run actions/checkout@v4	2026-02-02T16:50:48.0197316Z ##[endgroup]
static-analysis	Run actions/checkout@v4	2026-02-02T16:50:48.0198383Z ##[group]Disabling automatic garbage collection
static-analysis	Run actions/checkout@v4	2026-02-02T16:50:48.0200700Z [command]/usr/bin/git config --local gc.auto 0
static-analysis	Run actions/checkout@v4	2026-02-02T16:50:48.0224866Z ##[endgroup]
static-analysis	Run actions/checkout@v4	2026-02-02T16:50:48.0225661Z ##[group]Setting up auth
static-analysis	Run actions/checkout@v4	2026-02-02T16:50:48.0231090Z [command]/usr/bin/git config --local --name-only --get-regexp core\.sshCommand
static-analysis	Run actions/checkout@v4	2026-02-02T16:50:48.0256566Z [command]/usr/bin/git submodule foreach --recursive sh -c "git config --local --name-only --get-regexp 'core\.sshCommand' && git config --local --unset-all 'core.sshCommand' || :"
static-analysis	Run actions/checkout@v4	2026-02-02T16:50:48.0578645Z [command]/usr/bin/git config --local --name-only --get-regexp http\.https\:\/\/github\.com\/\.extraheader
static-analysis	Run actions/checkout@v4	2026-02-02T16:50:48.0602222Z [command]/usr/bin/git submodule foreach --recursive sh -c "git config --local --name-only --get-regexp 'http\.https\:\/\/github\.com\/\.extraheader' && git config --local --unset-all 'http.https://github.com/.extraheader' || :"
static-analysis	Run actions/checkout@v4	2026-02-02T16:50:48.0767829Z [command]/usr/bin/git config --local --name-only --get-regexp ^includeIf\.gitdir:
static-analysis	Run actions/checkout@v4	2026-02-02T16:50:48.0800119Z [command]/usr/bin/git submodule foreach --recursive git config --local --show-origin --name-only --get-regexp remote.origin.url
static-analysis	Run actions/checkout@v4	2026-02-02T16:50:48.0964402Z [command]/usr/bin/git config --local http.https://github.com/.extraheader AUTHORIZATION: basic ***
static-analysis	Run actions/checkout@v4	2026-02-02T16:50:48.0990597Z ##[endgroup]
static-analysis	Run actions/checkout@v4	2026-02-02T16:50:48.0991817Z ##[group]Fetching the repository
static-analysis	Run actions/checkout@v4	2026-02-02T16:50:48.0999686Z [command]/usr/bin/git -c protocol.version=2 fetch --no-tags --prune --no-recurse-submodules --depth=1 origin +40d822c30f8dbeeed37cf7b979ab9a3ad8ce49cc:refs/remotes/pull/9/merge
static-analysis	Run actions/checkout@v4	2026-02-02T16:50:48.7080533Z From https://github.com/w1ne/udslib
static-analysis	Run actions/checkout@v4	2026-02-02T16:50:48.7081440Z  * [new ref]         40d822c30f8dbeeed37cf7b979ab9a3ad8ce49cc -> pull/9/merge
static-analysis	Run actions/checkout@v4	2026-02-02T16:50:48.7108441Z ##[endgroup]
static-analysis	Run actions/checkout@v4	2026-02-02T16:50:48.7109096Z ##[group]Determining the checkout info
static-analysis	Run actions/checkout@v4	2026-02-02T16:50:48.7110762Z ##[endgroup]
static-analysis	Run actions/checkout@v4	2026-02-02T16:50:48.7116511Z [command]/usr/bin/git sparse-checkout disable
static-analysis	Run actions/checkout@v4	2026-02-02T16:50:48.7150514Z [command]/usr/bin/git config --local --unset-all extensions.worktreeConfig
static-analysis	Run actions/checkout@v4	2026-02-02T16:50:48.7172273Z ##[group]Checking out the ref
static-analysis	Run actions/checkout@v4	2026-02-02T16:50:48.7175777Z [command]/usr/bin/git checkout --progress --force refs/remotes/pull/9/merge
static-analysis	Run actions/checkout@v4	2026-02-02T16:50:48.7258711Z Note: switching to 'refs/remotes/pull/9/merge'.
static-analysis	Run actions/checkout@v4	2026-02-02T16:50:48.7259349Z 
static-analysis	Run actions/checkout@v4	2026-02-02T16:50:48.7260027Z You are in 'detached HEAD' state. You can look around, make experimental
static-analysis	Run actions/checkout@v4	2026-02-02T16:50:48.7261721Z changes and commit them, and you can discard any commits you make in this
static-analysis	Run actions/checkout@v4	2026-02-02T16:50:48.7263387Z state without impacting any branches by switching back to a branch.
static-analysis	Run actions/checkout@v4	2026-02-02T16:50:48.7264317Z 
static-analysis	Run actions/checkout@v4	2026-02-02T16:50:48.7264985Z If you want to create a new branch to retain commits you create, you may
static-analysis	Run actions/checkout@v4	2026-02-02T16:50:48.7266748Z do so (now or later) by using -c with the switch command. Example:
static-analysis	Run actions/checkout@v4	2026-02-02T16:50:48.7267673Z 
static-analysis	Run actions/checkout@v4	2026-02-02T16:50:48.7268088Z   git switch -c <new-branch-name>
static-analysis	Run actions/checkout@v4	2026-02-02T16:50:48.7268743Z 
static-analysis	Run actions/checkout@v4	2026-02-02T16:50:48.7269110Z Or undo this operation with:
static-analysis	Run actions/checkout@v4	2026-02-02T16:50:48.7269700Z 
static-analysis	Run actions/checkout@v4	2026-02-02T16:50:48.7269985Z   git switch -
static-analysis	Run actions/checkout@v4	2026-02-02T16:50:48.7270326Z 
static-analysis	Run actions/checkout@v4	2026-02-02T16:50:48.7270887Z Turn off this advice by setting config variable advice.detachedHead to false
static-analysis	Run actions/checkout@v4	2026-02-02T16:50:48.7272045Z 
static-analysis	Run actions/checkout@v4	2026-02-02T16:50:48.7272991Z HEAD is now at 40d822c Merge 529a7bfb443f8cf7c537190e2bf5a8813c513789 into 1a98c832c59b49c4c6bd2187edbf784dd7b090c6
static-analysis	Run actions/checkout@v4	2026-02-02T16:50:48.7275956Z ##[endgroup]
static-analysis	Run actions/checkout@v4	2026-02-02T16:50:48.7296792Z [command]/usr/bin/git log -1 --format=%H
static-analysis	Run actions/checkout@v4	2026-02-02T16:50:48.7313347Z 40d822c30f8dbeeed37cf7b979ab9a3ad8ce49cc
static-analysis	Build Docker Image	﻿2026-02-02T16:50:48.7487628Z ##[group]Run docker build -t libuds-test-env -f Dockerfile .
static-analysis	Build Docker Image	2026-02-02T16:50:48.7488388Z [36;1mdocker build -t libuds-test-env -f Dockerfile .[0m
static-analysis	Build Docker Image	2026-02-02T16:50:48.7512872Z shell: /usr/bin/bash -e {0}
static-analysis	Build Docker Image	2026-02-02T16:50:48.7513350Z ##[endgroup]
static-analysis	Build Docker Image	2026-02-02T16:50:49.2872659Z #0 building with "default" instance using docker driver
static-analysis	Build Docker Image	2026-02-02T16:50:49.2873946Z 
static-analysis	Build Docker Image	2026-02-02T16:50:49.2874449Z #1 [internal] load build definition from Dockerfile
static-analysis	Build Docker Image	2026-02-02T16:50:49.2875903Z #1 transferring dockerfile: 700B done
static-analysis	Build Docker Image	2026-02-02T16:50:49.2876944Z #1 DONE 0.0s
static-analysis	Build Docker Image	2026-02-02T16:50:49.2877359Z 
static-analysis	Build Docker Image	2026-02-02T16:50:49.2877995Z #2 [internal] load metadata for docker.io/library/ubuntu:22.04
static-analysis	Build Docker Image	2026-02-02T16:50:49.4869190Z #2 ...
static-analysis	Build Docker Image	2026-02-02T16:50:49.4869799Z 
static-analysis	Build Docker Image	2026-02-02T16:50:49.4870186Z #3 [auth] library/ubuntu:pull token for registry-1.docker.io
static-analysis	Build Docker Image	2026-02-02T16:50:49.4870710Z #3 DONE 0.0s
static-analysis	Build Docker Image	2026-02-02T16:50:49.6372741Z 
static-analysis	Build Docker Image	2026-02-02T16:50:49.6373720Z #2 [internal] load metadata for docker.io/library/ubuntu:22.04
static-analysis	Build Docker Image	2026-02-02T16:50:50.0612679Z #2 DONE 0.9s
static-analysis	Build Docker Image	2026-02-02T16:50:50.1799868Z 
static-analysis	Build Docker Image	2026-02-02T16:50:50.1800886Z #4 [internal] load .dockerignore
static-analysis	Build Docker Image	2026-02-02T16:50:50.1801800Z #4 transferring context: 389B done
static-analysis	Build Docker Image	2026-02-02T16:50:50.1802347Z #4 DONE 0.0s
static-analysis	Build Docker Image	2026-02-02T16:50:50.1802616Z 
static-analysis	Build Docker Image	2026-02-02T16:50:50.1802814Z #5 [internal] load build context
static-analysis	Build Docker Image	2026-02-02T16:50:50.1803420Z #5 transferring context: 145B done
static-analysis	Build Docker Image	2026-02-02T16:50:50.1804008Z #5 DONE 0.0s
static-analysis	Build Docker Image	2026-02-02T16:50:50.1804288Z 
static-analysis	Build Docker Image	2026-02-02T16:50:50.1805067Z #6 [1/5] FROM docker.io/library/ubuntu:22.04@sha256:c7eb020043d8fc2ae0793fb35a37bff1cf33f156d4d4b12ccc7f3ef8706c38b1
static-analysis	Build Docker Image	2026-02-02T16:50:50.1806975Z #6 resolve docker.io/library/ubuntu:22.04@sha256:c7eb020043d8fc2ae0793fb35a37bff1cf33f156d4d4b12ccc7f3ef8706c38b1 done
static-analysis	Build Docker Image	2026-02-02T16:50:50.1808566Z #6 sha256:c7eb020043d8fc2ae0793fb35a37bff1cf33f156d4d4b12ccc7f3ef8706c38b1 6.69kB / 6.69kB done
static-analysis	Build Docker Image	2026-02-02T16:50:50.1809924Z #6 sha256:34577a83cd7a8f1e55f6eb173fd9bb70c16127a83d6bf06f56f6b1fff9e406b9 424B / 424B done
static-analysis	Build Docker Image	2026-02-02T16:50:50.1811159Z #6 sha256:65c77cbc27c2640de4c99ed5cfe6b689b192f81745a36032b50e2407b073ff22 2.30kB / 2.30kB done
static-analysis	Build Docker Image	2026-02-02T16:50:50.1812494Z #6 sha256:6f4ebca3e823b18dac366f72e537b1772bc3522a5c7ae299d6491fb17378410e 0B / 29.54MB 0.1s
static-analysis	Build Docker Image	2026-02-02T16:50:50.3816929Z #6 sha256:6f4ebca3e823b18dac366f72e537b1772bc3522a5c7ae299d6491fb17378410e 15.73MB / 29.54MB 0.3s
static-analysis	Build Docker Image	2026-02-02T16:50:50.4954528Z #6 sha256:6f4ebca3e823b18dac366f72e537b1772bc3522a5c7ae299d6491fb17378410e 29.54MB / 29.54MB 0.4s done
static-analysis	Build Docker Image	2026-02-02T16:50:50.4956191Z #6 extracting sha256:6f4ebca3e823b18dac366f72e537b1772bc3522a5c7ae299d6491fb17378410e
static-analysis	Build Docker Image	2026-02-02T16:50:51.2355279Z #6 extracting sha256:6f4ebca3e823b18dac366f72e537b1772bc3522a5c7ae299d6491fb17378410e 0.7s done
static-analysis	Build Docker Image	2026-02-02T16:50:51.2356167Z #6 DONE 1.2s
static-analysis	Build Docker Image	2026-02-02T16:50:51.3870887Z 
static-analysis	Build Docker Image	2026-02-02T16:50:51.3872403Z #7 [2/5] RUN apt-get update && apt-get install -y     build-essential     cmake     git     libcmocka-dev     lcov     cppcheck     clang-format     python3     python3-pip     pkg-config     wget     curl     && rm -rf /var/lib/apt/lists/*
static-analysis	Build Docker Image	2026-02-02T16:50:51.6405828Z #7 0.404 Get:1 http://security.ubuntu.com/ubuntu jammy-security InRelease [129 kB]
static-analysis	Build Docker Image	2026-02-02T16:50:51.7972873Z #7 0.410 Get:2 http://archive.ubuntu.com/ubuntu jammy InRelease [270 kB]
static-analysis	Build Docker Image	2026-02-02T16:50:51.9882339Z #7 0.752 Get:3 http://security.ubuntu.com/ubuntu jammy-security/main amd64 Packages [3640 kB]
static-analysis	Build Docker Image	2026-02-02T16:50:52.3957817Z #7 1.159 Get:4 http://security.ubuntu.com/ubuntu jammy-security/multiverse amd64 Packages [62.6 kB]
static-analysis	Build Docker Image	2026-02-02T16:50:52.6180525Z #7 1.160 Get:5 http://security.ubuntu.com/ubuntu jammy-security/restricted amd64 Packages [6288 kB]
static-analysis	Build Docker Image	2026-02-02T16:50:52.6181852Z #7 1.192 Get:6 http://archive.ubuntu.com/ubuntu jammy-updates InRelease [128 kB]
static-analysis	Build Docker Image	2026-02-02T16:50:52.6183628Z #7 1.257 Get:7 http://security.ubuntu.com/ubuntu jammy-security/universe amd64 Packages [1296 kB]
static-analysis	Build Docker Image	2026-02-02T16:50:52.6184418Z #7 1.381 Get:8 http://archive.ubuntu.com/ubuntu jammy-backports InRelease [127 kB]
static-analysis	Build Docker Image	2026-02-02T16:50:52.8073296Z #7 1.571 Get:9 http://archive.ubuntu.com/ubuntu jammy/restricted amd64 Packages [164 kB]
static-analysis	Build Docker Image	2026-02-02T16:50:52.9751382Z #7 1.634 Get:10 http://archive.ubuntu.com/ubuntu jammy/multiverse amd64 Packages [266 kB]
static-analysis	Build Docker Image	2026-02-02T16:50:52.9752544Z #7 1.738 Get:11 http://archive.ubuntu.com/ubuntu jammy/universe amd64 Packages [17.5 MB]
static-analysis	Build Docker Image	2026-02-02T16:50:53.8813266Z #7 2.645 Get:12 http://archive.ubuntu.com/ubuntu jammy/main amd64 Packages [1792 kB]
static-analysis	Build Docker Image	2026-02-02T16:50:54.0813808Z #7 2.694 Get:13 http://archive.ubuntu.com/ubuntu jammy-updates/restricted amd64 Packages [6597 kB]
static-analysis	Build Docker Image	2026-02-02T16:50:54.1662090Z #7 2.930 Get:14 http://archive.ubuntu.com/ubuntu jammy-updates/universe amd64 Packages [1608 kB]
static-analysis	Build Docker Image	2026-02-02T16:50:54.3549320Z #7 2.984 Get:15 http://archive.ubuntu.com/ubuntu jammy-updates/main amd64 Packages [4009 kB]
static-analysis	Build Docker Image	2026-02-02T16:50:54.5114108Z #7 3.118 Get:16 http://archive.ubuntu.com/ubuntu jammy-updates/multiverse amd64 Packages [70.9 kB]
static-analysis	Build Docker Image	2026-02-02T16:50:54.5115382Z #7 3.120 Get:17 http://archive.ubuntu.com/ubuntu jammy-backports/main amd64 Packages [83.9 kB]
static-analysis	Build Docker Image	2026-02-02T16:50:54.5116807Z #7 3.124 Get:18 http://archive.ubuntu.com/ubuntu jammy-backports/universe amd64 Packages [37.2 kB]
static-analysis	Build Docker Image	2026-02-02T16:50:54.9092907Z #7 3.673 Fetched 44.0 MB in 4s (12.4 MB/s)
static-analysis	Build Docker Image	2026-02-02T16:50:55.7925826Z #7 3.673 Reading package lists...
static-analysis	Build Docker Image	2026-02-02T16:50:56.7131249Z #7 4.603 Reading package lists...
static-analysis	Build Docker Image	2026-02-02T16:50:56.8836815Z #7 5.491 Building dependency tree...
static-analysis	Build Docker Image	2026-02-02T16:50:56.8837471Z #7 5.647 Reading state information...
static-analysis	Build Docker Image	2026-02-02T16:50:57.0483647Z #7 5.811 The following additional packages will be installed:
static-analysis	Build Docker Image	2026-02-02T16:50:57.0485751Z #7 5.811   binutils binutils-common binutils-x86-64-linux-gnu bzip2 ca-certificates
static-analysis	Build Docker Image	2026-02-02T16:50:57.0487572Z #7 5.811   clang-format-14 cmake-data cmocka-doc cpp cpp-11 dh-elpa-helper dirmngr
static-analysis	Build Docker Image	2026-02-02T16:50:57.0495202Z #7 5.811   dpkg-dev emacsen-common fakeroot fontconfig-config fonts-dejavu-core g++
static-analysis	Build Docker Image	2026-02-02T16:50:57.0496372Z #7 5.811   g++-11 gcc gcc-11 gcc-11-base git-man gnupg gnupg-l10n gnupg-utils gpg
static-analysis	Build Docker Image	2026-02-02T16:50:57.2012287Z #7 5.812   gpg-agent gpg-wks-client gpg-wks-server gpgconf gpgsm javascript-common less
static-analysis	Build Docker Image	2026-02-02T16:50:57.2013547Z #7 5.812   libalgorithm-diff-perl libalgorithm-diff-xs-perl libalgorithm-merge-perl
static-analysis	Build Docker Image	2026-02-02T16:50:57.2014252Z #7 5.812   libarchive13 libasan6 libassuan0 libatomic1 libbinutils libbrotli1 libbsd0
static-analysis	Build Docker Image	2026-02-02T16:50:57.2014807Z #7 5.812   libc-dev-bin libc-devtools libc6 libc6-dev libcbor0.8 libcc1-0
static-analysis	Build Docker Image	2026-02-02T16:50:57.2015380Z #7 5.812   libclang-cpp14 libcmocka0 libcommon-sense-perl libcrypt-dev libctf-nobfd0
static-analysis	Build Docker Image	2026-02-02T16:50:57.2016175Z #7 5.812   libctf0 libcurl3-gnutls libcurl4 libdeflate0 libdpkg-perl libedit2
static-analysis	Build Docker Image	2026-02-02T16:50:57.2016763Z #7 5.812   liberror-perl libexpat1 libexpat1-dev libfakeroot libfido2-1
static-analysis	Build Docker Image	2026-02-02T16:50:57.2017315Z #7 5.812   libfile-fcntllock-perl libfontconfig1 libfreetype6 libgcc-11-dev libgd-perl
static-analysis	Build Docker Image	2026-02-02T16:50:57.2017912Z #7 5.812   libgd3 libgdbm-compat4 libgdbm6 libglib2.0-0 libglib2.0-data libgomp1
static-analysis	Build Docker Image	2026-02-02T16:50:57.2018471Z #7 5.812   libicu70 libisl23 libitm1 libjbig0 libjpeg-turbo8 libjpeg8 libjs-jquery
static-analysis	Build Docker Image	2026-02-02T16:50:57.2019083Z #7 5.812   libjs-sphinxdoc libjs-underscore libjson-perl libjson-xs-perl libjsoncpp25
static-analysis	Build Docker Image	2026-02-02T16:50:57.2019665Z #7 5.812   libksba8 libldap-2.5-0 libldap-common libllvm14 liblocale-gettext-perl
static-analysis	Build Docker Image	2026-02-02T16:50:57.2020238Z #7 5.812   liblsan0 libmd0 libmpc3 libmpdec3 libmpfr6 libnghttp2-14 libnpth0 libnsl-dev
static-analysis	Build Docker Image	2026-02-02T16:50:57.2020805Z #7 5.812   libperl5.34 libperlio-gzip-perl libpng16-16 libpsl5 libpython3-dev
static-analysis	Build Docker Image	2026-02-02T16:50:57.2021350Z #7 5.812   libpython3-stdlib libpython3.10 libpython3.10-dev libpython3.10-minimal
static-analysis	Build Docker Image	2026-02-02T16:50:57.2022375Z #7 5.812   libpython3.10-stdlib libquadmath0 libreadline8 librhash0 librtmp1 libsasl2-2
static-analysis	Build Docker Image	2026-02-02T16:50:57.2022982Z #7 5.812   libsasl2-modules libsasl2-modules-db libsqlite3-0 libssh-4 libstdc++-11-dev
static-analysis	Build Docker Image	2026-02-02T16:50:57.2023584Z #7 5.812   libtiff5 libtinyxml2-9 libtirpc-dev libtsan0 libtypes-serialiser-perl
static-analysis	Build Docker Image	2026-02-02T16:50:57.2024159Z #7 5.812   libubsan1 libuv1 libwebp7 libx11-6 libx11-data libxau6 libxcb1 libxdmcp6
static-analysis	Build Docker Image	2026-02-02T16:50:57.2024820Z #7 5.813   libxext6 libxml2 libxmuu1 libxpm4 libz3-4 linux-libc-dev lto-disabled-list
static-analysis	Build Docker Image	2026-02-02T16:50:57.2025304Z #7 5.813   make manpages manpages-dev media-types netbase openssh-client openssl patch
static-analysis	Build Docker Image	2026-02-02T16:50:57.2025929Z #7 5.813   perl perl-modules-5.34 pinentry-curses publicsuffix python3-dev
static-analysis	Build Docker Image	2026-02-02T16:50:57.2026398Z #7 5.813   python3-distutils python3-lib2to3 python3-minimal python3-pkg-resources
static-analysis	Build Docker Image	2026-02-02T16:50:57.2026891Z #7 5.813   python3-pygments python3-setuptools python3-wheel python3.10 python3.10-dev
static-analysis	Build Docker Image	2026-02-02T16:50:57.2027397Z #7 5.813   python3.10-minimal readline-common rpcsvc-proto shared-mime-info ucf xauth
static-analysis	Build Docker Image	2026-02-02T16:50:57.2027788Z #7 5.813   xdg-user-dirs xz-utils zlib1g-dev
static-analysis	Build Docker Image	2026-02-02T16:50:57.2028042Z #7 5.814 Suggested packages:
static-analysis	Build Docker Image	2026-02-02T16:50:57.2028372Z #7 5.814   binutils-doc bzip2-doc cmake-doc ninja-build cmake-format cpp-doc
static-analysis	Build Docker Image	2026-02-02T16:50:57.2028800Z #7 5.814   gcc-11-locales cppcheck-gui clang clang-tidy dbus-user-session
static-analysis	Build Docker Image	2026-02-02T16:50:57.2029222Z #7 5.814   libpam-systemd pinentry-gnome3 tor debian-keyring g++-multilib
static-analysis	Build Docker Image	2026-02-02T16:50:57.2029656Z #7 5.814   g++-11-multilib gcc-11-doc gcc-multilib autoconf automake libtool flex bison
static-analysis	Build Docker Image	2026-02-02T16:50:57.2030085Z #7 5.814   gdb gcc-doc gcc-11-multilib gettext-base git-daemon-run
static-analysis	Build Docker Image	2026-02-02T16:50:57.2030487Z #7 5.814   | git-daemon-sysvinit git-doc git-email git-gui gitk gitweb git-cvs
static-analysis	Build Docker Image	2026-02-02T16:50:57.2030931Z #7 5.814   git-mediawiki git-svn parcimonie xloadimage scdaemon apache2 | lighttpd
static-analysis	Build Docker Image	2026-02-02T16:50:57.2031357Z #7 5.814   | httpd lrzip glibc-doc locales bzr libgd-tools gdbm-l10n
static-analysis	Build Docker Image	2026-02-02T16:50:57.2031839Z #7 5.814   libsasl2-modules-gssapi-mit | libsasl2-modules-gssapi-heimdal
static-analysis	Build Docker Image	2026-02-02T16:50:57.2032272Z #7 5.814   libsasl2-modules-ldap libsasl2-modules-otp libsasl2-modules-sql
static-analysis	Build Docker Image	2026-02-02T16:50:57.2032712Z #7 5.814   libstdc++-11-doc make-doc man-browser keychain libpam-ssh monkeysphere
static-analysis	Build Docker Image	2026-02-02T16:50:57.2033166Z #7 5.814   ssh-askpass ed diffutils-doc perl-doc libterm-readline-gnu-perl
static-analysis	Build Docker Image	2026-02-02T16:50:57.2033625Z #7 5.814   | libterm-readline-perl-perl libtap-harness-archive-perl pinentry-doc
static-analysis	Build Docker Image	2026-02-02T16:50:57.2034102Z #7 5.814   python3-doc python3-tk python3-venv python-pygments-doc ttf-bitstream-vera
static-analysis	Build Docker Image	2026-02-02T16:50:57.2034572Z #7 5.814   python-setuptools-doc python3.10-venv python3.10-doc binfmt-support
static-analysis	Build Docker Image	2026-02-02T16:50:57.2034911Z #7 5.814   readline-doc
static-analysis	Build Docker Image	2026-02-02T16:50:57.2035128Z #7 5.814 Recommended packages:
static-analysis	Build Docker Image	2026-02-02T16:50:57.2035350Z #7 5.814   libnss-nis libnss-nisplus
static-analysis	Build Docker Image	2026-02-02T16:50:57.3634606Z #7 6.127 The following NEW packages will be installed:
static-analysis	Build Docker Image	2026-02-02T16:50:57.3636007Z #7 6.127   binutils binutils-common binutils-x86-64-linux-gnu build-essential bzip2
static-analysis	Build Docker Image	2026-02-02T16:50:57.3636877Z #7 6.127   ca-certificates clang-format clang-format-14 cmake cmake-data cmocka-doc cpp
static-analysis	Build Docker Image	2026-02-02T16:50:57.5178404Z #7 6.127   cpp-11 cppcheck curl dh-elpa-helper dirmngr dpkg-dev emacsen-common fakeroot
static-analysis	Build Docker Image	2026-02-02T16:50:57.5179164Z #7 6.127   fontconfig-config fonts-dejavu-core g++ g++-11 gcc gcc-11 gcc-11-base git
static-analysis	Build Docker Image	2026-02-02T16:50:57.5179763Z #7 6.127   git-man gnupg gnupg-l10n gnupg-utils gpg gpg-agent gpg-wks-client
static-analysis	Build Docker Image	2026-02-02T16:50:57.5180266Z #7 6.127   gpg-wks-server gpgconf gpgsm javascript-common lcov less
static-analysis	Build Docker Image	2026-02-02T16:50:57.5180802Z #7 6.127   libalgorithm-diff-perl libalgorithm-diff-xs-perl libalgorithm-merge-perl
static-analysis	Build Docker Image	2026-02-02T16:50:57.5181412Z #7 6.127   libarchive13 libasan6 libassuan0 libatomic1 libbinutils libbrotli1 libbsd0
static-analysis	Build Docker Image	2026-02-02T16:50:57.5181978Z #7 6.127   libc-dev-bin libc-devtools libc6-dev libcbor0.8 libcc1-0 libclang-cpp14
static-analysis	Build Docker Image	2026-02-02T16:50:57.5182966Z #7 6.127   libcmocka-dev libcmocka0 libcommon-sense-perl libcrypt-dev libctf-nobfd0
static-analysis	Build Docker Image	2026-02-02T16:50:57.5183534Z #7 6.127   libctf0 libcurl3-gnutls libcurl4 libdeflate0 libdpkg-perl libedit2
static-analysis	Build Docker Image	2026-02-02T16:50:57.5184054Z #7 6.127   liberror-perl libexpat1 libexpat1-dev libfakeroot libfido2-1
static-analysis	Build Docker Image	2026-02-02T16:50:57.5184610Z #7 6.127   libfile-fcntllock-perl libfontconfig1 libfreetype6 libgcc-11-dev libgd-perl
static-analysis	Build Docker Image	2026-02-02T16:50:57.5185325Z #7 6.128   libgd3 libgdbm-compat4 libgdbm6 libglib2.0-0 libglib2.0-data libgomp1
static-analysis	Build Docker Image	2026-02-02T16:50:57.5186075Z #7 6.128   libicu70 libisl23 libitm1 libjbig0 libjpeg-turbo8 libjpeg8 libjs-jquery
static-analysis	Build Docker Image	2026-02-02T16:50:57.5186650Z #7 6.128   libjs-sphinxdoc libjs-underscore libjson-perl libjson-xs-perl libjsoncpp25
static-analysis	Build Docker Image	2026-02-02T16:50:57.5187238Z #7 6.128   libksba8 libldap-2.5-0 libldap-common libllvm14 liblocale-gettext-perl
static-analysis	Build Docker Image	2026-02-02T16:50:57.5187808Z #7 6.128   liblsan0 libmd0 libmpc3 libmpdec3 libmpfr6 libnghttp2-14 libnpth0 libnsl-dev
static-analysis	Build Docker Image	2026-02-02T16:50:57.5188400Z #7 6.128   libperl5.34 libperlio-gzip-perl libpng16-16 libpsl5 libpython3-dev
static-analysis	Build Docker Image	2026-02-02T16:50:57.5188956Z #7 6.128   libpython3-stdlib libpython3.10 libpython3.10-dev libpython3.10-minimal
static-analysis	Build Docker Image	2026-02-02T16:50:57.5189531Z #7 6.128   libpython3.10-stdlib libquadmath0 libreadline8 librhash0 librtmp1 libsasl2-2
static-analysis	Build Docker Image	2026-02-02T16:50:57.5190080Z #7 6.128   libsasl2-modules libsasl2-modules-db libsqlite3-0 libssh-4 libstdc++-11-dev
static-analysis	Build Docker Image	2026-02-02T16:50:57.5190568Z #7 6.128   libtiff5 libtinyxml2-9 libtirpc-dev libtsan0 libtypes-serialiser-perl
static-analysis	Build Docker Image	2026-02-02T16:50:57.5191037Z #7 6.128   libubsan1 libuv1 libwebp7 libx11-6 libx11-data libxau6 libxcb1 libxdmcp6
static-analysis	Build Docker Image	2026-02-02T16:50:57.5191507Z #7 6.129   libxext6 libxml2 libxmuu1 libxpm4 libz3-4 linux-libc-dev lto-disabled-list
static-analysis	Build Docker Image	2026-02-02T16:50:57.5191985Z #7 6.129   make manpages manpages-dev media-types netbase openssh-client openssl patch
static-analysis	Build Docker Image	2026-02-02T16:50:57.5192468Z #7 6.129   perl perl-modules-5.34 pinentry-curses pkg-config publicsuffix python3
static-analysis	Build Docker Image	2026-02-02T16:50:57.5192941Z #7 6.129   python3-dev python3-distutils python3-lib2to3 python3-minimal python3-pip
static-analysis	Build Docker Image	2026-02-02T16:50:57.5193442Z #7 6.129   python3-pkg-resources python3-pygments python3-setuptools python3-wheel
static-analysis	Build Docker Image	2026-02-02T16:50:57.5193921Z #7 6.129   python3.10 python3.10-dev python3.10-minimal readline-common rpcsvc-proto
static-analysis	Build Docker Image	2026-02-02T16:50:57.5194356Z #7 6.129   shared-mime-info ucf wget xauth xdg-user-dirs xz-utils zlib1g-dev
static-analysis	Build Docker Image	2026-02-02T16:50:57.5194725Z #7 6.130 The following packages will be upgraded:
static-analysis	Build Docker Image	2026-02-02T16:50:57.5194970Z #7 6.131   libc6
static-analysis	Build Docker Image	2026-02-02T16:50:57.8021973Z #7 6.566 1 upgraded, 184 newly installed, 0 to remove and 3 not upgraded.
static-analysis	Build Docker Image	2026-02-02T16:50:57.8022523Z #7 6.566 Need to get 177 MB of archives.
static-analysis	Build Docker Image	2026-02-02T16:50:57.8023042Z #7 6.566 After this operation, 665 MB of additional disk space will be used.
static-analysis	Build Docker Image	2026-02-02T16:50:57.8023726Z #7 6.566 Get:1 http://archive.ubuntu.com/ubuntu jammy-updates/main amd64 libc6 amd64 2.35-0ubuntu3.12 [3235 kB]
static-analysis	Build Docker Image	2026-02-02T16:50:59.1342097Z #7 7.898 Get:2 http://archive.ubuntu.com/ubuntu jammy/main amd64 liblocale-gettext-perl amd64 1.07-4build3 [17.1 kB]
static-analysis	Build Docker Image	2026-02-02T16:50:59.2772414Z #7 7.898 Get:3 http://archive.ubuntu.com/ubuntu jammy-updates/main amd64 libpython3.10-minimal amd64 3.10.12-1~22.04.13 [815 kB]
static-analysis	Build Docker Image	2026-02-02T16:50:59.2773450Z #7 7.923 Get:4 http://archive.ubuntu.com/ubuntu jammy-updates/main amd64 libexpat1 amd64 2.4.7-1ubuntu0.6 [92.1 kB]
static-analysis	Build Docker Image	2026-02-02T16:50:59.2774276Z #7 7.925 Get:5 http://archive.ubuntu.com/ubuntu jammy-updates/main amd64 python3.10-minimal amd64 3.10.12-1~22.04.13 [2272 kB]
static-analysis	Build Docker Image	2026-02-02T16:50:59.2774969Z #7 7.996 Get:6 http://archive.ubuntu.com/ubuntu jammy-updates/main amd64 python3-minimal amd64 3.10.6-1~22.04.1 [24.3 kB]
static-analysis	Build Docker Image	2026-02-02T16:50:59.2775774Z #7 7.996 Get:7 http://archive.ubuntu.com/ubuntu jammy/main amd64 media-types all 7.0.0 [25.5 kB]
static-analysis	Build Docker Image	2026-02-02T16:50:59.2776340Z #7 8.041 Get:8 http://archive.ubuntu.com/ubuntu jammy/main amd64 libmpdec3 amd64 2.5.1-2build2 [86.8 kB]
static-analysis	Build Docker Image	2026-02-02T16:50:59.4212180Z #7 8.043 Get:9 http://archive.ubuntu.com/ubuntu jammy/main amd64 readline-common all 8.1.2-1 [53.5 kB]
static-analysis	Build Docker Image	2026-02-02T16:50:59.4213586Z #7 8.045 Get:10 http://archive.ubuntu.com/ubuntu jammy/main amd64 libreadline8 amd64 8.1.2-1 [153 kB]
static-analysis	Build Docker Image	2026-02-02T16:50:59.4214370Z #7 8.049 Get:11 http://archive.ubuntu.com/ubuntu jammy-updates/main amd64 libsqlite3-0 amd64 3.37.2-2ubuntu0.5 [643 kB]
static-analysis	Build Docker Image	2026-02-02T16:50:59.4215888Z #7 8.185 Get:12 http://archive.ubuntu.com/ubuntu jammy-updates/main amd64 libpython3.10-stdlib amd64 3.10.12-1~22.04.13 [1850 kB]
static-analysis	Build Docker Image	2026-02-02T16:50:59.5394368Z #7 8.303 Get:13 http://archive.ubuntu.com/ubuntu jammy-updates/main amd64 python3.10 amd64 3.10.12-1~22.04.13 [508 kB]
static-analysis	Build Docker Image	2026-02-02T16:50:59.6938305Z #7 8.306 Get:14 http://archive.ubuntu.com/ubuntu jammy-updates/main amd64 libpython3-stdlib amd64 3.10.6-1~22.04.1 [6812 B]
static-analysis	Build Docker Image	2026-02-02T16:50:59.6939262Z #7 8.307 Get:15 http://archive.ubuntu.com/ubuntu jammy-updates/main amd64 python3 amd64 3.10.6-1~22.04.1 [22.8 kB]
static-analysis	Build Docker Image	2026-02-02T16:50:59.6940089Z #7 8.307 Get:16 http://archive.ubuntu.com/ubuntu jammy-updates/main amd64 perl-modules-5.34 all 5.34.0-3ubuntu1.5 [2977 kB]
static-analysis	Build Docker Image	2026-02-02T16:50:59.6982894Z #7 8.461 Get:17 http://archive.ubuntu.com/ubuntu jammy/main amd64 libgdbm6 amd64 1.23-1 [33.9 kB]
static-analysis	Build Docker Image	2026-02-02T16:50:59.8478471Z #7 8.463 Get:18 http://archive.ubuntu.com/ubuntu jammy/main amd64 libgdbm-compat4 amd64 1.23-1 [6606 B]
static-analysis	Build Docker Image	2026-02-02T16:50:59.8481006Z #7 8.463 Get:19 http://archive.ubuntu.com/ubuntu jammy-updates/main amd64 libperl5.34 amd64 5.34.0-3ubuntu1.5 [4797 kB]
static-analysis	Build Docker Image	2026-02-02T16:50:59.8482327Z #7 8.611 Get:20 http://archive.ubuntu.com/ubuntu jammy-updates/main amd64 perl amd64 5.34.0-3ubuntu1.5 [232 kB]
static-analysis	Build Docker Image	2026-02-02T16:51:00.0355935Z #7 8.613 Get:21 http://archive.ubuntu.com/ubuntu jammy-updates/main amd64 openssl amd64 3.0.2-0ubuntu1.21 [1184 kB]
static-analysis	Build Docker Image	2026-02-02T16:51:00.0357199Z #7 8.627 Get:22 http://archive.ubuntu.com/ubuntu jammy-updates/main amd64 ca-certificates all 20240203~22.04.1 [162 kB]
static-analysis	Build Docker Image	2026-02-02T16:51:00.0358279Z #7 8.628 Get:23 http://archive.ubuntu.com/ubuntu jammy-updates/main amd64 less amd64 590-1ubuntu0.22.04.3 [142 kB]
static-analysis	Build Docker Image	2026-02-02T16:51:00.0359259Z #7 8.630 Get:24 http://archive.ubuntu.com/ubuntu jammy/main amd64 libmd0 amd64 1.0.4-1build1 [23.0 kB]
static-analysis	Build Docker Image	2026-02-02T16:51:00.0360127Z #7 8.631 Get:25 http://archive.ubuntu.com/ubuntu jammy/main amd64 libbsd0 amd64 0.11.5-1 [44.8 kB]
static-analysis	Build Docker Image	2026-02-02T16:51:00.0361037Z #7 8.631 Get:26 http://archive.ubuntu.com/ubuntu jammy-updates/main amd64 libglib2.0-0 amd64 2.72.4-0ubuntu2.8 [1467 kB]
static-analysis	Build Docker Image	2026-02-02T16:51:00.0362156Z #7 8.648 Get:27 http://archive.ubuntu.com/ubuntu jammy-updates/main amd64 libglib2.0-data all 2.72.4-0ubuntu2.8 [5062 B]
static-analysis	Build Docker Image	2026-02-02T16:51:00.0363189Z #7 8.649 Get:28 http://archive.ubuntu.com/ubuntu jammy/main amd64 libicu70 amd64 70.1-2 [10.6 MB]
static-analysis	Build Docker Image	2026-02-02T16:51:00.3136204Z #7 9.077 Get:29 http://archive.ubuntu.com/ubuntu jammy-updates/main amd64 libxml2 amd64 2.9.13+dfsg-1ubuntu0.11 [765 kB]
static-analysis	Build Docker Image	2026-02-02T16:51:00.4580865Z #7 9.101 Get:30 http://archive.ubuntu.com/ubuntu jammy/main amd64 netbase all 6.3 [12.9 kB]
static-analysis	Build Docker Image	2026-02-02T16:51:00.4581914Z #7 9.101 Get:31 http://archive.ubuntu.com/ubuntu jammy-updates/main amd64 python3-pkg-resources all 59.6.0-1.2ubuntu0.22.04.3 [133 kB]
static-analysis	Build Docker Image	2026-02-02T16:51:00.4582749Z #7 9.106 Get:32 http://archive.ubuntu.com/ubuntu jammy/main amd64 shared-mime-info amd64 2.1-2 [454 kB]
static-analysis	Build Docker Image	2026-02-02T16:51:00.4583422Z #7 9.122 Get:33 http://archive.ubuntu.com/ubuntu jammy/main amd64 ucf all 3.0043 [56.1 kB]
static-analysis	Build Docker Image	2026-02-02T16:51:00.4584103Z #7 9.123 Get:34 http://archive.ubuntu.com/ubuntu jammy/main amd64 xdg-user-dirs amd64 0.17-2ubuntu4 [53.9 kB]
static-analysis	Build Docker Image	2026-02-02T16:51:00.4584838Z #7 9.125 Get:35 http://archive.ubuntu.com/ubuntu jammy/main amd64 libcbor0.8 amd64 0.8.0-2ubuntu1 [24.6 kB]
static-analysis	Build Docker Image	2026-02-02T16:51:00.4585790Z #7 9.126 Get:36 http://archive.ubuntu.com/ubuntu jammy/main amd64 libedit2 amd64 3.1-20210910-1build1 [96.8 kB]
static-analysis	Build Docker Image	2026-02-02T16:51:00.4586498Z #7 9.129 Get:37 http://archive.ubuntu.com/ubuntu jammy/main amd64 libfido2-1 amd64 1.10.0-1 [82.8 kB]
static-analysis	Build Docker Image	2026-02-02T16:51:00.4587482Z #7 9.221 Get:38 http://archive.ubuntu.com/ubuntu jammy-updates/main amd64 libnghttp2-14 amd64 1.43.0-1ubuntu0.2 [76.9 kB]
static-analysis	Build Docker Image	2026-02-02T16:51:00.6016601Z #7 9.365 Get:39 http://archive.ubuntu.com/ubuntu jammy-updates/main amd64 libpng16-16 amd64 1.6.37-3ubuntu0.3 [192 kB]
static-analysis	Build Docker Image	2026-02-02T16:51:00.7910011Z #7 9.371 Get:40 http://archive.ubuntu.com/ubuntu jammy/main amd64 libpsl5 amd64 0.21.0-1.2build2 [58.4 kB]
static-analysis	Build Docker Image	2026-02-02T16:51:00.7911802Z #7 9.373 Get:41 http://archive.ubuntu.com/ubuntu jammy-updates/main amd64 libuv1 amd64 1.43.0-1ubuntu0.1 [92.7 kB]
static-analysis	Build Docker Image	2026-02-02T16:51:00.7912592Z #7 9.376 Get:42 http://archive.ubuntu.com/ubuntu jammy/main amd64 libxau6 amd64 1:1.0.9-1build5 [7634 B]
static-analysis	Build Docker Image	2026-02-02T16:51:00.7913308Z #7 9.376 Get:43 http://archive.ubuntu.com/ubuntu jammy/main amd64 libxdmcp6 amd64 1:1.1.3-0ubuntu5 [10.9 kB]
static-analysis	Build Docker Image	2026-02-02T16:51:00.7914008Z #7 9.376 Get:44 http://archive.ubuntu.com/ubuntu jammy/main amd64 libxcb1 amd64 1.14-3ubuntu3 [49.0 kB]
static-analysis	Build Docker Image	2026-02-02T16:51:00.7914745Z #7 9.377 Get:45 http://archive.ubuntu.com/ubuntu jammy-updates/main amd64 libx11-data all 2:1.7.5-1ubuntu0.3 [120 kB]
static-analysis	Build Docker Image	2026-02-02T16:51:00.7915790Z #7 9.382 Get:46 http://archive.ubuntu.com/ubuntu jammy-updates/main amd64 libx11-6 amd64 2:1.7.5-1ubuntu0.3 [667 kB]
static-analysis	Build Docker Image	2026-02-02T16:51:00.7916525Z #7 9.404 Get:47 http://archive.ubuntu.com/ubuntu jammy/main amd64 libxext6 amd64 2:1.3.4-1build1 [31.8 kB]
static-analysis	Build Docker Image	2026-02-02T16:51:01.0550958Z #7 9.818 Get:48 http://archive.ubuntu.com/ubuntu jammy/main amd64 libxmuu1 amd64 2:1.1.3-3 [10.2 kB]
static-analysis	Build Docker Image	2026-02-02T16:51:01.1986978Z #7 9.962 Get:49 http://archive.ubuntu.com/ubuntu jammy/main amd64 manpages all 5.10-1ubuntu1 [1375 kB]
static-analysis	Build Docker Image	2026-02-02T16:51:02.0776225Z #7 10.84 Get:50 http://archive.ubuntu.com/ubuntu jammy-updates/main amd64 openssh-client amd64 1:8.9p1-3ubuntu0.13 [903 kB]
static-analysis	Build Docker Image	2026-02-02T16:51:02.1779548Z #7 10.94 Get:51 http://archive.ubuntu.com/ubuntu jammy/main amd64 publicsuffix all 20211207.1025-1 [129 kB]
static-analysis	Build Docker Image	2026-02-02T16:51:02.2787707Z #7 10.95 Get:52 http://archive.ubuntu.com/ubuntu jammy-updates/main amd64 wget amd64 1.21.2-2ubuntu1.1 [339 kB]
static-analysis	Build Docker Image	2026-02-02T16:51:02.2788651Z #7 10.98 Get:53 http://archive.ubuntu.com/ubuntu jammy/main amd64 xauth amd64 1:1.1-1build2 [27.5 kB]
static-analysis	Build Docker Image	2026-02-02T16:51:02.2789358Z #7 10.98 Get:54 http://archive.ubuntu.com/ubuntu jammy/main amd64 xz-utils amd64 5.2.5-2ubuntu1 [84.8 kB]
static-analysis	Build Docker Image	2026-02-02T16:51:02.2790108Z #7 10.99 Get:55 http://archive.ubuntu.com/ubuntu jammy-updates/main amd64 binutils-common amd64 2.38-4ubuntu2.12 [223 kB]
static-analysis	Build Docker Image	2026-02-02T16:51:02.3841923Z #7 11.00 Get:56 http://archive.ubuntu.com/ubuntu jammy-updates/main amd64 libbinutils amd64 2.38-4ubuntu2.12 [663 kB]
static-analysis	Build Docker Image	2026-02-02T16:51:02.3843327Z #7 11.04 Get:57 http://archive.ubuntu.com/ubuntu jammy-updates/main amd64 libctf-nobfd0 amd64 2.38-4ubuntu2.12 [108 kB]
static-analysis	Build Docker Image	2026-02-02T16:51:02.3844397Z #7 11.05 Get:58 http://archive.ubuntu.com/ubuntu jammy-updates/main amd64 libctf0 amd64 2.38-4ubuntu2.12 [103 kB]
static-analysis	Build Docker Image	2026-02-02T16:51:02.3845112Z #7 11.05 Get:59 http://archive.ubuntu.com/ubuntu jammy-updates/main amd64 binutils-x86-64-linux-gnu amd64 2.38-4ubuntu2.12 [2324 kB]
static-analysis	Build Docker Image	2026-02-02T16:51:02.3845979Z #7 11.15 Get:60 http://archive.ubuntu.com/ubuntu jammy-updates/main amd64 binutils amd64 2.38-4ubuntu2.12 [3184 B]
static-analysis	Build Docker Image	2026-02-02T16:51:02.4999461Z #7 11.15 Get:61 http://archive.ubuntu.com/ubuntu jammy-updates/main amd64 libc-dev-bin amd64 2.35-0ubuntu3.12 [20.3 kB]
static-analysis	Build Docker Image	2026-02-02T16:51:02.5003256Z #7 11.15 Get:62 http://archive.ubuntu.com/ubuntu jammy-updates/main amd64 linux-libc-dev amd64 5.15.0-168.178 [1310 kB]
static-analysis	Build Docker Image	2026-02-02T16:51:02.5004025Z #7 11.26 Get:63 http://archive.ubuntu.com/ubuntu jammy/main amd64 libcrypt-dev amd64 1:4.4.27-1 [112 kB]
static-analysis	Build Docker Image	2026-02-02T16:51:02.6573803Z #7 11.27 Get:64 http://archive.ubuntu.com/ubuntu jammy/main amd64 rpcsvc-proto amd64 1.4.2-0ubuntu6 [68.5 kB]
static-analysis	Build Docker Image	2026-02-02T16:51:02.6574702Z #7 11.27 Get:65 http://archive.ubuntu.com/ubuntu jammy-updates/main amd64 libtirpc-dev amd64 1.3.2-2ubuntu0.1 [192 kB]
static-analysis	Build Docker Image	2026-02-02T16:51:02.6575628Z #7 11.27 Get:66 http://archive.ubuntu.com/ubuntu jammy/main amd64 libnsl-dev amd64 1.3.0-2build2 [71.3 kB]
static-analysis	Build Docker Image	2026-02-02T16:51:02.6576455Z #7 11.27 Get:67 http://archive.ubuntu.com/ubuntu jammy-updates/main amd64 libc6-dev amd64 2.35-0ubuntu3.12 [2101 kB]
static-analysis	Build Docker Image	2026-02-02T16:51:02.6577695Z #7 11.30 Get:68 http://archive.ubuntu.com/ubuntu jammy-updates/main amd64 gcc-11-base amd64 11.4.0-1ubuntu1~22.04.2 [20.8 kB]
static-analysis	Build Docker Image	2026-02-02T16:51:02.6578463Z #7 11.42 Get:69 http://archive.ubuntu.com/ubuntu jammy/main amd64 libisl23 amd64 0.24-2build1 [727 kB]
static-analysis	Build Docker Image	2026-02-02T16:51:02.8360558Z #7 11.43 Get:70 http://archive.ubuntu.com/ubuntu jammy/main amd64 libmpfr6 amd64 4.1.0-3build3 [1425 kB]
static-analysis	Build Docker Image	2026-02-02T16:51:02.8361790Z #7 11.45 Get:71 http://archive.ubuntu.com/ubuntu jammy/main amd64 libmpc3 amd64 1.2.1-2build1 [46.9 kB]
static-analysis	Build Docker Image	2026-02-02T16:51:02.8362620Z #7 11.45 Get:72 http://archive.ubuntu.com/ubuntu jammy-updates/main amd64 cpp-11 amd64 11.4.0-1ubuntu1~22.04.2 [10.0 MB]
static-analysis	Build Docker Image	2026-02-02T16:51:02.9858790Z #7 11.75 Get:73 http://archive.ubuntu.com/ubuntu jammy/main amd64 cpp amd64 4:11.2.0-1ubuntu1 [27.7 kB]
static-analysis	Build Docker Image	2026-02-02T16:51:03.1021610Z #7 11.75 Get:74 http://archive.ubuntu.com/ubuntu jammy-updates/main amd64 libcc1-0 amd64 12.3.0-1ubuntu1~22.04.2 [48.3 kB]
static-analysis	Build Docker Image	2026-02-02T16:51:03.1023179Z #7 11.75 Get:75 http://archive.ubuntu.com/ubuntu jammy-updates/main amd64 libgomp1 amd64 12.3.0-1ubuntu1~22.04.2 [127 kB]
static-analysis	Build Docker Image	2026-02-02T16:51:03.1024552Z #7 11.75 Get:76 http://archive.ubuntu.com/ubuntu jammy-updates/main amd64 libitm1 amd64 12.3.0-1ubuntu1~22.04.2 [30.2 kB]
static-analysis	Build Docker Image	2026-02-02T16:51:03.1026119Z #7 11.75 Get:77 http://archive.ubuntu.com/ubuntu jammy-updates/main amd64 libatomic1 amd64 12.3.0-1ubuntu1~22.04.2 [10.4 kB]
static-analysis	Build Docker Image	2026-02-02T16:51:03.1027200Z #7 11.75 Get:78 http://archive.ubuntu.com/ubuntu jammy-updates/main amd64 libasan6 amd64 11.4.0-1ubuntu1~22.04.2 [2283 kB]
static-analysis	Build Docker Image	2026-02-02T16:51:03.1027865Z #7 11.87 Get:79 http://archive.ubuntu.com/ubuntu jammy-updates/main amd64 liblsan0 amd64 12.3.0-1ubuntu1~22.04.2 [1069 kB]
static-analysis	Build Docker Image	2026-02-02T16:51:03.2309405Z #7 11.88 Get:80 http://archive.ubuntu.com/ubuntu jammy-updates/main amd64 libtsan0 amd64 11.4.0-1ubuntu1~22.04.2 [2262 kB]
static-analysis	Build Docker Image	2026-02-02T16:51:03.2310231Z #7 11.99 Get:81 http://archive.ubuntu.com/ubuntu jammy-updates/main amd64 libubsan1 amd64 12.3.0-1ubuntu1~22.04.2 [976 kB]
static-analysis	Build Docker Image	2026-02-02T16:51:03.4462961Z #7 12.01 Get:82 http://archive.ubuntu.com/ubuntu jammy-updates/main amd64 libquadmath0 amd64 12.3.0-1ubuntu1~22.04.2 [154 kB]
static-analysis	Build Docker Image	2026-02-02T16:51:03.4463964Z #7 12.03 Get:83 http://archive.ubuntu.com/ubuntu jammy-updates/main amd64 libgcc-11-dev amd64 11.4.0-1ubuntu1~22.04.2 [2517 kB]
static-analysis	Build Docker Image	2026-02-02T16:51:03.4464837Z #7 12.06 Get:84 http://archive.ubuntu.com/ubuntu jammy-updates/main amd64 gcc-11 amd64 11.4.0-1ubuntu1~22.04.2 [20.1 MB]
static-analysis	Build Docker Image	2026-02-02T16:51:04.0119175Z #7 12.78 Get:85 http://archive.ubuntu.com/ubuntu jammy/main amd64 gcc amd64 4:11.2.0-1ubuntu1 [5112 B]
static-analysis	Build Docker Image	2026-02-02T16:51:04.2313909Z #7 12.78 Get:86 http://archive.ubuntu.com/ubuntu jammy-updates/main amd64 libstdc++-11-dev amd64 11.4.0-1ubuntu1~22.04.2 [2101 kB]
static-analysis	Build Docker Image	2026-02-02T16:51:04.2314932Z #7 12.84 Get:87 http://archive.ubuntu.com/ubuntu jammy-updates/main amd64 g++-11 amd64 11.4.0-1ubuntu1~22.04.2 [11.4 MB]
static-analysis	Build Docker Image	2026-02-02T16:51:04.4512129Z #7 13.21 Get:88 http://archive.ubuntu.com/ubuntu jammy/main amd64 g++ amd64 4:11.2.0-1ubuntu1 [1412 B]
static-analysis	Build Docker Image	2026-02-02T16:51:04.8861523Z #7 13.65 Get:89 http://archive.ubuntu.com/ubuntu jammy/main amd64 make amd64 4.3-4.1build1 [180 kB]
static-analysis	Build Docker Image	2026-02-02T16:51:05.5899941Z #7 14.35 Get:90 http://archive.ubuntu.com/ubuntu jammy-updates/main amd64 libdpkg-perl all 1.21.1ubuntu2.6 [237 kB]
static-analysis	Build Docker Image	2026-02-02T16:51:05.7525353Z #7 14.52 Get:91 http://archive.ubuntu.com/ubuntu jammy/main amd64 bzip2 amd64 1.0.8-5build1 [34.8 kB]
static-analysis	Build Docker Image	2026-02-02T16:51:05.9884127Z #7 14.54 Get:92 http://archive.ubuntu.com/ubuntu jammy/main amd64 patch amd64 2.7.6-7build2 [109 kB]
static-analysis	Build Docker Image	2026-02-02T16:51:05.9884941Z #7 14.60 Get:93 http://archive.ubuntu.com/ubuntu jammy/main amd64 lto-disabled-list all 24 [12.5 kB]
static-analysis	Build Docker Image	2026-02-02T16:51:06.0558477Z #7 14.60 Get:94 http://archive.ubuntu.com/ubuntu jammy-updates/main amd64 dpkg-dev all 1.21.1ubuntu2.6 [922 kB]
static-analysis	Build Docker Image	2026-02-02T16:51:06.0559225Z #7 14.82 Get:95 http://archive.ubuntu.com/ubuntu jammy/main amd64 build-essential amd64 12.9ubuntu3 [4744 B]
static-analysis	Build Docker Image	2026-02-02T16:51:06.2063270Z #7 14.82 Get:96 http://archive.ubuntu.com/ubuntu jammy-updates/main amd64 libllvm14 amd64 1:14.0.0-1ubuntu1.1 [24.0 MB]
static-analysis	Build Docker Image	2026-02-02T16:51:06.9693724Z #7 15.73 Get:97 http://archive.ubuntu.com/ubuntu jammy-updates/universe amd64 libclang-cpp14 amd64 1:14.0.0-1ubuntu1.1 [12.1 MB]
static-analysis	Build Docker Image	2026-02-02T16:51:07.3679761Z #7 16.13 Get:98 http://archive.ubuntu.com/ubuntu jammy-updates/universe amd64 clang-format-14 amd64 1:14.0.0-1ubuntu1.1 [50.8 kB]
static-analysis	Build Docker Image	2026-02-02T16:51:07.5087885Z #7 16.13 Get:99 http://archive.ubuntu.com/ubuntu jammy/universe amd64 clang-format amd64 1:14.0-55~exp2 [3694 B]
static-analysis	Build Docker Image	2026-02-02T16:51:07.5089248Z #7 16.13 Get:100 http://archive.ubuntu.com/ubuntu jammy-updates/main amd64 libarchive13 amd64 3.6.0-1ubuntu1.5 [368 kB]
static-analysis	Build Docker Image	2026-02-02T16:51:07.5091945Z #7 16.14 Get:101 http://archive.ubuntu.com/ubuntu jammy/main amd64 libbrotli1 amd64 1.0.9-2build6 [315 kB]
static-analysis	Build Docker Image	2026-02-02T16:51:07.5092801Z #7 16.15 Get:102 http://archive.ubuntu.com/ubuntu jammy-updates/main amd64 libsasl2-modules-db amd64 2.1.27+dfsg2-3ubuntu1.2 [20.5 kB]
static-analysis	Build Docker Image	2026-02-02T16:51:07.5093881Z #7 16.16 Get:103 http://archive.ubuntu.com/ubuntu jammy-updates/main amd64 libsasl2-2 amd64 2.1.27+dfsg2-3ubuntu1.2 [53.8 kB]
static-analysis	Build Docker Image	2026-02-02T16:51:07.5094624Z #7 16.16 Get:104 http://archive.ubuntu.com/ubuntu jammy-updates/main amd64 libldap-2.5-0 amd64 2.5.19+dfsg-0ubuntu0.22.04.1 [184 kB]
static-analysis	Build Docker Image	2026-02-02T16:51:07.5095721Z #7 16.16 Get:105 http://archive.ubuntu.com/ubuntu jammy/main amd64 librtmp1 amd64 2.4+20151223.gitfa8646d.1-2build4 [58.2 kB]
static-analysis	Build Docker Image	2026-02-02T16:51:07.5097165Z #7 16.16 Get:106 http://archive.ubuntu.com/ubuntu jammy-updates/main amd64 libssh-4 amd64 0.9.6-2ubuntu0.22.04.5 [187 kB]
static-analysis	Build Docker Image	2026-02-02T16:51:07.5098563Z #7 16.27 Get:107 http://archive.ubuntu.com/ubuntu jammy-updates/main amd64 libcurl4 amd64 7.81.0-1ubuntu1.21 [290 kB]
static-analysis	Build Docker Image	2026-02-02T16:51:07.6486718Z #7 16.41 Get:108 http://archive.ubuntu.com/ubuntu jammy/main amd64 libjsoncpp25 amd64 1.9.5-3 [80.0 kB]
static-analysis	Build Docker Image	2026-02-02T16:51:07.8534054Z #7 16.41 Get:109 http://archive.ubuntu.com/ubuntu jammy/main amd64 librhash0 amd64 1.4.2-1ubuntu1 [125 kB]
static-analysis	Build Docker Image	2026-02-02T16:51:07.8534796Z #7 16.42 Get:110 http://archive.ubuntu.com/ubuntu jammy/main amd64 dh-elpa-helper all 2.0.9ubuntu1 [7610 B]
static-analysis	Build Docker Image	2026-02-02T16:51:07.8535381Z #7 16.42 Get:111 http://archive.ubuntu.com/ubuntu jammy/main amd64 emacsen-common all 3.0.4 [14.9 kB]
static-analysis	Build Docker Image	2026-02-02T16:51:07.8536167Z #7 16.42 Get:112 http://archive.ubuntu.com/ubuntu jammy-updates/main amd64 cmake-data all 3.22.1-1ubuntu1.22.04.2 [1913 kB]
static-analysis	Build Docker Image	2026-02-02T16:51:07.8537056Z #7 16.47 Get:113 http://archive.ubuntu.com/ubuntu jammy-updates/main amd64 cmake amd64 3.22.1-1ubuntu1.22.04.2 [5010 kB]
static-analysis	Build Docker Image	2026-02-02T16:51:07.8615302Z #7 16.62 Get:114 http://archive.ubuntu.com/ubuntu jammy/universe amd64 libtinyxml2-9 amd64 9.0.0+dfsg-3 [32.5 kB]
static-analysis	Build Docker Image	2026-02-02T16:51:08.0121369Z #7 16.63 Get:115 http://archive.ubuntu.com/ubuntu jammy/universe amd64 libz3-4 amd64 4.8.12-1 [5766 kB]
static-analysis	Build Docker Image	2026-02-02T16:51:08.0391381Z #7 16.80 Get:116 http://archive.ubuntu.com/ubuntu jammy-updates/main amd64 python3-pygments all 2.11.2+dfsg-2ubuntu0.1 [750 kB]
static-analysis	Build Docker Image	2026-02-02T16:51:08.1430661Z #7 16.85 Get:117 http://archive.ubuntu.com/ubuntu jammy/universe amd64 cppcheck amd64 2.7-1 [2016 kB]
static-analysis	Build Docker Image	2026-02-02T16:51:08.1431873Z #7 16.90 Get:118 http://archive.ubuntu.com/ubuntu jammy-updates/main amd64 curl amd64 7.81.0-1ubuntu1.21 [194 kB]
static-analysis	Build Docker Image	2026-02-02T16:51:08.1433126Z #7 16.91 Get:119 http://archive.ubuntu.com/ubuntu jammy/main amd64 libassuan0 amd64 2.5.5-1build1 [38.2 kB]
static-analysis	Build Docker Image	2026-02-02T16:51:08.3499157Z #7 16.91 Get:120 http://archive.ubuntu.com/ubuntu jammy-updates/main amd64 gpgconf amd64 2.2.27-3ubuntu2.5 [94.3 kB]
static-analysis	Build Docker Image	2026-02-02T16:51:08.3500070Z #7 16.91 Get:121 http://archive.ubuntu.com/ubuntu jammy-updates/main amd64 libksba8 amd64 1.6.0-2ubuntu0.2 [119 kB]
static-analysis	Build Docker Image	2026-02-02T16:51:08.3500811Z #7 16.91 Get:122 http://archive.ubuntu.com/ubuntu jammy/main amd64 libnpth0 amd64 1.6-3build2 [8664 B]
static-analysis	Build Docker Image	2026-02-02T16:51:08.3501534Z #7 16.91 Get:123 http://archive.ubuntu.com/ubuntu jammy-updates/main amd64 dirmngr amd64 2.2.27-3ubuntu2.5 [293 kB]
static-analysis	Build Docker Image	2026-02-02T16:51:08.3502612Z #7 16.92 Get:124 http://archive.ubuntu.com/ubuntu jammy/main amd64 libfakeroot amd64 1.28-1ubuntu1 [31.5 kB]
static-analysis	Build Docker Image	2026-02-02T16:51:08.3503345Z #7 16.97 Get:125 http://archive.ubuntu.com/ubuntu jammy/main amd64 fakeroot amd64 1.28-1ubuntu1 [60.4 kB]
static-analysis	Build Docker Image	2026-02-02T16:51:08.3504078Z #7 17.11 Get:126 http://archive.ubuntu.com/ubuntu jammy/main amd64 fonts-dejavu-core all 2.37-2build1 [1041 kB]
static-analysis	Build Docker Image	2026-02-02T16:51:08.5190813Z #7 17.14 Get:127 http://archive.ubuntu.com/ubuntu jammy/main amd64 fontconfig-config all 2.13.1-4.2ubuntu5 [29.1 kB]
static-analysis	Build Docker Image	2026-02-02T16:51:08.5191620Z #7 17.14 Get:128 http://archive.ubuntu.com/ubuntu jammy-updates/main amd64 libcurl3-gnutls amd64 7.81.0-1ubuntu1.21 [284 kB]
static-analysis	Build Docker Image	2026-02-02T16:51:08.5192277Z #7 17.15 Get:129 http://archive.ubuntu.com/ubuntu jammy/main amd64 liberror-perl all 0.17029-1 [26.5 kB]
static-analysis	Build Docker Image	2026-02-02T16:51:08.5192885Z #7 17.15 Get:130 http://archive.ubuntu.com/ubuntu jammy-updates/main amd64 git-man all 1:2.34.1-1ubuntu1.15 [955 kB]
static-analysis	Build Docker Image	2026-02-02T16:51:08.5193567Z #7 17.17 Get:131 http://archive.ubuntu.com/ubuntu jammy-updates/main amd64 git amd64 1:2.34.1-1ubuntu1.15 [3166 kB]
static-analysis	Build Docker Image	2026-02-02T16:51:08.5194242Z #7 17.28 Get:132 http://archive.ubuntu.com/ubuntu jammy-updates/main amd64 gnupg-l10n all 2.2.27-3ubuntu2.5 [54.5 kB]
static-analysis	Build Docker Image	2026-02-02T16:51:08.6302030Z #7 17.28 Get:133 http://archive.ubuntu.com/ubuntu jammy-updates/main amd64 gnupg-utils amd64 2.2.27-3ubuntu2.5 [309 kB]
static-analysis	Build Docker Image	2026-02-02T16:51:08.6302974Z #7 17.29 Get:134 http://archive.ubuntu.com/ubuntu jammy-updates/main amd64 gpg amd64 2.2.27-3ubuntu2.5 [519 kB]
static-analysis	Build Docker Image	2026-02-02T16:51:08.6304061Z #7 17.30 Get:135 http://archive.ubuntu.com/ubuntu jammy/main amd64 pinentry-curses amd64 1.1.1-1build2 [34.4 kB]
static-analysis	Build Docker Image	2026-02-02T16:51:08.6304945Z #7 17.39 Get:136 http://archive.ubuntu.com/ubuntu jammy-updates/main amd64 gpg-agent amd64 2.2.27-3ubuntu2.5 [209 kB]
static-analysis	Build Docker Image	2026-02-02T16:51:08.7707423Z #7 17.40 Get:137 http://archive.ubuntu.com/ubuntu jammy-updates/main amd64 gpg-wks-client amd64 2.2.27-3ubuntu2.5 [62.7 kB]
static-analysis	Build Docker Image	2026-02-02T16:51:08.7708906Z #7 17.40 Get:138 http://archive.ubuntu.com/ubuntu jammy-updates/main amd64 gpg-wks-server amd64 2.2.27-3ubuntu2.5 [57.6 kB]
static-analysis	Build Docker Image	2026-02-02T16:51:08.7709834Z #7 17.40 Get:139 http://archive.ubuntu.com/ubuntu jammy-updates/main amd64 gpgsm amd64 2.2.27-3ubuntu2.5 [197 kB]
static-analysis	Build Docker Image	2026-02-02T16:51:08.7710799Z #7 17.41 Get:140 http://archive.ubuntu.com/ubuntu jammy-updates/main amd64 gnupg all 2.2.27-3ubuntu2.5 [315 kB]
static-analysis	Build Docker Image	2026-02-02T16:51:08.7711570Z #7 17.53 Get:141 http://archive.ubuntu.com/ubuntu jammy/main amd64 javascript-common all 11+nmu1 [5936 B]
static-analysis	Build Docker Image	2026-02-02T16:51:08.9109260Z #7 17.53 Get:142 http://archive.ubuntu.com/ubuntu jammy/main amd64 libjson-perl all 4.04000-1 [81.8 kB]
static-analysis	Build Docker Image	2026-02-02T16:51:08.9110958Z #7 17.54 Get:143 http://archive.ubuntu.com/ubuntu jammy/main amd64 libperlio-gzip-perl amd64 0.19-1build8 [14.9 kB]
static-analysis	Build Docker Image	2026-02-02T16:51:08.9112263Z #7 17.54 Get:144 http://archive.ubuntu.com/ubuntu jammy/universe amd64 lcov all 1.15-1 [99.5 kB]
static-analysis	Build Docker Image	2026-02-02T16:51:08.9113468Z #7 17.54 Get:145 http://archive.ubuntu.com/ubuntu jammy/main amd64 libalgorithm-diff-perl all 1.201-1 [41.8 kB]
static-analysis	Build Docker Image	2026-02-02T16:51:08.9114312Z #7 17.67 Get:146 http://archive.ubuntu.com/ubuntu jammy/main amd64 libalgorithm-diff-xs-perl amd64 0.04-6build3 [11.9 kB]
static-analysis	Build Docker Image	2026-02-02T16:51:09.0513773Z #7 17.67 Get:147 http://archive.ubuntu.com/ubuntu jammy/main amd64 libalgorithm-merge-perl all 0.08-3 [12.0 kB]
static-analysis	Build Docker Image	2026-02-02T16:51:09.0514763Z #7 17.67 Get:148 http://archive.ubuntu.com/ubuntu jammy-updates/main amd64 libfreetype6 amd64 2.11.1+dfsg-1ubuntu0.3 [388 kB]
static-analysis	Build Docker Image	2026-02-02T16:51:09.0515877Z #7 17.68 Get:149 http://archive.ubuntu.com/ubuntu jammy/main amd64 libfontconfig1 amd64 2.13.1-4.2ubuntu5 [131 kB]
static-analysis	Build Docker Image	2026-02-02T16:51:09.0517109Z #7 17.69 Get:150 http://archive.ubuntu.com/ubuntu jammy/main amd64 libjpeg-turbo8 amd64 2.1.2-0ubuntu1 [134 kB]
static-analysis	Build Docker Image	2026-02-02T16:51:09.0518356Z #7 17.81 Get:151 http://archive.ubuntu.com/ubuntu jammy/main amd64 libjpeg8 amd64 8c-2ubuntu10 [2264 B]
static-analysis	Build Docker Image	2026-02-02T16:51:09.1915234Z #7 17.81 Get:152 http://archive.ubuntu.com/ubuntu jammy/main amd64 libdeflate0 amd64 1.10-2 [70.9 kB]
static-analysis	Build Docker Image	2026-02-02T16:51:09.1919104Z #7 17.82 Get:153 http://archive.ubuntu.com/ubuntu jammy-updates/main amd64 libjbig0 amd64 2.1-3.1ubuntu0.22.04.1 [29.2 kB]
static-analysis	Build Docker Image	2026-02-02T16:51:09.1920633Z #7 17.82 Get:154 http://archive.ubuntu.com/ubuntu jammy-updates/main amd64 libwebp7 amd64 1.2.2-2ubuntu0.22.04.2 [206 kB]
static-analysis	Build Docker Image	2026-02-02T16:51:09.1922128Z #7 17.82 Get:155 http://archive.ubuntu.com/ubuntu jammy-updates/main amd64 libtiff5 amd64 4.3.0-6ubuntu0.12 [185 kB]
static-analysis	Build Docker Image	2026-02-02T16:51:09.1922962Z #7 17.95 Get:156 http://archive.ubuntu.com/ubuntu jammy-updates/main amd64 libxpm4 amd64 1:3.5.12-1ubuntu0.22.04.2 [36.7 kB]
static-analysis	Build Docker Image	2026-02-02T16:51:09.3315290Z #7 17.96 Get:157 http://archive.ubuntu.com/ubuntu jammy-updates/main amd64 libgd3 amd64 2.3.0-2ubuntu2.3 [129 kB]
static-analysis	Build Docker Image	2026-02-02T16:51:09.3317049Z #7 17.96 Get:158 http://archive.ubuntu.com/ubuntu jammy-updates/main amd64 libc-devtools amd64 2.35-0ubuntu3.12 [28.9 kB]
static-analysis	Build Docker Image	2026-02-02T16:51:09.3318318Z #7 17.96 Get:159 http://archive.ubuntu.com/ubuntu jammy/main amd64 libcommon-sense-perl amd64 3.75-2build1 [21.1 kB]
static-analysis	Build Docker Image	2026-02-02T16:51:09.3319750Z #7 17.96 Get:160 http://archive.ubuntu.com/ubuntu jammy-updates/main amd64 libexpat1-dev amd64 2.4.7-1ubuntu0.6 [148 kB]
static-analysis	Build Docker Image	2026-02-02T16:51:09.3321106Z #7 18.09 Get:161 http://archive.ubuntu.com/ubuntu jammy/main amd64 libfile-fcntllock-perl amd64 0.22-3build7 [33.9 kB]
static-analysis	Build Docker Image	2026-02-02T16:51:09.4717806Z #7 18.10 Get:162 http://archive.ubuntu.com/ubuntu jammy/main amd64 libjs-jquery all 3.6.0+dfsg+~3.5.13-1 [321 kB]
static-analysis	Build Docker Image	2026-02-02T16:51:09.4718684Z #7 18.10 Get:163 http://archive.ubuntu.com/ubuntu jammy/main amd64 libjs-underscore all 1.13.2~dfsg-2 [118 kB]
static-analysis	Build Docker Image	2026-02-02T16:51:09.4719412Z #7 18.11 Get:164 http://archive.ubuntu.com/ubuntu jammy/main amd64 libjs-sphinxdoc all 4.3.2-1 [139 kB]
static-analysis	Build Docker Image	2026-02-02T16:51:09.4720153Z #7 18.11 Get:165 http://archive.ubuntu.com/ubuntu jammy/main amd64 libtypes-serialiser-perl all 1.01-1 [11.6 kB]
static-analysis	Build Docker Image	2026-02-02T16:51:09.4720980Z #7 18.24 Get:166 http://archive.ubuntu.com/ubuntu jammy-updates/main amd64 libjson-xs-perl amd64 4.040-0ubuntu0.22.04.1 [87.0 kB]
static-analysis	Build Docker Image	2026-02-02T16:51:09.6787800Z #7 18.24 Get:167 http://archive.ubuntu.com/ubuntu jammy-updates/main amd64 libldap-common all 2.5.19+dfsg-0ubuntu0.22.04.1 [16.1 kB]
static-analysis	Build Docker Image	2026-02-02T16:51:09.6788656Z #7 18.24 Get:168 http://archive.ubuntu.com/ubuntu jammy-updates/main amd64 libpython3.10 amd64 3.10.12-1~22.04.13 [1949 kB]
static-analysis	Build Docker Image	2026-02-02T16:51:09.6789716Z #7 18.29 Get:169 http://archive.ubuntu.com/ubuntu jammy-updates/main amd64 zlib1g-dev amd64 1:1.2.11.dfsg-2ubuntu9.2 [164 kB]
static-analysis	Build Docker Image	2026-02-02T16:51:09.6790506Z #7 18.29 Get:170 http://archive.ubuntu.com/ubuntu jammy-updates/main amd64 libpython3.10-dev amd64 3.10.12-1~22.04.13 [4763 kB]
static-analysis	Build Docker Image	2026-02-02T16:51:09.6802296Z #7 18.44 Get:171 http://archive.ubuntu.com/ubuntu jammy-updates/main amd64 libpython3-dev amd64 3.10.6-1~22.04.1 [7064 B]
static-analysis	Build Docker Image	2026-02-02T16:51:09.7843176Z #7 18.44 Get:172 http://archive.ubuntu.com/ubuntu jammy-updates/main amd64 libsasl2-modules amd64 2.1.27+dfsg2-3ubuntu1.2 [68.8 kB]
static-analysis	Build Docker Image	2026-02-02T16:51:09.7843982Z #7 18.44 Get:173 http://archive.ubuntu.com/ubuntu jammy/main amd64 manpages-dev all 5.10-1ubuntu1 [2309 kB]
static-analysis	Build Docker Image	2026-02-02T16:51:09.7844603Z #7 18.53 Get:174 http://archive.ubuntu.com/ubuntu jammy/main amd64 pkg-config amd64 0.29.2-1ubuntu3 [48.2 kB]
static-analysis	Build Docker Image	2026-02-02T16:51:09.7845255Z #7 18.53 Get:175 http://archive.ubuntu.com/ubuntu jammy-updates/main amd64 python3.10-dev amd64 3.10.12-1~22.04.13 [508 kB]
static-analysis	Build Docker Image	2026-02-02T16:51:09.7846227Z #7 18.55 Get:176 http://archive.ubuntu.com/ubuntu jammy-updates/main amd64 python3-lib2to3 all 3.10.8-1~22.04 [77.6 kB]
static-analysis	Build Docker Image	2026-02-02T16:51:09.8919230Z #7 18.55 Get:177 http://archive.ubuntu.com/ubuntu jammy-updates/main amd64 python3-distutils all 3.10.8-1~22.04 [139 kB]
static-analysis	Build Docker Image	2026-02-02T16:51:09.8920700Z #7 18.55 Get:178 http://archive.ubuntu.com/ubuntu jammy-updates/main amd64 python3-dev amd64 3.10.6-1~22.04.1 [26.0 kB]
static-analysis	Build Docker Image	2026-02-02T16:51:09.8922037Z #7 18.55 Get:179 http://archive.ubuntu.com/ubuntu jammy-updates/main amd64 python3-setuptools all 59.6.0-1.2ubuntu0.22.04.3 [340 kB]
static-analysis	Build Docker Image	2026-02-02T16:51:09.8923896Z #7 18.66 Get:180 http://archive.ubuntu.com/ubuntu jammy-updates/universe amd64 python3-wheel all 0.37.1-2ubuntu0.22.04.1 [32.0 kB]
static-analysis	Build Docker Image	2026-02-02T16:51:10.0324390Z #7 18.66 Get:181 http://archive.ubuntu.com/ubuntu jammy-updates/universe amd64 python3-pip all 22.0.2+dfsg-1ubuntu0.7 [1306 kB]
static-analysis	Build Docker Image	2026-02-02T16:51:10.0327723Z #7 18.69 Get:182 http://archive.ubuntu.com/ubuntu jammy/universe amd64 cmocka-doc all 1.1.5-2 [84.2 kB]
static-analysis	Build Docker Image	2026-02-02T16:51:10.1530868Z #7 18.80 Get:183 http://archive.ubuntu.com/ubuntu jammy/universe amd64 libcmocka0 amd64 1.1.5-2 [21.1 kB]
static-analysis	Build Docker Image	2026-02-02T16:51:10.1531720Z #7 18.80 Get:184 http://archive.ubuntu.com/ubuntu jammy/universe amd64 libcmocka-dev amd64 1.1.5-2 [15.9 kB]
static-analysis	Build Docker Image	2026-02-02T16:51:10.1532447Z #7 18.80 Get:185 http://archive.ubuntu.com/ubuntu jammy/main amd64 libgd-perl amd64 2.76-2build1 [138 kB]
static-analysis	Build Docker Image	2026-02-02T16:51:10.1533093Z #7 18.92 debconf: delaying package configuration, since apt-utils is not installed
static-analysis	Build Docker Image	2026-02-02T16:51:10.2615683Z #7 18.94 Fetched 177 MB in 13s (14.0 MB/s)
static-analysis	Build Docker Image	2026-02-02T16:51:10.2616313Z #7 18.95 (Reading database ... 
static-analysis	Build Docker Image	2026-02-02T16:51:10.2616683Z (Reading database ... 5%
static-analysis	Build Docker Image	2026-02-02T16:51:10.2617052Z (Reading database ... 10%
static-analysis	Build Docker Image	2026-02-02T16:51:10.2617397Z (Reading database ... 15%
static-analysis	Build Docker Image	2026-02-02T16:51:10.2617734Z (Reading database ... 20%
static-analysis	Build Docker Image	2026-02-02T16:51:10.2618068Z (Reading database ... 25%
static-analysis	Build Docker Image	2026-02-02T16:51:10.2618434Z (Reading database ... 30%
static-analysis	Build Docker Image	2026-02-02T16:51:10.2618800Z (Reading database ... 35%
static-analysis	Build Docker Image	2026-02-02T16:51:10.2619117Z (Reading database ... 40%
static-analysis	Build Docker Image	2026-02-02T16:51:10.2619424Z (Reading database ... 45%
static-analysis	Build Docker Image	2026-02-02T16:51:10.2619733Z (Reading database ... 50%
static-analysis	Build Docker Image	2026-02-02T16:51:10.2620044Z (Reading database ... 55%
static-analysis	Build Docker Image	2026-02-02T16:51:10.2620346Z (Reading database ... 60%
static-analysis	Build Docker Image	2026-02-02T16:51:10.2620674Z (Reading database ... 65%
static-analysis	Build Docker Image	2026-02-02T16:51:10.2620982Z (Reading database ... 70%
static-analysis	Build Docker Image	2026-02-02T16:51:10.2621295Z (Reading database ... 75%
static-analysis	Build Docker Image	2026-02-02T16:51:10.2621607Z (Reading database ... 80%
static-analysis	Build Docker Image	2026-02-02T16:51:10.2621917Z (Reading database ... 85%
static-analysis	Build Docker Image	2026-02-02T16:51:10.2622232Z (Reading database ... 90%
static-analysis	Build Docker Image	2026-02-02T16:51:10.2622418Z (Reading database ... 95%
static-analysis	Build Docker Image	2026-02-02T16:51:10.2622617Z (Reading database ... 100%
static-analysis	Build Docker Image	2026-02-02T16:51:10.2622912Z (Reading database ... 4393 files and directories currently installed.)
static-analysis	Build Docker Image	2026-02-02T16:51:10.2623340Z #7 18.96 Preparing to unpack .../libc6_2.35-0ubuntu3.12_amd64.deb ...
static-analysis	Build Docker Image	2026-02-02T16:51:10.2623805Z #7 19.02 Unpacking libc6:amd64 (2.35-0ubuntu3.12) over (2.35-0ubuntu3.11) ...
static-analysis	Build Docker Image	2026-02-02T16:51:10.5385094Z #7 19.30 Setting up libc6:amd64 (2.35-0ubuntu3.12) ...
static-analysis	Build Docker Image	2026-02-02T16:51:11.6202327Z #7 20.38 Selecting previously unselected package liblocale-gettext-perl.
static-analysis	Build Docker Image	2026-02-02T16:51:11.7314889Z #7 20.38 (Reading database ... 
static-analysis	Build Docker Image	2026-02-02T16:51:11.7315332Z (Reading database ... 5%
static-analysis	Build Docker Image	2026-02-02T16:51:11.7315739Z (Reading database ... 10%
static-analysis	Build Docker Image	2026-02-02T16:51:11.7315973Z (Reading database ... 15%
static-analysis	Build Docker Image	2026-02-02T16:51:11.7316279Z (Reading database ... 20%
static-analysis	Build Docker Image	2026-02-02T16:51:11.7316631Z (Reading database ... 25%
static-analysis	Build Docker Image	2026-02-02T16:51:11.7316865Z (Reading database ... 30%
static-analysis	Build Docker Image	2026-02-02T16:51:11.7317096Z (Reading database ... 35%
static-analysis	Build Docker Image	2026-02-02T16:51:11.7317290Z (Reading database ... 40%
static-analysis	Build Docker Image	2026-02-02T16:51:11.7317480Z (Reading database ... 45%
static-analysis	Build Docker Image	2026-02-02T16:51:11.7317670Z (Reading database ... 50%
static-analysis	Build Docker Image	2026-02-02T16:51:11.7317848Z (Reading database ... 55%
static-analysis	Build Docker Image	2026-02-02T16:51:11.7318042Z (Reading database ... 60%
static-analysis	Build Docker Image	2026-02-02T16:51:11.7318223Z (Reading database ... 65%
static-analysis	Build Docker Image	2026-02-02T16:51:11.7318437Z (Reading database ... 70%
static-analysis	Build Docker Image	2026-02-02T16:51:11.7318619Z (Reading database ... 75%
static-analysis	Build Docker Image	2026-02-02T16:51:11.7318814Z (Reading database ... 80%
static-analysis	Build Docker Image	2026-02-02T16:51:11.7319102Z (Reading database ... 85%
static-analysis	Build Docker Image	2026-02-02T16:51:11.7319295Z (Reading database ... 90%
static-analysis	Build Docker Image	2026-02-02T16:51:11.7319487Z (Reading database ... 95%
static-analysis	Build Docker Image	2026-02-02T16:51:11.7319677Z (Reading database ... 100%
static-analysis	Build Docker Image	2026-02-02T16:51:11.7319984Z (Reading database ... 4393 files and directories currently installed.)
static-analysis	Build Docker Image	2026-02-02T16:51:11.7320438Z #7 20.39 Preparing to unpack .../liblocale-gettext-perl_1.07-4build3_amd64.deb ...
static-analysis	Build Docker Image	2026-02-02T16:51:11.7320915Z #7 20.39 Unpacking liblocale-gettext-perl (1.07-4build3) ...
static-analysis	Build Docker Image	2026-02-02T16:51:11.7321523Z #7 20.40 Selecting previously unselected package libpython3.10-minimal:amd64.
static-analysis	Build Docker Image	2026-02-02T16:51:11.7321988Z #7 20.40 Preparing to unpack .../libpython3.10-minimal_3.10.12-1~22.04.13_amd64.deb ...
static-analysis	Build Docker Image	2026-02-02T16:51:11.7322456Z #7 20.40 Unpacking libpython3.10-minimal:amd64 (3.10.12-1~22.04.13) ...
static-analysis	Build Docker Image	2026-02-02T16:51:11.7323046Z #7 20.45 Selecting previously unselected package libexpat1:amd64.
static-analysis	Build Docker Image	2026-02-02T16:51:11.7323432Z #7 20.45 Preparing to unpack .../libexpat1_2.4.7-1ubuntu0.6_amd64.deb ...
static-analysis	Build Docker Image	2026-02-02T16:51:11.7323782Z #7 20.45 Unpacking libexpat1:amd64 (2.4.7-1ubuntu0.6) ...
static-analysis	Build Docker Image	2026-02-02T16:51:11.7324135Z #7 20.46 Selecting previously unselected package python3.10-minimal.
static-analysis	Build Docker Image	2026-02-02T16:51:11.7324536Z #7 20.46 Preparing to unpack .../python3.10-minimal_3.10.12-1~22.04.13_amd64.deb ...
static-analysis	Build Docker Image	2026-02-02T16:51:11.7324938Z #7 20.46 Unpacking python3.10-minimal (3.10.12-1~22.04.13) ...
static-analysis	Build Docker Image	2026-02-02T16:51:11.7325304Z #7 20.50 Setting up libpython3.10-minimal:amd64 (3.10.12-1~22.04.13) ...
static-analysis	Build Docker Image	2026-02-02T16:51:11.8887823Z #7 20.50 Setting up libexpat1:amd64 (2.4.7-1ubuntu0.6) ...
static-analysis	Build Docker Image	2026-02-02T16:51:11.8888434Z #7 20.50 Setting up python3.10-minimal (3.10.12-1~22.04.13) ...
static-analysis	Build Docker Image	2026-02-02T16:51:12.2204739Z #7 20.98 Selecting previously unselected package python3-minimal.
static-analysis	Build Docker Image	2026-02-02T16:51:12.3661484Z #7 20.98 (Reading database ... 
static-analysis	Build Docker Image	2026-02-02T16:51:12.3662076Z (Reading database ... 5%
static-analysis	Build Docker Image	2026-02-02T16:51:12.3662368Z (Reading database ... 10%
static-analysis	Build Docker Image	2026-02-02T16:51:12.3662675Z (Reading database ... 15%
static-analysis	Build Docker Image	2026-02-02T16:51:12.3662960Z (Reading database ... 20%
static-analysis	Build Docker Image	2026-02-02T16:51:12.3663274Z (Reading database ... 25%
static-analysis	Build Docker Image	2026-02-02T16:51:12.3663594Z (Reading database ... 30%
static-analysis	Build Docker Image	2026-02-02T16:51:12.3663950Z (Reading database ... 35%
static-analysis	Build Docker Image	2026-02-02T16:51:12.3664241Z (Reading database ... 40%
static-analysis	Build Docker Image	2026-02-02T16:51:12.3664573Z (Reading database ... 45%
static-analysis	Build Docker Image	2026-02-02T16:51:12.3664903Z (Reading database ... 50%
static-analysis	Build Docker Image	2026-02-02T16:51:12.3665164Z (Reading database ... 55%
static-analysis	Build Docker Image	2026-02-02T16:51:12.3665357Z (Reading database ... 60%
static-analysis	Build Docker Image	2026-02-02T16:51:12.3665730Z (Reading database ... 65%
static-analysis	Build Docker Image	2026-02-02T16:51:12.3665943Z (Reading database ... 70%
static-analysis	Build Docker Image	2026-02-02T16:51:12.3666128Z (Reading database ... 75%
static-analysis	Build Docker Image	2026-02-02T16:51:12.3666326Z (Reading database ... 80%
static-analysis	Build Docker Image	2026-02-02T16:51:12.3666519Z (Reading database ... 85%
static-analysis	Build Docker Image	2026-02-02T16:51:12.3666705Z (Reading database ... 90%
static-analysis	Build Docker Image	2026-02-02T16:51:12.3666914Z (Reading database ... 95%
static-analysis	Build Docker Image	2026-02-02T16:51:12.3667099Z (Reading database ... 100%
static-analysis	Build Docker Image	2026-02-02T16:51:12.3667401Z (Reading database ... 4711 files and directories currently installed.)
static-analysis	Build Docker Image	2026-02-02T16:51:12.3667985Z #7 20.99 Preparing to unpack .../0-python3-minimal_3.10.6-1~22.04.1_amd64.deb ...
static-analysis	Build Docker Image	2026-02-02T16:51:12.3668786Z #7 20.99 Unpacking python3-minimal (3.10.6-1~22.04.1) ...
static-analysis	Build Docker Image	2026-02-02T16:51:12.3669410Z #7 21.00 Selecting previously unselected package media-types.
static-analysis	Build Docker Image	2026-02-02T16:51:12.3670158Z #7 21.00 Preparing to unpack .../1-media-types_7.0.0_all.deb ...
static-analysis	Build Docker Image	2026-02-02T16:51:12.3670626Z #7 21.00 Unpacking media-types (7.0.0) ...
static-analysis	Build Docker Image	2026-02-02T16:51:12.3671158Z #7 21.01 Selecting previously unselected package libmpdec3:amd64.
static-analysis	Build Docker Image	2026-02-02T16:51:12.3671545Z #7 21.01 Preparing to unpack .../2-libmpdec3_2.5.1-2build2_amd64.deb ...
static-analysis	Build Docker Image	2026-02-02T16:51:12.3671884Z #7 21.02 Unpacking libmpdec3:amd64 (2.5.1-2build2) ...
static-analysis	Build Docker Image	2026-02-02T16:51:12.3672222Z #7 21.03 Selecting previously unselected package readline-common.
static-analysis	Build Docker Image	2026-02-02T16:51:12.3672602Z #7 21.03 Preparing to unpack .../3-readline-common_8.1.2-1_all.deb ...
static-analysis	Build Docker Image	2026-02-02T16:51:12.3672967Z #7 21.03 Unpacking readline-common (8.1.2-1) ...
static-analysis	Build Docker Image	2026-02-02T16:51:12.3673385Z #7 21.04 Selecting previously unselected package libreadline8:amd64.
static-analysis	Build Docker Image	2026-02-02T16:51:12.3673796Z #7 21.04 Preparing to unpack .../4-libreadline8_8.1.2-1_amd64.deb ...
static-analysis	Build Docker Image	2026-02-02T16:51:12.3674237Z #7 21.04 Unpacking libreadline8:amd64 (8.1.2-1) ...
static-analysis	Build Docker Image	2026-02-02T16:51:12.3674561Z #7 21.05 Selecting previously unselected package libsqlite3-0:amd64.
static-analysis	Build Docker Image	2026-02-02T16:51:12.3674962Z #7 21.05 Preparing to unpack .../5-libsqlite3-0_3.37.2-2ubuntu0.5_amd64.deb ...
static-analysis	Build Docker Image	2026-02-02T16:51:12.3675839Z #7 21.06 Unpacking libsqlite3-0:amd64 (3.37.2-2ubuntu0.5) ...
static-analysis	Build Docker Image	2026-02-02T16:51:12.3676350Z #7 21.07 Selecting previously unselected package libpython3.10-stdlib:amd64.
static-analysis	Build Docker Image	2026-02-02T16:51:12.3676804Z #7 21.07 Preparing to unpack .../6-libpython3.10-stdlib_3.10.12-1~22.04.13_amd64.deb ...
static-analysis	Build Docker Image	2026-02-02T16:51:12.3677372Z #7 21.07 Unpacking libpython3.10-stdlib:amd64 (3.10.12-1~22.04.13) ...
static-analysis	Build Docker Image	2026-02-02T16:51:12.3677999Z #7 21.13 Selecting previously unselected package python3.10.
static-analysis	Build Docker Image	2026-02-02T16:51:12.5114772Z #7 21.13 Preparing to unpack .../7-python3.10_3.10.12-1~22.04.13_amd64.deb ...
static-analysis	Build Docker Image	2026-02-02T16:51:12.5115263Z #7 21.13 Unpacking python3.10 (3.10.12-1~22.04.13) ...
static-analysis	Build Docker Image	2026-02-02T16:51:12.5115773Z #7 21.14 Selecting previously unselected package libpython3-stdlib:amd64.
static-analysis	Build Docker Image	2026-02-02T16:51:12.5116312Z #7 21.15 Preparing to unpack .../8-libpython3-stdlib_3.10.6-1~22.04.1_amd64.deb ...
static-analysis	Build Docker Image	2026-02-02T16:51:12.5116976Z #7 21.15 Unpacking libpython3-stdlib:amd64 (3.10.6-1~22.04.1) ...
static-analysis	Build Docker Image	2026-02-02T16:51:12.5117442Z #7 21.16 Setting up python3-minimal (3.10.6-1~22.04.1) ...
static-analysis	Build Docker Image	2026-02-02T16:51:12.5117923Z #7 21.27 Selecting previously unselected package python3.
static-analysis	Build Docker Image	2026-02-02T16:51:12.6832676Z #7 21.27 (Reading database ... 
static-analysis	Build Docker Image	2026-02-02T16:51:12.6833028Z (Reading database ... 5%
static-analysis	Build Docker Image	2026-02-02T16:51:12.6833256Z (Reading database ... 10%
static-analysis	Build Docker Image	2026-02-02T16:51:12.6833465Z (Reading database ... 15%
static-analysis	Build Docker Image	2026-02-02T16:51:12.6833705Z (Reading database ... 20%
static-analysis	Build Docker Image	2026-02-02T16:51:12.6834134Z (Reading database ... 25%
static-analysis	Build Docker Image	2026-02-02T16:51:12.6834376Z (Reading database ... 30%
static-analysis	Build Docker Image	2026-02-02T16:51:12.6834701Z (Reading database ... 35%
static-analysis	Build Docker Image	2026-02-02T16:51:12.6834979Z (Reading database ... 40%
static-analysis	Build Docker Image	2026-02-02T16:51:12.6835178Z (Reading database ... 45%
static-analysis	Build Docker Image	2026-02-02T16:51:12.6835363Z (Reading database ... 50%
static-analysis	Build Docker Image	2026-02-02T16:51:12.6835676Z (Reading database ... 55%
static-analysis	Build Docker Image	2026-02-02T16:51:12.6835859Z (Reading database ... 60%
static-analysis	Build Docker Image	2026-02-02T16:51:12.6836047Z (Reading database ... 65%
static-analysis	Build Docker Image	2026-02-02T16:51:12.6836232Z (Reading database ... 70%
static-analysis	Build Docker Image	2026-02-02T16:51:12.6836421Z (Reading database ... 75%
static-analysis	Build Docker Image	2026-02-02T16:51:12.6836629Z (Reading database ... 80%
static-analysis	Build Docker Image	2026-02-02T16:51:12.6836829Z (Reading database ... 85%
static-analysis	Build Docker Image	2026-02-02T16:51:12.6837022Z (Reading database ... 90%
static-analysis	Build Docker Image	2026-02-02T16:51:12.6837205Z (Reading database ... 95%
static-analysis	Build Docker Image	2026-02-02T16:51:12.6837398Z (Reading database ... 100%
static-analysis	Build Docker Image	2026-02-02T16:51:12.6837689Z (Reading database ... 5141 files and directories currently installed.)
static-analysis	Build Docker Image	2026-02-02T16:51:12.6838216Z #7 21.28 Preparing to unpack .../000-python3_3.10.6-1~22.04.1_amd64.deb ...
static-analysis	Build Docker Image	2026-02-02T16:51:12.6838748Z #7 21.28 Unpacking python3 (3.10.6-1~22.04.1) ...
static-analysis	Build Docker Image	2026-02-02T16:51:12.6839335Z #7 21.29 Selecting previously unselected package perl-modules-5.34.
static-analysis	Build Docker Image	2026-02-02T16:51:12.6840005Z #7 21.30 Preparing to unpack .../001-perl-modules-5.34_5.34.0-3ubuntu1.5_all.deb ...
static-analysis	Build Docker Image	2026-02-02T16:51:12.6840417Z #7 21.30 Unpacking perl-modules-5.34 (5.34.0-3ubuntu1.5) ...
static-analysis	Build Docker Image	2026-02-02T16:51:12.6899034Z #7 21.45 Selecting previously unselected package libgdbm6:amd64.
static-analysis	Build Docker Image	2026-02-02T16:51:12.8357596Z #7 21.45 Preparing to unpack .../002-libgdbm6_1.23-1_amd64.deb ...
static-analysis	Build Docker Image	2026-02-02T16:51:12.8358309Z #7 21.46 Unpacking libgdbm6:amd64 (1.23-1) ...
static-analysis	Build Docker Image	2026-02-02T16:51:12.8358655Z #7 21.47 Selecting previously unselected package libgdbm-compat4:amd64.
static-analysis	Build Docker Image	2026-02-02T16:51:12.8359070Z #7 21.47 Preparing to unpack .../003-libgdbm-compat4_1.23-1_amd64.deb ...
static-analysis	Build Docker Image	2026-02-02T16:51:12.8359437Z #7 21.47 Unpacking libgdbm-compat4:amd64 (1.23-1) ...
static-analysis	Build Docker Image	2026-02-02T16:51:12.8359801Z #7 21.48 Selecting previously unselected package libperl5.34:amd64.
static-analysis	Build Docker Image	2026-02-02T16:51:12.8360218Z #7 21.48 Preparing to unpack .../004-libperl5.34_5.34.0-3ubuntu1.5_amd64.deb ...
static-analysis	Build Docker Image	2026-02-02T16:51:12.8360593Z #7 21.48 Unpacking libperl5.34:amd64 (5.34.0-3ubuntu1.5) ...
static-analysis	Build Docker Image	2026-02-02T16:51:12.8360915Z #7 21.60 Selecting previously unselected package perl.
static-analysis	Build Docker Image	2026-02-02T16:51:12.9441292Z #7 21.60 Preparing to unpack .../005-perl_5.34.0-3ubuntu1.5_amd64.deb ...
static-analysis	Build Docker Image	2026-02-02T16:51:12.9441755Z #7 21.60 Unpacking perl (5.34.0-3ubuntu1.5) ...
static-analysis	Build Docker Image	2026-02-02T16:51:12.9442069Z #7 21.62 Selecting previously unselected package openssl.
static-analysis	Build Docker Image	2026-02-02T16:51:12.9442703Z #7 21.62 Preparing to unpack .../006-openssl_3.0.2-0ubuntu1.21_amd64.deb ...
static-analysis	Build Docker Image	2026-02-02T16:51:12.9443068Z #7 21.62 Unpacking openssl (3.0.2-0ubuntu1.21) ...
static-analysis	Build Docker Image	2026-02-02T16:51:12.9443397Z #7 21.64 Selecting previously unselected package ca-certificates.
static-analysis	Build Docker Image	2026-02-02T16:51:12.9443816Z #7 21.65 Preparing to unpack .../007-ca-certificates_20240203~22.04.1_all.deb ...
static-analysis	Build Docker Image	2026-02-02T16:51:12.9444330Z #7 21.65 Unpacking ca-certificates (20240203~22.04.1) ...
static-analysis	Build Docker Image	2026-02-02T16:51:12.9444640Z #7 21.67 Selecting previously unselected package less.
static-analysis	Build Docker Image	2026-02-02T16:51:12.9445188Z #7 21.67 Preparing to unpack .../008-less_590-1ubuntu0.22.04.3_amd64.deb ...
static-analysis	Build Docker Image	2026-02-02T16:51:12.9445882Z #7 21.67 Unpacking less (590-1ubuntu0.22.04.3) ...
static-analysis	Build Docker Image	2026-02-02T16:51:12.9446335Z #7 21.68 Selecting previously unselected package libmd0:amd64.
static-analysis	Build Docker Image	2026-02-02T16:51:12.9446786Z #7 21.68 Preparing to unpack .../009-libmd0_1.0.4-1build1_amd64.deb ...
static-analysis	Build Docker Image	2026-02-02T16:51:12.9447303Z #7 21.68 Unpacking libmd0:amd64 (1.0.4-1build1) ...
static-analysis	Build Docker Image	2026-02-02T16:51:12.9447812Z #7 21.69 Selecting previously unselected package libbsd0:amd64.
static-analysis	Build Docker Image	2026-02-02T16:51:12.9448236Z #7 21.70 Preparing to unpack .../010-libbsd0_0.11.5-1_amd64.deb ...
static-analysis	Build Docker Image	2026-02-02T16:51:12.9448629Z #7 21.70 Unpacking libbsd0:amd64 (0.11.5-1) ...
static-analysis	Build Docker Image	2026-02-02T16:51:12.9448954Z #7 21.71 Selecting previously unselected package libglib2.0-0:amd64.
static-analysis	Build Docker Image	2026-02-02T16:51:13.0993429Z #7 21.71 Preparing to unpack .../011-libglib2.0-0_2.72.4-0ubuntu2.8_amd64.deb ...
static-analysis	Build Docker Image	2026-02-02T16:51:13.0994154Z #7 21.71 Unpacking libglib2.0-0:amd64 (2.72.4-0ubuntu2.8) ...
static-analysis	Build Docker Image	2026-02-02T16:51:13.0994694Z #7 21.74 Selecting previously unselected package libglib2.0-data.
static-analysis	Build Docker Image	2026-02-02T16:51:13.0995303Z #7 21.74 Preparing to unpack .../012-libglib2.0-data_2.72.4-0ubuntu2.8_all.deb ...
static-analysis	Build Docker Image	2026-02-02T16:51:13.0996058Z #7 21.74 Unpacking libglib2.0-data (2.72.4-0ubuntu2.8) ...
static-analysis	Build Docker Image	2026-02-02T16:51:13.0996569Z #7 21.75 Selecting previously unselected package libicu70:amd64.
static-analysis	Build Docker Image	2026-02-02T16:51:13.0997091Z #7 21.75 Preparing to unpack .../013-libicu70_70.1-2_amd64.deb ...
static-analysis	Build Docker Image	2026-02-02T16:51:13.0997599Z #7 21.75 Unpacking libicu70:amd64 (70.1-2) ...
static-analysis	Build Docker Image	2026-02-02T16:51:13.0998046Z #7 21.86 Selecting previously unselected package libxml2:amd64.
static-analysis	Build Docker Image	2026-02-02T16:51:13.2151086Z #7 21.86 Preparing to unpack .../014-libxml2_2.9.13+dfsg-1ubuntu0.11_amd64.deb ...
static-analysis	Build Docker Image	2026-02-02T16:51:13.2151679Z #7 21.86 Unpacking libxml2:amd64 (2.9.13+dfsg-1ubuntu0.11) ...
static-analysis	Build Docker Image	2026-02-02T16:51:13.2152028Z #7 21.88 Selecting previously unselected package netbase.
static-analysis	Build Docker Image	2026-02-02T16:51:13.2152350Z #7 21.88 Preparing to unpack .../015-netbase_6.3_all.deb ...
static-analysis	Build Docker Image	2026-02-02T16:51:13.2152646Z #7 21.88 Unpacking netbase (6.3) ...
static-analysis	Build Docker Image	2026-02-02T16:51:13.2152962Z #7 21.89 Selecting previously unselected package python3-pkg-resources.
static-analysis	Build Docker Image	2026-02-02T16:51:13.2153440Z #7 21.90 Preparing to unpack .../016-python3-pkg-resources_59.6.0-1.2ubuntu0.22.04.3_all.deb ...
static-analysis	Build Docker Image	2026-02-02T16:51:13.2153906Z #7 21.90 Unpacking python3-pkg-resources (59.6.0-1.2ubuntu0.22.04.3) ...
static-analysis	Build Docker Image	2026-02-02T16:51:13.2154320Z #7 21.91 Selecting previously unselected package shared-mime-info.
static-analysis	Build Docker Image	2026-02-02T16:51:13.2154732Z #7 21.91 Preparing to unpack .../017-shared-mime-info_2.1-2_amd64.deb ...
static-analysis	Build Docker Image	2026-02-02T16:51:13.2155070Z #7 21.91 Unpacking shared-mime-info (2.1-2) ...
static-analysis	Build Docker Image	2026-02-02T16:51:13.2155550Z #7 21.93 Selecting previously unselected package ucf.
static-analysis	Build Docker Image	2026-02-02T16:51:13.2156045Z #7 21.93 Preparing to unpack .../018-ucf_3.0043_all.deb ...
static-analysis	Build Docker Image	2026-02-02T16:51:13.2156484Z #7 21.93 Moving old data out of the way
static-analysis	Build Docker Image	2026-02-02T16:51:13.2156845Z #7 21.93 Unpacking ucf (3.0043) ...
static-analysis	Build Docker Image	2026-02-02T16:51:13.2157311Z #7 21.95 Selecting previously unselected package xdg-user-dirs.
static-analysis	Build Docker Image	2026-02-02T16:51:13.2157921Z #7 21.95 Preparing to unpack .../019-xdg-user-dirs_0.17-2ubuntu4_amd64.deb ...
static-analysis	Build Docker Image	2026-02-02T16:51:13.2158497Z #7 21.95 Unpacking xdg-user-dirs (0.17-2ubuntu4) ...
static-analysis	Build Docker Image	2026-02-02T16:51:13.2158831Z #7 21.98 Selecting previously unselected package libcbor0.8:amd64.
static-analysis	Build Docker Image	2026-02-02T16:51:13.3164726Z #7 21.98 Preparing to unpack .../020-libcbor0.8_0.8.0-2ubuntu1_amd64.deb ...
static-analysis	Build Docker Image	2026-02-02T16:51:13.3166283Z #7 21.98 Unpacking libcbor0.8:amd64 (0.8.0-2ubuntu1) ...
static-analysis	Build Docker Image	2026-02-02T16:51:13.3166917Z #7 21.99 Selecting previously unselected package libedit2:amd64.
static-analysis	Build Docker Image	2026-02-02T16:51:13.3167659Z #7 21.99 Preparing to unpack .../021-libedit2_3.1-20210910-1build1_amd64.deb ...
static-analysis	Build Docker Image	2026-02-02T16:51:13.3168364Z #7 21.99 Unpacking libedit2:amd64 (3.1-20210910-1build1) ...
static-analysis	Build Docker Image	2026-02-02T16:51:13.3169210Z #7 22.00 Selecting previously unselected package libfido2-1:amd64.
static-analysis	Build Docker Image	2026-02-02T16:51:13.3169867Z #7 22.00 Preparing to unpack .../022-libfido2-1_1.10.0-1_amd64.deb ...
static-analysis	Build Docker Image	2026-02-02T16:51:13.3170436Z #7 22.00 Unpacking libfido2-1:amd64 (1.10.0-1) ...
static-analysis	Build Docker Image	2026-02-02T16:51:13.3170983Z #7 22.02 Selecting previously unselected package libnghttp2-14:amd64.
static-analysis	Build Docker Image	2026-02-02T16:51:13.3171645Z #7 22.02 Preparing to unpack .../023-libnghttp2-14_1.43.0-1ubuntu0.2_amd64.deb ...
static-analysis	Build Docker Image	2026-02-02T16:51:13.3172295Z #7 22.02 Unpacking libnghttp2-14:amd64 (1.43.0-1ubuntu0.2) ...
static-analysis	Build Docker Image	2026-02-02T16:51:13.3172697Z #7 22.03 Selecting previously unselected package libpng16-16:amd64.
static-analysis	Build Docker Image	2026-02-02T16:51:13.3173113Z #7 22.03 Preparing to unpack .../024-libpng16-16_1.6.37-3ubuntu0.3_amd64.deb ...
static-analysis	Build Docker Image	2026-02-02T16:51:13.3173488Z #7 22.03 Unpacking libpng16-16:amd64 (1.6.37-3ubuntu0.3) ...
static-analysis	Build Docker Image	2026-02-02T16:51:13.3173812Z #7 22.04 Selecting previously unselected package libpsl5:amd64.
static-analysis	Build Docker Image	2026-02-02T16:51:13.3174196Z #7 22.04 Preparing to unpack .../025-libpsl5_0.21.0-1.2build2_amd64.deb ...
static-analysis	Build Docker Image	2026-02-02T16:51:13.3174542Z #7 22.04 Unpacking libpsl5:amd64 (0.21.0-1.2build2) ...
static-analysis	Build Docker Image	2026-02-02T16:51:13.3174941Z #7 22.06 Selecting previously unselected package libuv1:amd64.
static-analysis	Build Docker Image	2026-02-02T16:51:13.3175750Z #7 22.06 Preparing to unpack .../026-libuv1_1.43.0-1ubuntu0.1_amd64.deb ...
static-analysis	Build Docker Image	2026-02-02T16:51:13.3176135Z #7 22.06 Unpacking libuv1:amd64 (1.43.0-1ubuntu0.1) ...
static-analysis	Build Docker Image	2026-02-02T16:51:13.3176461Z #7 22.07 Selecting previously unselected package libxau6:amd64.
static-analysis	Build Docker Image	2026-02-02T16:51:13.3176831Z #7 22.07 Preparing to unpack .../027-libxau6_1%3a1.0.9-1build5_amd64.deb ...
static-analysis	Build Docker Image	2026-02-02T16:51:13.3177204Z #7 22.07 Unpacking libxau6:amd64 (1:1.0.9-1build5) ...
static-analysis	Build Docker Image	2026-02-02T16:51:13.3177539Z #7 22.08 Selecting previously unselected package libxdmcp6:amd64.
static-analysis	Build Docker Image	2026-02-02T16:51:13.5041452Z #7 22.08 Preparing to unpack .../028-libxdmcp6_1%3a1.1.3-0ubuntu5_amd64.deb ...
static-analysis	Build Docker Image	2026-02-02T16:51:13.5041970Z #7 22.08 Unpacking libxdmcp6:amd64 (1:1.1.3-0ubuntu5) ...
static-analysis	Build Docker Image	2026-02-02T16:51:13.5042364Z #7 22.09 Selecting previously unselected package libxcb1:amd64.
static-analysis	Build Docker Image	2026-02-02T16:51:13.5042738Z #7 22.09 Preparing to unpack .../029-libxcb1_1.14-3ubuntu3_amd64.deb ...
static-analysis	Build Docker Image	2026-02-02T16:51:13.5043074Z #7 22.09 Unpacking libxcb1:amd64 (1.14-3ubuntu3) ...
static-analysis	Build Docker Image	2026-02-02T16:51:13.5043404Z #7 22.10 Selecting previously unselected package libx11-data.
static-analysis	Build Docker Image	2026-02-02T16:51:13.5043784Z #7 22.10 Preparing to unpack .../030-libx11-data_2%3a1.7.5-1ubuntu0.3_all.deb ...
static-analysis	Build Docker Image	2026-02-02T16:51:13.5044159Z #7 22.10 Unpacking libx11-data (2:1.7.5-1ubuntu0.3) ...
static-analysis	Build Docker Image	2026-02-02T16:51:13.5044474Z #7 22.13 Selecting previously unselected package libx11-6:amd64.
static-analysis	Build Docker Image	2026-02-02T16:51:13.5044871Z #7 22.13 Preparing to unpack .../031-libx11-6_2%3a1.7.5-1ubuntu0.3_amd64.deb ...
static-analysis	Build Docker Image	2026-02-02T16:51:13.5045240Z #7 22.14 Unpacking libx11-6:amd64 (2:1.7.5-1ubuntu0.3) ...
static-analysis	Build Docker Image	2026-02-02T16:51:13.5045801Z #7 22.15 Selecting previously unselected package libxext6:amd64.
static-analysis	Build Docker Image	2026-02-02T16:51:13.5046193Z #7 22.15 Preparing to unpack .../032-libxext6_2%3a1.3.4-1build1_amd64.deb ...
static-analysis	Build Docker Image	2026-02-02T16:51:13.5046545Z #7 22.15 Unpacking libxext6:amd64 (2:1.3.4-1build1) ...
static-analysis	Build Docker Image	2026-02-02T16:51:13.5046868Z #7 22.16 Selecting previously unselected package libxmuu1:amd64.
static-analysis	Build Docker Image	2026-02-02T16:51:13.5047221Z #7 22.16 Preparing to unpack .../033-libxmuu1_2%3a1.1.3-3_amd64.deb ...
static-analysis	Build Docker Image	2026-02-02T16:51:13.5047553Z #7 22.16 Unpacking libxmuu1:amd64 (2:1.1.3-3) ...
static-analysis	Build Docker Image	2026-02-02T16:51:13.5047858Z #7 22.17 Selecting previously unselected package manpages.
static-analysis	Build Docker Image	2026-02-02T16:51:13.5048202Z #7 22.17 Preparing to unpack .../034-manpages_5.10-1ubuntu1_all.deb ...
static-analysis	Build Docker Image	2026-02-02T16:51:13.5048585Z #7 22.18 Unpacking manpages (5.10-1ubuntu1) ...
static-analysis	Build Docker Image	2026-02-02T16:51:13.5049427Z #7 22.27 Selecting previously unselected package openssh-client.
static-analysis	Build Docker Image	2026-02-02T16:51:13.6135268Z #7 22.27 Preparing to unpack .../035-openssh-client_1%3a8.9p1-3ubuntu0.13_amd64.deb ...
static-analysis	Build Docker Image	2026-02-02T16:51:13.6136334Z #7 22.27 Unpacking openssh-client (1:8.9p1-3ubuntu0.13) ...
static-analysis	Build Docker Image	2026-02-02T16:51:13.6136999Z #7 22.29 Selecting previously unselected package publicsuffix.
static-analysis	Build Docker Image	2026-02-02T16:51:13.6138068Z #7 22.29 Preparing to unpack .../036-publicsuffix_20211207.1025-1_all.deb ...
static-analysis	Build Docker Image	2026-02-02T16:51:13.6138726Z #7 22.30 Unpacking publicsuffix (20211207.1025-1) ...
static-analysis	Build Docker Image	2026-02-02T16:51:13.6139278Z #7 22.31 Selecting previously unselected package wget.
static-analysis	Build Docker Image	2026-02-02T16:51:13.6139876Z #7 22.31 Preparing to unpack .../037-wget_1.21.2-2ubuntu1.1_amd64.deb ...
static-analysis	Build Docker Image	2026-02-02T16:51:13.6140453Z #7 22.31 Unpacking wget (1.21.2-2ubuntu1.1) ...
static-analysis	Build Docker Image	2026-02-02T16:51:13.6140949Z #7 22.32 Selecting previously unselected package xauth.
static-analysis	Build Docker Image	2026-02-02T16:51:13.6141545Z #7 22.32 Preparing to unpack .../038-xauth_1%3a1.1-1build2_amd64.deb ...
static-analysis	Build Docker Image	2026-02-02T16:51:13.6142124Z #7 22.32 Unpacking xauth (1:1.1-1build2) ...
static-analysis	Build Docker Image	2026-02-02T16:51:13.6142582Z #7 22.33 Selecting previously unselected package xz-utils.
static-analysis	Build Docker Image	2026-02-02T16:51:13.6143187Z #7 22.33 Preparing to unpack .../039-xz-utils_5.2.5-2ubuntu1_amd64.deb ...
static-analysis	Build Docker Image	2026-02-02T16:51:13.6143724Z #7 22.33 Unpacking xz-utils (5.2.5-2ubuntu1) ...
static-analysis	Build Docker Image	2026-02-02T16:51:13.6144300Z #7 22.34 Selecting previously unselected package binutils-common:amd64.
static-analysis	Build Docker Image	2026-02-02T16:51:13.6144781Z #7 22.34 Preparing to unpack .../040-binutils-common_2.38-4ubuntu2.12_amd64.deb ...
static-analysis	Build Docker Image	2026-02-02T16:51:13.6145267Z #7 22.35 Unpacking binutils-common:amd64 (2.38-4ubuntu2.12) ...
static-analysis	Build Docker Image	2026-02-02T16:51:13.6145770Z #7 22.36 Selecting previously unselected package libbinutils:amd64.
static-analysis	Build Docker Image	2026-02-02T16:51:13.6146187Z #7 22.36 Preparing to unpack .../041-libbinutils_2.38-4ubuntu2.12_amd64.deb ...
static-analysis	Build Docker Image	2026-02-02T16:51:13.6146567Z #7 22.36 Unpacking libbinutils:amd64 (2.38-4ubuntu2.12) ...
static-analysis	Build Docker Image	2026-02-02T16:51:13.6146945Z #7 22.38 Selecting previously unselected package libctf-nobfd0:amd64.
static-analysis	Build Docker Image	2026-02-02T16:51:13.7147479Z #7 22.38 Preparing to unpack .../042-libctf-nobfd0_2.38-4ubuntu2.12_amd64.deb ...
static-analysis	Build Docker Image	2026-02-02T16:51:13.7148114Z #7 22.38 Unpacking libctf-nobfd0:amd64 (2.38-4ubuntu2.12) ...
static-analysis	Build Docker Image	2026-02-02T16:51:13.7148498Z #7 22.39 Selecting previously unselected package libctf0:amd64.
static-analysis	Build Docker Image	2026-02-02T16:51:13.7148878Z #7 22.39 Preparing to unpack .../043-libctf0_2.38-4ubuntu2.12_amd64.deb ...
static-analysis	Build Docker Image	2026-02-02T16:51:13.7149275Z #7 22.39 Unpacking libctf0:amd64 (2.38-4ubuntu2.12) ...
static-analysis	Build Docker Image	2026-02-02T16:51:13.7149648Z #7 22.40 Selecting previously unselected package binutils-x86-64-linux-gnu.
static-analysis	Build Docker Image	2026-02-02T16:51:13.7150116Z #7 22.40 Preparing to unpack .../044-binutils-x86-64-linux-gnu_2.38-4ubuntu2.12_amd64.deb ...
static-analysis	Build Docker Image	2026-02-02T16:51:13.7150571Z #7 22.40 Unpacking binutils-x86-64-linux-gnu (2.38-4ubuntu2.12) ...
static-analysis	Build Docker Image	2026-02-02T16:51:13.7150918Z #7 22.45 Selecting previously unselected package binutils.
static-analysis	Build Docker Image	2026-02-02T16:51:13.7151280Z #7 22.45 Preparing to unpack .../045-binutils_2.38-4ubuntu2.12_amd64.deb ...
static-analysis	Build Docker Image	2026-02-02T16:51:13.7151629Z #7 22.46 Unpacking binutils (2.38-4ubuntu2.12) ...
static-analysis	Build Docker Image	2026-02-02T16:51:13.7152104Z #7 22.47 Selecting previously unselected package libc-dev-bin.
static-analysis	Build Docker Image	2026-02-02T16:51:13.7152515Z #7 22.47 Preparing to unpack .../046-libc-dev-bin_2.35-0ubuntu3.12_amd64.deb ...
static-analysis	Build Docker Image	2026-02-02T16:51:13.7153104Z #7 22.47 Unpacking libc-dev-bin (2.35-0ubuntu3.12) ...
static-analysis	Build Docker Image	2026-02-02T16:51:13.7153672Z #7 22.48 Selecting previously unselected package linux-libc-dev:amd64.
static-analysis	Build Docker Image	2026-02-02T16:51:13.7154395Z #7 22.48 Preparing to unpack .../047-linux-libc-dev_5.15.0-168.178_amd64.deb ...
static-analysis	Build Docker Image	2026-02-02T16:51:13.7155127Z #7 22.48 Unpacking linux-libc-dev:amd64 (5.15.0-168.178) ...
static-analysis	Build Docker Image	2026-02-02T16:51:13.8149337Z #7 22.58 Selecting previously unselected package libcrypt-dev:amd64.
static-analysis	Build Docker Image	2026-02-02T16:51:13.9538220Z #7 22.58 Preparing to unpack .../048-libcrypt-dev_1%3a4.4.27-1_amd64.deb ...
static-analysis	Build Docker Image	2026-02-02T16:51:13.9538999Z #7 22.58 Unpacking libcrypt-dev:amd64 (1:4.4.27-1) ...
static-analysis	Build Docker Image	2026-02-02T16:51:13.9539534Z #7 22.59 Selecting previously unselected package rpcsvc-proto.
static-analysis	Build Docker Image	2026-02-02T16:51:13.9540471Z #7 22.59 Preparing to unpack .../049-rpcsvc-proto_1.4.2-0ubuntu6_amd64.deb ...
static-analysis	Build Docker Image	2026-02-02T16:51:13.9541025Z #7 22.59 Unpacking rpcsvc-proto (1.4.2-0ubuntu6) ...
static-analysis	Build Docker Image	2026-02-02T16:51:13.9541539Z #7 22.60 Selecting previously unselected package libtirpc-dev:amd64.
static-analysis	Build Docker Image	2026-02-02T16:51:13.9542159Z #7 22.61 Preparing to unpack .../050-libtirpc-dev_1.3.2-2ubuntu0.1_amd64.deb ...
static-analysis	Build Docker Image	2026-02-02T16:51:13.9542895Z #7 22.61 Unpacking libtirpc-dev:amd64 (1.3.2-2ubuntu0.1) ...
static-analysis	Build Docker Image	2026-02-02T16:51:13.9543429Z #7 22.62 Selecting previously unselected package libnsl-dev:amd64.
static-analysis	Build Docker Image	2026-02-02T16:51:13.9544008Z #7 22.62 Preparing to unpack .../051-libnsl-dev_1.3.0-2build2_amd64.deb ...
static-analysis	Build Docker Image	2026-02-02T16:51:13.9544545Z #7 22.62 Unpacking libnsl-dev:amd64 (1.3.0-2build2) ...
static-analysis	Build Docker Image	2026-02-02T16:51:13.9545054Z #7 22.64 Selecting previously unselected package libc6-dev:amd64.
static-analysis	Build Docker Image	2026-02-02T16:51:13.9545817Z #7 22.64 Preparing to unpack .../052-libc6-dev_2.35-0ubuntu3.12_amd64.deb ...
static-analysis	Build Docker Image	2026-02-02T16:51:13.9546397Z #7 22.64 Unpacking libc6-dev:amd64 (2.35-0ubuntu3.12) ...
static-analysis	Build Docker Image	2026-02-02T16:51:13.9546898Z #7 22.72 Selecting previously unselected package gcc-11-base:amd64.
static-analysis	Build Docker Image	2026-02-02T16:51:14.1267676Z #7 22.72 Preparing to unpack .../053-gcc-11-base_11.4.0-1ubuntu1~22.04.2_amd64.deb ...
static-analysis	Build Docker Image	2026-02-02T16:51:14.1268352Z #7 22.72 Unpacking gcc-11-base:amd64 (11.4.0-1ubuntu1~22.04.2) ...
static-analysis	Build Docker Image	2026-02-02T16:51:14.1268797Z #7 22.73 Selecting previously unselected package libisl23:amd64.
static-analysis	Build Docker Image	2026-02-02T16:51:14.1269261Z #7 22.73 Preparing to unpack .../054-libisl23_0.24-2build1_amd64.deb ...
static-analysis	Build Docker Image	2026-02-02T16:51:14.1269611Z #7 22.73 Unpacking libisl23:amd64 (0.24-2build1) ...
static-analysis	Build Docker Image	2026-02-02T16:51:14.1270041Z #7 22.75 Selecting previously unselected package libmpfr6:amd64.
static-analysis	Build Docker Image	2026-02-02T16:51:14.1270407Z #7 22.75 Preparing to unpack .../055-libmpfr6_4.1.0-3build3_amd64.deb ...
static-analysis	Build Docker Image	2026-02-02T16:51:14.1270828Z #7 22.75 Unpacking libmpfr6:amd64 (4.1.0-3build3) ...
static-analysis	Build Docker Image	2026-02-02T16:51:14.1271149Z #7 22.77 Selecting previously unselected package libmpc3:amd64.
static-analysis	Build Docker Image	2026-02-02T16:51:14.1271603Z #7 22.77 Preparing to unpack .../056-libmpc3_1.2.1-2build1_amd64.deb ...
static-analysis	Build Docker Image	2026-02-02T16:51:14.1271968Z #7 22.78 Unpacking libmpc3:amd64 (1.2.1-2build1) ...
static-analysis	Build Docker Image	2026-02-02T16:51:14.1272295Z #7 22.79 Selecting previously unselected package cpp-11.
static-analysis	Build Docker Image	2026-02-02T16:51:14.1272716Z #7 22.79 Preparing to unpack .../057-cpp-11_11.4.0-1ubuntu1~22.04.2_amd64.deb ...
static-analysis	Build Docker Image	2026-02-02T16:51:14.1273099Z #7 22.79 Unpacking cpp-11 (11.4.0-1ubuntu1~22.04.2) ...
static-analysis	Build Docker Image	2026-02-02T16:51:14.1273463Z #7 22.89 Selecting previously unselected package cpp.
static-analysis	Build Docker Image	2026-02-02T16:51:14.2299440Z #7 22.89 Preparing to unpack .../058-cpp_4%3a11.2.0-1ubuntu1_amd64.deb ...
static-analysis	Build Docker Image	2026-02-02T16:51:14.2300197Z #7 22.89 Unpacking cpp (4:11.2.0-1ubuntu1) ...
static-analysis	Build Docker Image	2026-02-02T16:51:14.2300736Z #7 22.90 Selecting previously unselected package libcc1-0:amd64.
static-analysis	Build Docker Image	2026-02-02T16:51:14.2301174Z #7 22.90 Preparing to unpack .../059-libcc1-0_12.3.0-1ubuntu1~22.04.2_amd64.deb ...
static-analysis	Build Docker Image	2026-02-02T16:51:14.2301580Z #7 22.91 Unpacking libcc1-0:amd64 (12.3.0-1ubuntu1~22.04.2) ...
static-analysis	Build Docker Image	2026-02-02T16:51:14.2301964Z #7 22.92 Selecting previously unselected package libgomp1:amd64.
static-analysis	Build Docker Image	2026-02-02T16:51:14.2302362Z #7 22.92 Preparing to unpack .../060-libgomp1_12.3.0-1ubuntu1~22.04.2_amd64.deb ...
static-analysis	Build Docker Image	2026-02-02T16:51:14.2302740Z #7 22.92 Unpacking libgomp1:amd64 (12.3.0-1ubuntu1~22.04.2) ...
static-analysis	Build Docker Image	2026-02-02T16:51:14.2303083Z #7 22.93 Selecting previously unselected package libitm1:amd64.
static-analysis	Build Docker Image	2026-02-02T16:51:14.2303473Z #7 22.93 Preparing to unpack .../061-libitm1_12.3.0-1ubuntu1~22.04.2_amd64.deb ...
static-analysis	Build Docker Image	2026-02-02T16:51:14.2303859Z #7 22.93 Unpacking libitm1:amd64 (12.3.0-1ubuntu1~22.04.2) ...
static-analysis	Build Docker Image	2026-02-02T16:51:14.2304207Z #7 22.94 Selecting previously unselected package libatomic1:amd64.
static-analysis	Build Docker Image	2026-02-02T16:51:14.2304605Z #7 22.95 Preparing to unpack .../062-libatomic1_12.3.0-1ubuntu1~22.04.2_amd64.deb ...
static-analysis	Build Docker Image	2026-02-02T16:51:14.2305006Z #7 22.95 Unpacking libatomic1:amd64 (12.3.0-1ubuntu1~22.04.2) ...
static-analysis	Build Docker Image	2026-02-02T16:51:14.2305357Z #7 22.96 Selecting previously unselected package libasan6:amd64.
static-analysis	Build Docker Image	2026-02-02T16:51:14.2306225Z #7 22.96 Preparing to unpack .../063-libasan6_11.4.0-1ubuntu1~22.04.2_amd64.deb ...
static-analysis	Build Docker Image	2026-02-02T16:51:14.2306624Z #7 22.96 Unpacking libasan6:amd64 (11.4.0-1ubuntu1~22.04.2) ...
static-analysis	Build Docker Image	2026-02-02T16:51:14.2307077Z #7 22.99 Selecting previously unselected package liblsan0:amd64.
static-analysis	Build Docker Image	2026-02-02T16:51:14.3824851Z #7 22.99 Preparing to unpack .../064-liblsan0_12.3.0-1ubuntu1~22.04.2_amd64.deb ...
static-analysis	Build Docker Image	2026-02-02T16:51:14.3826121Z #7 23.00 Unpacking liblsan0:amd64 (12.3.0-1ubuntu1~22.04.2) ...
static-analysis	Build Docker Image	2026-02-02T16:51:14.3826732Z #7 23.02 Selecting previously unselected package libtsan0:amd64.
static-analysis	Build Docker Image	2026-02-02T16:51:14.3827375Z #7 23.02 Preparing to unpack .../065-libtsan0_11.4.0-1ubuntu1~22.04.2_amd64.deb ...
static-analysis	Build Docker Image	2026-02-02T16:51:14.3827996Z #7 23.02 Unpacking libtsan0:amd64 (11.4.0-1ubuntu1~22.04.2) ...
static-analysis	Build Docker Image	2026-02-02T16:51:14.3828562Z #7 23.06 Selecting previously unselected package libubsan1:amd64.
static-analysis	Build Docker Image	2026-02-02T16:51:14.3829184Z #7 23.06 Preparing to unpack .../066-libubsan1_12.3.0-1ubuntu1~22.04.2_amd64.deb ...
static-analysis	Build Docker Image	2026-02-02T16:51:14.3829840Z #7 23.06 Unpacking libubsan1:amd64 (12.3.0-1ubuntu1~22.04.2) ...
static-analysis	Build Docker Image	2026-02-02T16:51:14.3830405Z #7 23.08 Selecting previously unselected package libquadmath0:amd64.
static-analysis	Build Docker Image	2026-02-02T16:51:14.3831072Z #7 23.08 Preparing to unpack .../067-libquadmath0_12.3.0-1ubuntu1~22.04.2_amd64.deb ...
static-analysis	Build Docker Image	2026-02-02T16:51:14.3831711Z #7 23.08 Unpacking libquadmath0:amd64 (12.3.0-1ubuntu1~22.04.2) ...
static-analysis	Build Docker Image	2026-02-02T16:51:14.3832389Z #7 23.09 Selecting previously unselected package libgcc-11-dev:amd64.
static-analysis	Build Docker Image	2026-02-02T16:51:14.3833048Z #7 23.09 Preparing to unpack .../068-libgcc-11-dev_11.4.0-1ubuntu1~22.04.2_amd64.deb ...
static-analysis	Build Docker Image	2026-02-02T16:51:14.3833690Z #7 23.09 Unpacking libgcc-11-dev:amd64 (11.4.0-1ubuntu1~22.04.2) ...
static-analysis	Build Docker Image	2026-02-02T16:51:14.3834219Z #7 23.15 Selecting previously unselected package gcc-11.
static-analysis	Build Docker Image	2026-02-02T16:51:14.5354537Z #7 23.15 Preparing to unpack .../069-gcc-11_11.4.0-1ubuntu1~22.04.2_amd64.deb ...
static-analysis	Build Docker Image	2026-02-02T16:51:14.5355319Z #7 23.15 Unpacking gcc-11 (11.4.0-1ubuntu1~22.04.2) ...
static-analysis	Build Docker Image	2026-02-02T16:51:14.5668916Z #7 23.33 Selecting previously unselected package gcc.
static-analysis	Build Docker Image	2026-02-02T16:51:14.6920273Z #7 23.33 Preparing to unpack .../070-gcc_4%3a11.2.0-1ubuntu1_amd64.deb ...
static-analysis	Build Docker Image	2026-02-02T16:51:14.6920833Z #7 23.33 Unpacking gcc (4:11.2.0-1ubuntu1) ...
static-analysis	Build Docker Image	2026-02-02T16:51:14.6921174Z #7 23.34 Selecting previously unselected package libstdc++-11-dev:amd64.
static-analysis	Build Docker Image	2026-02-02T16:51:14.6921754Z #7 23.35 Preparing to unpack .../071-libstdc++-11-dev_11.4.0-1ubuntu1~22.04.2_amd64.deb ...
static-analysis	Build Docker Image	2026-02-02T16:51:14.6922291Z #7 23.35 Unpacking libstdc++-11-dev:amd64 (11.4.0-1ubuntu1~22.04.2) ...
static-analysis	Build Docker Image	2026-02-02T16:51:14.6922664Z #7 23.46 Selecting previously unselected package g++-11.
static-analysis	Build Docker Image	2026-02-02T16:51:14.8086486Z #7 23.46 Preparing to unpack .../072-g++-11_11.4.0-1ubuntu1~22.04.2_amd64.deb ...
static-analysis	Build Docker Image	2026-02-02T16:51:14.8086998Z #7 23.46 Unpacking g++-11 (11.4.0-1ubuntu1~22.04.2) ...
static-analysis	Build Docker Image	2026-02-02T16:51:14.8087326Z #7 23.57 Selecting previously unselected package g++.
static-analysis	Build Docker Image	2026-02-02T16:51:14.9156331Z #7 23.57 Preparing to unpack .../073-g++_4%3a11.2.0-1ubuntu1_amd64.deb ...
static-analysis	Build Docker Image	2026-02-02T16:51:14.9156835Z #7 23.57 Unpacking g++ (4:11.2.0-1ubuntu1) ...
static-analysis	Build Docker Image	2026-02-02T16:51:14.9157147Z #7 23.58 Selecting previously unselected package make.
static-analysis	Build Docker Image	2026-02-02T16:51:14.9157490Z #7 23.59 Preparing to unpack .../074-make_4.3-4.1build1_amd64.deb ...
static-analysis	Build Docker Image	2026-02-02T16:51:14.9157821Z #7 23.59 Unpacking make (4.3-4.1build1) ...
static-analysis	Build Docker Image	2026-02-02T16:51:14.9158132Z #7 23.60 Selecting previously unselected package libdpkg-perl.
static-analysis	Build Docker Image	2026-02-02T16:51:14.9158530Z #7 23.60 Preparing to unpack .../075-libdpkg-perl_1.21.1ubuntu2.6_all.deb ...
static-analysis	Build Docker Image	2026-02-02T16:51:14.9158897Z #7 23.60 Unpacking libdpkg-perl (1.21.1ubuntu2.6) ...
static-analysis	Build Docker Image	2026-02-02T16:51:14.9159195Z #7 23.62 Selecting previously unselected package bzip2.
static-analysis	Build Docker Image	2026-02-02T16:51:14.9159541Z #7 23.62 Preparing to unpack .../076-bzip2_1.0.8-5build1_amd64.deb ...
static-analysis	Build Docker Image	2026-02-02T16:51:14.9159847Z #7 23.62 Unpacking bzip2 (1.0.8-5build1) ...
static-analysis	Build Docker Image	2026-02-02T16:51:14.9160126Z #7 23.63 Selecting previously unselected package patch.
static-analysis	Build Docker Image	2026-02-02T16:51:14.9160463Z #7 23.64 Preparing to unpack .../077-patch_2.7.6-7build2_amd64.deb ...
static-analysis	Build Docker Image	2026-02-02T16:51:14.9160987Z #7 23.64 Unpacking patch (2.7.6-7build2) ...
static-analysis	Build Docker Image	2026-02-02T16:51:14.9161311Z #7 23.65 Selecting previously unselected package lto-disabled-list.
static-analysis	Build Docker Image	2026-02-02T16:51:14.9161926Z #7 23.65 Preparing to unpack .../078-lto-disabled-list_24_all.deb ...
static-analysis	Build Docker Image	2026-02-02T16:51:14.9162496Z #7 23.65 Unpacking lto-disabled-list (24) ...
static-analysis	Build Docker Image	2026-02-02T16:51:14.9163137Z #7 23.66 Selecting previously unselected package dpkg-dev.
static-analysis	Build Docker Image	2026-02-02T16:51:14.9164193Z #7 23.66 Preparing to unpack .../079-dpkg-dev_1.21.1ubuntu2.6_all.deb ...
static-analysis	Build Docker Image	2026-02-02T16:51:14.9164651Z #7 23.66 Unpacking dpkg-dev (1.21.1ubuntu2.6) ...
static-analysis	Build Docker Image	2026-02-02T16:51:14.9164973Z #7 23.68 Selecting previously unselected package build-essential.
static-analysis	Build Docker Image	2026-02-02T16:51:15.0798545Z #7 23.68 Preparing to unpack .../080-build-essential_12.9ubuntu3_amd64.deb ...
static-analysis	Build Docker Image	2026-02-02T16:51:15.0799093Z #7 23.68 Unpacking build-essential (12.9ubuntu3) ...
static-analysis	Build Docker Image	2026-02-02T16:51:15.0799463Z #7 23.69 Selecting previously unselected package libllvm14:amd64.
static-analysis	Build Docker Image	2026-02-02T16:51:15.0799890Z #7 23.69 Preparing to unpack .../081-libllvm14_1%3a14.0.0-1ubuntu1.1_amd64.deb ...
static-analysis	Build Docker Image	2026-02-02T16:51:15.0800281Z #7 23.69 Unpacking libllvm14:amd64 (1:14.0.0-1ubuntu1.1) ...
static-analysis	Build Docker Image	2026-02-02T16:51:15.2382048Z #7 24.00 Selecting previously unselected package libclang-cpp14.
static-analysis	Build Docker Image	2026-02-02T16:51:15.3909399Z #7 24.00 Preparing to unpack .../082-libclang-cpp14_1%3a14.0.0-1ubuntu1.1_amd64.deb ...
static-analysis	Build Docker Image	2026-02-02T16:51:15.3910330Z #7 24.00 Unpacking libclang-cpp14 (1:14.0.0-1ubuntu1.1) ...
static-analysis	Build Docker Image	2026-02-02T16:51:15.4020173Z #7 24.17 Selecting previously unselected package clang-format-14.
static-analysis	Build Docker Image	2026-02-02T16:51:15.5125320Z #7 24.17 Preparing to unpack .../083-clang-format-14_1%3a14.0.0-1ubuntu1.1_amd64.deb ...
static-analysis	Build Docker Image	2026-02-02T16:51:15.5126483Z #7 24.17 Unpacking clang-format-14 (1:14.0.0-1ubuntu1.1) ...
static-analysis	Build Docker Image	2026-02-02T16:51:15.5127111Z #7 24.19 Selecting previously unselected package clang-format:amd64.
static-analysis	Build Docker Image	2026-02-02T16:51:15.5127582Z #7 24.19 Preparing to unpack .../084-clang-format_1%3a14.0-55~exp2_amd64.deb ...
static-analysis	Build Docker Image	2026-02-02T16:51:15.5128075Z #7 24.19 Unpacking clang-format:amd64 (1:14.0-55~exp2) ...
static-analysis	Build Docker Image	2026-02-02T16:51:15.5128473Z #7 24.20 Selecting previously unselected package libarchive13:amd64.
static-analysis	Build Docker Image	2026-02-02T16:51:15.5128952Z #7 24.20 Preparing to unpack .../085-libarchive13_3.6.0-1ubuntu1.5_amd64.deb ...
static-analysis	Build Docker Image	2026-02-02T16:51:15.5129329Z #7 24.20 Unpacking libarchive13:amd64 (3.6.0-1ubuntu1.5) ...
static-analysis	Build Docker Image	2026-02-02T16:51:15.5129795Z #7 24.22 Selecting previously unselected package libbrotli1:amd64.
static-analysis	Build Docker Image	2026-02-02T16:51:15.5130187Z #7 24.22 Preparing to unpack .../086-libbrotli1_1.0.9-2build6_amd64.deb ...
static-analysis	Build Docker Image	2026-02-02T16:51:15.5130603Z #7 24.22 Unpacking libbrotli1:amd64 (1.0.9-2build6) ...
static-analysis	Build Docker Image	2026-02-02T16:51:15.5130969Z #7 24.23 Selecting previously unselected package libsasl2-modules-db:amd64.
static-analysis	Build Docker Image	2026-02-02T16:51:15.5131553Z #7 24.23 Preparing to unpack .../087-libsasl2-modules-db_2.1.27+dfsg2-3ubuntu1.2_amd64.deb ...
static-analysis	Build Docker Image	2026-02-02T16:51:15.5132129Z #7 24.24 Unpacking libsasl2-modules-db:amd64 (2.1.27+dfsg2-3ubuntu1.2) ...
static-analysis	Build Docker Image	2026-02-02T16:51:15.5132652Z #7 24.25 Selecting previously unselected package libsasl2-2:amd64.
static-analysis	Build Docker Image	2026-02-02T16:51:15.5133312Z #7 24.25 Preparing to unpack .../088-libsasl2-2_2.1.27+dfsg2-3ubuntu1.2_amd64.deb ...
static-analysis	Build Docker Image	2026-02-02T16:51:15.5133997Z #7 24.25 Unpacking libsasl2-2:amd64 (2.1.27+dfsg2-3ubuntu1.2) ...
static-analysis	Build Docker Image	2026-02-02T16:51:15.5134593Z #7 24.26 Selecting previously unselected package libldap-2.5-0:amd64.
static-analysis	Build Docker Image	2026-02-02T16:51:15.5135380Z #7 24.26 Preparing to unpack .../089-libldap-2.5-0_2.5.19+dfsg-0ubuntu0.22.04.1_amd64.deb ...
static-analysis	Build Docker Image	2026-02-02T16:51:15.5136032Z #7 24.26 Unpacking libldap-2.5-0:amd64 (2.5.19+dfsg-0ubuntu0.22.04.1) ...
static-analysis	Build Docker Image	2026-02-02T16:51:15.5136497Z #7 24.28 Selecting previously unselected package librtmp1:amd64.
static-analysis	Build Docker Image	2026-02-02T16:51:15.6134943Z #7 24.28 Preparing to unpack .../090-librtmp1_2.4+20151223.gitfa8646d.1-2build4_amd64.deb ...
static-analysis	Build Docker Image	2026-02-02T16:51:15.6136575Z #7 24.28 Unpacking librtmp1:amd64 (2.4+20151223.gitfa8646d.1-2build4) ...
static-analysis	Build Docker Image	2026-02-02T16:51:15.6137163Z #7 24.29 Selecting previously unselected package libssh-4:amd64.
static-analysis	Build Docker Image	2026-02-02T16:51:15.6137844Z #7 24.29 Preparing to unpack .../091-libssh-4_0.9.6-2ubuntu0.22.04.5_amd64.deb ...
static-analysis	Build Docker Image	2026-02-02T16:51:15.6138236Z #7 24.29 Unpacking libssh-4:amd64 (0.9.6-2ubuntu0.22.04.5) ...
static-analysis	Build Docker Image	2026-02-02T16:51:15.6138584Z #7 24.30 Selecting previously unselected package libcurl4:amd64.
static-analysis	Build Docker Image	2026-02-02T16:51:15.6138966Z #7 24.30 Preparing to unpack .../092-libcurl4_7.81.0-1ubuntu1.21_amd64.deb ...
static-analysis	Build Docker Image	2026-02-02T16:51:15.6139453Z #7 24.31 Unpacking libcurl4:amd64 (7.81.0-1ubuntu1.21) ...
static-analysis	Build Docker Image	2026-02-02T16:51:15.6139789Z #7 24.32 Selecting previously unselected package libjsoncpp25:amd64.
static-analysis	Build Docker Image	2026-02-02T16:51:15.6140175Z #7 24.32 Preparing to unpack .../093-libjsoncpp25_1.9.5-3_amd64.deb ...
static-analysis	Build Docker Image	2026-02-02T16:51:15.6140508Z #7 24.32 Unpacking libjsoncpp25:amd64 (1.9.5-3) ...
static-analysis	Build Docker Image	2026-02-02T16:51:15.6140829Z #7 24.33 Selecting previously unselected package librhash0:amd64.
static-analysis	Build Docker Image	2026-02-02T16:51:15.6141491Z #7 24.33 Preparing to unpack .../094-librhash0_1.4.2-1ubuntu1_amd64.deb ...
static-analysis	Build Docker Image	2026-02-02T16:51:15.6142086Z #7 24.33 Unpacking librhash0:amd64 (1.4.2-1ubuntu1) ...
static-analysis	Build Docker Image	2026-02-02T16:51:15.6142593Z #7 24.35 Selecting previously unselected package dh-elpa-helper.
static-analysis	Build Docker Image	2026-02-02T16:51:15.6143276Z #7 24.35 Preparing to unpack .../095-dh-elpa-helper_2.0.9ubuntu1_all.deb ...
static-analysis	Build Docker Image	2026-02-02T16:51:15.6143873Z #7 24.35 Unpacking dh-elpa-helper (2.0.9ubuntu1) ...
static-analysis	Build Docker Image	2026-02-02T16:51:15.6144280Z #7 24.36 Selecting previously unselected package emacsen-common.
static-analysis	Build Docker Image	2026-02-02T16:51:15.6144660Z #7 24.36 Preparing to unpack .../096-emacsen-common_3.0.4_all.deb ...
static-analysis	Build Docker Image	2026-02-02T16:51:15.6145127Z #7 24.36 Unpacking emacsen-common (3.0.4) ...
static-analysis	Build Docker Image	2026-02-02T16:51:15.6145567Z #7 24.38 Selecting previously unselected package cmake-data.
static-analysis	Build Docker Image	2026-02-02T16:51:15.7686884Z #7 24.38 Preparing to unpack .../097-cmake-data_3.22.1-1ubuntu1.22.04.2_all.deb ...
static-analysis	Build Docker Image	2026-02-02T16:51:15.7687555Z #7 24.38 Unpacking cmake-data (3.22.1-1ubuntu1.22.04.2) ...
static-analysis	Build Docker Image	2026-02-02T16:51:15.8662384Z #7 24.63 Selecting previously unselected package cmake.
static-analysis	Build Docker Image	2026-02-02T16:51:16.0200880Z #7 24.63 Preparing to unpack .../098-cmake_3.22.1-1ubuntu1.22.04.2_amd64.deb ...
static-analysis	Build Docker Image	2026-02-02T16:51:16.0201435Z #7 24.63 Unpacking cmake (3.22.1-1ubuntu1.22.04.2) ...
static-analysis	Build Docker Image	2026-02-02T16:51:16.0201800Z #7 24.71 Selecting previously unselected package libtinyxml2-9:amd64.
static-analysis	Build Docker Image	2026-02-02T16:51:16.0202208Z #7 24.71 Preparing to unpack .../099-libtinyxml2-9_9.0.0+dfsg-3_amd64.deb ...
static-analysis	Build Docker Image	2026-02-02T16:51:16.0202573Z #7 24.71 Unpacking libtinyxml2-9:amd64 (9.0.0+dfsg-3) ...
static-analysis	Build Docker Image	2026-02-02T16:51:16.0202921Z #7 24.72 Selecting previously unselected package libz3-4:amd64.
static-analysis	Build Docker Image	2026-02-02T16:51:16.0203277Z #7 24.72 Preparing to unpack .../100-libz3-4_4.8.12-1_amd64.deb ...
static-analysis	Build Docker Image	2026-02-02T16:51:16.0203583Z #7 24.72 Unpacking libz3-4:amd64 (4.8.12-1) ...
static-analysis	Build Docker Image	2026-02-02T16:51:16.0203903Z #7 24.78 Selecting previously unselected package python3-pygments.
static-analysis	Build Docker Image	2026-02-02T16:51:16.1257397Z #7 24.79 Preparing to unpack .../101-python3-pygments_2.11.2+dfsg-2ubuntu0.1_all.deb ...
static-analysis	Build Docker Image	2026-02-02T16:51:16.1257970Z #7 24.79 Unpacking python3-pygments (2.11.2+dfsg-2ubuntu0.1) ...
static-analysis	Build Docker Image	2026-02-02T16:51:16.1258370Z #7 24.83 Selecting previously unselected package cppcheck.
static-analysis	Build Docker Image	2026-02-02T16:51:16.1258766Z #7 24.83 Preparing to unpack .../102-cppcheck_2.7-1_amd64.deb ...
static-analysis	Build Docker Image	2026-02-02T16:51:16.1259069Z #7 24.83 Unpacking cppcheck (2.7-1) ...
static-analysis	Build Docker Image	2026-02-02T16:51:16.1259350Z #7 24.87 Selecting previously unselected package curl.
static-analysis	Build Docker Image	2026-02-02T16:51:16.1259694Z #7 24.88 Preparing to unpack .../103-curl_7.81.0-1ubuntu1.21_amd64.deb ...
static-analysis	Build Docker Image	2026-02-02T16:51:16.1260049Z #7 24.88 Unpacking curl (7.81.0-1ubuntu1.21) ...
static-analysis	Build Docker Image	2026-02-02T16:51:16.1260367Z #7 24.89 Selecting previously unselected package libassuan0:amd64.
static-analysis	Build Docker Image	2026-02-02T16:51:16.2341570Z #7 24.89 Preparing to unpack .../104-libassuan0_2.5.5-1build1_amd64.deb ...
static-analysis	Build Docker Image	2026-02-02T16:51:16.2342102Z #7 24.89 Unpacking libassuan0:amd64 (2.5.5-1build1) ...
static-analysis	Build Docker Image	2026-02-02T16:51:16.2342429Z #7 24.90 Selecting previously unselected package gpgconf.
static-analysis	Build Docker Image	2026-02-02T16:51:16.2342805Z #7 24.90 Preparing to unpack .../105-gpgconf_2.2.27-3ubuntu2.5_amd64.deb ...
static-analysis	Build Docker Image	2026-02-02T16:51:16.2343153Z #7 24.90 Unpacking gpgconf (2.2.27-3ubuntu2.5) ...
static-analysis	Build Docker Image	2026-02-02T16:51:16.2343753Z #7 24.92 Selecting previously unselected package libksba8:amd64.
static-analysis	Build Docker Image	2026-02-02T16:51:16.2344129Z #7 24.92 Preparing to unpack .../106-libksba8_1.6.0-2ubuntu0.2_amd64.deb ...
static-analysis	Build Docker Image	2026-02-02T16:51:16.2344497Z #7 24.92 Unpacking libksba8:amd64 (1.6.0-2ubuntu0.2) ...
static-analysis	Build Docker Image	2026-02-02T16:51:16.2344848Z #7 24.93 Selecting previously unselected package libnpth0:amd64.
static-analysis	Build Docker Image	2026-02-02T16:51:16.2345326Z #7 24.93 Preparing to unpack .../107-libnpth0_1.6-3build2_amd64.deb ...
static-analysis	Build Docker Image	2026-02-02T16:51:16.2345858Z #7 24.93 Unpacking libnpth0:amd64 (1.6-3build2) ...
static-analysis	Build Docker Image	2026-02-02T16:51:16.2346161Z #7 24.95 Selecting previously unselected package dirmngr.
static-analysis	Build Docker Image	2026-02-02T16:51:16.2346522Z #7 24.95 Preparing to unpack .../108-dirmngr_2.2.27-3ubuntu2.5_amd64.deb ...
static-analysis	Build Docker Image	2026-02-02T16:51:16.2346862Z #7 24.96 Unpacking dirmngr (2.2.27-3ubuntu2.5) ...
static-analysis	Build Docker Image	2026-02-02T16:51:16.2347199Z #7 24.97 Selecting previously unselected package libfakeroot:amd64.
static-analysis	Build Docker Image	2026-02-02T16:51:16.2347590Z #7 24.97 Preparing to unpack .../109-libfakeroot_1.28-1ubuntu1_amd64.deb ...
static-analysis	Build Docker Image	2026-02-02T16:51:16.2347952Z #7 24.97 Unpacking libfakeroot:amd64 (1.28-1ubuntu1) ...
static-analysis	Build Docker Image	2026-02-02T16:51:16.2348270Z #7 24.98 Selecting previously unselected package fakeroot.
static-analysis	Build Docker Image	2026-02-02T16:51:16.2348618Z #7 24.98 Preparing to unpack .../110-fakeroot_1.28-1ubuntu1_amd64.deb ...
static-analysis	Build Docker Image	2026-02-02T16:51:16.2348957Z #7 24.99 Unpacking fakeroot (1.28-1ubuntu1) ...
static-analysis	Build Docker Image	2026-02-02T16:51:16.2349282Z #7 25.00 Selecting previously unselected package fonts-dejavu-core.
static-analysis	Build Docker Image	2026-02-02T16:51:16.3354171Z #7 25.00 Preparing to unpack .../111-fonts-dejavu-core_2.37-2build1_all.deb ...
static-analysis	Build Docker Image	2026-02-02T16:51:16.3354820Z #7 25.00 Unpacking fonts-dejavu-core (2.37-2build1) ...
static-analysis	Build Docker Image	2026-02-02T16:51:16.3355192Z #7 25.08 Selecting previously unselected package fontconfig-config.
static-analysis	Build Docker Image	2026-02-02T16:51:16.3355788Z #7 25.08 Preparing to unpack .../112-fontconfig-config_2.13.1-4.2ubuntu5_all.deb ...
static-analysis	Build Docker Image	2026-02-02T16:51:16.3356194Z #7 25.08 Unpacking fontconfig-config (2.13.1-4.2ubuntu5) ...
static-analysis	Build Docker Image	2026-02-02T16:51:16.3356572Z #7 25.10 Selecting previously unselected package libcurl3-gnutls:amd64.
static-analysis	Build Docker Image	2026-02-02T16:51:16.4713487Z #7 25.10 Preparing to unpack .../113-libcurl3-gnutls_7.81.0-1ubuntu1.21_amd64.deb ...
static-analysis	Build Docker Image	2026-02-02T16:51:16.4714355Z #7 25.10 Unpacking libcurl3-gnutls:amd64 (7.81.0-1ubuntu1.21) ...
static-analysis	Build Docker Image	2026-02-02T16:51:16.4714974Z #7 25.11 Selecting previously unselected package liberror-perl.
static-analysis	Build Docker Image	2026-02-02T16:51:16.4715806Z #7 25.11 Preparing to unpack .../114-liberror-perl_0.17029-1_all.deb ...
static-analysis	Build Docker Image	2026-02-02T16:51:16.4716350Z #7 25.12 Unpacking liberror-perl (0.17029-1) ...
static-analysis	Build Docker Image	2026-02-02T16:51:16.4716851Z #7 25.13 Selecting previously unselected package git-man.
static-analysis	Build Docker Image	2026-02-02T16:51:16.4717447Z #7 25.13 Preparing to unpack .../115-git-man_1%3a2.34.1-1ubuntu1.15_all.deb ...
static-analysis	Build Docker Image	2026-02-02T16:51:16.4718013Z #7 25.13 Unpacking git-man (1:2.34.1-1ubuntu1.15) ...
static-analysis	Build Docker Image	2026-02-02T16:51:16.4718475Z #7 25.14 Selecting previously unselected package git.
static-analysis	Build Docker Image	2026-02-02T16:51:16.4719005Z #7 25.15 Preparing to unpack .../116-git_1%3a2.34.1-1ubuntu1.15_amd64.deb ...
static-analysis	Build Docker Image	2026-02-02T16:51:16.4719550Z #7 25.15 Unpacking git (1:2.34.1-1ubuntu1.15) ...
static-analysis	Build Docker Image	2026-02-02T16:51:16.4719993Z #7 25.23 Selecting previously unselected package gnupg-l10n.
static-analysis	Build Docker Image	2026-02-02T16:51:16.5752357Z #7 25.24 Preparing to unpack .../117-gnupg-l10n_2.2.27-3ubuntu2.5_all.deb ...
static-analysis	Build Docker Image	2026-02-02T16:51:16.5752956Z #7 25.24 Unpacking gnupg-l10n (2.2.27-3ubuntu2.5) ...
static-analysis	Build Docker Image	2026-02-02T16:51:16.5753419Z #7 25.25 Selecting previously unselected package gnupg-utils.
static-analysis	Build Docker Image	2026-02-02T16:51:16.5753822Z #7 25.25 Preparing to unpack .../118-gnupg-utils_2.2.27-3ubuntu2.5_amd64.deb ...
static-analysis	Build Docker Image	2026-02-02T16:51:16.5754259Z #7 25.25 Unpacking gnupg-utils (2.2.27-3ubuntu2.5) ...
static-analysis	Build Docker Image	2026-02-02T16:51:16.5754572Z #7 25.27 Selecting previously unselected package gpg.
static-analysis	Build Docker Image	2026-02-02T16:51:16.5755024Z #7 25.27 Preparing to unpack .../119-gpg_2.2.27-3ubuntu2.5_amd64.deb ...
static-analysis	Build Docker Image	2026-02-02T16:51:16.5755357Z #7 25.27 Unpacking gpg (2.2.27-3ubuntu2.5) ...
static-analysis	Build Docker Image	2026-02-02T16:51:16.5755895Z #7 25.28 Selecting previously unselected package pinentry-curses.
static-analysis	Build Docker Image	2026-02-02T16:51:16.5756330Z #7 25.29 Preparing to unpack .../120-pinentry-curses_1.1.1-1build2_amd64.deb ...
static-analysis	Build Docker Image	2026-02-02T16:51:16.5756983Z #7 25.29 Unpacking pinentry-curses (1.1.1-1build2) ...
static-analysis	Build Docker Image	2026-02-02T16:51:16.5757402Z #7 25.30 Selecting previously unselected package gpg-agent.
static-analysis	Build Docker Image	2026-02-02T16:51:16.5757778Z #7 25.30 Preparing to unpack .../121-gpg-agent_2.2.27-3ubuntu2.5_amd64.deb ...
static-analysis	Build Docker Image	2026-02-02T16:51:16.5758322Z #7 25.30 Unpacking gpg-agent (2.2.27-3ubuntu2.5) ...
static-analysis	Build Docker Image	2026-02-02T16:51:16.5758704Z #7 25.31 Selecting previously unselected package gpg-wks-client.
static-analysis	Build Docker Image	2026-02-02T16:51:16.5759121Z #7 25.32 Preparing to unpack .../122-gpg-wks-client_2.2.27-3ubuntu2.5_amd64.deb ...
static-analysis	Build Docker Image	2026-02-02T16:51:16.5759564Z #7 25.32 Unpacking gpg-wks-client (2.2.27-3ubuntu2.5) ...
static-analysis	Build Docker Image	2026-02-02T16:51:16.5759901Z #7 25.33 Selecting previously unselected package gpg-wks-server.
static-analysis	Build Docker Image	2026-02-02T16:51:16.5760361Z #7 25.33 Preparing to unpack .../123-gpg-wks-server_2.2.27-3ubuntu2.5_amd64.deb ...
static-analysis	Build Docker Image	2026-02-02T16:51:16.5760808Z #7 25.33 Unpacking gpg-wks-server (2.2.27-3ubuntu2.5) ...
static-analysis	Build Docker Image	2026-02-02T16:51:16.5761277Z #7 25.34 Selecting previously unselected package gpgsm.
static-analysis	Build Docker Image	2026-02-02T16:51:16.6796385Z #7 25.34 Preparing to unpack .../124-gpgsm_2.2.27-3ubuntu2.5_amd64.deb ...
static-analysis	Build Docker Image	2026-02-02T16:51:16.6796863Z #7 25.34 Unpacking gpgsm (2.2.27-3ubuntu2.5) ...
static-analysis	Build Docker Image	2026-02-02T16:51:16.6797186Z #7 25.35 Selecting previously unselected package gnupg.
static-analysis	Build Docker Image	2026-02-02T16:51:16.6797568Z #7 25.36 Preparing to unpack .../125-gnupg_2.2.27-3ubuntu2.5_all.deb ...
static-analysis	Build Docker Image	2026-02-02T16:51:16.6797904Z #7 25.36 Unpacking gnupg (2.2.27-3ubuntu2.5) ...
static-analysis	Build Docker Image	2026-02-02T16:51:16.6798241Z #7 25.37 Selecting previously unselected package javascript-common.
static-analysis	Build Docker Image	2026-02-02T16:51:16.6798631Z #7 25.37 Preparing to unpack .../126-javascript-common_11+nmu1_all.deb ...
static-analysis	Build Docker Image	2026-02-02T16:51:16.6798991Z #7 25.38 Unpacking javascript-common (11+nmu1) ...
static-analysis	Build Docker Image	2026-02-02T16:51:16.6799313Z #7 25.39 Selecting previously unselected package libjson-perl.
static-analysis	Build Docker Image	2026-02-02T16:51:16.6799682Z #7 25.39 Preparing to unpack .../127-libjson-perl_4.04000-1_all.deb ...
static-analysis	Build Docker Image	2026-02-02T16:51:16.6800019Z #7 25.39 Unpacking libjson-perl (4.04000-1) ...
static-analysis	Build Docker Image	2026-02-02T16:51:16.6800362Z #7 25.40 Selecting previously unselected package libperlio-gzip-perl.
static-analysis	Build Docker Image	2026-02-02T16:51:16.6800787Z #7 25.40 Preparing to unpack .../128-libperlio-gzip-perl_0.19-1build8_amd64.deb ...
static-analysis	Build Docker Image	2026-02-02T16:51:16.6801180Z #7 25.41 Unpacking libperlio-gzip-perl (0.19-1build8) ...
static-analysis	Build Docker Image	2026-02-02T16:51:16.6801507Z #7 25.42 Selecting previously unselected package lcov.
static-analysis	Build Docker Image	2026-02-02T16:51:16.6801815Z #7 25.42 Preparing to unpack .../129-lcov_1.15-1_all.deb ...
static-analysis	Build Docker Image	2026-02-02T16:51:16.6802099Z #7 25.42 Unpacking lcov (1.15-1) ...
static-analysis	Build Docker Image	2026-02-02T16:51:16.6802407Z #7 25.43 Selecting previously unselected package libalgorithm-diff-perl.
static-analysis	Build Docker Image	2026-02-02T16:51:16.6802836Z #7 25.43 Preparing to unpack .../130-libalgorithm-diff-perl_1.201-1_all.deb ...
static-analysis	Build Docker Image	2026-02-02T16:51:16.6803220Z #7 25.43 Unpacking libalgorithm-diff-perl (1.201-1) ...
static-analysis	Build Docker Image	2026-02-02T16:51:16.6803585Z #7 25.44 Selecting previously unselected package libalgorithm-diff-xs-perl.
static-analysis	Build Docker Image	2026-02-02T16:51:16.7882874Z #7 25.44 Preparing to unpack .../131-libalgorithm-diff-xs-perl_0.04-6build3_amd64.deb ...
static-analysis	Build Docker Image	2026-02-02T16:51:16.7883466Z #7 25.45 Unpacking libalgorithm-diff-xs-perl (0.04-6build3) ...
static-analysis	Build Docker Image	2026-02-02T16:51:16.7883883Z #7 25.45 Selecting previously unselected package libalgorithm-merge-perl.
static-analysis	Build Docker Image	2026-02-02T16:51:16.7884330Z #7 25.46 Preparing to unpack .../132-libalgorithm-merge-perl_0.08-3_all.deb ...
static-analysis	Build Docker Image	2026-02-02T16:51:16.7884746Z #7 25.46 Unpacking libalgorithm-merge-perl (0.08-3) ...
static-analysis	Build Docker Image	2026-02-02T16:51:16.7885106Z #7 25.47 Selecting previously unselected package libfreetype6:amd64.
static-analysis	Build Docker Image	2026-02-02T16:51:16.7886235Z #7 25.47 Preparing to unpack .../133-libfreetype6_2.11.1+dfsg-1ubuntu0.3_amd64.deb ...
static-analysis	Build Docker Image	2026-02-02T16:51:16.7886672Z #7 25.47 Unpacking libfreetype6:amd64 (2.11.1+dfsg-1ubuntu0.3) ...
static-analysis	Build Docker Image	2026-02-02T16:51:16.7887046Z #7 25.48 Selecting previously unselected package libfontconfig1:amd64.
static-analysis	Build Docker Image	2026-02-02T16:51:16.7887462Z #7 25.49 Preparing to unpack .../134-libfontconfig1_2.13.1-4.2ubuntu5_amd64.deb ...
static-analysis	Build Docker Image	2026-02-02T16:51:16.7888088Z #7 25.49 Unpacking libfontconfig1:amd64 (2.13.1-4.2ubuntu5) ...
static-analysis	Build Docker Image	2026-02-02T16:51:16.7888447Z #7 25.50 Selecting previously unselected package libjpeg-turbo8:amd64.
static-analysis	Build Docker Image	2026-02-02T16:51:16.7888869Z #7 25.50 Preparing to unpack .../135-libjpeg-turbo8_2.1.2-0ubuntu1_amd64.deb ...
static-analysis	Build Docker Image	2026-02-02T16:51:16.7889242Z #7 25.50 Unpacking libjpeg-turbo8:amd64 (2.1.2-0ubuntu1) ...
static-analysis	Build Docker Image	2026-02-02T16:51:16.7889695Z #7 25.51 Selecting previously unselected package libjpeg8:amd64.
static-analysis	Build Docker Image	2026-02-02T16:51:16.7890116Z #7 25.51 Preparing to unpack .../136-libjpeg8_8c-2ubuntu10_amd64.deb ...
static-analysis	Build Docker Image	2026-02-02T16:51:16.7890656Z #7 25.51 Unpacking libjpeg8:amd64 (8c-2ubuntu10) ...
static-analysis	Build Docker Image	2026-02-02T16:51:16.7891216Z #7 25.53 Selecting previously unselected package libdeflate0:amd64.
static-analysis	Build Docker Image	2026-02-02T16:51:16.7891812Z #7 25.53 Preparing to unpack .../137-libdeflate0_1.10-2_amd64.deb ...
static-analysis	Build Docker Image	2026-02-02T16:51:16.7892372Z #7 25.53 Unpacking libdeflate0:amd64 (1.10-2) ...
static-analysis	Build Docker Image	2026-02-02T16:51:16.7892872Z #7 25.54 Selecting previously unselected package libjbig0:amd64.
static-analysis	Build Docker Image	2026-02-02T16:51:16.7893365Z #7 25.54 Preparing to unpack .../138-libjbig0_2.1-3.1ubuntu0.22.04.1_amd64.deb ...
static-analysis	Build Docker Image	2026-02-02T16:51:16.7893887Z #7 25.54 Unpacking libjbig0:amd64 (2.1-3.1ubuntu0.22.04.1) ...
static-analysis	Build Docker Image	2026-02-02T16:51:16.7894233Z #7 25.55 Selecting previously unselected package libwebp7:amd64.
static-analysis	Build Docker Image	2026-02-02T16:51:16.8996326Z #7 25.55 Preparing to unpack .../139-libwebp7_1.2.2-2ubuntu0.22.04.2_amd64.deb ...
static-analysis	Build Docker Image	2026-02-02T16:51:16.8997207Z #7 25.55 Unpacking libwebp7:amd64 (1.2.2-2ubuntu0.22.04.2) ...
static-analysis	Build Docker Image	2026-02-02T16:51:16.8997818Z #7 25.57 Selecting previously unselected package libtiff5:amd64.
static-analysis	Build Docker Image	2026-02-02T16:51:16.8998499Z #7 25.57 Preparing to unpack .../140-libtiff5_4.3.0-6ubuntu0.12_amd64.deb ...
static-analysis	Build Docker Image	2026-02-02T16:51:16.8999127Z #7 25.57 Unpacking libtiff5:amd64 (4.3.0-6ubuntu0.12) ...
static-analysis	Build Docker Image	2026-02-02T16:51:16.8999691Z #7 25.58 Selecting previously unselected package libxpm4:amd64.
static-analysis	Build Docker Image	2026-02-02T16:51:16.9000394Z #7 25.58 Preparing to unpack .../141-libxpm4_1%3a3.5.12-1ubuntu0.22.04.2_amd64.deb ...
static-analysis	Build Docker Image	2026-02-02T16:51:16.9001102Z #7 25.58 Unpacking libxpm4:amd64 (1:3.5.12-1ubuntu0.22.04.2) ...
static-analysis	Build Docker Image	2026-02-02T16:51:16.9001699Z #7 25.59 Selecting previously unselected package libgd3:amd64.
static-analysis	Build Docker Image	2026-02-02T16:51:16.9002320Z #7 25.59 Preparing to unpack .../142-libgd3_2.3.0-2ubuntu2.3_amd64.deb ...
static-analysis	Build Docker Image	2026-02-02T16:51:16.9002925Z #7 25.59 Unpacking libgd3:amd64 (2.3.0-2ubuntu2.3) ...
static-analysis	Build Docker Image	2026-02-02T16:51:16.9003509Z #7 25.61 Selecting previously unselected package libc-devtools.
static-analysis	Build Docker Image	2026-02-02T16:51:16.9004177Z #7 25.61 Preparing to unpack .../143-libc-devtools_2.35-0ubuntu3.12_amd64.deb ...
static-analysis	Build Docker Image	2026-02-02T16:51:16.9004829Z #7 25.61 Unpacking libc-devtools (2.35-0ubuntu3.12) ...
static-analysis	Build Docker Image	2026-02-02T16:51:16.9005595Z #7 25.62 Selecting previously unselected package libcommon-sense-perl:amd64.
static-analysis	Build Docker Image	2026-02-02T16:51:16.9006392Z #7 25.62 Preparing to unpack .../144-libcommon-sense-perl_3.75-2build1_amd64.deb ...
static-analysis	Build Docker Image	2026-02-02T16:51:16.9007355Z #7 25.62 Unpacking libcommon-sense-perl:amd64 (3.75-2build1) ...
static-analysis	Build Docker Image	2026-02-02T16:51:16.9008129Z #7 25.63 Selecting previously unselected package libexpat1-dev:amd64.
static-analysis	Build Docker Image	2026-02-02T16:51:16.9008865Z #7 25.63 Preparing to unpack .../145-libexpat1-dev_2.4.7-1ubuntu0.6_amd64.deb ...
static-analysis	Build Docker Image	2026-02-02T16:51:16.9009395Z #7 25.63 Unpacking libexpat1-dev:amd64 (2.4.7-1ubuntu0.6) ...
static-analysis	Build Docker Image	2026-02-02T16:51:16.9009775Z #7 25.65 Selecting previously unselected package libfile-fcntllock-perl.
static-analysis	Build Docker Image	2026-02-02T16:51:16.9010211Z #7 25.65 Preparing to unpack .../146-libfile-fcntllock-perl_0.22-3build7_amd64.deb ...
static-analysis	Build Docker Image	2026-02-02T16:51:16.9010640Z #7 25.65 Unpacking libfile-fcntllock-perl (0.22-3build7) ...
static-analysis	Build Docker Image	2026-02-02T16:51:16.9010975Z #7 25.66 Selecting previously unselected package libjs-jquery.
static-analysis	Build Docker Image	2026-02-02T16:51:17.0139460Z #7 25.66 Preparing to unpack .../147-libjs-jquery_3.6.0+dfsg+~3.5.13-1_all.deb ...
static-analysis	Build Docker Image	2026-02-02T16:51:17.0140258Z #7 25.67 Unpacking libjs-jquery (3.6.0+dfsg+~3.5.13-1) ...
static-analysis	Build Docker Image	2026-02-02T16:51:17.0140856Z #7 25.68 Selecting previously unselected package libjs-underscore.
static-analysis	Build Docker Image	2026-02-02T16:51:17.0141574Z #7 25.68 Preparing to unpack .../148-libjs-underscore_1.13.2~dfsg-2_all.deb ...
static-analysis	Build Docker Image	2026-02-02T16:51:17.0142487Z #7 25.68 Unpacking libjs-underscore (1.13.2~dfsg-2) ...
static-analysis	Build Docker Image	2026-02-02T16:51:17.0143072Z #7 25.70 Selecting previously unselected package libjs-sphinxdoc.
static-analysis	Build Docker Image	2026-02-02T16:51:17.0143722Z #7 25.70 Preparing to unpack .../149-libjs-sphinxdoc_4.3.2-1_all.deb ...
static-analysis	Build Docker Image	2026-02-02T16:51:17.0144283Z #7 25.70 Unpacking libjs-sphinxdoc (4.3.2-1) ...
static-analysis	Build Docker Image	2026-02-02T16:51:17.0145090Z #7 25.71 Selecting previously unselected package libtypes-serialiser-perl.
static-analysis	Build Docker Image	2026-02-02T16:51:17.0145964Z #7 25.71 Preparing to unpack .../150-libtypes-serialiser-perl_1.01-1_all.deb ...
static-analysis	Build Docker Image	2026-02-02T16:51:17.0146622Z #7 25.71 Unpacking libtypes-serialiser-perl (1.01-1) ...
static-analysis	Build Docker Image	2026-02-02T16:51:17.0147194Z #7 25.72 Selecting previously unselected package libjson-xs-perl.
static-analysis	Build Docker Image	2026-02-02T16:51:17.0147914Z #7 25.72 Preparing to unpack .../151-libjson-xs-perl_4.040-0ubuntu0.22.04.1_amd64.deb ...
static-analysis	Build Docker Image	2026-02-02T16:51:17.0148626Z #7 25.72 Unpacking libjson-xs-perl (4.040-0ubuntu0.22.04.1) ...
static-analysis	Build Docker Image	2026-02-02T16:51:17.0149213Z #7 25.73 Selecting previously unselected package libldap-common.
static-analysis	Build Docker Image	2026-02-02T16:51:17.0149968Z #7 25.74 Preparing to unpack .../152-libldap-common_2.5.19+dfsg-0ubuntu0.22.04.1_all.deb ...
static-analysis	Build Docker Image	2026-02-02T16:51:17.0150744Z #7 25.74 Unpacking libldap-common (2.5.19+dfsg-0ubuntu0.22.04.1) ...
static-analysis	Build Docker Image	2026-02-02T16:51:17.0151396Z #7 25.75 Selecting previously unselected package libpython3.10:amd64.
static-analysis	Build Docker Image	2026-02-02T16:51:17.0152136Z #7 25.75 Preparing to unpack .../153-libpython3.10_3.10.12-1~22.04.13_amd64.deb ...
static-analysis	Build Docker Image	2026-02-02T16:51:17.0152692Z #7 25.75 Unpacking libpython3.10:amd64 (3.10.12-1~22.04.13) ...
static-analysis	Build Docker Image	2026-02-02T16:51:17.0153227Z #7 25.78 Selecting previously unselected package zlib1g-dev:amd64.
static-analysis	Build Docker Image	2026-02-02T16:51:17.1188761Z #7 25.78 Preparing to unpack .../154-zlib1g-dev_1%3a1.2.11.dfsg-2ubuntu9.2_amd64.deb ...
static-analysis	Build Docker Image	2026-02-02T16:51:17.1189549Z #7 25.78 Unpacking zlib1g-dev:amd64 (1:1.2.11.dfsg-2ubuntu9.2) ...
static-analysis	Build Docker Image	2026-02-02T16:51:17.1189965Z #7 25.79 Selecting previously unselected package libpython3.10-dev:amd64.
static-analysis	Build Docker Image	2026-02-02T16:51:17.1190406Z #7 25.79 Preparing to unpack .../155-libpython3.10-dev_3.10.12-1~22.04.13_amd64.deb ...
static-analysis	Build Docker Image	2026-02-02T16:51:17.1190858Z #7 25.79 Unpacking libpython3.10-dev:amd64 (3.10.12-1~22.04.13) ...
static-analysis	Build Docker Image	2026-02-02T16:51:17.1191237Z #7 25.88 Selecting previously unselected package libpython3-dev:amd64.
static-analysis	Build Docker Image	2026-02-02T16:51:17.3007537Z #7 25.88 Preparing to unpack .../156-libpython3-dev_3.10.6-1~22.04.1_amd64.deb ...
static-analysis	Build Docker Image	2026-02-02T16:51:17.3008203Z #7 25.88 Unpacking libpython3-dev:amd64 (3.10.6-1~22.04.1) ...
static-analysis	Build Docker Image	2026-02-02T16:51:17.3008660Z #7 25.90 Selecting previously unselected package libsasl2-modules:amd64.
static-analysis	Build Docker Image	2026-02-02T16:51:17.3009220Z #7 25.90 Preparing to unpack .../157-libsasl2-modules_2.1.27+dfsg2-3ubuntu1.2_amd64.deb ...
static-analysis	Build Docker Image	2026-02-02T16:51:17.3009766Z #7 25.90 Unpacking libsasl2-modules:amd64 (2.1.27+dfsg2-3ubuntu1.2) ...
static-analysis	Build Docker Image	2026-02-02T16:51:17.3010223Z #7 25.91 Selecting previously unselected package manpages-dev.
static-analysis	Build Docker Image	2026-02-02T16:51:17.3010681Z #7 25.91 Preparing to unpack .../158-manpages-dev_5.10-1ubuntu1_all.deb ...
static-analysis	Build Docker Image	2026-02-02T16:51:17.3011108Z #7 25.91 Unpacking manpages-dev (5.10-1ubuntu1) ...
static-analysis	Build Docker Image	2026-02-02T16:51:17.3292390Z #7 26.09 Selecting previously unselected package pkg-config.
static-analysis	Build Docker Image	2026-02-02T16:51:17.4437503Z #7 26.09 Preparing to unpack .../159-pkg-config_0.29.2-1ubuntu3_amd64.deb ...
static-analysis	Build Docker Image	2026-02-02T16:51:17.4438357Z #7 26.10 Unpacking pkg-config (0.29.2-1ubuntu3) ...
static-analysis	Build Docker Image	2026-02-02T16:51:17.4438855Z #7 26.11 Selecting previously unselected package python3.10-dev.
static-analysis	Build Docker Image	2026-02-02T16:51:17.4439309Z #7 26.11 Preparing to unpack .../160-python3.10-dev_3.10.12-1~22.04.13_amd64.deb ...
static-analysis	Build Docker Image	2026-02-02T16:51:17.4439696Z #7 26.11 Unpacking python3.10-dev (3.10.12-1~22.04.13) ...
static-analysis	Build Docker Image	2026-02-02T16:51:17.4440049Z #7 26.12 Selecting previously unselected package python3-lib2to3.
static-analysis	Build Docker Image	2026-02-02T16:51:17.4440449Z #7 26.12 Preparing to unpack .../161-python3-lib2to3_3.10.8-1~22.04_all.deb ...
static-analysis	Build Docker Image	2026-02-02T16:51:17.4440817Z #7 26.12 Unpacking python3-lib2to3 (3.10.8-1~22.04) ...
static-analysis	Build Docker Image	2026-02-02T16:51:17.4441167Z #7 26.15 Selecting previously unselected package python3-distutils.
static-analysis	Build Docker Image	2026-02-02T16:51:17.4441823Z #7 26.15 Preparing to unpack .../162-python3-distutils_3.10.8-1~22.04_all.deb ...
static-analysis	Build Docker Image	2026-02-02T16:51:17.4442211Z #7 26.15 Unpacking python3-distutils (3.10.8-1~22.04) ...
static-analysis	Build Docker Image	2026-02-02T16:51:17.4442540Z #7 26.17 Selecting previously unselected package python3-dev.
static-analysis	Build Docker Image	2026-02-02T16:51:17.4442928Z #7 26.17 Preparing to unpack .../163-python3-dev_3.10.6-1~22.04.1_amd64.deb ...
static-analysis	Build Docker Image	2026-02-02T16:51:17.4443392Z #7 26.17 Unpacking python3-dev (3.10.6-1~22.04.1) ...
static-analysis	Build Docker Image	2026-02-02T16:51:17.4443733Z #7 26.18 Selecting previously unselected package python3-setuptools.
static-analysis	Build Docker Image	2026-02-02T16:51:17.4444174Z #7 26.18 Preparing to unpack .../164-python3-setuptools_59.6.0-1.2ubuntu0.22.04.3_all.deb ...
static-analysis	Build Docker Image	2026-02-02T16:51:17.4530982Z #7 26.18 Unpacking python3-setuptools (59.6.0-1.2ubuntu0.22.04.3) ...
static-analysis	Build Docker Image	2026-02-02T16:51:17.4531628Z #7 26.21 Selecting previously unselected package python3-wheel.
static-analysis	Build Docker Image	2026-02-02T16:51:17.5622223Z #7 26.21 Preparing to unpack .../165-python3-wheel_0.37.1-2ubuntu0.22.04.1_all.deb ...
static-analysis	Build Docker Image	2026-02-02T16:51:17.5622847Z #7 26.21 Unpacking python3-wheel (0.37.1-2ubuntu0.22.04.1) ...
static-analysis	Build Docker Image	2026-02-02T16:51:17.5623218Z #7 26.22 Selecting previously unselected package python3-pip.
static-analysis	Build Docker Image	2026-02-02T16:51:17.5623631Z #7 26.22 Preparing to unpack .../166-python3-pip_22.0.2+dfsg-1ubuntu0.7_all.deb ...
static-analysis	Build Docker Image	2026-02-02T16:51:17.5624031Z #7 26.23 Unpacking python3-pip (22.0.2+dfsg-1ubuntu0.7) ...
static-analysis	Build Docker Image	2026-02-02T16:51:17.5624401Z #7 26.29 Selecting previously unselected package cmocka-doc.
static-analysis	Build Docker Image	2026-02-02T16:51:17.5624749Z #7 26.30 Preparing to unpack .../167-cmocka-doc_1.1.5-2_all.deb ...
static-analysis	Build Docker Image	2026-02-02T16:51:17.5625068Z #7 26.30 Unpacking cmocka-doc (1.1.5-2) ...
static-analysis	Build Docker Image	2026-02-02T16:51:17.5625381Z #7 26.33 Selecting previously unselected package libcmocka0:amd64.
static-analysis	Build Docker Image	2026-02-02T16:51:17.6643516Z #7 26.33 Preparing to unpack .../168-libcmocka0_1.1.5-2_amd64.deb ...
static-analysis	Build Docker Image	2026-02-02T16:51:17.6644024Z #7 26.33 Unpacking libcmocka0:amd64 (1.1.5-2) ...
static-analysis	Build Docker Image	2026-02-02T16:51:17.6644479Z #7 26.34 Selecting previously unselected package libcmocka-dev:amd64.
static-analysis	Build Docker Image	2026-02-02T16:51:17.6645081Z #7 26.34 Preparing to unpack .../169-libcmocka-dev_1.1.5-2_amd64.deb ...
static-analysis	Build Docker Image	2026-02-02T16:51:17.6645599Z #7 26.34 Unpacking libcmocka-dev:amd64 (1.1.5-2) ...
static-analysis	Build Docker Image	2026-02-02T16:51:17.6645940Z #7 26.35 Selecting previously unselected package libgd-perl.
static-analysis	Build Docker Image	2026-02-02T16:51:17.6646309Z #7 26.36 Preparing to unpack .../170-libgd-perl_2.76-2build1_amd64.deb ...
static-analysis	Build Docker Image	2026-02-02T16:51:17.6646679Z #7 26.36 Unpacking libgd-perl (2.76-2build1) ...
static-analysis	Build Docker Image	2026-02-02T16:51:17.6647158Z #7 26.38 Setting up libksba8:amd64 (1.6.0-2ubuntu0.2) ...
static-analysis	Build Docker Image	2026-02-02T16:51:17.6647628Z #7 26.38 Setting up media-types (7.0.0) ...
static-analysis	Build Docker Image	2026-02-02T16:51:17.6648078Z #7 26.38 Setting up javascript-common (11+nmu1) ...
static-analysis	Build Docker Image	2026-02-02T16:51:17.6648601Z #7 26.39 Setting up gcc-11-base:amd64 (11.4.0-1ubuntu1~22.04.2) ...
static-analysis	Build Docker Image	2026-02-02T16:51:17.6649042Z #7 26.40 Setting up libxau6:amd64 (1:1.0.9-1build5) ...
static-analysis	Build Docker Image	2026-02-02T16:51:17.6649358Z #7 26.40 Setting up lto-disabled-list (24) ...
static-analysis	Build Docker Image	2026-02-02T16:51:17.6649638Z #7 26.40 Setting up libpsl5:amd64 (0.21.0-1.2build2) ...
static-analysis	Build Docker Image	2026-02-02T16:51:17.6649937Z #7 26.40 Setting up wget (1.21.2-2ubuntu1.1) ...
static-analysis	Build Docker Image	2026-02-02T16:51:17.6650213Z #7 26.41 Setting up xdg-user-dirs (0.17-2ubuntu4) ...
static-analysis	Build Docker Image	2026-02-02T16:51:17.6650584Z #7 26.41 Setting up libglib2.0-0:amd64 (2.72.4-0ubuntu2.8) ...
static-analysis	Build Docker Image	2026-02-02T16:51:17.6650952Z #7 26.42 No schema files found: doing nothing.
static-analysis	Build Docker Image	2026-02-02T16:51:17.6651221Z #7 26.42 Setting up manpages (5.10-1ubuntu1) ...
static-analysis	Build Docker Image	2026-02-02T16:51:17.6651517Z #7 26.42 Setting up libcbor0.8:amd64 (0.8.0-2ubuntu1) ...
static-analysis	Build Docker Image	2026-02-02T16:51:17.6651813Z #7 26.42 Setting up libbrotli1:amd64 (1.0.9-2build6) ...
static-analysis	Build Docker Image	2026-02-02T16:51:17.6652123Z #7 26.43 Setting up libsqlite3-0:amd64 (3.37.2-2ubuntu0.5) ...
static-analysis	Build Docker Image	2026-02-02T16:51:17.6652476Z #7 26.43 Setting up libsasl2-modules:amd64 (2.1.27+dfsg2-3ubuntu1.2) ...
static-analysis	Build Docker Image	2026-02-02T16:51:17.7658697Z #7 26.43 Setting up binutils-common:amd64 (2.38-4ubuntu2.12) ...
static-analysis	Build Docker Image	2026-02-02T16:51:17.7659419Z #7 26.43 Setting up libnghttp2-14:amd64 (1.43.0-1ubuntu0.2) ...
static-analysis	Build Docker Image	2026-02-02T16:51:17.7660039Z #7 26.44 Setting up libdeflate0:amd64 (1.10-2) ...
static-analysis	Build Docker Image	2026-02-02T16:51:17.7660608Z #7 26.44 Setting up less (590-1ubuntu0.22.04.3) ...
static-analysis	Build Docker Image	2026-02-02T16:51:17.7660914Z #7 26.44 Setting up linux-libc-dev:amd64 (5.15.0-168.178) ...
static-analysis	Build Docker Image	2026-02-02T16:51:17.7661250Z #7 26.44 Setting up libctf-nobfd0:amd64 (2.38-4ubuntu2.12) ...
static-analysis	Build Docker Image	2026-02-02T16:51:17.7661562Z #7 26.45 Setting up libnpth0:amd64 (1.6-3build2) ...
static-analysis	Build Docker Image	2026-02-02T16:51:17.7661989Z #7 26.45 Setting up libassuan0:amd64 (2.5.5-1build1) ...
static-analysis	Build Docker Image	2026-02-02T16:51:17.7662310Z #7 26.45 Setting up libgomp1:amd64 (12.3.0-1ubuntu1~22.04.2) ...
static-analysis	Build Docker Image	2026-02-02T16:51:17.7662645Z #7 26.45 Setting up perl-modules-5.34 (5.34.0-3ubuntu1.5) ...
static-analysis	Build Docker Image	2026-02-02T16:51:17.7662946Z #7 26.46 Setting up bzip2 (1.0.8-5build1) ...
static-analysis	Build Docker Image	2026-02-02T16:51:17.7663359Z #7 26.46 Setting up libldap-common (2.5.19+dfsg-0ubuntu0.22.04.1) ...
static-analysis	Build Docker Image	2026-02-02T16:51:17.7663983Z #7 26.46 Setting up libjbig0:amd64 (2.1-3.1ubuntu0.22.04.1) ...
static-analysis	Build Docker Image	2026-02-02T16:51:17.7664519Z #7 26.47 Setting up libfakeroot:amd64 (1.28-1ubuntu1) ...
static-analysis	Build Docker Image	2026-02-02T16:51:17.7664853Z #7 26.47 Setting up libasan6:amd64 (11.4.0-1ubuntu1~22.04.2) ...
static-analysis	Build Docker Image	2026-02-02T16:51:17.7665175Z #7 26.47 Setting up libcmocka0:amd64 (1.1.5-2) ...
static-analysis	Build Docker Image	2026-02-02T16:51:17.7665781Z #7 26.47 Setting up libsasl2-modules-db:amd64 (2.1.27+dfsg2-3ubuntu1.2) ...
static-analysis	Build Docker Image	2026-02-02T16:51:17.7666143Z #7 26.48 Setting up fakeroot (1.28-1ubuntu1) ...
static-analysis	Build Docker Image	2026-02-02T16:51:17.7666609Z #7 26.48 update-alternatives: using /usr/bin/fakeroot-sysv to provide /usr/bin/fakeroot (fakeroot) in auto mode
static-analysis	Build Docker Image	2026-02-02T16:51:17.7667533Z #7 26.48 update-alternatives: warning: skip creation of /usr/share/man/man1/fakeroot.1.gz because associated file /usr/share/man/man1/fakeroot-sysv.1.gz (of link group fakeroot) doesn't exist
static-analysis	Build Docker Image	2026-02-02T16:51:17.7668978Z #7 26.48 update-alternatives: warning: skip creation of /usr/share/man/man1/faked.1.gz because associated file /usr/share/man/man1/faked-sysv.1.gz (of link group fakeroot) doesn't exist
static-analysis	Build Docker Image	2026-02-02T16:51:17.7670102Z #7 26.48 update-alternatives: warning: skip creation of /usr/share/man/es/man1/fakeroot.1.gz because associated file /usr/share/man/es/man1/fakeroot-sysv.1.gz (of link group fakeroot) doesn't exist
static-analysis	Build Docker Image	2026-02-02T16:51:17.7671900Z #7 26.48 update-alternatives: warning: skip creation of /usr/share/man/es/man1/faked.1.gz because associated file /usr/share/man/es/man1/faked-sysv.1.gz (of link group fakeroot) doesn't exist
static-analysis	Build Docker Image	2026-02-02T16:51:17.7673151Z #7 26.48 update-alternatives: warning: skip creation of /usr/share/man/fr/man1/fakeroot.1.gz because associated file /usr/share/man/fr/man1/fakeroot-sysv.1.gz (of link group fakeroot) doesn't exist
static-analysis	Build Docker Image	2026-02-02T16:51:17.7674280Z #7 26.48 update-alternatives: warning: skip creation of /usr/share/man/fr/man1/faked.1.gz because associated file /usr/share/man/fr/man1/faked-sysv.1.gz (of link group fakeroot) doesn't exist
static-analysis	Build Docker Image	2026-02-02T16:51:17.7675942Z #7 26.48 update-alternatives: warning: skip creation of /usr/share/man/sv/man1/fakeroot.1.gz because associated file /usr/share/man/sv/man1/fakeroot-sysv.1.gz (of link group fakeroot) doesn't exist
static-analysis	Build Docker Image	2026-02-02T16:51:17.7677250Z #7 26.48 update-alternatives: warning: skip creation of /usr/share/man/sv/man1/faked.1.gz because associated file /usr/share/man/sv/man1/faked-sysv.1.gz (of link group fakeroot) doesn't exist
static-analysis	Build Docker Image	2026-02-02T16:51:17.7678475Z #7 26.48 Setting up libz3-4:amd64 (4.8.12-1) ...
static-analysis	Build Docker Image	2026-02-02T16:51:17.7679091Z #7 26.48 Setting up libglib2.0-data (2.72.4-0ubuntu2.8) ...
static-analysis	Build Docker Image	2026-02-02T16:51:17.7679639Z #7 26.49 Setting up libtirpc-dev:amd64 (1.3.2-2ubuntu0.1) ...
static-analysis	Build Docker Image	2026-02-02T16:51:17.7680303Z #7 26.49 Setting up libuv1:amd64 (1.43.0-1ubuntu0.1) ...
static-analysis	Build Docker Image	2026-02-02T16:51:17.7680702Z #7 26.49 Setting up rpcsvc-proto (1.4.2-0ubuntu6) ...
static-analysis	Build Docker Image	2026-02-02T16:51:17.7680990Z #7 26.49 Setting up emacsen-common (3.0.4) ...
static-analysis	Build Docker Image	2026-02-02T16:51:17.7681269Z #7 26.52 Setting up libx11-data (2:1.7.5-1ubuntu0.3) ...
static-analysis	Build Docker Image	2026-02-02T16:51:17.7681552Z #7 26.52 Setting up make (4.3-4.1build1) ...
static-analysis	Build Docker Image	2026-02-02T16:51:17.7681988Z #7 26.53 Setting up libmpfr6:amd64 (4.1.0-3build3) ...
static-analysis	Build Docker Image	2026-02-02T16:51:17.7682453Z #7 26.53 Setting up gnupg-l10n (2.2.27-3ubuntu2.5) ...
static-analysis	Build Docker Image	2026-02-02T16:51:17.7682961Z #7 26.53 Setting up librtmp1:amd64 (2.4+20151223.gitfa8646d.1-2build4) ...
static-analysis	Build Docker Image	2026-02-02T16:51:17.8671840Z #7 26.53 Setting up dh-elpa-helper (2.0.9ubuntu1) ...
static-analysis	Build Docker Image	2026-02-02T16:51:17.8672446Z #7 26.53 Setting up xz-utils (5.2.5-2ubuntu1) ...
static-analysis	Build Docker Image	2026-02-02T16:51:17.8672921Z #7 26.54 update-alternatives: using /usr/bin/xz to provide /usr/bin/lzma (lzma) in auto mode
static-analysis	Build Docker Image	2026-02-02T16:51:17.8676088Z #7 26.54 update-alternatives: warning: skip creation of /usr/share/man/man1/lzma.1.gz because associated file /usr/share/man/man1/xz.1.gz (of link group lzma) doesn't exist
static-analysis	Build Docker Image	2026-02-02T16:51:17.8677219Z #7 26.54 update-alternatives: warning: skip creation of /usr/share/man/man1/unlzma.1.gz because associated file /usr/share/man/man1/unxz.1.gz (of link group lzma) doesn't exist
static-analysis	Build Docker Image	2026-02-02T16:51:17.8678404Z #7 26.54 update-alternatives: warning: skip creation of /usr/share/man/man1/lzcat.1.gz because associated file /usr/share/man/man1/xzcat.1.gz (of link group lzma) doesn't exist
static-analysis	Build Docker Image	2026-02-02T16:51:17.8679570Z #7 26.54 update-alternatives: warning: skip creation of /usr/share/man/man1/lzmore.1.gz because associated file /usr/share/man/man1/xzmore.1.gz (of link group lzma) doesn't exist
static-analysis	Build Docker Image	2026-02-02T16:51:17.8680717Z #7 26.54 update-alternatives: warning: skip creation of /usr/share/man/man1/lzless.1.gz because associated file /usr/share/man/man1/xzless.1.gz (of link group lzma) doesn't exist
static-analysis	Build Docker Image	2026-02-02T16:51:17.8681881Z #7 26.54 update-alternatives: warning: skip creation of /usr/share/man/man1/lzdiff.1.gz because associated file /usr/share/man/man1/xzdiff.1.gz (of link group lzma) doesn't exist
static-analysis	Build Docker Image	2026-02-02T16:51:17.8683035Z #7 26.54 update-alternatives: warning: skip creation of /usr/share/man/man1/lzcmp.1.gz because associated file /usr/share/man/man1/xzcmp.1.gz (of link group lzma) doesn't exist
static-analysis	Build Docker Image	2026-02-02T16:51:17.8684144Z #7 26.54 update-alternatives: warning: skip creation of /usr/share/man/man1/lzgrep.1.gz because associated file /usr/share/man/man1/xzgrep.1.gz (of link group lzma) doesn't exist
static-analysis	Build Docker Image	2026-02-02T16:51:17.8685379Z #7 26.54 update-alternatives: warning: skip creation of /usr/share/man/man1/lzegrep.1.gz because associated file /usr/share/man/man1/xzegrep.1.gz (of link group lzma) doesn't exist
static-analysis	Build Docker Image	2026-02-02T16:51:17.8686682Z #7 26.54 update-alternatives: warning: skip creation of /usr/share/man/man1/lzfgrep.1.gz because associated file /usr/share/man/man1/xzfgrep.1.gz (of link group lzma) doesn't exist
static-analysis	Build Docker Image	2026-02-02T16:51:17.8687464Z #7 26.54 Setting up libquadmath0:amd64 (12.3.0-1ubuntu1~22.04.2) ...
static-analysis	Build Docker Image	2026-02-02T16:51:17.8687817Z #7 26.54 Setting up libpng16-16:amd64 (1.6.37-3ubuntu0.3) ...
static-analysis	Build Docker Image	2026-02-02T16:51:17.8688134Z #7 26.54 Setting up libmpc3:amd64 (1.2.1-2build1) ...
static-analysis	Build Docker Image	2026-02-02T16:51:17.8688452Z #7 26.55 Setting up libatomic1:amd64 (12.3.0-1ubuntu1~22.04.2) ...
static-analysis	Build Docker Image	2026-02-02T16:51:17.8688920Z #7 26.55 Setting up libtinyxml2-9:amd64 (9.0.0+dfsg-3) ...
static-analysis	Build Docker Image	2026-02-02T16:51:17.8689211Z #7 26.55 Setting up patch (2.7.6-7build2) ...
static-analysis	Build Docker Image	2026-02-02T16:51:17.8689496Z #7 26.55 Setting up libjsoncpp25:amd64 (1.9.5-3) ...
static-analysis	Build Docker Image	2026-02-02T16:51:17.8689805Z #7 26.55 Setting up fonts-dejavu-core (2.37-2build1) ...
static-analysis	Build Docker Image	2026-02-02T16:51:17.8690080Z #7 26.56 Setting up ucf (3.0043) ...
static-analysis	Build Docker Image	2026-02-02T16:51:17.8690331Z #7 26.62 Setting up libcmocka-dev:amd64 (1.1.5-2) ...
static-analysis	Build Docker Image	2026-02-02T16:51:17.8690649Z #7 26.63 Setting up libjpeg-turbo8:amd64 (2.1.2-0ubuntu1) ...
static-analysis	Build Docker Image	2026-02-02T16:51:17.8690997Z #7 26.63 Setting up libsasl2-2:amd64 (2.1.27+dfsg2-3ubuntu1.2) ...
static-analysis	Build Docker Image	2026-02-02T16:51:17.8691344Z #7 26.63 Setting up libssh-4:amd64 (0.9.6-2ubuntu0.22.04.5) ...
static-analysis	Build Docker Image	2026-02-02T16:51:17.9680566Z #7 26.63 Setting up libwebp7:amd64 (1.2.2-2ubuntu0.22.04.2) ...
static-analysis	Build Docker Image	2026-02-02T16:51:17.9681112Z #7 26.64 Setting up libubsan1:amd64 (12.3.0-1ubuntu1~22.04.2) ...
static-analysis	Build Docker Image	2026-02-02T16:51:17.9681474Z #7 26.64 Setting up libmd0:amd64 (1.0.4-1build1) ...
static-analysis	Build Docker Image	2026-02-02T16:51:17.9681848Z #7 26.64 Setting up libnsl-dev:amd64 (1.3.0-2build2) ...
static-analysis	Build Docker Image	2026-02-02T16:51:17.9682167Z #7 26.64 Setting up librhash0:amd64 (1.4.2-1ubuntu1) ...
static-analysis	Build Docker Image	2026-02-02T16:51:17.9682566Z #7 26.64 Setting up libcrypt-dev:amd64 (1:4.4.27-1) ...
static-analysis	Build Docker Image	2026-02-02T16:51:17.9683063Z #7 26.65 Setting up libmpdec3:amd64 (2.5.1-2build2) ...
static-analysis	Build Docker Image	2026-02-02T16:51:17.9683437Z #7 26.65 Setting up git-man (1:2.34.1-1ubuntu1.15) ...
static-analysis	Build Docker Image	2026-02-02T16:51:17.9683697Z #7 26.65 Setting up netbase (6.3) ...
static-analysis	Build Docker Image	2026-02-02T16:51:17.9684045Z #7 26.66 Setting up cmake-data (3.22.1-1ubuntu1.22.04.2) ...
static-analysis	Build Docker Image	2026-02-02T16:51:17.9684374Z #7 26.68 Setting up libjs-jquery (3.6.0+dfsg+~3.5.13-1) ...
static-analysis	Build Docker Image	2026-02-02T16:51:17.9684816Z #7 26.69 Setting up libbinutils:amd64 (2.38-4ubuntu2.12) ...
static-analysis	Build Docker Image	2026-02-02T16:51:17.9685119Z #7 26.69 Setting up libfido2-1:amd64 (1.10.0-1) ...
static-analysis	Build Docker Image	2026-02-02T16:51:17.9685649Z #7 26.69 Setting up libisl23:amd64 (0.24-2build1) ...
static-analysis	Build Docker Image	2026-02-02T16:51:17.9685961Z #7 26.69 Setting up libc-dev-bin (2.35-0ubuntu3.12) ...
static-analysis	Build Docker Image	2026-02-02T16:51:17.9686386Z #7 26.70 Setting up openssl (3.0.2-0ubuntu1.21) ...
static-analysis	Build Docker Image	2026-02-02T16:51:17.9686677Z #7 26.71 Setting up libbsd0:amd64 (0.11.5-1) ...
static-analysis	Build Docker Image	2026-02-02T16:51:17.9686951Z #7 26.71 Setting up readline-common (8.1.2-1) ...
static-analysis	Build Docker Image	2026-02-02T16:51:17.9687238Z #7 26.71 Setting up publicsuffix (20211207.1025-1) ...
static-analysis	Build Docker Image	2026-02-02T16:51:17.9687635Z #7 26.71 Setting up libcc1-0:amd64 (12.3.0-1ubuntu1~22.04.2) ...
static-analysis	Build Docker Image	2026-02-02T16:51:17.9688035Z #7 26.72 Setting up liblocale-gettext-perl (1.07-4build3) ...
static-analysis	Build Docker Image	2026-02-02T16:51:17.9688385Z #7 26.72 Setting up liblsan0:amd64 (12.3.0-1ubuntu1~22.04.2) ...
static-analysis	Build Docker Image	2026-02-02T16:51:17.9688804Z #7 26.72 Setting up libitm1:amd64 (12.3.0-1ubuntu1~22.04.2) ...
static-analysis	Build Docker Image	2026-02-02T16:51:17.9689106Z #7 26.72 Setting up libgdbm6:amd64 (1.23-1) ...
static-analysis	Build Docker Image	2026-02-02T16:51:17.9689450Z #7 26.72 Setting up libjs-underscore (1.13.2~dfsg-2) ...
static-analysis	Build Docker Image	2026-02-02T16:51:17.9689819Z #7 26.73 Setting up libicu70:amd64 (70.1-2) ...
static-analysis	Build Docker Image	2026-02-02T16:51:17.9690220Z #7 26.73 Setting up libtsan0:amd64 (11.4.0-1ubuntu1~22.04.2) ...
static-analysis	Build Docker Image	2026-02-02T16:51:17.9690526Z #7 26.73 Setting up libctf0:amd64 (2.38-4ubuntu2.12) ...
static-analysis	Build Docker Image	2026-02-02T16:51:18.1779801Z #7 26.73 Setting up libjpeg8:amd64 (8c-2ubuntu10) ...
static-analysis	Build Docker Image	2026-02-02T16:51:18.1780578Z #7 26.74 Setting up pinentry-curses (1.1.1-1build2) ...
static-analysis	Build Docker Image	2026-02-02T16:51:18.1780949Z #7 26.74 Setting up cpp-11 (11.4.0-1ubuntu1~22.04.2) ...
static-analysis	Build Docker Image	2026-02-02T16:51:18.1781348Z #7 26.74 Setting up manpages-dev (5.10-1ubuntu1) ...
static-analysis	Build Docker Image	2026-02-02T16:51:18.1781663Z #7 26.74 Setting up libxdmcp6:amd64 (1:1.1.3-0ubuntu5) ...
static-analysis	Build Docker Image	2026-02-02T16:51:18.1781968Z #7 26.75 Setting up libxcb1:amd64 (1.14-3ubuntu3) ...
static-analysis	Build Docker Image	2026-02-02T16:51:18.1782273Z #7 26.75 Setting up fontconfig-config (2.13.1-4.2ubuntu5) ...
static-analysis	Build Docker Image	2026-02-02T16:51:18.1782620Z #7 26.78 Setting up libedit2:amd64 (3.1-20210910-1build1) ...
static-analysis	Build Docker Image	2026-02-02T16:51:18.1782914Z #7 26.78 Setting up libreadline8:amd64 (8.1.2-1) ...
static-analysis	Build Docker Image	2026-02-02T16:51:18.1783265Z #7 26.79 Setting up libldap-2.5-0:amd64 (2.5.19+dfsg-0ubuntu0.22.04.1) ...
static-analysis	Build Docker Image	2026-02-02T16:51:18.1783653Z #7 26.79 Setting up libpython3.10-stdlib:amd64 (3.10.12-1~22.04.13) ...
static-analysis	Build Docker Image	2026-02-02T16:51:18.1784005Z #7 26.79 Setting up ca-certificates (20240203~22.04.1) ...
static-analysis	Build Docker Image	2026-02-02T16:51:18.3442093Z #7 27.11 Updating certificates in /etc/ssl/certs...
static-analysis	Build Docker Image	2026-02-02T16:51:18.7460831Z #7 27.51 146 added, 0 removed; done.
static-analysis	Build Docker Image	2026-02-02T16:51:18.9536525Z #7 27.52 Setting up libfreetype6:amd64 (2.11.1+dfsg-1ubuntu0.3) ...
static-analysis	Build Docker Image	2026-02-02T16:51:18.9537071Z #7 27.52 Setting up libgdbm-compat4:amd64 (1.23-1) ...
static-analysis	Build Docker Image	2026-02-02T16:51:18.9537447Z #7 27.53 Setting up libjs-sphinxdoc (4.3.2-1) ...
static-analysis	Build Docker Image	2026-02-02T16:51:18.9537783Z #7 27.53 Setting up cmocka-doc (1.1.5-2) ...
static-analysis	Build Docker Image	2026-02-02T16:51:18.9538191Z #7 27.53 Setting up libgcc-11-dev:amd64 (11.4.0-1ubuntu1~22.04.2) ...
static-analysis	Build Docker Image	2026-02-02T16:51:18.9538582Z #7 27.53 Setting up cpp (4:11.2.0-1ubuntu1) ...
static-analysis	Build Docker Image	2026-02-02T16:51:18.9538902Z #7 27.54 Setting up gpgconf (2.2.27-3ubuntu2.5) ...
static-analysis	Build Docker Image	2026-02-02T16:51:18.9539269Z #7 27.54 Setting up libcurl4:amd64 (7.81.0-1ubuntu1.21) ...
static-analysis	Build Docker Image	2026-02-02T16:51:18.9539646Z #7 27.54 Setting up libc6-dev:amd64 (2.35-0ubuntu3.12) ...
static-analysis	Build Docker Image	2026-02-02T16:51:18.9540027Z #7 27.54 Setting up libx11-6:amd64 (2:1.7.5-1ubuntu0.3) ...
static-analysis	Build Docker Image	2026-02-02T16:51:18.9540400Z #7 27.54 Setting up libtiff5:amd64 (4.3.0-6ubuntu0.12) ...
static-analysis	Build Docker Image	2026-02-02T16:51:18.9540737Z #7 27.55 Setting up curl (7.81.0-1ubuntu1.21) ...
static-analysis	Build Docker Image	2026-02-02T16:51:18.9541406Z #7 27.55 Setting up libfontconfig1:amd64 (2.13.1-4.2ubuntu5) ...
static-analysis	Build Docker Image	2026-02-02T16:51:18.9541823Z #7 27.55 Setting up libxml2:amd64 (2.9.13+dfsg-1ubuntu0.11) ...
static-analysis	Build Docker Image	2026-02-02T16:51:18.9542212Z #7 27.55 Setting up libxmuu1:amd64 (2:1.1.3-3) ...
static-analysis	Build Docker Image	2026-02-02T16:51:18.9542536Z #7 27.55 Setting up gpg (2.2.27-3ubuntu2.5) ...
static-analysis	Build Docker Image	2026-02-02T16:51:18.9543047Z #7 27.56 Setting up libpython3-stdlib:amd64 (3.10.6-1~22.04.1) ...
static-analysis	Build Docker Image	2026-02-02T16:51:18.9543444Z #7 27.56 Setting up gnupg-utils (2.2.27-3ubuntu2.5) ...
static-analysis	Build Docker Image	2026-02-02T16:51:18.9543845Z #7 27.56 Setting up binutils-x86-64-linux-gnu (2.38-4ubuntu2.12) ...
static-analysis	Build Docker Image	2026-02-02T16:51:18.9544271Z #7 27.56 Setting up libpython3.10:amd64 (3.10.12-1~22.04.13) ...
static-analysis	Build Docker Image	2026-02-02T16:51:18.9544644Z #7 27.56 Setting up libperl5.34:amd64 (5.34.0-3ubuntu1.5) ...
static-analysis	Build Docker Image	2026-02-02T16:51:18.9544958Z #7 27.57 Setting up gpg-agent (2.2.27-3ubuntu2.5) ...
static-analysis	Build Docker Image	2026-02-02T16:51:19.1551410Z #7 27.92 Setting up python3.10 (3.10.12-1~22.04.13) ...
static-analysis	Build Docker Image	2026-02-02T16:51:19.6629937Z #7 28.43 Setting up libxpm4:amd64 (1:3.5.12-1ubuntu0.22.04.2) ...
static-analysis	Build Docker Image	2026-02-02T16:51:19.7928177Z #7 28.43 Setting up libarchive13:amd64 (3.6.0-1ubuntu1.5) ...
static-analysis	Build Docker Image	2026-02-02T16:51:19.7928673Z #7 28.43 Setting up openssh-client (1:8.9p1-3ubuntu0.13) ...
static-analysis	Build Docker Image	2026-02-02T16:51:19.7929180Z #7 28.47 update-alternatives: using /usr/bin/ssh to provide /usr/bin/rsh (rsh) in auto mode
static-analysis	Build Docker Image	2026-02-02T16:51:19.7930118Z #7 28.47 update-alternatives: warning: skip creation of /usr/share/man/man1/rsh.1.gz because associated file /usr/share/man/man1/ssh.1.gz (of link group rsh) doesn't exist
static-analysis	Build Docker Image	2026-02-02T16:51:19.7931489Z #7 28.47 update-alternatives: using /usr/bin/slogin to provide /usr/bin/rlogin (rlogin) in auto mode
static-analysis	Build Docker Image	2026-02-02T16:51:19.7932528Z #7 28.47 update-alternatives: warning: skip creation of /usr/share/man/man1/rlogin.1.gz because associated file /usr/share/man/man1/slogin.1.gz (of link group rlogin) doesn't exist
static-analysis	Build Docker Image	2026-02-02T16:51:19.7933439Z #7 28.47 update-alternatives: using /usr/bin/scp to provide /usr/bin/rcp (rcp) in auto mode
static-analysis	Build Docker Image	2026-02-02T16:51:19.7934312Z #7 28.47 update-alternatives: warning: skip creation of /usr/share/man/man1/rcp.1.gz because associated file /usr/share/man/man1/scp.1.gz (of link group rcp) doesn't exist
static-analysis	Build Docker Image	2026-02-02T16:51:19.7934942Z #7 28.48 Setting up gpgsm (2.2.27-3ubuntu2.5) ...
static-analysis	Build Docker Image	2026-02-02T16:51:19.7935252Z #7 28.48 Setting up libxext6:amd64 (2:1.3.4-1build1) ...
static-analysis	Build Docker Image	2026-02-02T16:51:19.7935816Z #7 28.48 Setting up libcurl3-gnutls:amd64 (7.81.0-1ubuntu1.21) ...
static-analysis	Build Docker Image	2026-02-02T16:51:19.7936136Z #7 28.49 Setting up python3 (3.10.6-1~22.04.1) ...
static-analysis	Build Docker Image	2026-02-02T16:51:19.7936429Z #7 28.56 Setting up binutils (2.38-4ubuntu2.12) ...
static-analysis	Build Docker Image	2026-02-02T16:51:19.8934274Z #7 28.56 Setting up dirmngr (2.2.27-3ubuntu2.5) ...
static-analysis	Build Docker Image	2026-02-02T16:51:19.8934688Z #7 28.66 Setting up perl (5.34.0-3ubuntu1.5) ...
static-analysis	Build Docker Image	2026-02-02T16:51:20.0572936Z #7 28.67 Setting up libexpat1-dev:amd64 (2.4.7-1ubuntu0.6) ...
static-analysis	Build Docker Image	2026-02-02T16:51:20.0573619Z #7 28.67 Setting up shared-mime-info (2.1-2) ...
static-analysis	Build Docker Image	2026-02-02T16:51:20.4242079Z #7 29.19 Setting up libgd3:amd64 (2.3.0-2ubuntu2.3) ...
static-analysis	Build Docker Image	2026-02-02T16:51:20.5254658Z #7 29.19 Setting up libdpkg-perl (1.21.1ubuntu2.6) ...
static-analysis	Build Docker Image	2026-02-02T16:51:20.5255144Z #7 29.19 Setting up libstdc++-11-dev:amd64 (11.4.0-1ubuntu1~22.04.2) ...
static-analysis	Build Docker Image	2026-02-02T16:51:20.5255863Z #7 29.19 Setting up gpg-wks-server (2.2.27-3ubuntu2.5) ...
static-analysis	Build Docker Image	2026-02-02T16:51:20.5256322Z #7 29.20 Setting up zlib1g-dev:amd64 (1:1.2.11.dfsg-2ubuntu9.2) ...
static-analysis	Build Docker Image	2026-02-02T16:51:20.5256714Z #7 29.20 Setting up libllvm14:amd64 (1:14.0.0-1ubuntu1.1) ...
static-analysis	Build Docker Image	2026-02-02T16:51:20.5257024Z #7 29.20 Setting up gcc-11 (11.4.0-1ubuntu1~22.04.2) ...
static-analysis	Build Docker Image	2026-02-02T16:51:20.5257418Z #7 29.20 Setting up xauth (1:1.1-1build2) ...
static-analysis	Build Docker Image	2026-02-02T16:51:20.5257764Z #7 29.20 Setting up libjson-perl (4.04000-1) ...
static-analysis	Build Docker Image	2026-02-02T16:51:20.5258060Z #7 29.21 Setting up cmake (3.22.1-1ubuntu1.22.04.2) ...
static-analysis	Build Docker Image	2026-02-02T16:51:20.5258350Z #7 29.21 Setting up python3-lib2to3 (3.10.8-1~22.04) ...
static-analysis	Build Docker Image	2026-02-02T16:51:20.5258728Z #7 29.29 Setting up libperlio-gzip-perl (0.19-1build8) ...
static-analysis	Build Docker Image	2026-02-02T16:51:20.5259119Z #7 29.29 Setting up libc-devtools (2.35-0ubuntu3.12) ...
static-analysis	Build Docker Image	2026-02-02T16:51:20.6739033Z #7 29.29 Setting up python3-pkg-resources (59.6.0-1.2ubuntu0.22.04.3) ...
static-analysis	Build Docker Image	2026-02-02T16:51:20.6739539Z #7 29.44 Setting up python3-distutils (3.10.8-1~22.04) ...
static-analysis	Build Docker Image	2026-02-02T16:51:20.9110869Z #7 29.52 Setting up python3-setuptools (59.6.0-1.2ubuntu0.22.04.3) ...
static-analysis	Build Docker Image	2026-02-02T16:51:21.0098774Z #7 29.77 Setting up gpg-wks-client (2.2.27-3ubuntu2.5) ...
static-analysis	Build Docker Image	2026-02-02T16:51:21.1159886Z #7 29.78 Setting up g++-11 (11.4.0-1ubuntu1~22.04.2) ...
static-analysis	Build Docker Image	2026-02-02T16:51:21.1160612Z #7 29.78 Setting up libfile-fcntllock-perl (0.22-3build7) ...
static-analysis	Build Docker Image	2026-02-02T16:51:21.1161414Z #7 29.78 Setting up libalgorithm-diff-perl (1.201-1) ...
static-analysis	Build Docker Image	2026-02-02T16:51:21.1162125Z #7 29.78 Setting up libcommon-sense-perl:amd64 (3.75-2build1) ...
static-analysis	Build Docker Image	2026-02-02T16:51:21.1162828Z #7 29.78 Setting up python3-wheel (0.37.1-2ubuntu0.22.04.1) ...
static-analysis	Build Docker Image	2026-02-02T16:51:21.1163247Z #7 29.88 Setting up gcc (4:11.2.0-1ubuntu1) ...
static-analysis	Build Docker Image	2026-02-02T16:51:21.2804867Z #7 29.89 Setting up dpkg-dev (1.21.1ubuntu2.6) ...
static-analysis	Build Docker Image	2026-02-02T16:51:21.2805821Z #7 29.89 Setting up liberror-perl (0.17029-1) ...
static-analysis	Build Docker Image	2026-02-02T16:51:21.2806433Z #7 29.89 Setting up libgd-perl (2.76-2build1) ...
static-analysis	Build Docker Image	2026-02-02T16:51:21.2807073Z #7 29.89 Setting up python3-pygments (2.11.2+dfsg-2ubuntu0.1) ...
static-analysis	Build Docker Image	2026-02-02T16:51:21.5627262Z #7 30.33 Setting up pkg-config (0.29.2-1ubuntu3) ...
static-analysis	Build Docker Image	2026-02-02T16:51:21.7548330Z #7 30.36 Setting up libpython3.10-dev:amd64 (3.10.12-1~22.04.13) ...
static-analysis	Build Docker Image	2026-02-02T16:51:21.7548932Z #7 30.36 Setting up libclang-cpp14 (1:14.0.0-1ubuntu1.1) ...
static-analysis	Build Docker Image	2026-02-02T16:51:21.7549310Z #7 30.36 Setting up git (1:2.34.1-1ubuntu1.15) ...
static-analysis	Build Docker Image	2026-02-02T16:51:21.7549681Z #7 30.37 Setting up python3-pip (22.0.2+dfsg-1ubuntu0.7) ...
static-analysis	Build Docker Image	2026-02-02T16:51:22.4000562Z #7 31.16 Setting up cppcheck (2.7-1) ...
static-analysis	Build Docker Image	2026-02-02T16:51:22.6067733Z #7 31.17 Setting up python3.10-dev (3.10.12-1~22.04.13) ...
static-analysis	Build Docker Image	2026-02-02T16:51:22.6069539Z #7 31.17 Setting up libtypes-serialiser-perl (1.01-1) ...
static-analysis	Build Docker Image	2026-02-02T16:51:22.6070111Z #7 31.17 Setting up g++ (4:11.2.0-1ubuntu1) ...
static-analysis	Build Docker Image	2026-02-02T16:51:22.6070858Z #7 31.18 update-alternatives: using /usr/bin/g++ to provide /usr/bin/c++ (c++) in auto mode
static-analysis	Build Docker Image	2026-02-02T16:51:22.6072232Z #7 31.18 update-alternatives: warning: skip creation of /usr/share/man/man1/c++.1.gz because associated file /usr/share/man/man1/g++.1.gz (of link group c++) doesn't exist
static-analysis	Build Docker Image	2026-02-02T16:51:22.6073329Z #7 31.18 Setting up gnupg (2.2.27-3ubuntu2.5) ...
static-analysis	Build Docker Image	2026-02-02T16:51:22.6073870Z #7 31.19 Setting up build-essential (12.9ubuntu3) ...
static-analysis	Build Docker Image	2026-02-02T16:51:22.6074399Z #7 31.19 Setting up clang-format-14 (1:14.0.0-1ubuntu1.1) ...
static-analysis	Build Docker Image	2026-02-02T16:51:22.6075046Z #7 31.19 Setting up libalgorithm-diff-xs-perl (0.04-6build3) ...
static-analysis	Build Docker Image	2026-02-02T16:51:22.6075717Z #7 31.19 Setting up libalgorithm-merge-perl (0.08-3) ...
static-analysis	Build Docker Image	2026-02-02T16:51:22.6076074Z #7 31.19 Setting up libjson-xs-perl (4.040-0ubuntu0.22.04.1) ...
static-analysis	Build Docker Image	2026-02-02T16:51:22.6076432Z #7 31.20 Setting up clang-format:amd64 (1:14.0-55~exp2) ...
static-analysis	Build Docker Image	2026-02-02T16:51:22.6076761Z #7 31.20 Setting up libpython3-dev:amd64 (3.10.6-1~22.04.1) ...
static-analysis	Build Docker Image	2026-02-02T16:51:22.6077094Z #7 31.20 Setting up lcov (1.15-1) ...
static-analysis	Build Docker Image	2026-02-02T16:51:22.6077354Z #7 31.20 Setting up python3-dev (3.10.6-1~22.04.1) ...
static-analysis	Build Docker Image	2026-02-02T16:51:22.6077685Z #7 31.21 Processing triggers for libc-bin (2.35-0ubuntu3.11) ...
static-analysis	Build Docker Image	2026-02-02T16:51:22.6078045Z #7 31.22 Processing triggers for ca-certificates (20240203~22.04.1) ...
static-analysis	Build Docker Image	2026-02-02T16:51:22.6078462Z #7 31.22 Updating certificates in /etc/ssl/certs...
static-analysis	Build Docker Image	2026-02-02T16:51:22.7592944Z #7 31.52 0 added, 0 removed; done.
static-analysis	Build Docker Image	2026-02-02T16:51:22.9103683Z #7 31.52 Running hooks in /etc/ca-certificates/update.d...
static-analysis	Build Docker Image	2026-02-02T16:51:22.9104278Z #7 31.52 done.
static-analysis	Build Docker Image	2026-02-02T16:51:24.2493374Z #7 DONE 33.0s
static-analysis	Build Docker Image	2026-02-02T16:51:24.4097827Z 
static-analysis	Build Docker Image	2026-02-02T16:51:24.4098840Z #8 [3/5] COPY scripts/requirements.txt /tmp/requirements.txt
static-analysis	Build Docker Image	2026-02-02T16:51:24.4099295Z #8 DONE 0.0s
static-analysis	Build Docker Image	2026-02-02T16:51:24.4099420Z 
static-analysis	Build Docker Image	2026-02-02T16:51:24.4099582Z #9 [4/5] RUN pip3 install -r /tmp/requirements.txt
static-analysis	Build Docker Image	2026-02-02T16:51:24.7563787Z #9 0.497 Collecting py-uds>=1.2.0
static-analysis	Build Docker Image	2026-02-02T16:51:24.8797237Z #9 0.586   Downloading py_uds-3.1.1-py3-none-any.whl (172 kB)
static-analysis	Build Docker Image	2026-02-02T16:51:24.9811828Z #9 0.620      ━━━━━━━━━━━━━━━━━━━━━━━━━━━━━━━━━━━━━━━ 172.1/172.1 KB 5.1 MB/s eta 0:00:00
static-analysis	Build Docker Image	2026-02-02T16:51:24.9812509Z #9 0.649 Collecting can-isotp>=1.8
static-analysis	Build Docker Image	2026-02-02T16:51:24.9813029Z #9 0.662   Downloading can_isotp-2.0.7-py3-none-any.whl (34 kB)
static-analysis	Build Docker Image	2026-02-02T16:51:24.9814753Z #9 0.710 Collecting python-can>=4.0.0
static-analysis	Build Docker Image	2026-02-02T16:51:24.9815340Z #9 0.722   Downloading python_can-4.6.1-py3-none-any.whl (276 kB)
static-analysis	Build Docker Image	2026-02-02T16:51:25.1236170Z #9 0.745      ━━━━━━━━━━━━━━━━━━━━━━━━━━━━━━━━━━━━━━ 277.0/277.0 KB 12.9 MB/s eta 0:00:00
static-analysis	Build Docker Image	2026-02-02T16:51:25.1236875Z #9 0.801 Collecting jsonschema
static-analysis	Build Docker Image	2026-02-02T16:51:25.1237405Z #9 0.812   Downloading jsonschema-4.26.0-py3-none-any.whl (90 kB)
static-analysis	Build Docker Image	2026-02-02T16:51:25.1238319Z #9 0.819      ━━━━━━━━━━━━━━━━━━━━━━━━━━━━━━━━━━━━━━━━ 90.6/90.6 KB 16.9 MB/s eta 0:00:00
static-analysis	Build Docker Image	2026-02-02T16:51:25.1238951Z #9 0.864 Collecting west
static-analysis	Build Docker Image	2026-02-02T16:51:25.2757839Z #9 0.879   Downloading west-1.5.0-py3-none-any.whl (106 kB)
static-analysis	Build Docker Image	2026-02-02T16:51:25.2759150Z #9 0.887      ━━━━━━━━━━━━━━━━━━━━━━━━━━━━━━━━━━━━━━ 107.0/107.0 KB 17.7 MB/s eta 0:00:00
static-analysis	Build Docker Image	2026-02-02T16:51:25.2759553Z #9 0.939 Collecting aenum>=3.0.0
static-analysis	Build Docker Image	2026-02-02T16:51:25.2759923Z #9 0.950   Downloading aenum-3.1.16-py3-none-any.whl (165 kB)
static-analysis	Build Docker Image	2026-02-02T16:51:25.2760450Z #9 0.963      ━━━━━━━━━━━━━━━━━━━━━━━━━━━━━━━━━━━━━━ 165.6/165.6 KB 14.1 MB/s eta 0:00:00
static-analysis	Build Docker Image	2026-02-02T16:51:25.2760881Z #9 1.017 Collecting typing_extensions>=3.10.0.0
static-analysis	Build Docker Image	2026-02-02T16:51:25.4942722Z #9 1.028   Downloading typing_extensions-4.15.0-py3-none-any.whl (44 kB)
static-analysis	Build Docker Image	2026-02-02T16:51:25.4943710Z #9 1.031      ━━━━━━━━━━━━━━━━━━━━━━━━━━━━━━━━━━━━━━━━ 44.6/44.6 KB 24.1 MB/s eta 0:00:00
static-analysis	Build Docker Image	2026-02-02T16:51:25.4944109Z #9 1.068 Collecting packaging>=23.1
static-analysis	Build Docker Image	2026-02-02T16:51:25.4944479Z #9 1.079   Downloading packaging-26.0-py3-none-any.whl (74 kB)
static-analysis	Build Docker Image	2026-02-02T16:51:25.4945010Z #9 1.084      ━━━━━━━━━━━━━━━━━━━━━━━━━━━━━━━━━━━━━━━━ 74.4/74.4 KB 16.0 MB/s eta 0:00:00
static-analysis	Build Docker Image	2026-02-02T16:51:25.6930906Z #9 1.434 Collecting wrapt~=1.10
static-analysis	Build Docker Image	2026-02-02T16:51:25.8047710Z #9 1.446   Downloading wrapt-1.17.3-cp310-cp310-manylinux1_x86_64.manylinux_2_28_x86_64.manylinux_2_5_x86_64.whl (81 kB)
static-analysis	Build Docker Image	2026-02-02T16:51:25.8049434Z #9 1.452      ━━━━━━━━━━━━━━━━━━━━━━━━━━━━━━━━━━━━━━━━ 82.0/82.0 KB 17.4 MB/s eta 0:00:00
static-analysis	Build Docker Image	2026-02-02T16:51:25.8049853Z #9 1.500 Collecting attrs>=22.2.0
static-analysis	Build Docker Image	2026-02-02T16:51:25.8050248Z #9 1.512   Downloading attrs-25.4.0-py3-none-any.whl (67 kB)
static-analysis	Build Docker Image	2026-02-02T16:51:25.8050805Z #9 1.516      ━━━━━━━━━━━━━━━━━━━━━━━━━━━━━━━━━━━━━━━━ 67.6/67.6 KB 24.8 MB/s eta 0:00:00
static-analysis	Build Docker Image	2026-02-02T16:51:25.8051251Z #9 1.545 Collecting jsonschema-specifications>=2023.03.6
static-analysis	Build Docker Image	2026-02-02T16:51:26.0335910Z #9 1.561   Downloading jsonschema_specifications-2025.9.1-py3-none-any.whl (18 kB)
static-analysis	Build Docker Image	2026-02-02T16:51:26.0336847Z #9 1.613 Collecting referencing>=0.28.4
static-analysis	Build Docker Image	2026-02-02T16:51:26.0337459Z #9 1.624   Downloading referencing-0.37.0-py3-none-any.whl (26 kB)
static-analysis	Build Docker Image	2026-02-02T16:51:26.4989150Z #9 2.239 Collecting rpds-py>=0.25.0
static-analysis	Build Docker Image	2026-02-02T16:51:26.6082638Z #9 2.252   Downloading rpds_py-0.30.0-cp310-cp310-manylinux_2_17_x86_64.manylinux2014_x86_64.whl (390 kB)
static-analysis	Build Docker Image	2026-02-02T16:51:26.6083769Z #9 2.279      ━━━━━━━━━━━━━━━━━━━━━━━━━━━━━━━━━━━━━━ 390.5/390.5 KB 15.2 MB/s eta 0:00:00
static-analysis	Build Docker Image	2026-02-02T16:51:26.6084164Z #9 2.314 Collecting colorama
static-analysis	Build Docker Image	2026-02-02T16:51:26.6084518Z #9 2.326   Downloading colorama-0.4.6-py2.py3-none-any.whl (25 kB)
static-analysis	Build Docker Image	2026-02-02T16:51:26.6084931Z #9 2.349 Collecting pykwalify
static-analysis	Build Docker Image	2026-02-02T16:51:26.7131582Z #9 2.361   Downloading pykwalify-1.8.0-py2.py3-none-any.whl (24 kB)
static-analysis	Build Docker Image	2026-02-02T16:51:26.7132100Z #9 2.442 Collecting PyYAML>=5.1
static-analysis	Build Docker Image	2026-02-02T16:51:26.7132691Z #9 2.454   Downloading pyyaml-6.0.3-cp310-cp310-manylinux2014_x86_64.manylinux_2_17_x86_64.manylinux_2_28_x86_64.whl (770 kB)
static-analysis	Build Docker Image	2026-02-02T16:51:26.9090757Z #9 2.499      ━━━━━━━━━━━━━━━━━━━━━━━━━━━━━━━━━━━━━━ 770.3/770.3 KB 17.6 MB/s eta 0:00:00
static-analysis	Build Docker Image	2026-02-02T16:51:27.0871681Z #9 2.828 Collecting ruamel.yaml>=0.16.0
static-analysis	Build Docker Image	2026-02-02T16:51:27.1931880Z #9 2.840   Downloading ruamel_yaml-0.19.1-py3-none-any.whl (118 kB)
static-analysis	Build Docker Image	2026-02-02T16:51:27.1933522Z #9 2.846      ━━━━━━━━━━━━━━━━━━━━━━━━━━━━━━━━━━━━━━ 118.1/118.1 KB 25.2 MB/s eta 0:00:00
static-analysis	Build Docker Image	2026-02-02T16:51:27.1934186Z #9 2.876 Collecting python-dateutil>=2.8.0
static-analysis	Build Docker Image	2026-02-02T16:51:27.1934869Z #9 2.887   Downloading python_dateutil-2.9.0.post0-py2.py3-none-any.whl (229 kB)
static-analysis	Build Docker Image	2026-02-02T16:51:27.1935989Z #9 2.901      ━━━━━━━━━━━━━━━━━━━━━━━━━━━━━━━━━━━━━━ 229.9/229.9 KB 19.6 MB/s eta 0:00:00
static-analysis	Build Docker Image	2026-02-02T16:51:27.1936828Z #9 2.923 Collecting docopt>=0.6.2
static-analysis	Build Docker Image	2026-02-02T16:51:27.1937260Z #9 2.934   Downloading docopt-0.6.2.tar.gz (25 kB)
static-analysis	Build Docker Image	2026-02-02T16:51:27.3205368Z #9 2.941   Preparing metadata (setup.py): started
static-analysis	Build Docker Image	2026-02-02T16:51:27.3206018Z #9 3.061   Preparing metadata (setup.py): finished with status 'done'
static-analysis	Build Docker Image	2026-02-02T16:51:27.5299320Z #9 3.094 Collecting six>=1.5
static-analysis	Build Docker Image	2026-02-02T16:51:27.5299912Z #9 3.106   Downloading six-1.17.0-py2.py3-none-any.whl (11 kB)
static-analysis	Build Docker Image	2026-02-02T16:51:27.5300369Z #9 3.119 Building wheels for collected packages: docopt
static-analysis	Build Docker Image	2026-02-02T16:51:27.5300881Z #9 3.120   Building wheel for docopt (setup.py): started
static-analysis	Build Docker Image	2026-02-02T16:51:27.5302335Z #9 3.271   Building wheel for docopt (setup.py): finished with status 'done'
static-analysis	Build Docker Image	2026-02-02T16:51:27.7423821Z #9 3.271   Created wheel for docopt: filename=docopt-0.6.2-py2.py3-none-any.whl size=13723 sha256=ac6442d46c55d3b78e847de4dd0536f51d84647ef0d0b1a0125dbe91572cc6d0
static-analysis	Build Docker Image	2026-02-02T16:51:27.7425726Z #9 3.272   Stored in directory: /root/.cache/pip/wheels/fc/ab/d4/5da2067ac95b36618c629a5f93f809425700506f72c9732fac
static-analysis	Build Docker Image	2026-02-02T16:51:27.7426290Z #9 3.274 Successfully built docopt
static-analysis	Build Docker Image	2026-02-02T16:51:27.7427535Z #9 3.332 Installing collected packages: docopt, aenum, wrapt, typing_extensions, six, ruamel.yaml, rpds-py, PyYAML, packaging, colorama, can-isotp, attrs, referencing, python-dateutil, python-can, pykwalify, py-uds, jsonschema-specifications, west, jsonschema
static-analysis	Build Docker Image	2026-02-02T16:51:28.3371710Z #9 4.078 Successfully installed PyYAML-6.0.3 aenum-3.1.16 attrs-25.4.0 can-isotp-2.0.7 colorama-0.4.6 docopt-0.6.2 jsonschema-4.26.0 jsonschema-specifications-2025.9.1 packaging-26.0 py-uds-3.1.1 pykwalify-1.8.0 python-can-4.6.1 python-dateutil-2.9.0.post0 referencing-0.37.0 rpds-py-0.30.0 ruamel.yaml-0.19.1 six-1.17.0 typing_extensions-4.15.0 west-1.5.0 wrapt-1.17.3
static-analysis	Build Docker Image	2026-02-02T16:51:28.4804122Z #9 4.078 WARNING: Running pip as the 'root' user can result in broken permissions and conflicting behaviour with the system package manager. It is recommended to use a virtual environment instead: https://pip.pypa.io/warnings/venv
static-analysis	Build Docker Image	2026-02-02T16:51:28.4805901Z #9 DONE 4.2s
static-analysis	Build Docker Image	2026-02-02T16:51:28.6460010Z 
static-analysis	Build Docker Image	2026-02-02T16:51:28.6460648Z #10 [5/5] WORKDIR /app
static-analysis	Build Docker Image	2026-02-02T16:51:28.6461055Z #10 DONE 0.0s
static-analysis	Build Docker Image	2026-02-02T16:51:28.6461233Z 
static-analysis	Build Docker Image	2026-02-02T16:51:28.6461368Z #11 exporting to image
static-analysis	Build Docker Image	2026-02-02T16:51:28.6461714Z #11 exporting layers
static-analysis	Build Docker Image	2026-02-02T16:51:31.0740613Z #11 exporting layers 2.6s done
static-analysis	Build Docker Image	2026-02-02T16:51:31.0905396Z #11 writing image sha256:1f46f7c7fd3021bdc7838413e664c036e9001c11b63b1dc5f347b054a05799d6 done
static-analysis	Build Docker Image	2026-02-02T16:51:31.0906442Z #11 naming to docker.io/library/libuds-test-env done
static-analysis	Build Docker Image	2026-02-02T16:51:31.0906952Z #11 DONE 2.6s
static-analysis	Run Static Analysis in Docker	﻿2026-02-02T16:51:31.0987170Z ##[group]Run docker run --rm \
static-analysis	Run Static Analysis in Docker	2026-02-02T16:51:31.0987486Z [36;1mdocker run --rm \[0m
static-analysis	Run Static Analysis in Docker	2026-02-02T16:51:31.0987711Z [36;1m  -v $GITHUB_WORKSPACE:/app \[0m
static-analysis	Run Static Analysis in Docker	2026-02-02T16:51:31.0987965Z [36;1m  -u $(id -u):$(id -g) \[0m
static-analysis	Run Static Analysis in Docker	2026-02-02T16:51:31.0988206Z [36;1m  libuds-test-env \[0m
static-analysis	Run Static Analysis in Docker	2026-02-02T16:51:31.0989436Z [36;1m  bash -c "cppcheck --enable=all --suppress=missingIncludeSystem --suppress=unusedFunction --suppress=unmatchedSuppression --inconclusive --inline-suppr --error-exitcode=1 -I include src/ && find src include examples -name '*.c' -o -name '*.h' | xargs clang-format --dry-run --Werror"[0m
static-analysis	Run Static Analysis in Docker	2026-02-02T16:51:31.1012666Z shell: /usr/bin/bash -e {0}
static-analysis	Run Static Analysis in Docker	2026-02-02T16:51:31.1012932Z ##[endgroup]
static-analysis	Run Static Analysis in Docker	2026-02-02T16:51:31.2586836Z Checking src/core/uds_core.c ...
static-analysis	Run Static Analysis in Docker	2026-02-02T16:51:31.3246059Z 1/8 files checked 31% done
static-analysis	Run Static Analysis in Docker	2026-02-02T16:51:31.3246625Z Checking src/services/uds_service_data.c ...
static-analysis	Run Static Analysis in Docker	2026-02-02T16:51:31.3362711Z 2/8 files checked 41% done
static-analysis	Run Static Analysis in Docker	2026-02-02T16:51:31.3363480Z Checking src/services/uds_service_flash.c ...
static-analysis	Run Static Analysis in Docker	2026-02-02T16:51:31.3470178Z 3/8 files checked 51% done
static-analysis	Run Static Analysis in Docker	2026-02-02T16:51:31.3470743Z Checking src/services/uds_service_maintenance.c ...
static-analysis	Run Static Analysis in Docker	2026-02-02T16:51:31.3698578Z 4/8 files checked 63% done
static-analysis	Run Static Analysis in Docker	2026-02-02T16:51:31.3699094Z Checking src/services/uds_service_mem.c ...
static-analysis	Run Static Analysis in Docker	2026-02-02T16:51:31.3871229Z 5/8 files checked 70% done
static-analysis	Run Static Analysis in Docker	2026-02-02T16:51:31.3871673Z Checking src/services/uds_service_security.c ...
static-analysis	Run Static Analysis in Docker	2026-02-02T16:51:31.3982192Z 6/8 files checked 80% done
static-analysis	Run Static Analysis in Docker	2026-02-02T16:51:31.3982647Z Checking src/services/uds_service_session.c ...
static-analysis	Run Static Analysis in Docker	2026-02-02T16:51:31.4017860Z 7/8 files checked 85% done
static-analysis	Run Static Analysis in Docker	2026-02-02T16:51:31.4018368Z Checking src/transport/uds_tp_isotp.c ...
static-analysis	Run Static Analysis in Docker	2026-02-02T16:51:31.4217569Z 8/8 files checked 100% done
static-analysis	Run Static Analysis in Docker	2026-02-02T16:51:31.4221139Z src/core/uds_core.c:230:0: information: Unmatched suppression: unusedFunction [unmatchedSuppression]
static-analysis	Run Static Analysis in Docker	2026-02-02T16:51:31.4222146Z int uds_init(uds_ctx_t *ctx, const uds_config_t *config)
static-analysis	Run Static Analysis in Docker	2026-02-02T16:51:31.4222540Z ^
static-analysis	Run Static Analysis in Docker	2026-02-02T16:51:31.4223004Z src/core/uds_core.c:277:0: information: Unmatched suppression: unusedFunction [unmatchedSuppression]
static-analysis	Run Static Analysis in Docker	2026-02-02T16:51:31.4223636Z void uds_process(uds_ctx_t *ctx)
static-analysis	Run Static Analysis in Docker	2026-02-02T16:51:31.4223929Z ^
static-analysis	Run Static Analysis in Docker	2026-02-02T16:51:31.4224426Z src/core/uds_core.c:329:0: information: Unmatched suppression: unusedFunction [unmatchedSuppression]
static-analysis	Run Static Analysis in Docker	2026-02-02T16:51:31.4225244Z int uds_client_request(uds_ctx_t *ctx, uint8_t sid, const uint8_t *data, uint16_t len,
static-analysis	Run Static Analysis in Docker	2026-02-02T16:51:31.4226060Z ^
static-analysis	Run Static Analysis in Docker	2026-02-02T16:51:31.4226715Z src/transport/uds_tp_isotp.c:43:0: information: Unmatched suppression: unusedFunction [unmatchedSuppression]
static-analysis	Run Static Analysis in Docker	2026-02-02T16:51:31.4227748Z void uds_tp_isotp_init(uds_can_send_fn can_send, uint32_t tx_id, uint32_t rx_id)
static-analysis	Run Static Analysis in Docker	2026-02-02T16:51:31.4228370Z ^
static-analysis	Run Static Analysis in Docker	2026-02-02T16:51:31.4228963Z src/transport/uds_tp_isotp.c:54:0: information: Unmatched suppression: unusedFunction [unmatchedSuppression]
static-analysis	Run Static Analysis in Docker	2026-02-02T16:51:31.4229852Z int uds_isotp_send(struct uds_ctx *ctx, const uint8_t *data, uint16_t len)
static-analysis	Run Static Analysis in Docker	2026-02-02T16:51:31.4230365Z ^
static-analysis	Run Static Analysis in Docker	2026-02-02T16:51:31.4230918Z src/transport/uds_tp_isotp.c:95:0: information: Unmatched suppression: unusedFunction [unmatchedSuppression]
static-analysis	Run Static Analysis in Docker	2026-02-02T16:51:31.4231691Z void uds_tp_isotp_process(uint32_t time_ms)
static-analysis	Run Static Analysis in Docker	2026-02-02T16:51:31.4232112Z ^
static-analysis	Run Static Analysis in Docker	2026-02-02T16:51:31.4232711Z src/transport/uds_tp_isotp.c:149:0: information: Unmatched suppression: unusedFunction [unmatchedSuppression]
static-analysis	Run Static Analysis in Docker	2026-02-02T16:51:31.4233787Z void uds_isotp_rx_callback(struct uds_ctx *uds_ctx, uint32_t id, const uint8_t *data, uint8_t len)
static-analysis	Run Static Analysis in Docker	2026-02-02T16:51:31.4234524Z ^
static-analysis	Run Static Analysis in Docker	2026-02-02T16:51:31.4235148Z nofile:0:0: information: Cppcheck cannot find all the include files (use --check-config for details) [missingInclude]
static-analysis	Run Static Analysis in Docker	2026-02-02T16:51:31.4235797Z 
static-analysis	Run Static Analysis in Docker	2026-02-02T16:51:31.4894114Z ##[error]Process completed with exit code 1.
static-analysis	Post Run actions/checkout@v4	﻿2026-02-02T16:51:31.4998134Z Post job cleanup.
static-analysis	Post Run actions/checkout@v4	2026-02-02T16:51:31.5892783Z [command]/usr/bin/git version
static-analysis	Post Run actions/checkout@v4	2026-02-02T16:51:31.5925990Z git version 2.52.0
static-analysis	Post Run actions/checkout@v4	2026-02-02T16:51:31.5972213Z Temporarily overriding HOME='/home/runner/work/_temp/36a86872-cc8f-49d4-8b03-f812d6b5f620' before making global git config changes
static-analysis	Post Run actions/checkout@v4	2026-02-02T16:51:31.5973486Z Adding repository directory to the temporary git global config as a safe directory
static-analysis	Post Run actions/checkout@v4	2026-02-02T16:51:31.5978519Z [command]/usr/bin/git config --global --add safe.directory /home/runner/work/udslib/udslib
static-analysis	Post Run actions/checkout@v4	2026-02-02T16:51:31.6008935Z [command]/usr/bin/git config --local --name-only --get-regexp core\.sshCommand
static-analysis	Post Run actions/checkout@v4	2026-02-02T16:51:31.6037176Z [command]/usr/bin/git submodule foreach --recursive sh -c "git config --local --name-only --get-regexp 'core\.sshCommand' && git config --local --unset-all 'core.sshCommand' || :"
static-analysis	Post Run actions/checkout@v4	2026-02-02T16:51:31.6205073Z fatal: No url found for submodule path 'external/iso14229' in .gitmodules
static-analysis	Post Run actions/checkout@v4	2026-02-02T16:51:31.6240238Z ##[warning]The process '/usr/bin/git' failed with exit code 128
static-analysis	Complete job	﻿2026-02-02T16:51:31.6316501Z Cleaning up orphan processes
build-zephyr	Set up job	﻿2026-02-02T16:50:47.2537690Z Current runner version: '2.331.0'
build-zephyr	Set up job	2026-02-02T16:50:47.2562628Z ##[group]Runner Image Provisioner
build-zephyr	Set up job	2026-02-02T16:50:47.2563421Z Hosted Compute Agent
build-zephyr	Set up job	2026-02-02T16:50:47.2564165Z Version: 20260123.484
build-zephyr	Set up job	2026-02-02T16:50:47.2564885Z Commit: 6bd6555ca37d84114959e1c76d2c01448ff61c5d
build-zephyr	Set up job	2026-02-02T16:50:47.2565541Z Build Date: 2026-01-23T19:41:17Z
build-zephyr	Set up job	2026-02-02T16:50:47.2566176Z Worker ID: {efd8334c-657b-41c5-ba85-088647ac74b9}
build-zephyr	Set up job	2026-02-02T16:50:47.2566913Z Azure Region: westus
build-zephyr	Set up job	2026-02-02T16:50:47.2567448Z ##[endgroup]
build-zephyr	Set up job	2026-02-02T16:50:47.2568818Z ##[group]Operating System
build-zephyr	Set up job	2026-02-02T16:50:47.2569496Z Ubuntu
build-zephyr	Set up job	2026-02-02T16:50:47.2569925Z 24.04.3
build-zephyr	Set up job	2026-02-02T16:50:47.2570380Z LTS
build-zephyr	Set up job	2026-02-02T16:50:47.2570832Z ##[endgroup]
build-zephyr	Set up job	2026-02-02T16:50:47.2571373Z ##[group]Runner Image
build-zephyr	Set up job	2026-02-02T16:50:47.2571908Z Image: ubuntu-24.04
build-zephyr	Set up job	2026-02-02T16:50:47.2572411Z Version: 20260126.10.1
build-zephyr	Set up job	2026-02-02T16:50:47.2573405Z Included Software: https://github.com/actions/runner-images/blob/ubuntu24/20260126.10/images/ubuntu/Ubuntu2404-Readme.md
build-zephyr	Set up job	2026-02-02T16:50:47.2575251Z Image Release: https://github.com/actions/runner-images/releases/tag/ubuntu24%2F20260126.10
build-zephyr	Set up job	2026-02-02T16:50:47.2576091Z ##[endgroup]
build-zephyr	Set up job	2026-02-02T16:50:47.2577216Z ##[group]GITHUB_TOKEN Permissions
build-zephyr	Set up job	2026-02-02T16:50:47.2579284Z Contents: read
build-zephyr	Set up job	2026-02-02T16:50:47.2579852Z Metadata: read
build-zephyr	Set up job	2026-02-02T16:50:47.2580302Z Packages: read
build-zephyr	Set up job	2026-02-02T16:50:47.2580885Z ##[endgroup]
build-zephyr	Set up job	2026-02-02T16:50:47.2582981Z Secret source: Actions
build-zephyr	Set up job	2026-02-02T16:50:47.2583679Z Prepare workflow directory
build-zephyr	Set up job	2026-02-02T16:50:47.2901843Z Prepare all required actions
build-zephyr	Set up job	2026-02-02T16:50:47.2938893Z Getting action download info
build-zephyr	Set up job	2026-02-02T16:50:47.7669334Z Download action repository 'actions/checkout@v4' (SHA:34e114876b0b11c390a56381ad16ebd13914f8d5)
build-zephyr	Set up job	2026-02-02T16:50:47.8550751Z Download action repository 'actions/setup-python@v5' (SHA:a26af69be951a213d495a4c3e4e4022e16d87065)
build-zephyr	Set up job	2026-02-02T16:50:47.9329495Z Download action repository 'actions/cache@v4' (SHA:0057852bfaa89a56745cba8c7296529d2fc39830)
build-zephyr	Set up job	2026-02-02T16:50:48.1447763Z Complete job name: build-zephyr
build-zephyr	Run actions/checkout@v4	﻿2026-02-02T16:50:48.2169234Z ##[group]Run actions/checkout@v4
build-zephyr	Run actions/checkout@v4	2026-02-02T16:50:48.2170150Z with:
build-zephyr	Run actions/checkout@v4	2026-02-02T16:50:48.2170582Z   repository: w1ne/udslib
build-zephyr	Run actions/checkout@v4	2026-02-02T16:50:48.2171258Z   token: ***
build-zephyr	Run actions/checkout@v4	2026-02-02T16:50:48.2171668Z   ssh-strict: true
build-zephyr	Run actions/checkout@v4	2026-02-02T16:50:48.2172083Z   ssh-user: git
build-zephyr	Run actions/checkout@v4	2026-02-02T16:50:48.2172510Z   persist-credentials: true
build-zephyr	Run actions/checkout@v4	2026-02-02T16:50:48.2172986Z   clean: true
build-zephyr	Run actions/checkout@v4	2026-02-02T16:50:48.2173421Z   sparse-checkout-cone-mode: true
build-zephyr	Run actions/checkout@v4	2026-02-02T16:50:48.2174115Z   fetch-depth: 1
build-zephyr	Run actions/checkout@v4	2026-02-02T16:50:48.2174551Z   fetch-tags: false
build-zephyr	Run actions/checkout@v4	2026-02-02T16:50:48.2174995Z   show-progress: true
build-zephyr	Run actions/checkout@v4	2026-02-02T16:50:48.2175485Z   lfs: false
build-zephyr	Run actions/checkout@v4	2026-02-02T16:50:48.2175884Z   submodules: false
build-zephyr	Run actions/checkout@v4	2026-02-02T16:50:48.2176318Z   set-safe-directory: true
build-zephyr	Run actions/checkout@v4	2026-02-02T16:50:48.2177061Z ##[endgroup]
build-zephyr	Run actions/checkout@v4	2026-02-02T16:50:48.3312935Z Syncing repository: w1ne/udslib
build-zephyr	Run actions/checkout@v4	2026-02-02T16:50:48.3315824Z ##[group]Getting Git version info
build-zephyr	Run actions/checkout@v4	2026-02-02T16:50:48.3317330Z Working directory is '/home/runner/work/udslib/udslib'
build-zephyr	Run actions/checkout@v4	2026-02-02T16:50:48.3319272Z [command]/usr/bin/git version
build-zephyr	Run actions/checkout@v4	2026-02-02T16:50:48.3409086Z git version 2.52.0
build-zephyr	Run actions/checkout@v4	2026-02-02T16:50:48.3435244Z ##[endgroup]
build-zephyr	Run actions/checkout@v4	2026-02-02T16:50:48.3449565Z Temporarily overriding HOME='/home/runner/work/_temp/dbfdee51-a2f2-4b4e-a6f5-d8f262282b82' before making global git config changes
build-zephyr	Run actions/checkout@v4	2026-02-02T16:50:48.3452356Z Adding repository directory to the temporary git global config as a safe directory
build-zephyr	Run actions/checkout@v4	2026-02-02T16:50:48.3454840Z [command]/usr/bin/git config --global --add safe.directory /home/runner/work/udslib/udslib
build-zephyr	Run actions/checkout@v4	2026-02-02T16:50:48.3492858Z Deleting the contents of '/home/runner/work/udslib/udslib'
build-zephyr	Run actions/checkout@v4	2026-02-02T16:50:48.3496826Z ##[group]Initializing the repository
build-zephyr	Run actions/checkout@v4	2026-02-02T16:50:48.3500243Z [command]/usr/bin/git init /home/runner/work/udslib/udslib
build-zephyr	Run actions/checkout@v4	2026-02-02T16:50:48.3604442Z hint: Using 'master' as the name for the initial branch. This default branch name
build-zephyr	Run actions/checkout@v4	2026-02-02T16:50:48.3606328Z hint: will change to "main" in Git 3.0. To configure the initial branch name
build-zephyr	Run actions/checkout@v4	2026-02-02T16:50:48.3608744Z hint: to use in all of your new repositories, which will suppress this warning,
build-zephyr	Run actions/checkout@v4	2026-02-02T16:50:48.3610283Z hint: call:
build-zephyr	Run actions/checkout@v4	2026-02-02T16:50:48.3611041Z hint:
build-zephyr	Run actions/checkout@v4	2026-02-02T16:50:48.3611984Z hint: 	git config --global init.defaultBranch <name>
build-zephyr	Run actions/checkout@v4	2026-02-02T16:50:48.3613201Z hint:
build-zephyr	Run actions/checkout@v4	2026-02-02T16:50:48.3614527Z hint: Names commonly chosen instead of 'master' are 'main', 'trunk' and
build-zephyr	Run actions/checkout@v4	2026-02-02T16:50:48.3616381Z hint: 'development'. The just-created branch can be renamed via this command:
build-zephyr	Run actions/checkout@v4	2026-02-02T16:50:48.3617853Z hint:
build-zephyr	Run actions/checkout@v4	2026-02-02T16:50:48.3618611Z hint: 	git branch -m <name>
build-zephyr	Run actions/checkout@v4	2026-02-02T16:50:48.3619533Z hint:
build-zephyr	Run actions/checkout@v4	2026-02-02T16:50:48.3620753Z hint: Disable this message with "git config set advice.defaultBranchName false"
build-zephyr	Run actions/checkout@v4	2026-02-02T16:50:48.3622800Z Initialized empty Git repository in /home/runner/work/udslib/udslib/.git/
build-zephyr	Run actions/checkout@v4	2026-02-02T16:50:48.3625947Z [command]/usr/bin/git remote add origin https://github.com/w1ne/udslib
build-zephyr	Run actions/checkout@v4	2026-02-02T16:50:48.3656275Z ##[endgroup]
build-zephyr	Run actions/checkout@v4	2026-02-02T16:50:48.3657799Z ##[group]Disabling automatic garbage collection
build-zephyr	Run actions/checkout@v4	2026-02-02T16:50:48.3660316Z [command]/usr/bin/git config --local gc.auto 0
build-zephyr	Run actions/checkout@v4	2026-02-02T16:50:48.3690622Z ##[endgroup]
build-zephyr	Run actions/checkout@v4	2026-02-02T16:50:48.3691939Z ##[group]Setting up auth
build-zephyr	Run actions/checkout@v4	2026-02-02T16:50:48.3697673Z [command]/usr/bin/git config --local --name-only --get-regexp core\.sshCommand
build-zephyr	Run actions/checkout@v4	2026-02-02T16:50:48.3731975Z [command]/usr/bin/git submodule foreach --recursive sh -c "git config --local --name-only --get-regexp 'core\.sshCommand' && git config --local --unset-all 'core.sshCommand' || :"
build-zephyr	Run actions/checkout@v4	2026-02-02T16:50:48.4173628Z [command]/usr/bin/git config --local --name-only --get-regexp http\.https\:\/\/github\.com\/\.extraheader
build-zephyr	Run actions/checkout@v4	2026-02-02T16:50:48.4203174Z [command]/usr/bin/git submodule foreach --recursive sh -c "git config --local --name-only --get-regexp 'http\.https\:\/\/github\.com\/\.extraheader' && git config --local --unset-all 'http.https://github.com/.extraheader' || :"
build-zephyr	Run actions/checkout@v4	2026-02-02T16:50:48.4417833Z [command]/usr/bin/git config --local --name-only --get-regexp ^includeIf\.gitdir:
build-zephyr	Run actions/checkout@v4	2026-02-02T16:50:48.4449156Z [command]/usr/bin/git submodule foreach --recursive git config --local --show-origin --name-only --get-regexp remote.origin.url
build-zephyr	Run actions/checkout@v4	2026-02-02T16:50:48.4668776Z [command]/usr/bin/git config --local http.https://github.com/.extraheader AUTHORIZATION: basic ***
build-zephyr	Run actions/checkout@v4	2026-02-02T16:50:48.4701407Z ##[endgroup]
build-zephyr	Run actions/checkout@v4	2026-02-02T16:50:48.4702855Z ##[group]Fetching the repository
build-zephyr	Run actions/checkout@v4	2026-02-02T16:50:48.4711449Z [command]/usr/bin/git -c protocol.version=2 fetch --no-tags --prune --no-recurse-submodules --depth=1 origin +40d822c30f8dbeeed37cf7b979ab9a3ad8ce49cc:refs/remotes/pull/9/merge
build-zephyr	Run actions/checkout@v4	2026-02-02T16:50:48.9212166Z From https://github.com/w1ne/udslib
build-zephyr	Run actions/checkout@v4	2026-02-02T16:50:48.9214400Z  * [new ref]         40d822c30f8dbeeed37cf7b979ab9a3ad8ce49cc -> pull/9/merge
build-zephyr	Run actions/checkout@v4	2026-02-02T16:50:48.9247357Z ##[endgroup]
build-zephyr	Run actions/checkout@v4	2026-02-02T16:50:48.9249185Z ##[group]Determining the checkout info
build-zephyr	Run actions/checkout@v4	2026-02-02T16:50:48.9251163Z ##[endgroup]
build-zephyr	Run actions/checkout@v4	2026-02-02T16:50:48.9255802Z [command]/usr/bin/git sparse-checkout disable
build-zephyr	Run actions/checkout@v4	2026-02-02T16:50:48.9298893Z [command]/usr/bin/git config --local --unset-all extensions.worktreeConfig
build-zephyr	Run actions/checkout@v4	2026-02-02T16:50:48.9325845Z ##[group]Checking out the ref
build-zephyr	Run actions/checkout@v4	2026-02-02T16:50:48.9329496Z [command]/usr/bin/git checkout --progress --force refs/remotes/pull/9/merge
build-zephyr	Run actions/checkout@v4	2026-02-02T16:50:48.9441117Z Note: switching to 'refs/remotes/pull/9/merge'.
build-zephyr	Run actions/checkout@v4	2026-02-02T16:50:48.9442411Z 
build-zephyr	Run actions/checkout@v4	2026-02-02T16:50:48.9443450Z You are in 'detached HEAD' state. You can look around, make experimental
build-zephyr	Run actions/checkout@v4	2026-02-02T16:50:48.9446384Z changes and commit them, and you can discard any commits you make in this
build-zephyr	Run actions/checkout@v4	2026-02-02T16:50:48.9449244Z state without impacting any branches by switching back to a branch.
build-zephyr	Run actions/checkout@v4	2026-02-02T16:50:48.9451137Z 
build-zephyr	Run actions/checkout@v4	2026-02-02T16:50:48.9452359Z If you want to create a new branch to retain commits you create, you may
build-zephyr	Run actions/checkout@v4	2026-02-02T16:50:48.9455143Z do so (now or later) by using -c with the switch command. Example:
build-zephyr	Run actions/checkout@v4	2026-02-02T16:50:48.9456702Z 
build-zephyr	Run actions/checkout@v4	2026-02-02T16:50:48.9457254Z   git switch -c <new-branch-name>
build-zephyr	Run actions/checkout@v4	2026-02-02T16:50:48.9458217Z 
build-zephyr	Run actions/checkout@v4	2026-02-02T16:50:48.9458731Z Or undo this operation with:
build-zephyr	Run actions/checkout@v4	2026-02-02T16:50:48.9459896Z 
build-zephyr	Run actions/checkout@v4	2026-02-02T16:50:48.9460374Z   git switch -
build-zephyr	Run actions/checkout@v4	2026-02-02T16:50:48.9460928Z 
build-zephyr	Run actions/checkout@v4	2026-02-02T16:50:48.9461696Z Turn off this advice by setting config variable advice.detachedHead to false
build-zephyr	Run actions/checkout@v4	2026-02-02T16:50:48.9462828Z 
build-zephyr	Run actions/checkout@v4	2026-02-02T16:50:48.9464365Z HEAD is now at 40d822c Merge 529a7bfb443f8cf7c537190e2bf5a8813c513789 into 1a98c832c59b49c4c6bd2187edbf784dd7b090c6
build-zephyr	Run actions/checkout@v4	2026-02-02T16:50:48.9469967Z ##[endgroup]
build-zephyr	Run actions/checkout@v4	2026-02-02T16:50:48.9486234Z [command]/usr/bin/git log -1 --format=%H
build-zephyr	Run actions/checkout@v4	2026-02-02T16:50:48.9507892Z 40d822c30f8dbeeed37cf7b979ab9a3ad8ce49cc
build-zephyr	Set up Python	﻿2026-02-02T16:50:48.9825645Z ##[group]Run actions/setup-python@v5
build-zephyr	Set up Python	2026-02-02T16:50:48.9826846Z with:
build-zephyr	Set up Python	2026-02-02T16:50:48.9827661Z   python-version: 3.10
build-zephyr	Set up Python	2026-02-02T16:50:48.9828633Z   check-latest: false
build-zephyr	Set up Python	2026-02-02T16:50:48.9829820Z   token: ***
build-zephyr	Set up Python	2026-02-02T16:50:48.9830681Z   update-environment: true
build-zephyr	Set up Python	2026-02-02T16:50:48.9831749Z   allow-prereleases: false
build-zephyr	Set up Python	2026-02-02T16:50:48.9832757Z   freethreaded: false
build-zephyr	Set up Python	2026-02-02T16:50:48.9833678Z ##[endgroup]
build-zephyr	Set up Python	2026-02-02T16:50:49.1554907Z ##[group]Installed versions
build-zephyr	Set up Python	2026-02-02T16:50:49.1655155Z Successfully set up CPython (3.10.19)
build-zephyr	Set up Python	2026-02-02T16:50:49.1658143Z ##[endgroup]
build-zephyr	Cache Zephyr Workspace	﻿2026-02-02T16:50:49.2397406Z ##[group]Run actions/cache@v4
build-zephyr	Cache Zephyr Workspace	2026-02-02T16:50:49.2398407Z with:
build-zephyr	Cache Zephyr Workspace	2026-02-02T16:50:49.2399148Z   path: zephyr-workspace
build-zephyr	Cache Zephyr Workspace	2026-02-02T16:50:49.2400798Z   key: Linux-zephyr-4.3.99-38c3fc4460f92a6cf65f6dca506087c6271d589b7e12bfbf3ab3953dcd8fadd8
build-zephyr	Cache Zephyr Workspace	2026-02-02T16:50:49.2402667Z   enableCrossOsArchive: false
build-zephyr	Cache Zephyr Workspace	2026-02-02T16:50:49.2403658Z   fail-on-cache-miss: false
build-zephyr	Cache Zephyr Workspace	2026-02-02T16:50:49.2404777Z   lookup-only: false
build-zephyr	Cache Zephyr Workspace	2026-02-02T16:50:49.2405610Z   save-always: false
build-zephyr	Cache Zephyr Workspace	2026-02-02T16:50:49.2406416Z env:
build-zephyr	Cache Zephyr Workspace	2026-02-02T16:50:49.2407364Z   pythonLocation: /opt/hostedtoolcache/Python/3.10.19/x64
build-zephyr	Cache Zephyr Workspace	2026-02-02T16:50:49.2409067Z   PKG_CONFIG_PATH: /opt/hostedtoolcache/Python/3.10.19/x64/lib/pkgconfig
build-zephyr	Cache Zephyr Workspace	2026-02-02T16:50:49.2410765Z   Python_ROOT_DIR: /opt/hostedtoolcache/Python/3.10.19/x64
build-zephyr	Cache Zephyr Workspace	2026-02-02T16:50:49.2412276Z   Python2_ROOT_DIR: /opt/hostedtoolcache/Python/3.10.19/x64
build-zephyr	Cache Zephyr Workspace	2026-02-02T16:50:49.2413836Z   Python3_ROOT_DIR: /opt/hostedtoolcache/Python/3.10.19/x64
build-zephyr	Cache Zephyr Workspace	2026-02-02T16:50:49.2415610Z   LD_LIBRARY_PATH: /opt/hostedtoolcache/Python/3.10.19/x64/lib
build-zephyr	Cache Zephyr Workspace	2026-02-02T16:50:49.2416952Z ##[endgroup]
build-zephyr	Cache Zephyr Workspace	2026-02-02T16:50:49.6362076Z Cache not found for input keys: Linux-zephyr-4.3.99-38c3fc4460f92a6cf65f6dca506087c6271d589b7e12bfbf3ab3953dcd8fadd8
build-zephyr	Cache Zephyr SDK	﻿2026-02-02T16:50:49.6550385Z ##[group]Run actions/cache@v4
build-zephyr	Cache Zephyr SDK	2026-02-02T16:50:49.6551363Z with:
build-zephyr	Cache Zephyr SDK	2026-02-02T16:50:49.6552088Z   path: /opt/zephyr-sdk
build-zephyr	Cache Zephyr SDK	2026-02-02T16:50:49.6552973Z   key: Linux-zephyr-sdk-0.16.5
build-zephyr	Cache Zephyr SDK	2026-02-02T16:50:49.6554197Z   enableCrossOsArchive: false
build-zephyr	Cache Zephyr SDK	2026-02-02T16:50:49.6555179Z   fail-on-cache-miss: false
build-zephyr	Cache Zephyr SDK	2026-02-02T16:50:49.6556088Z   lookup-only: false
build-zephyr	Cache Zephyr SDK	2026-02-02T16:50:49.6556885Z   save-always: false
build-zephyr	Cache Zephyr SDK	2026-02-02T16:50:49.6557663Z env:
build-zephyr	Cache Zephyr SDK	2026-02-02T16:50:49.6558597Z   pythonLocation: /opt/hostedtoolcache/Python/3.10.19/x64
build-zephyr	Cache Zephyr SDK	2026-02-02T16:50:49.6560256Z   PKG_CONFIG_PATH: /opt/hostedtoolcache/Python/3.10.19/x64/lib/pkgconfig
build-zephyr	Cache Zephyr SDK	2026-02-02T16:50:49.6561950Z   Python_ROOT_DIR: /opt/hostedtoolcache/Python/3.10.19/x64
build-zephyr	Cache Zephyr SDK	2026-02-02T16:50:49.6563446Z   Python2_ROOT_DIR: /opt/hostedtoolcache/Python/3.10.19/x64
build-zephyr	Cache Zephyr SDK	2026-02-02T16:50:49.6565145Z   Python3_ROOT_DIR: /opt/hostedtoolcache/Python/3.10.19/x64
build-zephyr	Cache Zephyr SDK	2026-02-02T16:50:49.6566671Z   LD_LIBRARY_PATH: /opt/hostedtoolcache/Python/3.10.19/x64/lib
build-zephyr	Cache Zephyr SDK	2026-02-02T16:50:49.6567926Z ##[endgroup]
build-zephyr	Cache Zephyr SDK	2026-02-02T16:50:50.0666871Z Cache not found for input keys: Linux-zephyr-sdk-0.16.5
build-zephyr	Install Zephyr SDK	﻿2026-02-02T16:50:50.0821279Z ##[group]Run wget https://github.com/zephyrproject-rtos/sdk-ng/releases/download/v0.16.5/zephyr-sdk-0.16.5_linux-x86_64_minimal.tar.xz
build-zephyr	Install Zephyr SDK	2026-02-02T16:50:50.0824866Z [36;1mwget https://github.com/zephyrproject-rtos/sdk-ng/releases/download/v0.16.5/zephyr-sdk-0.16.5_linux-x86_64_minimal.tar.xz[0m
build-zephyr	Install Zephyr SDK	2026-02-02T16:50:50.0827059Z [36;1msudo mkdir -p /opt/zephyr-sdk[0m
build-zephyr	Install Zephyr SDK	2026-02-02T16:50:50.0828852Z [36;1msudo tar -xvf zephyr-sdk-0.16.5_linux-x86_64_minimal.tar.xz -C /opt/zephyr-sdk --strip-components=1[0m
build-zephyr	Install Zephyr SDK	2026-02-02T16:50:50.0830923Z [36;1mcd /opt/zephyr-sdk[0m
build-zephyr	Install Zephyr SDK	2026-02-02T16:50:50.0831899Z [36;1m./setup.sh -t x86_64-zephyr-elf -c[0m
build-zephyr	Install Zephyr SDK	2026-02-02T16:50:50.0875383Z shell: /usr/bin/bash -e {0}
build-zephyr	Install Zephyr SDK	2026-02-02T16:50:50.0876268Z env:
build-zephyr	Install Zephyr SDK	2026-02-02T16:50:50.0877169Z   pythonLocation: /opt/hostedtoolcache/Python/3.10.19/x64
build-zephyr	Install Zephyr SDK	2026-02-02T16:50:50.0878739Z   PKG_CONFIG_PATH: /opt/hostedtoolcache/Python/3.10.19/x64/lib/pkgconfig
build-zephyr	Install Zephyr SDK	2026-02-02T16:50:50.0880318Z   Python_ROOT_DIR: /opt/hostedtoolcache/Python/3.10.19/x64
build-zephyr	Install Zephyr SDK	2026-02-02T16:50:50.0881768Z   Python2_ROOT_DIR: /opt/hostedtoolcache/Python/3.10.19/x64
build-zephyr	Install Zephyr SDK	2026-02-02T16:50:50.0883186Z   Python3_ROOT_DIR: /opt/hostedtoolcache/Python/3.10.19/x64
build-zephyr	Install Zephyr SDK	2026-02-02T16:50:50.0884777Z   LD_LIBRARY_PATH: /opt/hostedtoolcache/Python/3.10.19/x64/lib
build-zephyr	Install Zephyr SDK	2026-02-02T16:50:50.0885974Z ##[endgroup]
build-zephyr	Install Zephyr SDK	2026-02-02T16:50:50.1011518Z --2026-02-02 16:50:50--  https://github.com/zephyrproject-rtos/sdk-ng/releases/download/v0.16.5/zephyr-sdk-0.16.5_linux-x86_64_minimal.tar.xz
build-zephyr	Install Zephyr SDK	2026-02-02T16:50:50.1269474Z Resolving github.com (github.com)... 140.82.116.3
build-zephyr	Install Zephyr SDK	2026-02-02T16:50:50.1456133Z Connecting to github.com (github.com)|140.82.116.3|:443... connected.
build-zephyr	Install Zephyr SDK	2026-02-02T16:50:50.3556470Z HTTP request sent, awaiting response... 302 Found
build-zephyr	Install Zephyr SDK	2026-02-02T16:50:50.3585998Z Location: https://release-assets.githubusercontent.com/github-production-release-asset/92793986/d3ebe04d-3fc8-423c-8bf0-ddc2b0901eae?sp=r&sv=2018-11-09&sr=b&spr=https&se=2026-02-02T17%3A39%3A47Z&rscd=attachment%3B+filename%3Dzephyr-sdk-0.16.5_linux-x86_64_minimal.tar.xz&rsct=application%2Foctet-stream&skoid=96c2d410-5711-43a1-aedd-ab1947aa7ab0&sktid=398a6654-997b-47e9-b12b-9515b896b4de&skt=2026-02-02T16%3A39%3A18Z&ske=2026-02-02T17%3A39%3A47Z&sks=b&skv=2018-11-09&sig=%2FRzN2qGL8e7%2FMon6XTgeJ%2F%2Fxc4UvT1tAg1zGcSbXJTI%3D&jwt=*** [following]
build-zephyr	Install Zephyr SDK	2026-02-02T16:50:50.3625678Z --2026-02-02 16:50:50--  https://release-assets.githubusercontent.com/github-production-release-asset/92793986/d3ebe04d-3fc8-423c-8bf0-ddc2b0901eae?sp=r&sv=2018-11-09&sr=b&spr=https&se=2026-02-02T17%3A39%3A47Z&rscd=attachment%3B+filename%3Dzephyr-sdk-0.16.5_linux-x86_64_minimal.tar.xz&rsct=application%2Foctet-stream&skoid=96c2d410-5711-43a1-aedd-ab1947aa7ab0&sktid=398a6654-997b-47e9-b12b-9515b896b4de&skt=2026-02-02T16%3A39%3A18Z&ske=2026-02-02T17%3A39%3A47Z&sks=b&skv=2018-11-09&sig=%2FRzN2qGL8e7%2FMon6XTgeJ%2F%2Fxc4UvT1tAg1zGcSbXJTI%3D&jwt=***
build-zephyr	Install Zephyr SDK	2026-02-02T16:50:50.3641353Z Resolving release-assets.githubusercontent.com (release-assets.githubusercontent.com)... 185.199.109.133, 185.199.110.133, 185.199.111.133, ...
build-zephyr	Install Zephyr SDK	2026-02-02T16:50:50.3647712Z Connecting to release-assets.githubusercontent.com (release-assets.githubusercontent.com)|185.199.109.133|:443... connected.
build-zephyr	Install Zephyr SDK	2026-02-02T16:50:50.3687070Z HTTP request sent, awaiting response... 200 OK
build-zephyr	Install Zephyr SDK	2026-02-02T16:50:50.3689219Z Length: 41569904 (40M) [application/octet-stream]
build-zephyr	Install Zephyr SDK	2026-02-02T16:50:50.3692125Z Saving to: ‘zephyr-sdk-0.16.5_linux-x86_64_minimal.tar.xz’
build-zephyr	Install Zephyr SDK	2026-02-02T16:50:50.3860530Z 
build-zephyr	Install Zephyr SDK	2026-02-02T16:50:50.3876336Z      0K .......... .......... .......... .......... ..........  0% 2.60M 15s
build-zephyr	Install Zephyr SDK	2026-02-02T16:50:50.3880040Z     50K .......... .......... .......... .......... ..........  0%  132M 8s
build-zephyr	Install Zephyr SDK	2026-02-02T16:50:50.3894728Z    100K .......... .......... .......... .......... ..........  0% 33.3M 6s
build-zephyr	Install Zephyr SDK	2026-02-02T16:50:50.3910858Z    150K .......... .......... .......... .......... ..........  0% 30.0M 4s
build-zephyr	Install Zephyr SDK	2026-02-02T16:50:50.3913092Z    200K .......... .......... .......... .......... ..........  0%  196M 4s
build-zephyr	Install Zephyr SDK	2026-02-02T16:50:50.3917069Z    250K .......... .......... .......... .......... ..........  0%  128M 3s
build-zephyr	Install Zephyr SDK	2026-02-02T16:50:50.3925650Z    300K .......... .......... .......... .......... ..........  0% 57.3M 3s
build-zephyr	Install Zephyr SDK	2026-02-02T16:50:50.3930653Z    350K .......... .......... .......... .......... ..........  0%  106M 2s
build-zephyr	Install Zephyr SDK	2026-02-02T16:50:50.3936165Z    400K .......... .......... .......... .......... ..........  1% 80.7M 2s
build-zephyr	Install Zephyr SDK	2026-02-02T16:50:50.3938157Z    450K .......... .......... .......... .......... ..........  1%  329M 2s
build-zephyr	Install Zephyr SDK	2026-02-02T16:50:50.3944072Z    500K .......... .......... .......... .......... ..........  1% 79.9M 2s
build-zephyr	Install Zephyr SDK	2026-02-02T16:50:50.3946104Z    550K .......... .......... .......... .......... ..........  1%  338M 2s
build-zephyr	Install Zephyr SDK	2026-02-02T16:50:50.3948396Z    600K .......... .......... .......... .......... ..........  1%  284M 2s
build-zephyr	Install Zephyr SDK	2026-02-02T16:50:50.3950867Z    650K .......... .......... .......... .......... ..........  1%  128M 1s
build-zephyr	Install Zephyr SDK	2026-02-02T16:50:50.3953141Z    700K .......... .......... .......... .......... ..........  1%  311M 1s
build-zephyr	Install Zephyr SDK	2026-02-02T16:50:50.3955623Z    750K .......... .......... .......... .......... ..........  1%  325M 1s
build-zephyr	Install Zephyr SDK	2026-02-02T16:50:50.3968848Z    800K .......... .......... .......... .......... ..........  2% 32.5M 1s
build-zephyr	Install Zephyr SDK	2026-02-02T16:50:50.3970912Z    850K .......... .......... .......... .......... ..........  2%  307M 1s
build-zephyr	Install Zephyr SDK	2026-02-02T16:50:50.3973196Z    900K .......... .......... .......... .......... ..........  2%  263M 1s
build-zephyr	Install Zephyr SDK	2026-02-02T16:50:50.3979568Z    950K .......... .......... .......... .......... ..........  2% 77.3M 1s
build-zephyr	Install Zephyr SDK	2026-02-02T16:50:50.3981872Z   1000K .......... .......... .......... .......... ..........  2%  245M 1s
build-zephyr	Install Zephyr SDK	2026-02-02T16:50:50.3983764Z   1050K .......... .......... .......... .......... ..........  2%  332M 1s
build-zephyr	Install Zephyr SDK	2026-02-02T16:50:50.3985748Z   1100K .......... .......... .......... .......... ..........  2%  346M 1s
build-zephyr	Install Zephyr SDK	2026-02-02T16:50:50.3987958Z   1150K .......... .......... .......... .......... ..........  2%  179M 1s
build-zephyr	Install Zephyr SDK	2026-02-02T16:50:50.3989842Z   1200K .......... .......... .......... .......... ..........  3%  253M 1s
build-zephyr	Install Zephyr SDK	2026-02-02T16:50:50.3991731Z   1250K .......... .......... .......... .......... ..........  3%  333M 1s
build-zephyr	Install Zephyr SDK	2026-02-02T16:50:50.3993677Z   1300K .......... .......... .......... .......... ..........  3%  343M 1s
build-zephyr	Install Zephyr SDK	2026-02-02T16:50:50.3996150Z   1350K .......... .......... .......... .......... ..........  3%  182M 1s
build-zephyr	Install Zephyr SDK	2026-02-02T16:50:50.3999191Z   1400K .......... .......... .......... .......... ..........  3%  140M 1s
build-zephyr	Install Zephyr SDK	2026-02-02T16:50:50.4000782Z   1450K .......... .......... .......... .......... ..........  3%  322M 1s
build-zephyr	Install Zephyr SDK	2026-02-02T16:50:50.4003317Z   1500K .......... .......... .......... .......... ..........  3%  117M 1s
build-zephyr	Install Zephyr SDK	2026-02-02T16:50:50.4005525Z   1550K .......... .......... .......... .......... ..........  3%  313M 1s
build-zephyr	Install Zephyr SDK	2026-02-02T16:50:50.4009172Z   1600K .......... .......... .......... .......... ..........  4%  107M 1s
build-zephyr	Install Zephyr SDK	2026-02-02T16:50:50.4011538Z   1650K .......... .......... .......... .......... ..........  4%  321M 1s
build-zephyr	Install Zephyr SDK	2026-02-02T16:50:50.4013651Z   1700K .......... .......... .......... .......... ..........  4%  340M 1s
build-zephyr	Install Zephyr SDK	2026-02-02T16:50:50.4016272Z   1750K .......... .......... .......... .......... ..........  4%  158M 1s
build-zephyr	Install Zephyr SDK	2026-02-02T16:50:50.4018237Z   1800K .......... .......... .......... .......... ..........  4%  294M 1s
build-zephyr	Install Zephyr SDK	2026-02-02T16:50:50.4020801Z   1850K .......... .......... .......... .......... ..........  4%  179M 1s
build-zephyr	Install Zephyr SDK	2026-02-02T16:50:50.4022424Z   1900K .......... .......... .......... .......... ..........  4%  315M 1s
build-zephyr	Install Zephyr SDK	2026-02-02T16:50:50.4026533Z   1950K .......... .......... .......... .......... ..........  4% 99.9M 1s
build-zephyr	Install Zephyr SDK	2026-02-02T16:50:50.4028899Z   2000K .......... .......... .......... .......... ..........  5%  267M 1s
build-zephyr	Install Zephyr SDK	2026-02-02T16:50:50.4030317Z   2050K .......... .......... .......... .......... ..........  5%  342M 1s
build-zephyr	Install Zephyr SDK	2026-02-02T16:50:50.4035272Z   2100K .......... .......... .......... .......... ..........  5% 85.4M 1s
build-zephyr	Install Zephyr SDK	2026-02-02T16:50:50.4037716Z   2150K .......... .......... .......... .......... ..........  5%  294M 1s
build-zephyr	Install Zephyr SDK	2026-02-02T16:50:50.4039698Z   2200K .......... .......... .......... .......... ..........  5%  347M 1s
build-zephyr	Install Zephyr SDK	2026-02-02T16:50:50.4041355Z   2250K .......... .......... .......... .......... ..........  5%  340M 1s
build-zephyr	Install Zephyr SDK	2026-02-02T16:50:50.4044739Z   2300K .......... .......... .......... .......... ..........  5% 93.3M 1s
build-zephyr	Install Zephyr SDK	2026-02-02T16:50:50.4047169Z   2350K .......... .......... .......... .......... ..........  5%  284M 1s
build-zephyr	Install Zephyr SDK	2026-02-02T16:50:50.4048972Z   2400K .......... .......... .......... .......... ..........  6%  251M 1s
build-zephyr	Install Zephyr SDK	2026-02-02T16:50:50.4052871Z   2450K .......... .......... .......... .......... ..........  6%  111M 1s
build-zephyr	Install Zephyr SDK	2026-02-02T16:50:50.4055478Z   2500K .......... .......... .......... .......... ..........  6%  328M 1s
build-zephyr	Install Zephyr SDK	2026-02-02T16:50:50.4057277Z   2550K .......... .......... .......... .......... ..........  6%  308M 1s
build-zephyr	Install Zephyr SDK	2026-02-02T16:50:50.4058823Z   2600K .......... .......... .......... .......... ..........  6%  336M 1s
build-zephyr	Install Zephyr SDK	2026-02-02T16:50:50.4061628Z   2650K .......... .......... .......... .......... ..........  6%  111M 1s
build-zephyr	Install Zephyr SDK	2026-02-02T16:50:50.4064211Z   2700K .......... .......... .......... .......... ..........  6%  324M 1s
build-zephyr	Install Zephyr SDK	2026-02-02T16:50:50.4066184Z   2750K .......... .......... .......... .......... ..........  6%  307M 1s
build-zephyr	Install Zephyr SDK	2026-02-02T16:50:50.4069022Z   2800K .......... .......... .......... .......... ..........  7%  114M 1s
build-zephyr	Install Zephyr SDK	2026-02-02T16:50:50.4071438Z   2850K .......... .......... .......... .......... ..........  7%  310M 0s
build-zephyr	Install Zephyr SDK	2026-02-02T16:50:50.4073508Z   2900K .......... .......... .......... .......... ..........  7%  337M 0s
build-zephyr	Install Zephyr SDK	2026-02-02T16:50:50.4075170Z   2950K .......... .......... .......... .......... ..........  7%  345M 0s
build-zephyr	Install Zephyr SDK	2026-02-02T16:50:50.4079082Z   3000K .......... .......... .......... .......... ..........  7% 90.4M 0s
build-zephyr	Install Zephyr SDK	2026-02-02T16:50:50.4081513Z   3050K .......... .......... .......... .......... ..........  7%  324M 0s
build-zephyr	Install Zephyr SDK	2026-02-02T16:50:50.4083457Z   3100K .......... .......... .......... .......... ..........  7%  298M 0s
build-zephyr	Install Zephyr SDK	2026-02-02T16:50:50.4088113Z   3150K .......... .......... .......... .......... ..........  7%  359M 0s
build-zephyr	Install Zephyr SDK	2026-02-02T16:50:50.4092635Z   3200K .......... .......... .......... .......... ..........  8% 52.9M 0s
build-zephyr	Install Zephyr SDK	2026-02-02T16:50:50.4095241Z   3250K .......... .......... .......... .......... ..........  8%  313M 0s
build-zephyr	Install Zephyr SDK	2026-02-02T16:50:50.4096847Z   3300K .......... .......... .......... .......... ..........  8%  305M 0s
build-zephyr	Install Zephyr SDK	2026-02-02T16:50:50.4100837Z   3350K .......... .......... .......... .......... ..........  8%  102M 0s
build-zephyr	Install Zephyr SDK	2026-02-02T16:50:50.4103259Z   3400K .......... .......... .......... .......... ..........  8%  307M 0s
build-zephyr	Install Zephyr SDK	2026-02-02T16:50:50.4105516Z   3450K .......... .......... .......... .......... ..........  8%  300M 0s
build-zephyr	Install Zephyr SDK	2026-02-02T16:50:50.4107415Z   3500K .......... .......... .......... .......... ..........  8%  359M 0s
build-zephyr	Install Zephyr SDK	2026-02-02T16:50:50.4110003Z   3550K .......... .......... .......... .......... ..........  8%  112M 0s
build-zephyr	Install Zephyr SDK	2026-02-02T16:50:50.4112360Z   3600K .......... .......... .......... .......... ..........  8%  246M 0s
build-zephyr	Install Zephyr SDK	2026-02-02T16:50:50.4114136Z   3650K .......... .......... .......... .......... ..........  9%  346M 0s
build-zephyr	Install Zephyr SDK	2026-02-02T16:50:50.4118599Z   3700K .......... .......... .......... .......... ..........  9% 86.0M 0s
build-zephyr	Install Zephyr SDK	2026-02-02T16:50:50.4120723Z   3750K .......... .......... .......... .......... ..........  9%  295M 0s
build-zephyr	Install Zephyr SDK	2026-02-02T16:50:50.4123037Z   3800K .......... .......... .......... .......... ..........  9%  342M 0s
build-zephyr	Install Zephyr SDK	2026-02-02T16:50:50.4129213Z   3850K .......... .......... .......... .......... ..........  9% 66.7M 0s
build-zephyr	Install Zephyr SDK	2026-02-02T16:50:50.4131326Z   3900K .......... .......... .......... .......... ..........  9%  277M 0s
build-zephyr	Install Zephyr SDK	2026-02-02T16:50:50.4133634Z   3950K .......... .......... .......... .......... ..........  9%  345M 0s
build-zephyr	Install Zephyr SDK	2026-02-02T16:50:50.4136091Z   4000K .......... .......... .......... .......... ..........  9%  260M 0s
build-zephyr	Install Zephyr SDK	2026-02-02T16:50:50.4139294Z   4050K .......... .......... .......... .......... .......... 10% 89.6M 0s
build-zephyr	Install Zephyr SDK	2026-02-02T16:50:50.4141384Z   4100K .......... .......... .......... .......... .......... 10%  322M 0s
build-zephyr	Install Zephyr SDK	2026-02-02T16:50:50.4143663Z   4150K .......... .......... .......... .......... .......... 10%  342M 0s
build-zephyr	Install Zephyr SDK	2026-02-02T16:50:50.4147957Z   4200K .......... .......... .......... .......... .......... 10% 89.8M 0s
build-zephyr	Install Zephyr SDK	2026-02-02T16:50:50.4150278Z   4250K .......... .......... .......... .......... .......... 10%  273M 0s
build-zephyr	Install Zephyr SDK	2026-02-02T16:50:50.4152575Z   4300K .......... .......... .......... .......... .......... 10%  334M 0s
build-zephyr	Install Zephyr SDK	2026-02-02T16:50:50.4155027Z   4350K .......... .......... .......... .......... .......... 10%  343M 0s
build-zephyr	Install Zephyr SDK	2026-02-02T16:50:50.4158123Z   4400K .......... .......... .......... .......... .......... 10% 85.3M 0s
build-zephyr	Install Zephyr SDK	2026-02-02T16:50:50.4160235Z   4450K .......... .......... .......... .......... .......... 11%  313M 0s
build-zephyr	Install Zephyr SDK	2026-02-02T16:50:50.4162532Z   4500K .......... .......... .......... .......... .......... 11%  318M 0s
build-zephyr	Install Zephyr SDK	2026-02-02T16:50:50.4167004Z   4550K .......... .......... .......... .......... .......... 11% 89.8M 0s
build-zephyr	Install Zephyr SDK	2026-02-02T16:50:50.4169267Z   4600K .......... .......... .......... .......... .......... 11%  288M 0s
build-zephyr	Install Zephyr SDK	2026-02-02T16:50:50.4171561Z   4650K .......... .......... .......... .......... .......... 11%  319M 0s
build-zephyr	Install Zephyr SDK	2026-02-02T16:50:50.4174044Z   4700K .......... .......... .......... .......... .......... 11%  352M 0s
build-zephyr	Install Zephyr SDK	2026-02-02T16:50:50.4176499Z   4750K .......... .......... .......... .......... .......... 11%  102M 0s
build-zephyr	Install Zephyr SDK	2026-02-02T16:50:50.4179043Z   4800K .......... .......... .......... .......... .......... 11%  255M 0s
build-zephyr	Install Zephyr SDK	2026-02-02T16:50:50.4181052Z   4850K .......... .......... .......... .......... .......... 12%  414M 0s
build-zephyr	Install Zephyr SDK	2026-02-02T16:50:50.4184978Z   4900K .......... .......... .......... .......... .......... 12% 96.1M 0s
build-zephyr	Install Zephyr SDK	2026-02-02T16:50:50.4187307Z   4950K .......... .......... .......... .......... .......... 12%  255M 0s
build-zephyr	Install Zephyr SDK	2026-02-02T16:50:50.4189616Z   5000K .......... .......... .......... .......... .......... 12%  320M 0s
build-zephyr	Install Zephyr SDK	2026-02-02T16:50:50.4191669Z   5050K .......... .......... .......... .......... .......... 12%  349M 0s
build-zephyr	Install Zephyr SDK	2026-02-02T16:50:50.4196227Z   5100K .......... .......... .......... .......... .......... 12% 69.5M 0s
build-zephyr	Install Zephyr SDK	2026-02-02T16:50:50.4198146Z   5150K .......... .......... .......... .......... .......... 12%  316M 0s
build-zephyr	Install Zephyr SDK	2026-02-02T16:50:50.4200443Z   5200K .......... .......... .......... .......... .......... 12%  261M 0s
build-zephyr	Install Zephyr SDK	2026-02-02T16:50:50.4205714Z   5250K .......... .......... .......... .......... .......... 13% 88.5M 0s
build-zephyr	Install Zephyr SDK	2026-02-02T16:50:50.4207803Z   5300K .......... .......... .......... .......... .......... 13%  252M 0s
build-zephyr	Install Zephyr SDK	2026-02-02T16:50:50.4209720Z   5350K .......... .......... .......... .......... .......... 13%  334M 0s
build-zephyr	Install Zephyr SDK	2026-02-02T16:50:50.4211125Z   5400K .......... .......... .......... .......... .......... 13%  335M 0s
build-zephyr	Install Zephyr SDK	2026-02-02T16:50:50.4216191Z   5450K .......... .......... .......... .......... .......... 13% 83.3M 0s
build-zephyr	Install Zephyr SDK	2026-02-02T16:50:50.4218156Z   5500K .......... .......... .......... .......... .......... 13%  406M 0s
build-zephyr	Install Zephyr SDK	2026-02-02T16:50:50.4219788Z   5550K .......... .......... .......... .......... .......... 13%  334M 0s
build-zephyr	Install Zephyr SDK	2026-02-02T16:50:50.4225716Z   5600K .......... .......... .......... .......... .......... 13% 69.2M 0s
build-zephyr	Install Zephyr SDK	2026-02-02T16:50:50.4227735Z   5650K .......... .......... .......... .......... .......... 14%  312M 0s
build-zephyr	Install Zephyr SDK	2026-02-02T16:50:50.4229689Z   5700K .......... .......... .......... .......... .......... 14%  342M 0s
build-zephyr	Install Zephyr SDK	2026-02-02T16:50:50.4231175Z   5750K .......... .......... .......... .......... .......... 14%  330M 0s
build-zephyr	Install Zephyr SDK	2026-02-02T16:50:50.4235144Z   5800K .......... .......... .......... .......... .......... 14%  107M 0s
build-zephyr	Install Zephyr SDK	2026-02-02T16:50:50.4237170Z   5850K .......... .......... .......... .......... .......... 14%  321M 0s
build-zephyr	Install Zephyr SDK	2026-02-02T16:50:50.4238995Z   5900K .......... .......... .......... .......... .......... 14%  318M 0s
build-zephyr	Install Zephyr SDK	2026-02-02T16:50:50.4240379Z   5950K .......... .......... .......... .......... .......... 14%  343M 0s
build-zephyr	Install Zephyr SDK	2026-02-02T16:50:50.4244664Z   6000K .......... .......... .......... .......... .......... 14% 95.5M 0s
build-zephyr	Install Zephyr SDK	2026-02-02T16:50:50.4247146Z   6050K .......... .......... .......... .......... .......... 15%  259M 0s
build-zephyr	Install Zephyr SDK	2026-02-02T16:50:50.4248784Z   6100K .......... .......... .......... .......... .......... 15%  333M 0s
build-zephyr	Install Zephyr SDK	2026-02-02T16:50:50.4255003Z   6150K .......... .......... .......... .......... .......... 15% 74.1M 0s
build-zephyr	Install Zephyr SDK	2026-02-02T16:50:50.4257413Z   6200K .......... .......... .......... .......... .......... 15%  299M 0s
build-zephyr	Install Zephyr SDK	2026-02-02T16:50:50.4259453Z   6250K .......... .......... .......... .......... .......... 15%  281M 0s
build-zephyr	Install Zephyr SDK	2026-02-02T16:50:50.4260867Z   6300K .......... .......... .......... .......... .......... 15%  368M 0s
build-zephyr	Install Zephyr SDK	2026-02-02T16:50:50.4265785Z   6350K .......... .......... .......... .......... .......... 15% 81.2M 0s
build-zephyr	Install Zephyr SDK	2026-02-02T16:50:50.4268072Z   6400K .......... .......... .......... .......... .......... 15%  211M 0s
build-zephyr	Install Zephyr SDK	2026-02-02T16:50:50.4270365Z   6450K .......... .......... .......... .......... .......... 16%  338M 0s
build-zephyr	Install Zephyr SDK	2026-02-02T16:50:50.4274279Z   6500K .......... .......... .......... .......... .......... 16% 88.7M 0s
build-zephyr	Install Zephyr SDK	2026-02-02T16:50:50.4276541Z   6550K .......... .......... .......... .......... .......... 16%  259M 0s
build-zephyr	Install Zephyr SDK	2026-02-02T16:50:50.4278835Z   6600K .......... .......... .......... .......... .......... 16%  322M 0s
build-zephyr	Install Zephyr SDK	2026-02-02T16:50:50.4281068Z   6650K .......... .......... .......... .......... .......... 16%  353M 0s
build-zephyr	Install Zephyr SDK	2026-02-02T16:50:50.4286057Z   6700K .......... .......... .......... .......... .......... 16% 69.2M 0s
build-zephyr	Install Zephyr SDK	2026-02-02T16:50:50.4287976Z   6750K .......... .......... .......... .......... .......... 16%  295M 0s
build-zephyr	Install Zephyr SDK	2026-02-02T16:50:50.4290266Z   6800K .......... .......... .......... .......... .......... 16%  263M 0s
build-zephyr	Install Zephyr SDK	2026-02-02T16:50:50.4295437Z   6850K .......... .......... .......... .......... .......... 16% 84.2M 0s
build-zephyr	Install Zephyr SDK	2026-02-02T16:50:50.4297445Z   6900K .......... .......... .......... .......... .......... 17%  264M 0s
build-zephyr	Install Zephyr SDK	2026-02-02T16:50:50.4299727Z   6950K .......... .......... .......... .......... .......... 17%  330M 0s
build-zephyr	Install Zephyr SDK	2026-02-02T16:50:50.4301984Z   7000K .......... .......... .......... .......... .......... 17%  342M 0s
build-zephyr	Install Zephyr SDK	2026-02-02T16:50:50.4305076Z   7050K .......... .......... .......... .......... .......... 17% 97.9M 0s
build-zephyr	Install Zephyr SDK	2026-02-02T16:50:50.4307202Z   7100K .......... .......... .......... .......... .......... 17%  263M 0s
build-zephyr	Install Zephyr SDK	2026-02-02T16:50:50.4309468Z   7150K .......... .......... .......... .......... .......... 17%  331M 0s
build-zephyr	Install Zephyr SDK	2026-02-02T16:50:50.4316438Z   7200K .......... .......... .......... .......... .......... 17% 61.0M 0s
build-zephyr	Install Zephyr SDK	2026-02-02T16:50:50.4318751Z   7250K .......... .......... .......... .......... .......... 17%  273M 0s
build-zephyr	Install Zephyr SDK	2026-02-02T16:50:50.4321015Z   7300K .......... .......... .......... .......... .......... 18%  336M 0s
build-zephyr	Install Zephyr SDK	2026-02-02T16:50:50.4323248Z   7350K .......... .......... .......... .......... .......... 18%  344M 0s
build-zephyr	Install Zephyr SDK	2026-02-02T16:50:50.4328772Z   7400K .......... .......... .......... .......... .......... 18% 63.2M 0s
build-zephyr	Install Zephyr SDK	2026-02-02T16:50:50.4330811Z   7450K .......... .......... .......... .......... .......... 18%  293M 0s
build-zephyr	Install Zephyr SDK	2026-02-02T16:50:50.4333099Z   7500K .......... .......... .......... .......... .......... 18%  328M 0s
build-zephyr	Install Zephyr SDK	2026-02-02T16:50:50.4338251Z   7550K .......... .......... .......... .......... .......... 18%  351M 0s
build-zephyr	Install Zephyr SDK	2026-02-02T16:50:50.4340590Z   7600K .......... .......... .......... .......... .......... 18% 73.7M 0s
build-zephyr	Install Zephyr SDK	2026-02-02T16:50:50.4342866Z   7650K .......... .......... .......... .......... .......... 18%  333M 0s
build-zephyr	Install Zephyr SDK	2026-02-02T16:50:50.4345105Z   7700K .......... .......... .......... .......... .......... 19%  354M 0s
build-zephyr	Install Zephyr SDK	2026-02-02T16:50:50.4348122Z   7750K .......... .......... .......... .......... .......... 19% 90.6M 0s
build-zephyr	Install Zephyr SDK	2026-02-02T16:50:50.4350178Z   7800K .......... .......... .......... .......... .......... 19%  297M 0s
build-zephyr	Install Zephyr SDK	2026-02-02T16:50:50.4352510Z   7850K .......... .......... .......... .......... .......... 19%  343M 0s
build-zephyr	Install Zephyr SDK	2026-02-02T16:50:50.4354851Z   7900K .......... .......... .......... .......... .......... 19%  335M 0s
build-zephyr	Install Zephyr SDK	2026-02-02T16:50:50.4358828Z   7950K .......... .......... .......... .......... .......... 19% 88.6M 0s
build-zephyr	Install Zephyr SDK	2026-02-02T16:50:50.4361028Z   8000K .......... .......... .......... .......... .......... 19%  225M 0s
build-zephyr	Install Zephyr SDK	2026-02-02T16:50:50.4363311Z   8050K .......... .......... .......... .......... .......... 19%  349M 0s
build-zephyr	Install Zephyr SDK	2026-02-02T16:50:50.4368227Z   8100K .......... .......... .......... .......... .......... 20% 78.3M 0s
build-zephyr	Install Zephyr SDK	2026-02-02T16:50:50.4370540Z   8150K .......... .......... .......... .......... .......... 20%  296M 0s
build-zephyr	Install Zephyr SDK	2026-02-02T16:50:50.4372814Z   8200K .......... .......... .......... .......... .......... 20%  330M 0s
build-zephyr	Install Zephyr SDK	2026-02-02T16:50:50.4375015Z   8250K .......... .......... .......... .......... .......... 20%  340M 0s
build-zephyr	Install Zephyr SDK	2026-02-02T16:50:50.4382868Z   8300K .......... .......... .......... .......... .......... 20% 48.5M 0s
build-zephyr	Install Zephyr SDK	2026-02-02T16:50:50.4385205Z   8350K .......... .......... .......... .......... .......... 20%  263M 0s
build-zephyr	Install Zephyr SDK	2026-02-02T16:50:50.4387485Z   8400K .......... .......... .......... .......... .......... 20%  225M 0s
build-zephyr	Install Zephyr SDK	2026-02-02T16:50:50.4395342Z   8450K .......... .......... .......... .......... .......... 20% 56.5M 0s
build-zephyr	Install Zephyr SDK	2026-02-02T16:50:50.4397500Z   8500K .......... .......... .......... .......... .......... 21%  251M 0s
build-zephyr	Install Zephyr SDK	2026-02-02T16:50:50.4399786Z   8550K .......... .......... .......... .......... .......... 21%  307M 0s
build-zephyr	Install Zephyr SDK	2026-02-02T16:50:50.4401485Z   8600K .......... .......... .......... .......... .......... 21%  339M 0s
build-zephyr	Install Zephyr SDK	2026-02-02T16:50:50.4405390Z   8650K .......... .......... .......... .......... .......... 21%  100M 0s
build-zephyr	Install Zephyr SDK	2026-02-02T16:50:50.4407639Z   8700K .......... .......... .......... .......... .......... 21%  283M 0s
build-zephyr	Install Zephyr SDK	2026-02-02T16:50:50.4409571Z   8750K .......... .......... .......... .......... .......... 21%  330M 0s
build-zephyr	Install Zephyr SDK	2026-02-02T16:50:50.4413556Z   8800K .......... .......... .......... .......... .......... 21% 99.1M 0s
build-zephyr	Install Zephyr SDK	2026-02-02T16:50:50.4415796Z   8850K .......... .......... .......... .......... .......... 21%  314M 0s
build-zephyr	Install Zephyr SDK	2026-02-02T16:50:50.4417647Z   8900K .......... .......... .......... .......... .......... 22%  296M 0s
build-zephyr	Install Zephyr SDK	2026-02-02T16:50:50.4419004Z   8950K .......... .......... .......... .......... .......... 22%  332M 0s
build-zephyr	Install Zephyr SDK	2026-02-02T16:50:50.4421906Z   9000K .......... .......... .......... .......... .......... 22%  127M 0s
build-zephyr	Install Zephyr SDK	2026-02-02T16:50:50.4424094Z   9050K .......... .......... .......... .......... .......... 22%  375M 0s
build-zephyr	Install Zephyr SDK	2026-02-02T16:50:50.4425806Z   9100K .......... .......... .......... .......... .......... 22%  330M 0s
build-zephyr	Install Zephyr SDK	2026-02-02T16:50:50.4432089Z   9150K .......... .......... .......... .......... .......... 22%  299M 0s
build-zephyr	Install Zephyr SDK	2026-02-02T16:50:50.4434282Z   9200K .......... .......... .......... .......... .......... 22% 85.2M 0s
build-zephyr	Install Zephyr SDK	2026-02-02T16:50:50.4435685Z   9250K .......... .......... .......... .......... .......... 22%  392M 0s
build-zephyr	Install Zephyr SDK	2026-02-02T16:50:50.4437046Z   9300K .......... .......... .......... .......... .......... 23%  348M 0s
build-zephyr	Install Zephyr SDK	2026-02-02T16:50:50.4444093Z   9350K .......... .......... .......... .......... .......... 23% 52.9M 0s
build-zephyr	Install Zephyr SDK	2026-02-02T16:50:50.4446115Z   9400K .......... .......... .......... .......... .......... 23%  366M 0s
build-zephyr	Install Zephyr SDK	2026-02-02T16:50:50.4448203Z   9450K .......... .......... .......... .......... .......... 23%  270M 0s
build-zephyr	Install Zephyr SDK	2026-02-02T16:50:50.4449582Z   9500K .......... .......... .......... .......... .......... 23%  338M 0s
build-zephyr	Install Zephyr SDK	2026-02-02T16:50:50.4453190Z   9550K .......... .......... .......... .......... .......... 23%  107M 0s
build-zephyr	Install Zephyr SDK	2026-02-02T16:50:50.4455552Z   9600K .......... .......... .......... .......... .......... 23%  280M 0s
build-zephyr	Install Zephyr SDK	2026-02-02T16:50:50.4457271Z   9650K .......... .......... .......... .......... .......... 23%  298M 0s
build-zephyr	Install Zephyr SDK	2026-02-02T16:50:50.4461265Z   9700K .......... .......... .......... .......... .......... 24%  101M 0s
build-zephyr	Install Zephyr SDK	2026-02-02T16:50:50.4463456Z   9750K .......... .......... .......... .......... .......... 24%  301M 0s
build-zephyr	Install Zephyr SDK	2026-02-02T16:50:50.4465920Z   9800K .......... .......... .......... .......... .......... 24%  331M 0s
build-zephyr	Install Zephyr SDK	2026-02-02T16:50:50.4468180Z   9850K .......... .......... .......... .......... .......... 24%  297M 0s
build-zephyr	Install Zephyr SDK	2026-02-02T16:50:50.4470361Z   9900K .......... .......... .......... .......... .......... 24%  153M 0s
build-zephyr	Install Zephyr SDK	2026-02-02T16:50:50.4472679Z   9950K .......... .......... .......... .......... .......... 24%  287M 0s
build-zephyr	Install Zephyr SDK	2026-02-02T16:50:50.4475086Z  10000K .......... .......... .......... .......... .......... 24%  290M 0s
build-zephyr	Install Zephyr SDK	2026-02-02T16:50:50.4477680Z  10050K .......... .......... .......... .......... .......... 24%  131M 0s
build-zephyr	Install Zephyr SDK	2026-02-02T16:50:50.4479623Z  10100K .......... .......... .......... .......... .......... 25%  282M 0s
build-zephyr	Install Zephyr SDK	2026-02-02T16:50:50.4481028Z  10150K .......... .......... .......... .......... .......... 25%  335M 0s
build-zephyr	Install Zephyr SDK	2026-02-02T16:50:50.4561027Z  10200K .......... .......... .......... .......... .......... 25% 6.03M 0s
build-zephyr	Install Zephyr SDK	2026-02-02T16:50:50.4567861Z  10250K .......... .......... .......... .......... .......... 25% 69.6M 0s
build-zephyr	Install Zephyr SDK	2026-02-02T16:50:50.4576068Z  10300K .......... .......... .......... .......... .......... 25% 58.6M 0s
build-zephyr	Install Zephyr SDK	2026-02-02T16:50:50.4578050Z  10350K .......... .......... .......... .......... .......... 25%  281M 0s
build-zephyr	Install Zephyr SDK	2026-02-02T16:50:50.4580328Z  10400K .......... .......... .......... .......... .......... 25%  256M 0s
build-zephyr	Install Zephyr SDK	2026-02-02T16:50:50.4585150Z  10450K .......... .......... .......... .......... .......... 25%  304M 0s
build-zephyr	Install Zephyr SDK	2026-02-02T16:50:50.4587991Z  10500K .......... .......... .......... .......... .......... 25% 91.2M 0s
build-zephyr	Install Zephyr SDK	2026-02-02T16:50:50.4590283Z  10550K .......... .......... .......... .......... .......... 26%  312M 0s
build-zephyr	Install Zephyr SDK	2026-02-02T16:50:50.4592655Z  10600K .......... .......... .......... .......... .......... 26%  337M 0s
build-zephyr	Install Zephyr SDK	2026-02-02T16:50:50.4594461Z  10650K .......... .......... .......... .......... .......... 26%  387M 0s
build-zephyr	Install Zephyr SDK	2026-02-02T16:50:50.4599309Z  10700K .......... .......... .......... .......... .......... 26% 56.0M 0s
build-zephyr	Install Zephyr SDK	2026-02-02T16:50:50.4601378Z  10750K .......... .......... .......... .......... .......... 26%  384M 0s
build-zephyr	Install Zephyr SDK	2026-02-02T16:50:50.4602932Z  10800K .......... .......... .......... .......... .......... 26%  266M 0s
build-zephyr	Install Zephyr SDK	2026-02-02T16:50:50.4606781Z  10850K .......... .......... .......... .......... .......... 26%  106M 0s
build-zephyr	Install Zephyr SDK	2026-02-02T16:50:50.4608743Z  10900K .......... .......... .......... .......... .......... 26%  321M 0s
build-zephyr	Install Zephyr SDK	2026-02-02T16:50:50.4610694Z  10950K .......... .......... .......... .......... .......... 27%  329M 0s
build-zephyr	Install Zephyr SDK	2026-02-02T16:50:50.4612109Z  11000K .......... .......... .......... .......... .......... 27%  321M 0s
build-zephyr	Install Zephyr SDK	2026-02-02T16:50:50.4616568Z  11050K .......... .......... .......... .......... .......... 27% 91.2M 0s
build-zephyr	Install Zephyr SDK	2026-02-02T16:50:50.4618570Z  11100K .......... .......... .......... .......... .......... 27%  348M 0s
build-zephyr	Install Zephyr SDK	2026-02-02T16:50:50.4620145Z  11150K .......... .......... .......... .......... .......... 27%  345M 0s
build-zephyr	Install Zephyr SDK	2026-02-02T16:50:50.4627806Z  11200K .......... .......... .......... .......... .......... 27% 63.0M 0s
build-zephyr	Install Zephyr SDK	2026-02-02T16:50:50.4630196Z  11250K .......... .......... .......... .......... .......... 27%  325M 0s
build-zephyr	Install Zephyr SDK	2026-02-02T16:50:50.4632498Z  11300K .......... .......... .......... .......... .......... 27%  332M 0s
build-zephyr	Install Zephyr SDK	2026-02-02T16:50:50.4634674Z  11350K .......... .......... .......... .......... .......... 28%  351M 0s
build-zephyr	Install Zephyr SDK	2026-02-02T16:50:50.4639089Z  11400K .......... .......... .......... .......... .......... 28% 68.4M 0s
build-zephyr	Install Zephyr SDK	2026-02-02T16:50:50.4641290Z  11450K .......... .......... .......... .......... .......... 28%  330M 0s
build-zephyr	Install Zephyr SDK	2026-02-02T16:50:50.4643633Z  11500K .......... .......... .......... .......... .......... 28%  336M 0s
build-zephyr	Install Zephyr SDK	2026-02-02T16:50:50.4647261Z  11550K .......... .......... .......... .......... .......... 28%  115M 0s
build-zephyr	Install Zephyr SDK	2026-02-02T16:50:50.4649430Z  11600K .......... .......... .......... .......... .......... 28%  232M 0s
build-zephyr	Install Zephyr SDK	2026-02-02T16:50:50.4651298Z  11650K .......... .......... .......... .......... .......... 28%  346M 0s
build-zephyr	Install Zephyr SDK	2026-02-02T16:50:50.4652672Z  11700K .......... .......... .......... .......... .......... 28%  339M 0s
build-zephyr	Install Zephyr SDK	2026-02-02T16:50:50.4656712Z  11750K .......... .......... .......... .......... .......... 29% 85.5M 0s
build-zephyr	Install Zephyr SDK	2026-02-02T16:50:50.4658669Z  11800K .......... .......... .......... .......... .......... 29%  328M 0s
build-zephyr	Install Zephyr SDK	2026-02-02T16:50:50.4660522Z  11850K .......... .......... .......... .......... .......... 29%  376M 0s
build-zephyr	Install Zephyr SDK	2026-02-02T16:50:50.4667513Z  11900K .......... .......... .......... .......... .......... 29% 66.9M 0s
build-zephyr	Install Zephyr SDK	2026-02-02T16:50:50.4669397Z  11950K .......... .......... .......... .......... .......... 29%  272M 0s
build-zephyr	Install Zephyr SDK	2026-02-02T16:50:50.4671546Z  12000K .......... .......... .......... .......... .......... 29%  244M 0s
build-zephyr	Install Zephyr SDK	2026-02-02T16:50:50.4677806Z  12050K .......... .......... .......... .......... .......... 29% 73.6M 0s
build-zephyr	Install Zephyr SDK	2026-02-02T16:50:50.4680055Z  12100K .......... .......... .......... .......... .......... 29%  273M 0s
build-zephyr	Install Zephyr SDK	2026-02-02T16:50:50.4682385Z  12150K .......... .......... .......... .......... .......... 30%  334M 0s
build-zephyr	Install Zephyr SDK	2026-02-02T16:50:50.4686269Z  12200K .......... .......... .......... .......... .......... 30%  320M 0s
build-zephyr	Install Zephyr SDK	2026-02-02T16:50:50.4688884Z  12250K .......... .......... .......... .......... .......... 30%  106M 0s
build-zephyr	Install Zephyr SDK	2026-02-02T16:50:50.4691194Z  12300K .......... .......... .......... .......... .......... 30%  295M 0s
build-zephyr	Install Zephyr SDK	2026-02-02T16:50:50.4693489Z  12350K .......... .......... .......... .......... .......... 30%  339M 0s
build-zephyr	Install Zephyr SDK	2026-02-02T16:50:50.4696863Z  12400K .......... .......... .......... .......... .......... 30%  284M 0s
build-zephyr	Install Zephyr SDK	2026-02-02T16:50:50.4699123Z  12450K .......... .......... .......... .......... .......... 30% 81.7M 0s
build-zephyr	Install Zephyr SDK	2026-02-02T16:50:50.4701448Z  12500K .......... .......... .......... .......... .......... 30%  240M 0s
build-zephyr	Install Zephyr SDK	2026-02-02T16:50:50.4703505Z  12550K .......... .......... .......... .......... .......... 31%  326M 0s
build-zephyr	Install Zephyr SDK	2026-02-02T16:50:50.4708158Z  12600K .......... .......... .......... .......... .......... 31% 69.3M 0s
build-zephyr	Install Zephyr SDK	2026-02-02T16:50:50.4710253Z  12650K .......... .......... .......... .......... .......... 31%  299M 0s
build-zephyr	Install Zephyr SDK	2026-02-02T16:50:50.4712614Z  12700K .......... .......... .......... .......... .......... 31%  248M 0s
build-zephyr	Install Zephyr SDK	2026-02-02T16:50:50.4716860Z  12750K .......... .......... .......... .......... .......... 31%  346M 0s
build-zephyr	Install Zephyr SDK	2026-02-02T16:50:50.4719182Z  12800K .......... .......... .......... .......... .......... 31% 98.5M 0s
build-zephyr	Install Zephyr SDK	2026-02-02T16:50:50.4721309Z  12850K .......... .......... .......... .......... .......... 31%  364M 0s
build-zephyr	Install Zephyr SDK	2026-02-02T16:50:50.4722693Z  12900K .......... .......... .......... .......... .......... 31%  325M 0s
build-zephyr	Install Zephyr SDK	2026-02-02T16:50:50.4728172Z  12950K .......... .......... .......... .......... .......... 32% 69.5M 0s
build-zephyr	Install Zephyr SDK	2026-02-02T16:50:50.4730353Z  13000K .......... .......... .......... .......... .......... 32%  297M 0s
build-zephyr	Install Zephyr SDK	2026-02-02T16:50:50.4732648Z  13050K .......... .......... .......... .......... .......... 32%  321M 0s
build-zephyr	Install Zephyr SDK	2026-02-02T16:50:50.4735534Z  13100K .......... .......... .......... .......... .......... 32%  344M 0s
build-zephyr	Install Zephyr SDK	2026-02-02T16:50:50.4737677Z  13150K .......... .......... .......... .......... .......... 32%  113M 0s
build-zephyr	Install Zephyr SDK	2026-02-02T16:50:50.4739896Z  13200K .......... .......... .......... .......... .......... 32%  324M 0s
build-zephyr	Install Zephyr SDK	2026-02-02T16:50:50.4741492Z  13250K .......... .......... .......... .......... .......... 32%  342M 0s
build-zephyr	Install Zephyr SDK	2026-02-02T16:50:50.4744983Z  13300K .......... .......... .......... .......... .......... 32% 94.8M 0s
build-zephyr	Install Zephyr SDK	2026-02-02T16:50:50.4746938Z  13350K .......... .......... .......... .......... .......... 33%  273M 0s
build-zephyr	Install Zephyr SDK	2026-02-02T16:50:50.4749242Z  13400K .......... .......... .......... .......... .......... 33%  320M 0s
build-zephyr	Install Zephyr SDK	2026-02-02T16:50:50.4751572Z  13450K .......... .......... .......... .......... .......... 33%  331M 0s
build-zephyr	Install Zephyr SDK	2026-02-02T16:50:50.4755523Z  13500K .......... .......... .......... .......... .......... 33% 91.1M 0s
build-zephyr	Install Zephyr SDK	2026-02-02T16:50:50.4757842Z  13550K .......... .......... .......... .......... .......... 33%  250M 0s
build-zephyr	Install Zephyr SDK	2026-02-02T16:50:50.4760031Z  13600K .......... .......... .......... .......... .......... 33%  333M 0s
build-zephyr	Install Zephyr SDK	2026-02-02T16:50:50.4767085Z  13650K .......... .......... .......... .......... .......... 33%  254M 0s
build-zephyr	Install Zephyr SDK	2026-02-02T16:50:50.4769517Z  13700K .......... .......... .......... .......... .......... 33% 71.8M 0s
build-zephyr	Install Zephyr SDK	2026-02-02T16:50:50.4771808Z  13750K .......... .......... .......... .......... .......... 33%  342M 0s
build-zephyr	Install Zephyr SDK	2026-02-02T16:50:50.4775977Z  13800K .......... .......... .......... .......... .......... 34%  341M 0s
build-zephyr	Install Zephyr SDK	2026-02-02T16:50:50.4778427Z  13850K .......... .......... .......... .......... .......... 34% 65.4M 0s
build-zephyr	Install Zephyr SDK	2026-02-02T16:50:50.4780784Z  13900K .......... .......... .......... .......... .......... 34%  333M 0s
build-zephyr	Install Zephyr SDK	2026-02-02T16:50:50.4785157Z  13950K .......... .......... .......... .......... .......... 34%  340M 0s
build-zephyr	Install Zephyr SDK	2026-02-02T16:50:50.4787361Z  14000K .......... .......... .......... .......... .......... 34%  337M 0s
build-zephyr	Install Zephyr SDK	2026-02-02T16:50:50.4789727Z  14050K .......... .......... .......... .......... .......... 34%  112M 0s
build-zephyr	Install Zephyr SDK	2026-02-02T16:50:50.4792780Z  14100K .......... .......... .......... .......... .......... 34%  242M 0s
build-zephyr	Install Zephyr SDK	2026-02-02T16:50:50.4795091Z  14150K .......... .......... .......... .......... .......... 34%  292M 0s
build-zephyr	Install Zephyr SDK	2026-02-02T16:50:50.4797470Z  14200K .......... .......... .......... .......... .......... 35%  149M 0s
build-zephyr	Install Zephyr SDK	2026-02-02T16:50:50.4798893Z  14250K .......... .......... .......... .......... .......... 35%  315M 0s
build-zephyr	Install Zephyr SDK	2026-02-02T16:50:50.4800260Z  14300K .......... .......... .......... .......... .......... 35%  273M 0s
build-zephyr	Install Zephyr SDK	2026-02-02T16:50:50.4803336Z  14350K .......... .......... .......... .......... .......... 35%  332M 0s
build-zephyr	Install Zephyr SDK	2026-02-02T16:50:50.4805537Z  14400K .......... .......... .......... .......... .......... 35% 79.1M 0s
build-zephyr	Install Zephyr SDK	2026-02-02T16:50:50.4807508Z  14450K .......... .......... .......... .......... .......... 35%  270M 0s
build-zephyr	Install Zephyr SDK	2026-02-02T16:50:50.4808903Z  14500K .......... .......... .......... .......... .......... 35%  263M 0s
build-zephyr	Install Zephyr SDK	2026-02-02T16:50:50.4813771Z  14550K .......... .......... .......... .......... .......... 35% 92.4M 0s
build-zephyr	Install Zephyr SDK	2026-02-02T16:50:50.4816542Z  14600K .......... .......... .......... .......... .......... 36%  249M 0s
build-zephyr	Install Zephyr SDK	2026-02-02T16:50:50.4818550Z  14650K .......... .......... .......... .......... .......... 36%  278M 0s
build-zephyr	Install Zephyr SDK	2026-02-02T16:50:50.4819953Z  14700K .......... .......... .......... .......... .......... 36%  341M 0s
build-zephyr	Install Zephyr SDK	2026-02-02T16:50:50.4823080Z  14750K .......... .......... .......... .......... .......... 36% 97.7M 0s
build-zephyr	Install Zephyr SDK	2026-02-02T16:50:50.4825402Z  14800K .......... .......... .......... .......... .......... 36%  293M 0s
build-zephyr	Install Zephyr SDK	2026-02-02T16:50:50.4827238Z  14850K .......... .......... .......... .......... .......... 36%  313M 0s
build-zephyr	Install Zephyr SDK	2026-02-02T16:50:50.4833731Z  14900K .......... .......... .......... .......... .......... 36% 68.4M 0s
build-zephyr	Install Zephyr SDK	2026-02-02T16:50:50.4836082Z  14950K .......... .......... .......... .......... .......... 36%  300M 0s
build-zephyr	Install Zephyr SDK	2026-02-02T16:50:50.4838393Z  15000K .......... .......... .......... .......... .......... 37%  280M 0s
build-zephyr	Install Zephyr SDK	2026-02-02T16:50:50.4843165Z  15050K .......... .......... .......... .......... .......... 37%  311M 0s
build-zephyr	Install Zephyr SDK	2026-02-02T16:50:50.4845780Z  15100K .......... .......... .......... .......... .......... 37% 95.6M 0s
build-zephyr	Install Zephyr SDK	2026-02-02T16:50:50.4847894Z  15150K .......... .......... .......... .......... .......... 37%  307M 0s
build-zephyr	Install Zephyr SDK	2026-02-02T16:50:50.4849287Z  15200K .......... .......... .......... .......... .......... 37%  272M 0s
build-zephyr	Install Zephyr SDK	2026-02-02T16:50:50.4853588Z  15250K .......... .......... .......... .......... .......... 37% 84.5M 0s
build-zephyr	Install Zephyr SDK	2026-02-02T16:50:50.4856185Z  15300K .......... .......... .......... .......... .......... 37%  215M 0s
build-zephyr	Install Zephyr SDK	2026-02-02T16:50:50.4858135Z  15350K .......... .......... .......... .......... .......... 37%  282M 0s
build-zephyr	Install Zephyr SDK	2026-02-02T16:50:50.4859513Z  15400K .......... .......... .......... .......... .......... 38%  334M 0s
build-zephyr	Install Zephyr SDK	2026-02-02T16:50:50.4863786Z  15450K .......... .......... .......... .......... .......... 38% 87.9M 0s
build-zephyr	Install Zephyr SDK	2026-02-02T16:50:50.4866376Z  15500K .......... .......... .......... .......... .......... 38%  331M 0s
build-zephyr	Install Zephyr SDK	2026-02-02T16:50:50.4868608Z  15550K .......... .......... .......... .......... .......... 38%  258M 0s
build-zephyr	Install Zephyr SDK	2026-02-02T16:50:50.4870055Z  15600K .......... .......... .......... .......... .......... 38%  350M 0s
build-zephyr	Install Zephyr SDK	2026-02-02T16:50:50.4872495Z  15650K .......... .......... .......... .......... .......... 38%  128M 0s
build-zephyr	Install Zephyr SDK	2026-02-02T16:50:50.4874851Z  15700K .......... .......... .......... .......... .......... 38%  284M 0s
build-zephyr	Install Zephyr SDK	2026-02-02T16:50:50.4876662Z  15750K .......... .......... .......... .......... .......... 38%  312M 0s
build-zephyr	Install Zephyr SDK	2026-02-02T16:50:50.4884062Z  15800K .......... .......... .......... .......... .......... 39% 66.3M 0s
build-zephyr	Install Zephyr SDK	2026-02-02T16:50:50.4886415Z  15850K .......... .......... .......... .......... .......... 39%  304M 0s
build-zephyr	Install Zephyr SDK	2026-02-02T16:50:50.4888930Z  15900K .......... .......... .......... .......... .......... 39%  286M 0s
build-zephyr	Install Zephyr SDK	2026-02-02T16:50:50.4890758Z  15950K .......... .......... .......... .......... .......... 39%  330M 0s
build-zephyr	Install Zephyr SDK	2026-02-02T16:50:50.4895942Z  16000K .......... .......... .......... .......... .......... 39% 60.2M 0s
build-zephyr	Install Zephyr SDK	2026-02-02T16:50:50.4898246Z  16050K .......... .......... .......... .......... .......... 39%  375M 0s
build-zephyr	Install Zephyr SDK	2026-02-02T16:50:50.4900108Z  16100K .......... .......... .......... .......... .......... 39%  254M 0s
build-zephyr	Install Zephyr SDK	2026-02-02T16:50:50.4904402Z  16150K .......... .......... .......... .......... .......... 39% 99.1M 0s
build-zephyr	Install Zephyr SDK	2026-02-02T16:50:50.4906499Z  16200K .......... .......... .......... .......... .......... 40%  249M 0s
build-zephyr	Install Zephyr SDK	2026-02-02T16:50:50.4908810Z  16250K .......... .......... .......... .......... .......... 40%  343M 0s
build-zephyr	Install Zephyr SDK	2026-02-02T16:50:50.4910274Z  16300K .......... .......... .......... .......... .......... 40%  355M 0s
build-zephyr	Install Zephyr SDK	2026-02-02T16:50:50.4914820Z  16350K .......... .......... .......... .......... .......... 40% 82.9M 0s
build-zephyr	Install Zephyr SDK	2026-02-02T16:50:50.4917056Z  16400K .......... .......... .......... .......... .......... 40%  322M 0s
build-zephyr	Install Zephyr SDK	2026-02-02T16:50:50.4919010Z  16450K .......... .......... .......... .......... .......... 40%  337M 0s
build-zephyr	Install Zephyr SDK	2026-02-02T16:50:50.4922563Z  16500K .......... .......... .......... .......... .......... 40% 99.3M 0s
build-zephyr	Install Zephyr SDK	2026-02-02T16:50:50.4925029Z  16550K .......... .......... .......... .......... .......... 40%  295M 0s
build-zephyr	Install Zephyr SDK	2026-02-02T16:50:50.4927112Z  16600K .......... .......... .......... .......... .......... 41%  317M 0s
build-zephyr	Install Zephyr SDK	2026-02-02T16:50:50.4928499Z  16650K .......... .......... .......... .......... .......... 41%  339M 0s
build-zephyr	Install Zephyr SDK	2026-02-02T16:50:50.4931728Z  16700K .......... .......... .......... .......... .......... 41%  106M 0s
build-zephyr	Install Zephyr SDK	2026-02-02T16:50:50.4934047Z  16750K .......... .......... .......... .......... .......... 41%  393M 0s
build-zephyr	Install Zephyr SDK	2026-02-02T16:50:50.4935819Z  16800K .......... .......... .......... .......... .......... 41%  339M 0s
build-zephyr	Install Zephyr SDK	2026-02-02T16:50:50.4940736Z  16850K .......... .......... .......... .......... .......... 41% 87.2M 0s
build-zephyr	Install Zephyr SDK	2026-02-02T16:50:50.4942969Z  16900K .......... .......... .......... .......... .......... 41%  221M 0s
build-zephyr	Install Zephyr SDK	2026-02-02T16:50:50.4964981Z  16950K .......... .......... .......... .......... .......... 41%  337M 0s
build-zephyr	Install Zephyr SDK	2026-02-02T16:50:50.4966627Z  17000K .......... .......... .......... .......... .......... 41%  345M 0s
build-zephyr	Install Zephyr SDK	2026-02-02T16:50:50.4968962Z  17050K .......... .......... .......... .......... .......... 42% 86.6M 0s
build-zephyr	Install Zephyr SDK	2026-02-02T16:50:50.4971076Z  17100K .......... .......... .......... .......... .......... 42%  449M 0s
build-zephyr	Install Zephyr SDK	2026-02-02T16:50:50.4972954Z  17150K .......... .......... .......... .......... .......... 42%  512M 0s
build-zephyr	Install Zephyr SDK	2026-02-02T16:50:50.4974549Z  17200K .......... .......... .......... .......... .......... 42%  514M 0s
build-zephyr	Install Zephyr SDK	2026-02-02T16:50:50.4976561Z  17250K .......... .......... .......... .......... .......... 42% 81.3M 0s
build-zephyr	Install Zephyr SDK	2026-02-02T16:50:50.4978639Z  17300K .......... .......... .......... .......... .......... 42%  345M 0s
build-zephyr	Install Zephyr SDK	2026-02-02T16:50:50.4980506Z  17350K .......... .......... .......... .......... .......... 42%  533M 0s
build-zephyr	Install Zephyr SDK	2026-02-02T16:50:50.4981912Z  17400K .......... .......... .......... .......... .......... 42% 85.5M 0s
build-zephyr	Install Zephyr SDK	2026-02-02T16:50:50.4983263Z  17450K .......... .......... .......... .......... .......... 43%  309M 0s
build-zephyr	Install Zephyr SDK	2026-02-02T16:50:50.4985147Z  17500K .......... .......... .......... .......... .......... 43%  338M 0s
build-zephyr	Install Zephyr SDK	2026-02-02T16:50:50.4987283Z  17550K .......... .......... .......... .......... .......... 43%  329M 0s
build-zephyr	Install Zephyr SDK	2026-02-02T16:50:50.4989343Z  17600K .......... .......... .......... .......... .......... 43% 99.7M 0s
build-zephyr	Install Zephyr SDK	2026-02-02T16:50:50.4991201Z  17650K .......... .......... .......... .......... .......... 43%  356M 0s
build-zephyr	Install Zephyr SDK	2026-02-02T16:50:50.4992548Z  17700K .......... .......... .......... .......... .......... 43%  277M 0s
build-zephyr	Install Zephyr SDK	2026-02-02T16:50:50.4994124Z  17750K .......... .......... .......... .......... .......... 43% 88.2M 0s
build-zephyr	Install Zephyr SDK	2026-02-02T16:50:50.4995957Z  17800K .......... .......... .......... .......... .......... 43%  270M 0s
build-zephyr	Install Zephyr SDK	2026-02-02T16:50:50.4998303Z  17850K .......... .......... .......... .......... .......... 44%  337M 0s
build-zephyr	Install Zephyr SDK	2026-02-02T16:50:50.4999783Z  17900K .......... .......... .......... .......... .......... 44%  338M 0s
build-zephyr	Install Zephyr SDK	2026-02-02T16:50:50.5001163Z  17950K .......... .......... .......... .......... .......... 44% 96.3M 0s
build-zephyr	Install Zephyr SDK	2026-02-02T16:50:50.5002509Z  18000K .......... .......... .......... .......... .......... 44%  330M 0s
build-zephyr	Install Zephyr SDK	2026-02-02T16:50:50.5003858Z  18050K .......... .......... .......... .......... .......... 44%  327M 0s
build-zephyr	Install Zephyr SDK	2026-02-02T16:50:50.5006647Z  18100K .......... .......... .......... .......... .......... 44% 61.1M 0s
build-zephyr	Install Zephyr SDK	2026-02-02T16:50:50.5008876Z  18150K .......... .......... .......... .......... .......... 44%  327M 0s
build-zephyr	Install Zephyr SDK	2026-02-02T16:50:50.5010868Z  18200K .......... .......... .......... .......... .......... 44%  354M 0s
build-zephyr	Install Zephyr SDK	2026-02-02T16:50:50.5012241Z  18250K .......... .......... .......... .......... .......... 45%  353M 0s
build-zephyr	Install Zephyr SDK	2026-02-02T16:50:50.5015850Z  18300K .......... .......... .......... .......... .......... 45% 98.3M 0s
build-zephyr	Install Zephyr SDK	2026-02-02T16:50:50.5017903Z  18350K .......... .......... .......... .......... .......... 45%  376M 0s
build-zephyr	Install Zephyr SDK	2026-02-02T16:50:50.5019801Z  18400K .......... .......... .......... .......... .......... 45%  286M 0s
build-zephyr	Install Zephyr SDK	2026-02-02T16:50:50.5024759Z  18450K .......... .......... .......... .......... .......... 45% 96.1M 0s
build-zephyr	Install Zephyr SDK	2026-02-02T16:50:50.5026999Z  18500K .......... .......... .......... .......... .......... 45%  209M 0s
build-zephyr	Install Zephyr SDK	2026-02-02T16:50:50.5029087Z  18550K .......... .......... .......... .......... .......... 45%  346M 0s
build-zephyr	Install Zephyr SDK	2026-02-02T16:50:50.5030453Z  18600K .......... .......... .......... .......... .......... 45%  333M 0s
build-zephyr	Install Zephyr SDK	2026-02-02T16:50:50.5032816Z  18650K .......... .......... .......... .......... .......... 46%  130M 0s
build-zephyr	Install Zephyr SDK	2026-02-02T16:50:50.5035199Z  18700K .......... .......... .......... .......... .......... 46%  299M 0s
build-zephyr	Install Zephyr SDK	2026-02-02T16:50:50.5037134Z  18750K .......... .......... .......... .......... .......... 46%  308M 0s
build-zephyr	Install Zephyr SDK	2026-02-02T16:50:50.5038548Z  18800K .......... .......... .......... .......... .......... 46%  313M 0s
build-zephyr	Install Zephyr SDK	2026-02-02T16:50:50.5042996Z  18850K .......... .......... .......... .......... .......... 46%  103M 0s
build-zephyr	Install Zephyr SDK	2026-02-02T16:50:50.5045267Z  18900K .......... .......... .......... .......... .......... 46%  258M 0s
build-zephyr	Install Zephyr SDK	2026-02-02T16:50:50.5046806Z  18950K .......... .......... .......... .......... .......... 46%  283M 0s
build-zephyr	Install Zephyr SDK	2026-02-02T16:50:50.5050831Z  19000K .......... .......... .......... .......... .......... 46%  103M 0s
build-zephyr	Install Zephyr SDK	2026-02-02T16:50:50.5053121Z  19050K .......... .......... .......... .......... .......... 47%  314M 0s
build-zephyr	Install Zephyr SDK	2026-02-02T16:50:50.5055442Z  19100K .......... .......... .......... .......... .......... 47%  328M 0s
build-zephyr	Install Zephyr SDK	2026-02-02T16:50:50.5056892Z  19150K .......... .......... .......... .......... .......... 47%  361M 0s
build-zephyr	Install Zephyr SDK	2026-02-02T16:50:50.5060352Z  19200K .......... .......... .......... .......... .......... 47% 98.2M 0s
build-zephyr	Install Zephyr SDK	2026-02-02T16:50:50.5062320Z  19250K .......... .......... .......... .......... .......... 47%  319M 0s
build-zephyr	Install Zephyr SDK	2026-02-02T16:50:50.5064384Z  19300K .......... .......... .......... .......... .......... 47%  241M 0s
build-zephyr	Install Zephyr SDK	2026-02-02T16:50:50.5069795Z  19350K .......... .......... .......... .......... .......... 47% 83.5M 0s
build-zephyr	Install Zephyr SDK	2026-02-02T16:50:50.5071924Z  19400K .......... .......... .......... .......... .......... 47%  312M 0s
build-zephyr	Install Zephyr SDK	2026-02-02T16:50:50.5074353Z  19450K .......... .......... .......... .......... .......... 48%  326M 0s
build-zephyr	Install Zephyr SDK	2026-02-02T16:50:50.5075737Z  19500K .......... .......... .......... .......... .......... 48%  344M 0s
build-zephyr	Install Zephyr SDK	2026-02-02T16:50:50.5079631Z  19550K .......... .......... .......... .......... .......... 48% 89.5M 0s
build-zephyr	Install Zephyr SDK	2026-02-02T16:50:50.5081505Z  19600K .......... .......... .......... .......... .......... 48%  321M 0s
build-zephyr	Install Zephyr SDK	2026-02-02T16:50:50.5083322Z  19650K .......... .......... .......... .......... .......... 48%  333M 0s
build-zephyr	Install Zephyr SDK	2026-02-02T16:50:50.5088636Z  19700K .......... .......... .......... .......... .......... 48% 93.4M 0s
build-zephyr	Install Zephyr SDK	2026-02-02T16:50:50.5090610Z  19750K .......... .......... .......... .......... .......... 48%  323M 0s
build-zephyr	Install Zephyr SDK	2026-02-02T16:50:50.5092698Z  19800K .......... .......... .......... .......... .......... 48%  316M 0s
build-zephyr	Install Zephyr SDK	2026-02-02T16:50:50.5094292Z  19850K .......... .......... .......... .......... .......... 49%  320M 0s
build-zephyr	Install Zephyr SDK	2026-02-02T16:50:50.5101088Z  19900K .......... .......... .......... .......... .......... 49% 58.9M 0s
build-zephyr	Install Zephyr SDK	2026-02-02T16:50:50.5102975Z  19950K .......... .......... .......... .......... .......... 49%  297M 0s
build-zephyr	Install Zephyr SDK	2026-02-02T16:50:50.5104955Z  20000K .......... .......... .......... .......... .......... 49%  374M 0s
build-zephyr	Install Zephyr SDK	2026-02-02T16:50:50.5115725Z  20050K .......... .......... .......... .......... .......... 49%  501M 0s
build-zephyr	Install Zephyr SDK	2026-02-02T16:50:50.5117688Z  20100K .......... .......... .......... .......... .......... 49% 39.8M 0s
build-zephyr	Install Zephyr SDK	2026-02-02T16:50:50.5119769Z  20150K .......... .......... .......... .......... .......... 49%  324M 0s
build-zephyr	Install Zephyr SDK	2026-02-02T16:50:50.5121147Z  20200K .......... .......... .......... .......... .......... 49%  336M 0s
build-zephyr	Install Zephyr SDK	2026-02-02T16:50:50.5129847Z  20250K .......... .......... .......... .......... .......... 50% 49.4M 0s
build-zephyr	Install Zephyr SDK	2026-02-02T16:50:50.5131763Z  20300K .......... .......... .......... .......... .......... 50%  303M 0s
build-zephyr	Install Zephyr SDK	2026-02-02T16:50:50.5133813Z  20350K .......... .......... .......... .......... .......... 50%  332M 0s
build-zephyr	Install Zephyr SDK	2026-02-02T16:50:50.5135583Z  20400K .......... .......... .......... .......... .......... 50%  328M 0s
build-zephyr	Install Zephyr SDK	2026-02-02T16:50:50.5140597Z  20450K .......... .......... .......... .......... .......... 50% 76.7M 0s
build-zephyr	Install Zephyr SDK	2026-02-02T16:50:50.5142513Z  20500K .......... .......... .......... .......... .......... 50%  336M 0s
build-zephyr	Install Zephyr SDK	2026-02-02T16:50:50.5144547Z  20550K .......... .......... .......... .......... .......... 50%  324M 0s
build-zephyr	Install Zephyr SDK	2026-02-02T16:50:50.5148152Z  20600K .......... .......... .......... .......... .......... 50%  111M 0s
build-zephyr	Install Zephyr SDK	2026-02-02T16:50:50.5150322Z  20650K .......... .......... .......... .......... .......... 50%  248M 0s
build-zephyr	Install Zephyr SDK	2026-02-02T16:50:50.5152245Z  20700K .......... .......... .......... .......... .......... 51%  394M 0s
build-zephyr	Install Zephyr SDK	2026-02-02T16:50:50.5153647Z  20750K .......... .......... .......... .......... .......... 51%  286M 0s
build-zephyr	Install Zephyr SDK	2026-02-02T16:50:50.5157622Z  20800K .......... .......... .......... .......... .......... 51%  108M 0s
build-zephyr	Install Zephyr SDK	2026-02-02T16:50:50.5159562Z  20850K .......... .......... .......... .......... .......... 51%  316M 0s
build-zephyr	Install Zephyr SDK	2026-02-02T16:50:50.5161178Z  20900K .......... .......... .......... .......... .......... 51%  336M 0s
build-zephyr	Install Zephyr SDK	2026-02-02T16:50:50.5165196Z  20950K .......... .......... .......... .......... .......... 51%  109M 0s
build-zephyr	Install Zephyr SDK	2026-02-02T16:50:50.5167328Z  21000K .......... .......... .......... .......... .......... 51%  255M 0s
build-zephyr	Install Zephyr SDK	2026-02-02T16:50:50.5169537Z  21050K .......... .......... .......... .......... .......... 51%  264M 0s
build-zephyr	Install Zephyr SDK	2026-02-02T16:50:50.5171101Z  21100K .......... .......... .......... .......... .......... 52%  387M 0s
build-zephyr	Install Zephyr SDK	2026-02-02T16:50:50.5175879Z  21150K .......... .......... .......... .......... .......... 52% 82.2M 0s
build-zephyr	Install Zephyr SDK	2026-02-02T16:50:50.5178140Z  21200K .......... .......... .......... .......... .......... 52%  326M 0s
build-zephyr	Install Zephyr SDK	2026-02-02T16:50:50.5179833Z  21250K .......... .......... .......... .......... .......... 52%  329M 0s
build-zephyr	Install Zephyr SDK	2026-02-02T16:50:50.5186444Z  21300K .......... .......... .......... .......... .......... 52% 64.0M 0s
build-zephyr	Install Zephyr SDK	2026-02-02T16:50:50.5188628Z  21350K .......... .......... .......... .......... .......... 52%  306M 0s
build-zephyr	Install Zephyr SDK	2026-02-02T16:50:50.5190338Z  21400K .......... .......... .......... .......... .......... 52%  393M 0s
build-zephyr	Install Zephyr SDK	2026-02-02T16:50:50.5192638Z  21450K .......... .......... .......... .......... .......... 52%  243M 0s
build-zephyr	Install Zephyr SDK	2026-02-02T16:50:50.5195942Z  21500K .......... .......... .......... .......... .......... 53%  107M 0s
build-zephyr	Install Zephyr SDK	2026-02-02T16:50:50.5198085Z  21550K .......... .......... .......... .......... .......... 53%  302M 0s
build-zephyr	Install Zephyr SDK	2026-02-02T16:50:50.5200352Z  21600K .......... .......... .......... .......... .......... 53%  328M 0s
build-zephyr	Install Zephyr SDK	2026-02-02T16:50:50.5206272Z  21650K .......... .......... .......... .......... .......... 53% 72.9M 0s
build-zephyr	Install Zephyr SDK	2026-02-02T16:50:50.5208588Z  21700K .......... .......... .......... .......... .......... 53%  281M 0s
build-zephyr	Install Zephyr SDK	2026-02-02T16:50:50.5211103Z  21750K .......... .......... .......... .......... .......... 53%  327M 0s
build-zephyr	Install Zephyr SDK	2026-02-02T16:50:50.5213276Z  21800K .......... .......... .......... .......... .......... 53%  232M 0s
build-zephyr	Install Zephyr SDK	2026-02-02T16:50:50.5216285Z  21850K .......... .......... .......... .......... .......... 53% 88.5M 0s
build-zephyr	Install Zephyr SDK	2026-02-02T16:50:50.5218233Z  21900K .......... .......... .......... .......... .......... 54%  263M 0s
build-zephyr	Install Zephyr SDK	2026-02-02T16:50:50.5220163Z  21950K .......... .......... .......... .......... .......... 54%  309M 0s
build-zephyr	Install Zephyr SDK	2026-02-02T16:50:50.5223816Z  22000K .......... .......... .......... .......... .......... 54%  126M 0s
build-zephyr	Install Zephyr SDK	2026-02-02T16:50:50.5226058Z  22050K .......... .......... .......... .......... .......... 54%  267M 0s
build-zephyr	Install Zephyr SDK	2026-02-02T16:50:50.5228369Z  22100K .......... .......... .......... .......... .......... 54%  322M 0s
build-zephyr	Install Zephyr SDK	2026-02-02T16:50:50.5229902Z  22150K .......... .......... .......... .......... .......... 54%  320M 0s
build-zephyr	Install Zephyr SDK	2026-02-02T16:50:50.5233224Z  22200K .......... .......... .......... .......... .......... 54%  108M 0s
build-zephyr	Install Zephyr SDK	2026-02-02T16:50:50.5235490Z  22250K .......... .......... .......... .......... .......... 54%  319M 0s
build-zephyr	Install Zephyr SDK	2026-02-02T16:50:50.5237491Z  22300K .......... .......... .......... .......... .......... 55%  301M 0s
build-zephyr	Install Zephyr SDK	2026-02-02T16:50:50.5241791Z  22350K .......... .......... .......... .......... .......... 55% 90.1M 0s
build-zephyr	Install Zephyr SDK	2026-02-02T16:50:50.5244203Z  22400K .......... .......... .......... .......... .......... 55%  275M 0s
build-zephyr	Install Zephyr SDK	2026-02-02T16:50:50.5246337Z  22450K .......... .......... .......... .......... .......... 55%  342M 0s
build-zephyr	Install Zephyr SDK	2026-02-02T16:50:50.5247704Z  22500K .......... .......... .......... .......... .......... 55%  303M 0s
build-zephyr	Install Zephyr SDK	2026-02-02T16:50:50.5251345Z  22550K .......... .......... .......... .......... .......... 55%  101M 0s
build-zephyr	Install Zephyr SDK	2026-02-02T16:50:50.5253479Z  22600K .......... .......... .......... .......... .......... 55%  303M 0s
build-zephyr	Install Zephyr SDK	2026-02-02T16:50:50.5255671Z  22650K .......... .......... .......... .......... .......... 55%  331M 0s
build-zephyr	Install Zephyr SDK	2026-02-02T16:50:50.5261974Z  22700K .......... .......... .......... .......... .......... 56%  289M 0s
build-zephyr	Install Zephyr SDK	2026-02-02T16:50:50.5264232Z  22750K .......... .......... .......... .......... .......... 56% 67.0M 0s
build-zephyr	Install Zephyr SDK	2026-02-02T16:50:50.5266495Z  22800K .......... .......... .......... .......... .......... 56%  320M 0s
build-zephyr	Install Zephyr SDK	2026-02-02T16:50:50.5267984Z  22850K .......... .......... .......... .......... .......... 56%  292M 0s
build-zephyr	Install Zephyr SDK	2026-02-02T16:50:50.5270718Z  22900K .......... .......... .......... .......... .......... 56%  120M 0s
build-zephyr	Install Zephyr SDK	2026-02-02T16:50:50.5272903Z  22950K .......... .......... .......... .......... .......... 56%  295M 0s
build-zephyr	Install Zephyr SDK	2026-02-02T16:50:50.5275260Z  23000K .......... .......... .......... .......... .......... 56%  360M 0s
build-zephyr	Install Zephyr SDK	2026-02-02T16:50:50.5276637Z  23050K .......... .......... .......... .......... .......... 56%  323M 0s
build-zephyr	Install Zephyr SDK	2026-02-02T16:50:50.5279877Z  23100K .......... .......... .......... .......... .......... 57%  115M 0s
build-zephyr	Install Zephyr SDK	2026-02-02T16:50:50.5282004Z  23150K .......... .......... .......... .......... .......... 57%  273M 0s
build-zephyr	Install Zephyr SDK	2026-02-02T16:50:50.5283733Z  23200K .......... .......... .......... .......... .......... 57%  347M 0s
build-zephyr	Install Zephyr SDK	2026-02-02T16:50:50.5288661Z  23250K .......... .......... .......... .......... .......... 57% 97.5M 0s
build-zephyr	Install Zephyr SDK	2026-02-02T16:50:50.5290972Z  23300K .......... .......... .......... .......... .......... 57%  282M 0s
build-zephyr	Install Zephyr SDK	2026-02-02T16:50:50.5293228Z  23350K .......... .......... .......... .......... .......... 57%  311M 0s
build-zephyr	Install Zephyr SDK	2026-02-02T16:50:50.5295323Z  23400K .......... .......... .......... .......... .......... 57%  331M 0s
build-zephyr	Install Zephyr SDK	2026-02-02T16:50:50.5297289Z  23450K .......... .......... .......... .......... .......... 57%  113M 0s
build-zephyr	Install Zephyr SDK	2026-02-02T16:50:50.5299583Z  23500K .......... .......... .......... .......... .......... 58%  316M 0s
build-zephyr	Install Zephyr SDK	2026-02-02T16:50:50.5301842Z  23550K .......... .......... .......... .......... .......... 58%  230M 0s
build-zephyr	Install Zephyr SDK	2026-02-02T16:50:50.5305418Z  23600K .......... .......... .......... .......... .......... 58%  116M 0s
build-zephyr	Install Zephyr SDK	2026-02-02T16:50:50.5307741Z  23650K .......... .......... .......... .......... .......... 58%  260M 0s
build-zephyr	Install Zephyr SDK	2026-02-02T16:50:50.5310217Z  23700K .......... .......... .......... .......... .......... 58%  336M 0s
build-zephyr	Install Zephyr SDK	2026-02-02T16:50:50.5312152Z  23750K .......... .......... .......... .......... .......... 58%  348M 0s
build-zephyr	Install Zephyr SDK	2026-02-02T16:50:50.5314720Z  23800K .......... .......... .......... .......... .......... 58% 96.2M 0s
build-zephyr	Install Zephyr SDK	2026-02-02T16:50:50.5316741Z  23850K .......... .......... .......... .......... .......... 58%  269M 0s
build-zephyr	Install Zephyr SDK	2026-02-02T16:50:50.5319012Z  23900K .......... .......... .......... .......... .......... 58%  315M 0s
build-zephyr	Install Zephyr SDK	2026-02-02T16:50:50.5324933Z  23950K .......... .......... .......... .......... .......... 59% 84.1M 0s
build-zephyr	Install Zephyr SDK	2026-02-02T16:50:50.5327300Z  24000K .......... .......... .......... .......... .......... 59%  275M 0s
build-zephyr	Install Zephyr SDK	2026-02-02T16:50:50.5329573Z  24050K .......... .......... .......... .......... .......... 59%  307M 0s
build-zephyr	Install Zephyr SDK	2026-02-02T16:50:50.5331365Z  24100K .......... .......... .......... .......... .......... 59%  347M 0s
build-zephyr	Install Zephyr SDK	2026-02-02T16:50:50.5335406Z  24150K .......... .......... .......... .......... .......... 59% 82.8M 0s
build-zephyr	Install Zephyr SDK	2026-02-02T16:50:50.5338214Z  24200K .......... .......... .......... .......... .......... 59%  274M 0s
build-zephyr	Install Zephyr SDK	2026-02-02T16:50:50.5339583Z  24250K .......... .......... .......... .......... .......... 59%  421M 0s
build-zephyr	Install Zephyr SDK	2026-02-02T16:50:50.5340920Z  24300K .......... .......... .......... .......... .......... 59%  521M 0s
build-zephyr	Install Zephyr SDK	2026-02-02T16:50:50.5345992Z  24350K .......... .......... .......... .......... .......... 60% 62.1M 0s
build-zephyr	Install Zephyr SDK	2026-02-02T16:50:50.5348279Z  24400K .......... .......... .......... .......... .......... 60%  368M 0s
build-zephyr	Install Zephyr SDK	2026-02-02T16:50:50.5349888Z  24450K .......... .......... .......... .......... .......... 60%  343M 0s
build-zephyr	Install Zephyr SDK	2026-02-02T16:50:50.5354365Z  24500K .......... .......... .......... .......... .......... 60%  112M 0s
build-zephyr	Install Zephyr SDK	2026-02-02T16:50:50.5356690Z  24550K .......... .......... .......... .......... .......... 60%  296M 0s
build-zephyr	Install Zephyr SDK	2026-02-02T16:50:50.5358923Z  24600K .......... .......... .......... .......... .......... 60%  264M 0s
build-zephyr	Install Zephyr SDK	2026-02-02T16:50:50.5360855Z  24650K .......... .......... .......... .......... .......... 60%  331M 0s
build-zephyr	Install Zephyr SDK	2026-02-02T16:50:50.5363430Z  24700K .......... .......... .......... .......... .......... 60%  103M 0s
build-zephyr	Install Zephyr SDK	2026-02-02T16:50:50.5365697Z  24750K .......... .......... .......... .......... .......... 61%  230M 0s
build-zephyr	Install Zephyr SDK	2026-02-02T16:50:50.5367989Z  24800K .......... .......... .......... .......... .......... 61%  273M 0s
build-zephyr	Install Zephyr SDK	2026-02-02T16:50:50.5371359Z  24850K .......... .......... .......... .......... .......... 61%  127M 0s
build-zephyr	Install Zephyr SDK	2026-02-02T16:50:50.5373706Z  24900K .......... .......... .......... .......... .......... 61%  284M 0s
build-zephyr	Install Zephyr SDK	2026-02-02T16:50:50.5376134Z  24950K .......... .......... .......... .......... .......... 61%  326M 0s
build-zephyr	Install Zephyr SDK	2026-02-02T16:50:50.5378143Z  25000K .......... .......... .......... .......... .......... 61%  299M 0s
build-zephyr	Install Zephyr SDK	2026-02-02T16:50:50.5380391Z  25050K .......... .......... .......... .......... .......... 61% 98.9M 0s
build-zephyr	Install Zephyr SDK	2026-02-02T16:50:50.5382720Z  25100K .......... .......... .......... .......... .......... 61%  300M 0s
build-zephyr	Install Zephyr SDK	2026-02-02T16:50:50.5384829Z  25150K .......... .......... .......... .......... .......... 62%  282M 0s
build-zephyr	Install Zephyr SDK	2026-02-02T16:50:50.5389834Z  25200K .......... .......... .......... .......... .......... 62% 98.7M 0s
build-zephyr	Install Zephyr SDK	2026-02-02T16:50:50.5392256Z  25250K .......... .......... .......... .......... .......... 62%  269M 0s
build-zephyr	Install Zephyr SDK	2026-02-02T16:50:50.5394337Z  25300K .......... .......... .......... .......... .......... 62%  333M 0s
build-zephyr	Install Zephyr SDK	2026-02-02T16:50:50.5395737Z  25350K .......... .......... .......... .......... .......... 62%  335M 0s
build-zephyr	Install Zephyr SDK	2026-02-02T16:50:50.5400798Z  25400K .......... .......... .......... .......... .......... 62% 74.7M 0s
build-zephyr	Install Zephyr SDK	2026-02-02T16:50:50.5403182Z  25450K .......... .......... .......... .......... .......... 62%  317M 0s
build-zephyr	Install Zephyr SDK	2026-02-02T16:50:50.5405122Z  25500K .......... .......... .......... .......... .......... 62%  286M 0s
build-zephyr	Install Zephyr SDK	2026-02-02T16:50:50.5411377Z  25550K .......... .......... .......... .......... .......... 63% 74.8M 0s
build-zephyr	Install Zephyr SDK	2026-02-02T16:50:50.5413783Z  25600K .......... .......... .......... .......... .......... 63%  278M 0s
build-zephyr	Install Zephyr SDK	2026-02-02T16:50:50.5415772Z  25650K .......... .......... .......... .......... .......... 63%  305M 0s
build-zephyr	Install Zephyr SDK	2026-02-02T16:50:50.5417130Z  25700K .......... .......... .......... .......... .......... 63%  330M 0s
build-zephyr	Install Zephyr SDK	2026-02-02T16:50:50.5423463Z  25750K .......... .......... .......... .......... .......... 63% 58.5M 0s
build-zephyr	Install Zephyr SDK	2026-02-02T16:50:50.5426012Z  25800K .......... .......... .......... .......... .......... 63%  310M 0s
build-zephyr	Install Zephyr SDK	2026-02-02T16:50:50.5427873Z  25850K .......... .......... .......... .......... .......... 63%  285M 0s
build-zephyr	Install Zephyr SDK	2026-02-02T16:50:50.5433365Z  25900K .......... .......... .......... .......... .......... 63%  313M 0s
build-zephyr	Install Zephyr SDK	2026-02-02T16:50:50.5436045Z  25950K .......... .......... .......... .......... .......... 64% 60.1M 0s
build-zephyr	Install Zephyr SDK	2026-02-02T16:50:50.5438536Z  26000K .......... .......... .......... .......... .......... 64%  199M 0s
build-zephyr	Install Zephyr SDK	2026-02-02T16:50:50.5440470Z  26050K .......... .......... .......... .......... .......... 64%  351M 0s
build-zephyr	Install Zephyr SDK	2026-02-02T16:50:50.5444481Z  26100K .......... .......... .......... .......... .......... 64%  115M 0s
build-zephyr	Install Zephyr SDK	2026-02-02T16:50:50.5446601Z  26150K .......... .......... .......... .......... .......... 64%  251M 0s
build-zephyr	Install Zephyr SDK	2026-02-02T16:50:50.5448886Z  26200K .......... .......... .......... .......... .......... 64%  319M 0s
build-zephyr	Install Zephyr SDK	2026-02-02T16:50:50.5451143Z  26250K .......... .......... .......... .......... .......... 64%  329M 0s
build-zephyr	Install Zephyr SDK	2026-02-02T16:50:50.5453109Z  26300K .......... .......... .......... .......... .......... 64%  138M 0s
build-zephyr	Install Zephyr SDK	2026-02-02T16:50:50.5455275Z  26350K .......... .......... .......... .......... .......... 65%  219M 0s
build-zephyr	Install Zephyr SDK	2026-02-02T16:50:50.5457555Z  26400K .......... .......... .......... .......... .......... 65%  299M 0s
build-zephyr	Install Zephyr SDK	2026-02-02T16:50:50.5461229Z  26450K .......... .......... .......... .......... .......... 65%  123M 0s
build-zephyr	Install Zephyr SDK	2026-02-02T16:50:50.5463586Z  26500K .......... .......... .......... .......... .......... 65%  281M 0s
build-zephyr	Install Zephyr SDK	2026-02-02T16:50:50.5466008Z  26550K .......... .......... .......... .......... .......... 65%  323M 0s
build-zephyr	Install Zephyr SDK	2026-02-02T16:50:50.5467983Z  26600K .......... .......... .......... .......... .......... 65%  334M 0s
build-zephyr	Install Zephyr SDK	2026-02-02T16:50:50.5470186Z  26650K .......... .......... .......... .......... .......... 65% 99.9M 0s
build-zephyr	Install Zephyr SDK	2026-02-02T16:50:50.5472066Z  26700K .......... .......... .......... .......... .......... 65%  327M 0s
build-zephyr	Install Zephyr SDK	2026-02-02T16:50:50.5474375Z  26750K .......... .......... .......... .......... .......... 66%  253M 0s
build-zephyr	Install Zephyr SDK	2026-02-02T16:50:50.5479908Z  26800K .......... .......... .......... .......... .......... 66% 93.1M 0s
build-zephyr	Install Zephyr SDK	2026-02-02T16:50:50.5482523Z  26850K .......... .......... .......... .......... .......... 66%  288M 0s
build-zephyr	Install Zephyr SDK	2026-02-02T16:50:50.5484962Z  26900K .......... .......... .......... .......... .......... 66%  329M 0s
build-zephyr	Install Zephyr SDK	2026-02-02T16:50:50.5486689Z  26950K .......... .......... .......... .......... .......... 66%  317M 0s
build-zephyr	Install Zephyr SDK	2026-02-02T16:50:50.5491278Z  27000K .......... .......... .......... .......... .......... 66% 64.0M 0s
build-zephyr	Install Zephyr SDK	2026-02-02T16:50:50.5494052Z  27050K .......... .......... .......... .......... .......... 66%  297M 0s
build-zephyr	Install Zephyr SDK	2026-02-02T16:50:50.5496354Z  27100K .......... .......... .......... .......... .......... 66%  377M 0s
build-zephyr	Install Zephyr SDK	2026-02-02T16:50:50.5501953Z  27150K .......... .......... .......... .......... .......... 67% 69.3M 0s
build-zephyr	Install Zephyr SDK	2026-02-02T16:50:50.5504390Z  27200K .......... .......... .......... .......... .......... 67%  308M 0s
build-zephyr	Install Zephyr SDK	2026-02-02T16:50:50.5506627Z  27250K .......... .......... .......... .......... .......... 67%  323M 0s
build-zephyr	Install Zephyr SDK	2026-02-02T16:50:50.5508499Z  27300K .......... .......... .......... .......... .......... 67%  308M 0s
build-zephyr	Install Zephyr SDK	2026-02-02T16:50:50.5514741Z  27350K .......... .......... .......... .......... .......... 67% 58.6M 0s
build-zephyr	Install Zephyr SDK	2026-02-02T16:50:50.5517056Z  27400K .......... .......... .......... .......... .......... 67%  285M 0s
build-zephyr	Install Zephyr SDK	2026-02-02T16:50:50.5519314Z  27450K .......... .......... .......... .......... .......... 67%  325M 0s
build-zephyr	Install Zephyr SDK	2026-02-02T16:50:50.5524773Z  27500K .......... .......... .......... .......... .......... 67%  320M 0s
build-zephyr	Install Zephyr SDK	2026-02-02T16:50:50.5527068Z  27550K .......... .......... .......... .......... .......... 67% 77.1M 0s
build-zephyr	Install Zephyr SDK	2026-02-02T16:50:50.5529558Z  27600K .......... .......... .......... .......... .......... 68%  280M 0s
build-zephyr	Install Zephyr SDK	2026-02-02T16:50:50.5531304Z  27650K .......... .......... .......... .......... .......... 68%  320M 0s
build-zephyr	Install Zephyr SDK	2026-02-02T16:50:50.5533688Z  27700K .......... .......... .......... .......... .......... 68%  106M 0s
build-zephyr	Install Zephyr SDK	2026-02-02T16:50:50.5536110Z  27750K .......... .......... .......... .......... .......... 68%  275M 0s
build-zephyr	Install Zephyr SDK	2026-02-02T16:50:50.5538379Z  27800K .......... .......... .......... .......... .......... 68%  288M 0s
build-zephyr	Install Zephyr SDK	2026-02-02T16:50:50.5540589Z  27850K .......... .......... .......... .......... .......... 68%  331M 0s
build-zephyr	Install Zephyr SDK	2026-02-02T16:50:50.5542580Z  27900K .......... .......... .......... .......... .......... 68%  119M 0s
build-zephyr	Install Zephyr SDK	2026-02-02T16:50:50.5544776Z  27950K .......... .......... .......... .......... .......... 68%  245M 0s
build-zephyr	Install Zephyr SDK	2026-02-02T16:50:50.5547036Z  28000K .......... .......... .......... .......... .......... 69%  288M 0s
build-zephyr	Install Zephyr SDK	2026-02-02T16:50:50.5551395Z  28050K .......... .......... .......... .......... .......... 69%  101M 0s
build-zephyr	Install Zephyr SDK	2026-02-02T16:50:50.5553715Z  28100K .......... .......... .......... .......... .......... 69%  286M 0s
build-zephyr	Install Zephyr SDK	2026-02-02T16:50:50.5556115Z  28150K .......... .......... .......... .......... .......... 69%  333M 0s
build-zephyr	Install Zephyr SDK	2026-02-02T16:50:50.5558081Z  28200K .......... .......... .......... .......... .......... 69%  335M 0s
build-zephyr	Install Zephyr SDK	2026-02-02T16:50:50.5560808Z  28250K .......... .......... .......... .......... .......... 69% 90.0M 0s
build-zephyr	Install Zephyr SDK	2026-02-02T16:50:50.5562597Z  28300K .......... .......... .......... .......... .......... 69%  305M 0s
build-zephyr	Install Zephyr SDK	2026-02-02T16:50:50.5564720Z  28350K .......... .......... .......... .......... .......... 69%  249M 0s
build-zephyr	Install Zephyr SDK	2026-02-02T16:50:50.5569900Z  28400K .......... .......... .......... .......... .......... 70%  104M 0s
build-zephyr	Install Zephyr SDK	2026-02-02T16:50:50.5572253Z  28450K .......... .......... .......... .......... .......... 70%  292M 0s
build-zephyr	Install Zephyr SDK	2026-02-02T16:50:50.5574651Z  28500K .......... .......... .......... .......... .......... 70%  315M 0s
build-zephyr	Install Zephyr SDK	2026-02-02T16:50:50.5576425Z  28550K .......... .......... .......... .......... .......... 70%  343M 0s
build-zephyr	Install Zephyr SDK	2026-02-02T16:50:50.5578647Z  28600K .......... .......... .......... .......... .......... 70% 96.2M 0s
build-zephyr	Install Zephyr SDK	2026-02-02T16:50:50.5580758Z  28650K .......... .......... .......... .......... .......... 70%  309M 0s
build-zephyr	Install Zephyr SDK	2026-02-02T16:50:50.5583011Z  28700K .......... .......... .......... .......... .......... 70%  328M 0s
build-zephyr	Install Zephyr SDK	2026-02-02T16:50:50.5587704Z  28750K .......... .......... .......... .......... .......... 70% 95.3M 0s
build-zephyr	Install Zephyr SDK	2026-02-02T16:50:50.5590077Z  28800K .......... .......... .......... .......... .......... 71%  275M 0s
build-zephyr	Install Zephyr SDK	2026-02-02T16:50:50.5592306Z  28850K .......... .......... .......... .......... .......... 71%  320M 0s
build-zephyr	Install Zephyr SDK	2026-02-02T16:50:50.5594423Z  28900K .......... .......... .......... .......... .......... 71%  342M 0s
build-zephyr	Install Zephyr SDK	2026-02-02T16:50:50.5596956Z  28950K .......... .......... .......... .......... .......... 71%  114M 0s
build-zephyr	Install Zephyr SDK	2026-02-02T16:50:50.5599226Z  29000K .......... .......... .......... .......... .......... 71%  297M 0s
build-zephyr	Install Zephyr SDK	2026-02-02T16:50:50.5601463Z  29050K .......... .......... .......... .......... .......... 71%  318M 0s
build-zephyr	Install Zephyr SDK	2026-02-02T16:50:50.5603508Z  29100K .......... .......... .......... .......... .......... 71%  339M 0s
build-zephyr	Install Zephyr SDK	2026-02-02T16:50:50.5608790Z  29150K .......... .......... .......... .......... .......... 71% 59.1M 0s
build-zephyr	Install Zephyr SDK	2026-02-02T16:50:50.5610850Z  29200K .......... .......... .......... .......... .......... 72%  312M 0s
build-zephyr	Install Zephyr SDK	2026-02-02T16:50:50.5613088Z  29250K .......... .......... .......... .......... .......... 72%  326M 0s
build-zephyr	Install Zephyr SDK	2026-02-02T16:50:50.5616790Z  29300K .......... .......... .......... .......... .......... 72%  110M 0s
build-zephyr	Install Zephyr SDK	2026-02-02T16:50:50.5619037Z  29350K .......... .......... .......... .......... .......... 72%  280M 0s
build-zephyr	Install Zephyr SDK	2026-02-02T16:50:50.5621283Z  29400K .......... .......... .......... .......... .......... 72%  325M 0s
build-zephyr	Install Zephyr SDK	2026-02-02T16:50:50.5623378Z  29450K .......... .......... .......... .......... .......... 72%  335M 0s
build-zephyr	Install Zephyr SDK	2026-02-02T16:50:50.5625940Z  29500K .......... .......... .......... .......... .......... 72%  114M 0s
build-zephyr	Install Zephyr SDK	2026-02-02T16:50:50.5628358Z  29550K .......... .......... .......... .......... .......... 72%  219M 0s
build-zephyr	Install Zephyr SDK	2026-02-02T16:50:50.5630064Z  29600K .......... .......... .......... .......... .......... 73%  331M 0s
build-zephyr	Install Zephyr SDK	2026-02-02T16:50:50.5634565Z  29650K .......... .......... .......... .......... .......... 73% 89.9M 0s
build-zephyr	Install Zephyr SDK	2026-02-02T16:50:50.5636781Z  29700K .......... .......... .......... .......... .......... 73%  250M 0s
build-zephyr	Install Zephyr SDK	2026-02-02T16:50:50.5638940Z  29750K .......... .......... .......... .......... .......... 73%  341M 0s
build-zephyr	Install Zephyr SDK	2026-02-02T16:50:50.5640481Z  29800K .......... .......... .......... .......... .......... 73%  363M 0s
build-zephyr	Install Zephyr SDK	2026-02-02T16:50:50.5643635Z  29850K .......... .......... .......... .......... .......... 73%  109M 0s
build-zephyr	Install Zephyr SDK	2026-02-02T16:50:50.5645849Z  29900K .......... .......... .......... .......... .......... 73%  326M 0s
build-zephyr	Install Zephyr SDK	2026-02-02T16:50:50.5647727Z  29950K .......... .......... .......... .......... .......... 73%  241M 0s
build-zephyr	Install Zephyr SDK	2026-02-02T16:50:50.5652682Z  30000K .......... .......... .......... .......... .......... 74%  104M 0s
build-zephyr	Install Zephyr SDK	2026-02-02T16:50:50.5655162Z  30050K .......... .......... .......... .......... .......... 74%  291M 0s
build-zephyr	Install Zephyr SDK	2026-02-02T16:50:50.5657391Z  30100K .......... .......... .......... .......... .......... 74%  328M 0s
build-zephyr	Install Zephyr SDK	2026-02-02T16:50:50.5659289Z  30150K .......... .......... .......... .......... .......... 74%  303M 0s
build-zephyr	Install Zephyr SDK	2026-02-02T16:50:50.5662912Z  30200K .......... .......... .......... .......... .......... 74% 85.8M 0s
build-zephyr	Install Zephyr SDK	2026-02-02T16:50:50.5665372Z  30250K .......... .......... .......... .......... .......... 74%  315M 0s
build-zephyr	Install Zephyr SDK	2026-02-02T16:50:50.5667617Z  30300K .......... .......... .......... .......... .......... 74%  332M 0s
build-zephyr	Install Zephyr SDK	2026-02-02T16:50:50.5672312Z  30350K .......... .......... .......... .......... .......... 74% 77.7M 0s
build-zephyr	Install Zephyr SDK	2026-02-02T16:50:50.5674751Z  30400K .......... .......... .......... .......... .......... 75%  296M 0s
build-zephyr	Install Zephyr SDK	2026-02-02T16:50:50.5676989Z  30450K .......... .......... .......... .......... .......... 75%  327M 0s
build-zephyr	Install Zephyr SDK	2026-02-02T16:50:50.5678962Z  30500K .......... .......... .......... .......... .......... 75%  294M 0s
build-zephyr	Install Zephyr SDK	2026-02-02T16:50:50.5681130Z  30550K .......... .......... .......... .......... .......... 75%  112M 0s
build-zephyr	Install Zephyr SDK	2026-02-02T16:50:50.5683299Z  30600K .......... .......... .......... .......... .......... 75%  293M 0s
build-zephyr	Install Zephyr SDK	2026-02-02T16:50:50.5685697Z  30650K .......... .......... .......... .......... .......... 75%  323M 0s
build-zephyr	Install Zephyr SDK	2026-02-02T16:50:50.5687998Z  30700K .......... .......... .......... .......... .......... 75%  257M 0s
build-zephyr	Install Zephyr SDK	2026-02-02T16:50:50.5690028Z  30750K .......... .......... .......... .......... .......... 75%  135M 0s
build-zephyr	Install Zephyr SDK	2026-02-02T16:50:50.5692239Z  30800K .......... .......... .......... .......... .......... 75%  240M 0s
build-zephyr	Install Zephyr SDK	2026-02-02T16:50:50.5694700Z  30850K .......... .......... .......... .......... .......... 76%  327M 0s
build-zephyr	Install Zephyr SDK	2026-02-02T16:50:50.5699895Z  30900K .......... .......... .......... .......... .......... 76% 88.9M 0s
build-zephyr	Install Zephyr SDK	2026-02-02T16:50:50.5702181Z  30950K .......... .......... .......... .......... .......... 76%  309M 0s
build-zephyr	Install Zephyr SDK	2026-02-02T16:50:50.5704616Z  31000K .......... .......... .......... .......... .......... 76%  325M 0s
build-zephyr	Install Zephyr SDK	2026-02-02T16:50:50.5706083Z  31050K .......... .......... .......... .......... .......... 76%  354M 0s
build-zephyr	Install Zephyr SDK	2026-02-02T16:50:50.5712252Z  31100K .......... .......... .......... .......... .......... 76% 53.1M 0s
build-zephyr	Install Zephyr SDK	2026-02-02T16:50:50.5714281Z  31150K .......... .......... .......... .......... .......... 76%  325M 0s
build-zephyr	Install Zephyr SDK	2026-02-02T16:50:50.5716547Z  31200K .......... .......... .......... .......... .......... 76%  228M 0s
build-zephyr	Install Zephyr SDK	2026-02-02T16:50:50.5721344Z  31250K .......... .......... .......... .......... .......... 77%  101M 0s
build-zephyr	Install Zephyr SDK	2026-02-02T16:50:50.5723655Z  31300K .......... .......... .......... .......... .......... 77%  301M 0s
build-zephyr	Install Zephyr SDK	2026-02-02T16:50:50.5726041Z  31350K .......... .......... .......... .......... .......... 77%  330M 0s
build-zephyr	Install Zephyr SDK	2026-02-02T16:50:50.5727504Z  31400K .......... .......... .......... .......... .......... 77%  356M 0s
build-zephyr	Install Zephyr SDK	2026-02-02T16:50:50.5730554Z  31450K .......... .......... .......... .......... .......... 77% 90.5M 0s
build-zephyr	Install Zephyr SDK	2026-02-02T16:50:50.5733045Z  31500K .......... .......... .......... .......... .......... 77%  325M 0s
build-zephyr	Install Zephyr SDK	2026-02-02T16:50:50.5735512Z  31550K .......... .......... .......... .......... .......... 77%  339M 0s
build-zephyr	Install Zephyr SDK	2026-02-02T16:50:50.5739451Z  31600K .......... .......... .......... .......... .......... 77% 89.0M 0s
build-zephyr	Install Zephyr SDK	2026-02-02T16:50:50.5741734Z  31650K .......... .......... .......... .......... .......... 78%  287M 0s
build-zephyr	Install Zephyr SDK	2026-02-02T16:50:50.5744148Z  31700K .......... .......... .......... .......... .......... 78%  334M 0s
build-zephyr	Install Zephyr SDK	2026-02-02T16:50:50.5746234Z  31750K .......... .......... .......... .......... .......... 78%  349M 0s
build-zephyr	Install Zephyr SDK	2026-02-02T16:50:50.5748135Z  31800K .......... .......... .......... .......... .......... 78%  114M 0s
build-zephyr	Install Zephyr SDK	2026-02-02T16:50:50.5750414Z  31850K .......... .......... .......... .......... .......... 78%  314M 0s
build-zephyr	Install Zephyr SDK	2026-02-02T16:50:50.5752681Z  31900K .......... .......... .......... .......... .......... 78%  347M 0s
build-zephyr	Install Zephyr SDK	2026-02-02T16:50:50.5757195Z  31950K .......... .......... .......... .......... .......... 78%  339M 0s
build-zephyr	Install Zephyr SDK	2026-02-02T16:50:50.5759511Z  32000K .......... .......... .......... .......... .......... 78% 87.9M 0s
build-zephyr	Install Zephyr SDK	2026-02-02T16:50:50.5761761Z  32050K .......... .......... .......... .......... .......... 79%  347M 0s
build-zephyr	Install Zephyr SDK	2026-02-02T16:50:50.5763465Z  32100K .......... .......... .......... .......... .......... 79%  340M 0s
build-zephyr	Install Zephyr SDK	2026-02-02T16:50:50.5765774Z  32150K .......... .......... .......... .......... .......... 79%  107M 0s
build-zephyr	Install Zephyr SDK	2026-02-02T16:50:50.5768094Z  32200K .......... .......... .......... .......... .......... 79%  269M 0s
build-zephyr	Install Zephyr SDK	2026-02-02T16:50:50.5770339Z  32250K .......... .......... .......... .......... .......... 79%  341M 0s
build-zephyr	Install Zephyr SDK	2026-02-02T16:50:50.5772312Z  32300K .......... .......... .......... .......... .......... 79%  355M 0s
build-zephyr	Install Zephyr SDK	2026-02-02T16:50:50.5775036Z  32350K .......... .......... .......... .......... .......... 79%  103M 0s
build-zephyr	Install Zephyr SDK	2026-02-02T16:50:50.5777098Z  32400K .......... .......... .......... .......... .......... 79%  228M 0s
build-zephyr	Install Zephyr SDK	2026-02-02T16:50:50.5779365Z  32450K .......... .......... .......... .......... .......... 80%  328M 0s
build-zephyr	Install Zephyr SDK	2026-02-02T16:50:50.5783139Z  32500K .......... .......... .......... .......... .......... 80%  111M 0s
build-zephyr	Install Zephyr SDK	2026-02-02T16:50:50.5785578Z  32550K .......... .......... .......... .......... .......... 80%  297M 0s
build-zephyr	Install Zephyr SDK	2026-02-02T16:50:50.5787826Z  32600K .......... .......... .......... .......... .......... 80%  293M 0s
build-zephyr	Install Zephyr SDK	2026-02-02T16:50:50.5789813Z  32650K .......... .......... .......... .......... .......... 80%  342M 0s
build-zephyr	Install Zephyr SDK	2026-02-02T16:50:50.5791751Z  32700K .......... .......... .......... .......... .......... 80%  115M 0s
build-zephyr	Install Zephyr SDK	2026-02-02T16:50:50.5793590Z  32750K .......... .......... .......... .......... .......... 80%  324M 0s
build-zephyr	Install Zephyr SDK	2026-02-02T16:50:50.5796000Z  32800K .......... .......... .......... .......... .......... 80%  257M 0s
build-zephyr	Install Zephyr SDK	2026-02-02T16:50:50.5801143Z  32850K .......... .......... .......... .......... .......... 81%  103M 0s
build-zephyr	Install Zephyr SDK	2026-02-02T16:50:50.5803464Z  32900K .......... .......... .......... .......... .......... 81%  313M 0s
build-zephyr	Install Zephyr SDK	2026-02-02T16:50:50.5805920Z  32950K .......... .......... .......... .......... .......... 81%  331M 0s
build-zephyr	Install Zephyr SDK	2026-02-02T16:50:50.5807306Z  33000K .......... .......... .......... .......... .......... 81%  351M 0s
build-zephyr	Install Zephyr SDK	2026-02-02T16:50:50.5811396Z  33050K .......... .......... .......... .......... .......... 81% 69.3M 0s
build-zephyr	Install Zephyr SDK	2026-02-02T16:50:50.5813700Z  33100K .......... .......... .......... .......... .......... 81%  316M 0s
build-zephyr	Install Zephyr SDK	2026-02-02T16:50:50.5816123Z  33150K .......... .......... .......... .......... .......... 81%  345M 0s
build-zephyr	Install Zephyr SDK	2026-02-02T16:50:50.5820122Z  33200K .......... .......... .......... .......... .......... 81% 92.7M 0s
build-zephyr	Install Zephyr SDK	2026-02-02T16:50:50.5822420Z  33250K .......... .......... .......... .......... .......... 82%  291M 0s
build-zephyr	Install Zephyr SDK	2026-02-02T16:50:50.5824828Z  33300K .......... .......... .......... .......... .......... 82%  333M 0s
build-zephyr	Install Zephyr SDK	2026-02-02T16:50:50.5826601Z  33350K .......... .......... .......... .......... .......... 82%  351M 0s
build-zephyr	Install Zephyr SDK	2026-02-02T16:50:50.5828477Z  33400K .......... .......... .......... .......... .......... 82%  121M 0s
build-zephyr	Install Zephyr SDK	2026-02-02T16:50:50.5831070Z  33450K .......... .......... .......... .......... .......... 82%  279M 0s
build-zephyr	Install Zephyr SDK	2026-02-02T16:50:50.5833312Z  33500K .......... .......... .......... .......... .......... 82%  339M 0s
build-zephyr	Install Zephyr SDK	2026-02-02T16:50:50.5835483Z  33550K .......... .......... .......... .......... .......... 82%  353M 0s
build-zephyr	Install Zephyr SDK	2026-02-02T16:50:50.5838323Z  33600K .......... .......... .......... .......... .......... 82% 84.3M 0s
build-zephyr	Install Zephyr SDK	2026-02-02T16:50:50.5840412Z  33650K .......... .......... .......... .......... .......... 83%  318M 0s
build-zephyr	Install Zephyr SDK	2026-02-02T16:50:50.5843033Z  33700K .......... .......... .......... .......... .......... 83%  330M 0s
build-zephyr	Install Zephyr SDK	2026-02-02T16:50:50.5846784Z  33750K .......... .......... .......... .......... .......... 83%  100M 0s
build-zephyr	Install Zephyr SDK	2026-02-02T16:50:50.5849076Z  33800K .......... .......... .......... .......... .......... 83%  278M 0s
build-zephyr	Install Zephyr SDK	2026-02-02T16:50:50.5851330Z  33850K .......... .......... .......... .......... .......... 83%  345M 0s
build-zephyr	Install Zephyr SDK	2026-02-02T16:50:50.5853340Z  33900K .......... .......... .......... .......... .......... 83%  347M 0s
build-zephyr	Install Zephyr SDK	2026-02-02T16:50:50.5855815Z  33950K .......... .......... .......... .......... .......... 83%  111M 0s
build-zephyr	Install Zephyr SDK	2026-02-02T16:50:50.5857934Z  34000K .......... .......... .......... .......... .......... 83%  162M 0s
build-zephyr	Install Zephyr SDK	2026-02-02T16:50:50.5859940Z  34050K .......... .......... .......... .......... .......... 83%  348M 0s
build-zephyr	Install Zephyr SDK	2026-02-02T16:50:50.5865197Z  34100K .......... .......... .......... .......... .......... 84%  109M 0s
build-zephyr	Install Zephyr SDK	2026-02-02T16:50:50.5867522Z  34150K .......... .......... .......... .......... .......... 84%  276M 0s
build-zephyr	Install Zephyr SDK	2026-02-02T16:50:50.5869761Z  34200K .......... .......... .......... .......... .......... 84%  318M 0s
build-zephyr	Install Zephyr SDK	2026-02-02T16:50:50.5871551Z  34250K .......... .......... .......... .......... .......... 84%  353M 0s
build-zephyr	Install Zephyr SDK	2026-02-02T16:50:50.5875394Z  34300K .......... .......... .......... .......... .......... 84% 82.0M 0s
build-zephyr	Install Zephyr SDK	2026-02-02T16:50:50.5877506Z  34350K .......... .......... .......... .......... .......... 84%  298M 0s
build-zephyr	Install Zephyr SDK	2026-02-02T16:50:50.5879752Z  34400K .......... .......... .......... .......... .......... 84%  265M 0s
build-zephyr	Install Zephyr SDK	2026-02-02T16:50:50.5883608Z  34450K .......... .......... .......... .......... .......... 84%  104M 0s
build-zephyr	Install Zephyr SDK	2026-02-02T16:50:50.5886061Z  34500K .......... .......... .......... .......... .......... 85%  302M 0s
build-zephyr	Install Zephyr SDK	2026-02-02T16:50:50.5888296Z  34550K .......... .......... .......... .......... .......... 85%  294M 0s
build-zephyr	Install Zephyr SDK	2026-02-02T16:50:50.5890209Z  34600K .......... .......... .......... .......... .......... 85%  344M 0s
build-zephyr	Install Zephyr SDK	2026-02-02T16:50:50.5892013Z  34650K .......... .......... .......... .......... .......... 85%  121M 0s
build-zephyr	Install Zephyr SDK	2026-02-02T16:50:50.5894388Z  34700K .......... .......... .......... .......... .......... 85%  295M 0s
build-zephyr	Install Zephyr SDK	2026-02-02T16:50:50.5896641Z  34750K .......... .......... .......... .......... .......... 85%  325M 0s
build-zephyr	Install Zephyr SDK	2026-02-02T16:50:50.5898872Z  34800K .......... .......... .......... .......... .......... 85%  229M 0s
build-zephyr	Install Zephyr SDK	2026-02-02T16:50:50.5902322Z  34850K .......... .......... .......... .......... .......... 85% 91.8M 0s
build-zephyr	Install Zephyr SDK	2026-02-02T16:50:50.5904699Z  34900K .......... .......... .......... .......... .......... 86%  337M 0s
build-zephyr	Install Zephyr SDK	2026-02-02T16:50:50.5906954Z  34950K .......... .......... .......... .......... .......... 86%  328M 0s
build-zephyr	Install Zephyr SDK	2026-02-02T16:50:50.5912843Z  35000K .......... .......... .......... .......... .......... 86% 70.1M 0s
build-zephyr	Install Zephyr SDK	2026-02-02T16:50:50.5915308Z  35050K .......... .......... .......... .......... .......... 86%  287M 0s
build-zephyr	Install Zephyr SDK	2026-02-02T16:50:50.5917557Z  35100K .......... .......... .......... .......... .......... 86%  343M 0s
build-zephyr	Install Zephyr SDK	2026-02-02T16:50:50.5919802Z  35150K .......... .......... .......... .......... .......... 86%  301M 0s
build-zephyr	Install Zephyr SDK	2026-02-02T16:50:50.5921745Z  35200K .......... .......... .......... .......... .......... 86% 96.3M 0s
build-zephyr	Install Zephyr SDK	2026-02-02T16:50:50.5923759Z  35250K .......... .......... .......... .......... .......... 86%  331M 0s
build-zephyr	Install Zephyr SDK	2026-02-02T16:50:50.5926172Z  35300K .......... .......... .......... .......... .......... 87%  327M 0s
build-zephyr	Install Zephyr SDK	2026-02-02T16:50:50.5931234Z  35350K .......... .......... .......... .......... .......... 87% 90.9M 0s
build-zephyr	Install Zephyr SDK	2026-02-02T16:50:50.5933768Z  35400K .......... .......... .......... .......... .......... 87%  320M 0s
build-zephyr	Install Zephyr SDK	2026-02-02T16:50:50.5936157Z  35450K .......... .......... .......... .......... .......... 87%  319M 0s
build-zephyr	Install Zephyr SDK	2026-02-02T16:50:50.5937763Z  35500K .......... .......... .......... .......... .......... 87%  349M 0s
build-zephyr	Install Zephyr SDK	2026-02-02T16:50:50.5940279Z  35550K .......... .......... .......... .......... .......... 87% 94.7M 0s
build-zephyr	Install Zephyr SDK	2026-02-02T16:50:50.5942378Z  35600K .......... .......... .......... .......... .......... 87%  252M 0s
build-zephyr	Install Zephyr SDK	2026-02-02T16:50:50.5945037Z  35650K .......... .......... .......... .......... .......... 87%  330M 0s
build-zephyr	Install Zephyr SDK	2026-02-02T16:50:50.5949077Z  35700K .......... .......... .......... .......... .......... 88% 97.0M 0s
build-zephyr	Install Zephyr SDK	2026-02-02T16:50:50.5951374Z  35750K .......... .......... .......... .......... .......... 88%  299M 0s
build-zephyr	Install Zephyr SDK	2026-02-02T16:50:50.5953618Z  35800K .......... .......... .......... .......... .......... 88%  339M 0s
build-zephyr	Install Zephyr SDK	2026-02-02T16:50:50.5955552Z  35850K .......... .......... .......... .......... .......... 88%  345M 0s
build-zephyr	Install Zephyr SDK	2026-02-02T16:50:50.5958577Z  35900K .......... .......... .......... .......... .......... 88% 86.0M 0s
build-zephyr	Install Zephyr SDK	2026-02-02T16:50:50.5960487Z  35950K .......... .......... .......... .......... .......... 88%  312M 0s
build-zephyr	Install Zephyr SDK	2026-02-02T16:50:50.5962385Z  36000K .......... .......... .......... .......... .......... 88%  260M 0s
build-zephyr	Install Zephyr SDK	2026-02-02T16:50:50.5964324Z  36050K .......... .......... .......... .......... .......... 88%  340M 0s
build-zephyr	Install Zephyr SDK	2026-02-02T16:50:50.5967472Z  36100K .......... .......... .......... .......... .......... 89%  120M 0s
build-zephyr	Install Zephyr SDK	2026-02-02T16:50:50.5969318Z  36150K .......... .......... .......... .......... .......... 89%  324M 0s
build-zephyr	Install Zephyr SDK	2026-02-02T16:50:50.5971117Z  36200K .......... .......... .......... .......... .......... 89%  342M 0s
build-zephyr	Install Zephyr SDK	2026-02-02T16:50:50.5975933Z  36250K .......... .......... .......... .......... .......... 89% 93.2M 0s
build-zephyr	Install Zephyr SDK	2026-02-02T16:50:50.5977768Z  36300K .......... .......... .......... .......... .......... 89%  276M 0s
build-zephyr	Install Zephyr SDK	2026-02-02T16:50:50.5979539Z  36350K .......... .......... .......... .......... .......... 89%  347M 0s
build-zephyr	Install Zephyr SDK	2026-02-02T16:50:50.5981332Z  36400K .......... .......... .......... .......... .......... 89%  245M 0s
build-zephyr	Install Zephyr SDK	2026-02-02T16:50:50.5985297Z  36450K .......... .......... .......... .......... .......... 89%  113M 0s
build-zephyr	Install Zephyr SDK	2026-02-02T16:50:50.5987146Z  36500K .......... .......... .......... .......... .......... 90%  283M 0s
build-zephyr	Install Zephyr SDK	2026-02-02T16:50:50.5988926Z  36550K .......... .......... .......... .......... .......... 90%  339M 0s
build-zephyr	Install Zephyr SDK	2026-02-02T16:50:50.5994366Z  36600K .......... .......... .......... .......... .......... 90% 97.7M 0s
build-zephyr	Install Zephyr SDK	2026-02-02T16:50:50.5996652Z  36650K .......... .......... .......... .......... .......... 90%  301M 0s
build-zephyr	Install Zephyr SDK	2026-02-02T16:50:50.5998881Z  36700K .......... .......... .......... .......... .......... 90%  296M 0s
build-zephyr	Install Zephyr SDK	2026-02-02T16:50:50.6000917Z  36750K .......... .......... .......... .......... .......... 90%  353M 0s
build-zephyr	Install Zephyr SDK	2026-02-02T16:50:50.6003756Z  36800K .......... .......... .......... .......... .......... 90% 88.3M 0s
build-zephyr	Install Zephyr SDK	2026-02-02T16:50:50.6005851Z  36850K .......... .......... .......... .......... .......... 90%  364M 0s
build-zephyr	Install Zephyr SDK	2026-02-02T16:50:50.6007346Z  36900K .......... .......... .......... .......... .......... 91%  296M 0s
build-zephyr	Install Zephyr SDK	2026-02-02T16:50:50.6013629Z  36950K .......... .......... .......... .......... .......... 91% 67.6M 0s
build-zephyr	Install Zephyr SDK	2026-02-02T16:50:50.6015878Z  37000K .......... .......... .......... .......... .......... 91%  303M 0s
build-zephyr	Install Zephyr SDK	2026-02-02T16:50:50.6017743Z  37050K .......... .......... .......... .......... .......... 91%  290M 0s
build-zephyr	Install Zephyr SDK	2026-02-02T16:50:50.6019125Z  37100K .......... .......... .......... .......... .......... 91%  340M 0s
build-zephyr	Install Zephyr SDK	2026-02-02T16:50:50.6023716Z  37150K .......... .......... .......... .......... .......... 91% 96.3M 0s
build-zephyr	Install Zephyr SDK	2026-02-02T16:50:50.6025823Z  37200K .......... .......... .......... .......... .......... 91%  292M 0s
build-zephyr	Install Zephyr SDK	2026-02-02T16:50:50.6027474Z  37250K .......... .......... .......... .......... .......... 91%  295M 0s
build-zephyr	Install Zephyr SDK	2026-02-02T16:50:50.6031769Z  37300K .......... .......... .......... .......... .......... 92% 98.0M 0s
build-zephyr	Install Zephyr SDK	2026-02-02T16:50:50.6034167Z  37350K .......... .......... .......... .......... .......... 92%  310M 0s
build-zephyr	Install Zephyr SDK	2026-02-02T16:50:50.6036016Z  37400K .......... .......... .......... .......... .......... 92%  336M 0s
build-zephyr	Install Zephyr SDK	2026-02-02T16:50:50.6037477Z  37450K .......... .......... .......... .......... .......... 92%  297M 0s
build-zephyr	Install Zephyr SDK	2026-02-02T16:50:50.6040320Z  37500K .......... .......... .......... .......... .......... 92%  126M 0s
build-zephyr	Install Zephyr SDK	2026-02-02T16:50:50.6042779Z  37550K .......... .......... .......... .......... .......... 92%  275M 0s
build-zephyr	Install Zephyr SDK	2026-02-02T16:50:50.6045254Z  37600K .......... .......... .......... .......... .......... 92%  276M 0s
build-zephyr	Install Zephyr SDK	2026-02-02T16:50:50.6046613Z  37650K .......... .......... .......... .......... .......... 92%  332M 0s
build-zephyr	Install Zephyr SDK	2026-02-02T16:50:50.6050437Z  37700K .......... .......... .......... .......... .......... 92% 94.1M 0s
build-zephyr	Install Zephyr SDK	2026-02-02T16:50:50.6052807Z  37750K .......... .......... .......... .......... .......... 93%  337M 0s
build-zephyr	Install Zephyr SDK	2026-02-02T16:50:50.6054652Z  37800K .......... .......... .......... .......... .......... 93%  332M 0s
build-zephyr	Install Zephyr SDK	2026-02-02T16:50:50.6061058Z  37850K .......... .......... .......... .......... .......... 93% 75.4M 0s
build-zephyr	Install Zephyr SDK	2026-02-02T16:50:50.6063446Z  37900K .......... .......... .......... .......... .......... 93%  287M 0s
build-zephyr	Install Zephyr SDK	2026-02-02T16:50:50.6065314Z  37950K .......... .......... .......... .......... .......... 93%  314M 0s
build-zephyr	Install Zephyr SDK	2026-02-02T16:50:50.6066661Z  38000K .......... .......... .......... .......... .......... 93%  262M 0s
build-zephyr	Install Zephyr SDK	2026-02-02T16:50:50.6072051Z  38050K .......... .......... .......... .......... .......... 93% 70.6M 0s
build-zephyr	Install Zephyr SDK	2026-02-02T16:50:50.6074588Z  38100K .......... .......... .......... .......... .......... 93%  355M 0s
build-zephyr	Install Zephyr SDK	2026-02-02T16:50:50.6076198Z  38150K .......... .......... .......... .......... .......... 94%  327M 0s
build-zephyr	Install Zephyr SDK	2026-02-02T16:50:50.6079962Z  38200K .......... .......... .......... .......... .......... 94%  103M 0s
build-zephyr	Install Zephyr SDK	2026-02-02T16:50:50.6082343Z  38250K .......... .......... .......... .......... .......... 94%  302M 0s
build-zephyr	Install Zephyr SDK	2026-02-02T16:50:50.6084429Z  38300K .......... .......... .......... .......... .......... 94%  329M 0s
build-zephyr	Install Zephyr SDK	2026-02-02T16:50:50.6085773Z  38350K .......... .......... .......... .......... .......... 94%  332M 0s
build-zephyr	Install Zephyr SDK	2026-02-02T16:50:50.6089552Z  38400K .......... .......... .......... .......... .......... 94% 91.8M 0s
build-zephyr	Install Zephyr SDK	2026-02-02T16:50:50.6091900Z  38450K .......... .......... .......... .......... .......... 94%  342M 0s
build-zephyr	Install Zephyr SDK	2026-02-02T16:50:50.6093447Z  38500K .......... .......... .......... .......... .......... 94%  341M 0s
build-zephyr	Install Zephyr SDK	2026-02-02T16:50:50.6097027Z  38550K .......... .......... .......... .......... .......... 95%  124M 0s
build-zephyr	Install Zephyr SDK	2026-02-02T16:50:50.6099411Z  38600K .......... .......... .......... .......... .......... 95%  296M 0s
build-zephyr	Install Zephyr SDK	2026-02-02T16:50:50.6101426Z  38650K .......... .......... .......... .......... .......... 95%  324M 0s
build-zephyr	Install Zephyr SDK	2026-02-02T16:50:50.6102774Z  38700K .......... .......... .......... .......... .......... 95%  342M 0s
build-zephyr	Install Zephyr SDK	2026-02-02T16:50:50.6106748Z  38750K .......... .......... .......... .......... .......... 95%  114M 0s
build-zephyr	Install Zephyr SDK	2026-02-02T16:50:50.6109119Z  38800K .......... .......... .......... .......... .......... 95%  208M 0s
build-zephyr	Install Zephyr SDK	2026-02-02T16:50:50.6110616Z  38850K .......... .......... .......... .......... .......... 95%  338M 0s
build-zephyr	Install Zephyr SDK	2026-02-02T16:50:50.6111943Z  38900K .......... .......... .......... .......... .......... 95%  333M 0s
build-zephyr	Install Zephyr SDK	2026-02-02T16:50:50.6116006Z  38950K .......... .......... .......... .......... .......... 96% 86.8M 0s
build-zephyr	Install Zephyr SDK	2026-02-02T16:50:50.6118229Z  39000K .......... .......... .......... .......... .......... 96%  326M 0s
build-zephyr	Install Zephyr SDK	2026-02-02T16:50:50.6119941Z  39050K .......... .......... .......... .......... .......... 96%  353M 0s
build-zephyr	Install Zephyr SDK	2026-02-02T16:50:50.6126666Z  39100K .......... .......... .......... .......... .......... 96% 64.5M 0s
build-zephyr	Install Zephyr SDK	2026-02-02T16:50:50.6128901Z  39150K .......... .......... .......... .......... .......... 96%  267M 0s
build-zephyr	Install Zephyr SDK	2026-02-02T16:50:50.6131129Z  39200K .......... .......... .......... .......... .......... 96%  260M 0s
build-zephyr	Install Zephyr SDK	2026-02-02T16:50:50.6132658Z  39250K .......... .......... .......... .......... .......... 96%  356M 0s
build-zephyr	Install Zephyr SDK	2026-02-02T16:50:50.6137246Z  39300K .......... .......... .......... .......... .......... 96% 85.7M 0s
build-zephyr	Install Zephyr SDK	2026-02-02T16:50:50.6139497Z  39350K .......... .......... .......... .......... .......... 97%  333M 0s
build-zephyr	Install Zephyr SDK	2026-02-02T16:50:50.6141669Z  39400K .......... .......... .......... .......... .......... 97%  323M 0s
build-zephyr	Install Zephyr SDK	2026-02-02T16:50:50.6148036Z  39450K .......... .......... .......... .......... .......... 97% 70.7M 0s
build-zephyr	Install Zephyr SDK	2026-02-02T16:50:50.6150433Z  39500K .......... .......... .......... .......... .......... 97%  268M 0s
build-zephyr	Install Zephyr SDK	2026-02-02T16:50:50.6153057Z  39550K .......... .......... .......... .......... .......... 97%  346M 0s
build-zephyr	Install Zephyr SDK	2026-02-02T16:50:50.6155658Z  39600K .......... .......... .......... .......... .......... 97%  251M 0s
build-zephyr	Install Zephyr SDK	2026-02-02T16:50:50.6158024Z  39650K .......... .......... .......... .......... .......... 97%  133M 0s
build-zephyr	Install Zephyr SDK	2026-02-02T16:50:50.6160427Z  39700K .......... .......... .......... .......... .......... 97%  314M 0s
build-zephyr	Install Zephyr SDK	2026-02-02T16:50:50.6162800Z  39750K .......... .......... .......... .......... .......... 98%  344M 0s
build-zephyr	Install Zephyr SDK	2026-02-02T16:50:50.6165375Z  39800K .......... .......... .......... .......... .......... 98%  110M 0s
build-zephyr	Install Zephyr SDK	2026-02-02T16:50:50.6167292Z  39850K .......... .......... .......... .......... .......... 98%  311M 0s
build-zephyr	Install Zephyr SDK	2026-02-02T16:50:50.6168727Z  39900K .......... .......... .......... .......... .......... 98%  289M 0s
build-zephyr	Install Zephyr SDK	2026-02-02T16:50:50.6170049Z  39950K .......... .......... .......... .......... .......... 98%  332M 0s
build-zephyr	Install Zephyr SDK	2026-02-02T16:50:50.6172863Z  40000K .......... .......... .......... .......... .......... 98%  101M 0s
build-zephyr	Install Zephyr SDK	2026-02-02T16:50:50.6175251Z  40050K .......... .......... .......... .......... .......... 98%  351M 0s
build-zephyr	Install Zephyr SDK	2026-02-02T16:50:50.6177338Z  40100K .......... .......... .......... .......... .......... 98%  292M 0s
build-zephyr	Install Zephyr SDK	2026-02-02T16:50:50.6178668Z  40150K .......... .......... .......... .......... .......... 99%  416M 0s
build-zephyr	Install Zephyr SDK	2026-02-02T16:50:50.6183607Z  40200K .......... .......... .......... .......... .......... 99% 73.9M 0s
build-zephyr	Install Zephyr SDK	2026-02-02T16:50:50.6185863Z  40250K .......... .......... .......... .......... .......... 99%  387M 0s
build-zephyr	Install Zephyr SDK	2026-02-02T16:50:50.6187517Z  40300K .......... .......... .......... .......... .......... 99%  292M 0s
build-zephyr	Install Zephyr SDK	2026-02-02T16:50:50.6193655Z  40350K .......... .......... .......... .......... .......... 99% 76.4M 0s
build-zephyr	Install Zephyr SDK	2026-02-02T16:50:50.6195702Z  40400K .......... .......... .......... .......... .......... 99%  244M 0s
build-zephyr	Install Zephyr SDK	2026-02-02T16:50:50.6197495Z  40450K .......... .......... .......... .......... .......... 99%  289M 0s
build-zephyr	Install Zephyr SDK	2026-02-02T16:50:50.6199271Z  40500K .......... .......... .......... .......... .......... 99%  339M 0s
build-zephyr	Install Zephyr SDK	2026-02-02T16:50:50.6200689Z  40550K .......... .......... .......... .......... .....     100%  333M=0.3s
build-zephyr	Install Zephyr SDK	2026-02-02T16:50:50.6201539Z 
build-zephyr	Install Zephyr SDK	2026-02-02T16:50:50.6203099Z 2026-02-02 16:50:50 (158 MB/s) - ‘zephyr-sdk-0.16.5_linux-x86_64_minimal.tar.xz’ saved [41569904/41569904]
build-zephyr	Install Zephyr SDK	2026-02-02T16:50:50.6204537Z 
build-zephyr	Install Zephyr SDK	2026-02-02T16:50:50.6551159Z zephyr-sdk-0.16.5/sdk_version
build-zephyr	Install Zephyr SDK	2026-02-02T16:50:50.6554706Z zephyr-sdk-0.16.5/sdk_toolchains
build-zephyr	Install Zephyr SDK	2026-02-02T16:50:50.6556326Z zephyr-sdk-0.16.5/cmake/
build-zephyr	Install Zephyr SDK	2026-02-02T16:50:50.6557408Z zephyr-sdk-0.16.5/cmake/Zephyr-sdkConfig.cmake
build-zephyr	Install Zephyr SDK	2026-02-02T16:50:50.6558965Z zephyr-sdk-0.16.5/cmake/Zephyr-sdkConfigVersion.cmake
build-zephyr	Install Zephyr SDK	2026-02-02T16:50:50.6560269Z zephyr-sdk-0.16.5/cmake/zephyr/
build-zephyr	Install Zephyr SDK	2026-02-02T16:50:50.6561314Z zephyr-sdk-0.16.5/cmake/zephyr/Kconfig
build-zephyr	Install Zephyr SDK	2026-02-02T16:50:50.6562499Z zephyr-sdk-0.16.5/cmake/zephyr/generic.cmake
build-zephyr	Install Zephyr SDK	2026-02-02T16:50:50.6564051Z zephyr-sdk-0.16.5/cmake/zephyr/host-tools.cmake
build-zephyr	Install Zephyr SDK	2026-02-02T16:50:50.6565352Z zephyr-sdk-0.16.5/cmake/zephyr/target.cmake
build-zephyr	Install Zephyr SDK	2026-02-02T16:50:50.6566448Z zephyr-sdk-0.16.5/cmake/zephyr_sdk_export.cmake
build-zephyr	Install Zephyr SDK	2026-02-02T16:50:50.6567884Z zephyr-sdk-0.16.5/zephyr-sdk-x86_64-hosttools-standalone-0.9.sh
build-zephyr	Install Zephyr SDK	2026-02-02T16:50:50.7037709Z zephyr-sdk-0.16.5/setup.sh
build-zephyr	Install Zephyr SDK	2026-02-02T16:50:50.7092501Z Zephyr SDK 0.16.5 Setup
build-zephyr	Install Zephyr SDK	2026-02-02T16:50:50.7093442Z 
build-zephyr	Install Zephyr SDK	2026-02-02T16:50:50.7119545Z Installing 'x86_64-zephyr-elf' toolchain ...
build-zephyr	Install Zephyr SDK	2026-02-02T16:50:50.9949943Z 
build-zephyr	Install Zephyr SDK	2026-02-02T16:50:50.9962680Z      0K .......... .......... .......... .......... ..........  0% 14.6M 4s
build-zephyr	Install Zephyr SDK	2026-02-02T16:50:50.9967907Z     50K .......... .......... .......... .......... ..........  0% 89.7M 3s
build-zephyr	Install Zephyr SDK	2026-02-02T16:50:50.9978486Z    100K .......... .......... .......... .......... ..........  0% 46.4M 2s
build-zephyr	Install Zephyr SDK	2026-02-02T16:50:50.9982082Z    150K .......... .......... .......... .......... ..........  0%  131M 2s
build-zephyr	Install Zephyr SDK	2026-02-02T16:50:50.9984563Z    200K .......... .......... .......... .......... ..........  0%  208M 1s
build-zephyr	Install Zephyr SDK	2026-02-02T16:50:50.9991783Z    250K .......... .......... .......... .......... ..........  0% 66.6M 1s
build-zephyr	Install Zephyr SDK	2026-02-02T16:50:50.9999470Z    300K .......... .......... .......... .......... ..........  0% 63.8M 1s
build-zephyr	Install Zephyr SDK	2026-02-02T16:50:51.0001403Z    350K .......... .......... .......... .......... ..........  0%  338M 1s
build-zephyr	Install Zephyr SDK	2026-02-02T16:50:51.0008143Z    400K .......... .......... .......... .......... ..........  0% 69.6M 1s
build-zephyr	Install Zephyr SDK	2026-02-02T16:50:51.0010112Z    450K .......... .......... .......... .......... ..........  0%  297M 1s
build-zephyr	Install Zephyr SDK	2026-02-02T16:50:51.0012305Z    500K .......... .......... .......... .......... ..........  0%  327M 1s
build-zephyr	Install Zephyr SDK	2026-02-02T16:50:51.0014168Z    550K .......... .......... .......... .......... ..........  0%  281M 1s
build-zephyr	Install Zephyr SDK	2026-02-02T16:50:51.0018998Z    600K .......... .......... .......... .......... ..........  1% 82.0M 1s
build-zephyr	Install Zephyr SDK	2026-02-02T16:50:51.0020929Z    650K .......... .......... .......... .......... ..........  1%  305M 1s
build-zephyr	Install Zephyr SDK	2026-02-02T16:50:51.0023172Z    700K .......... .......... .......... .......... ..........  1%  229M 1s
build-zephyr	Install Zephyr SDK	2026-02-02T16:50:51.0025543Z    750K .......... .......... .......... .......... ..........  1%  336M 1s
build-zephyr	Install Zephyr SDK	2026-02-02T16:50:51.0029339Z    800K .......... .......... .......... .......... ..........  1% 91.9M 1s
build-zephyr	Install Zephyr SDK	2026-02-02T16:50:51.0031558Z    850K .......... .......... .......... .......... ..........  1%  383M 1s
build-zephyr	Install Zephyr SDK	2026-02-02T16:50:51.0033493Z    900K .......... .......... .......... .......... ..........  1%  191M 1s
build-zephyr	Install Zephyr SDK	2026-02-02T16:50:51.0035183Z    950K .......... .......... .......... .......... ..........  1%  343M 1s
build-zephyr	Install Zephyr SDK	2026-02-02T16:50:51.0041735Z   1000K .......... .......... .......... .......... ..........  1% 68.9M 1s
build-zephyr	Install Zephyr SDK	2026-02-02T16:50:51.0043748Z   1050K .......... .......... .......... .......... ..........  1%  360M 1s
build-zephyr	Install Zephyr SDK	2026-02-02T16:50:51.0045534Z   1100K .......... .......... .......... .......... ..........  1%  322M 1s
build-zephyr	Install Zephyr SDK	2026-02-02T16:50:51.0047417Z   1150K .......... .......... .......... .......... ..........  1%  183M 1s
build-zephyr	Install Zephyr SDK	2026-02-02T16:50:51.0049049Z   1200K .......... .......... .......... .......... ..........  1%  331M 1s
build-zephyr	Install Zephyr SDK	2026-02-02T16:50:51.0056734Z   1250K .......... .......... .......... .......... ..........  2% 61.3M 1s
build-zephyr	Install Zephyr SDK	2026-02-02T16:50:51.0058885Z   1300K .......... .......... .......... .......... ..........  2%  271M 1s
build-zephyr	Install Zephyr SDK	2026-02-02T16:50:51.0060700Z   1350K .......... .......... .......... .......... ..........  2%  227M 1s
build-zephyr	Install Zephyr SDK	2026-02-02T16:50:51.0062724Z   1400K .......... .......... .......... .......... ..........  2%  318M 1s
build-zephyr	Install Zephyr SDK	2026-02-02T16:50:51.0067682Z   1450K .......... .......... .......... .......... ..........  2% 93.7M 1s
build-zephyr	Install Zephyr SDK	2026-02-02T16:50:51.0069891Z   1500K .......... .......... .......... .......... ..........  2%  316M 1s
build-zephyr	Install Zephyr SDK	2026-02-02T16:50:51.0072111Z   1550K .......... .......... .......... .......... ..........  2%  311M 1s
build-zephyr	Install Zephyr SDK	2026-02-02T16:50:51.0076150Z   1600K .......... .......... .......... .......... ..........  2% 89.5M 1s
build-zephyr	Install Zephyr SDK	2026-02-02T16:50:51.0078178Z   1650K .......... .......... .......... .......... ..........  2%  312M 1s
build-zephyr	Install Zephyr SDK	2026-02-02T16:50:51.0084885Z   1700K .......... .......... .......... .......... ..........  2% 69.2M 1s
build-zephyr	Install Zephyr SDK	2026-02-02T16:50:51.0086792Z   1750K .......... .......... .......... .......... ..........  2%  267M 1s
build-zephyr	Install Zephyr SDK	2026-02-02T16:50:51.0089095Z   1800K .......... .......... .......... .......... ..........  2%  318M 1s
build-zephyr	Install Zephyr SDK	2026-02-02T16:50:51.0091305Z   1850K .......... .......... .......... .......... ..........  2%  197M 1s
build-zephyr	Install Zephyr SDK	2026-02-02T16:50:51.0093514Z   1900K .......... .......... .......... .......... ..........  3%  297M 1s
build-zephyr	Install Zephyr SDK	2026-02-02T16:50:51.0095921Z   1950K .......... .......... .......... .......... ..........  3%  339M 1s
build-zephyr	Install Zephyr SDK	2026-02-02T16:50:51.0098497Z   2000K .......... .......... .......... .......... ..........  3%  328M 1s
build-zephyr	Install Zephyr SDK	2026-02-02T16:50:51.0100746Z   2050K .......... .......... .......... .......... ..........  3%  182M 1s
build-zephyr	Install Zephyr SDK	2026-02-02T16:50:51.0102968Z   2100K .......... .......... .......... .......... ..........  3%  195M 0s
build-zephyr	Install Zephyr SDK	2026-02-02T16:50:51.0105037Z   2150K .......... .......... .......... .......... ..........  3%  322M 0s
build-zephyr	Install Zephyr SDK	2026-02-02T16:50:51.0107534Z   2200K .......... .......... .......... .......... ..........  3%  126M 0s
build-zephyr	Install Zephyr SDK	2026-02-02T16:50:51.0109765Z   2250K .......... .......... .......... .......... ..........  3%  298M 0s
build-zephyr	Install Zephyr SDK	2026-02-02T16:50:51.0111683Z   2300K .......... .......... .......... .......... ..........  3%  146M 0s
build-zephyr	Install Zephyr SDK	2026-02-02T16:50:51.0117521Z   2350K .......... .......... .......... .......... ..........  3% 72.4M 0s
build-zephyr	Install Zephyr SDK	2026-02-02T16:50:51.0119563Z   2400K .......... .......... .......... .......... ..........  3%  306M 0s
build-zephyr	Install Zephyr SDK	2026-02-02T16:50:51.0121814Z   2450K .......... .......... .......... .......... ..........  3%  325M 0s
build-zephyr	Install Zephyr SDK	2026-02-02T16:50:51.0127884Z   2500K .......... .......... .......... .......... ..........  3% 67.4M 0s
build-zephyr	Install Zephyr SDK	2026-02-02T16:50:51.0129979Z   2550K .......... .......... .......... .......... ..........  4%  309M 0s
build-zephyr	Install Zephyr SDK	2026-02-02T16:50:51.0132206Z   2600K .......... .......... .......... .......... ..........  4%  317M 0s
build-zephyr	Install Zephyr SDK	2026-02-02T16:50:51.0135029Z   2650K .......... .......... .......... .......... ..........  4%  119M 0s
build-zephyr	Install Zephyr SDK	2026-02-02T16:50:51.0137013Z   2700K .......... .......... .......... .......... ..........  4%  294M 0s
build-zephyr	Install Zephyr SDK	2026-02-02T16:50:51.0139236Z   2750K .......... .......... .......... .......... ..........  4%  308M 0s
build-zephyr	Install Zephyr SDK	2026-02-02T16:50:51.0167504Z   2800K .......... .......... .......... .......... ..........  4% 16.9M 1s
build-zephyr	Install Zephyr SDK	2026-02-02T16:50:51.0169896Z   2850K .......... .......... .......... .......... ..........  4%  223M 1s
build-zephyr	Install Zephyr SDK	2026-02-02T16:50:51.0172412Z   2900K .......... .......... .......... .......... ..........  4%  244M 1s
build-zephyr	Install Zephyr SDK	2026-02-02T16:50:51.0174847Z   2950K .......... .......... .......... .......... ..........  4%  232M 1s
build-zephyr	Install Zephyr SDK	2026-02-02T16:50:51.0177122Z   3000K .......... .......... .......... .......... ..........  4%  217M 0s
build-zephyr	Install Zephyr SDK	2026-02-02T16:50:51.0179336Z   3050K .......... .......... .......... .......... ..........  4%  314M 0s
build-zephyr	Install Zephyr SDK	2026-02-02T16:50:51.0181603Z   3100K .......... .......... .......... .......... ..........  4%  230M 0s
build-zephyr	Install Zephyr SDK	2026-02-02T16:50:51.0183811Z   3150K .......... .......... .......... .......... ..........  4%  321M 0s
build-zephyr	Install Zephyr SDK	2026-02-02T16:50:51.0186188Z   3200K .......... .......... .......... .......... ..........  5%  246M 0s
build-zephyr	Install Zephyr SDK	2026-02-02T16:50:51.0188389Z   3250K .......... .......... .......... .......... ..........  5%  319M 0s
build-zephyr	Install Zephyr SDK	2026-02-02T16:50:51.0190650Z   3300K .......... .......... .......... .......... ..........  5%  231M 0s
build-zephyr	Install Zephyr SDK	2026-02-02T16:50:51.0192863Z   3350K .......... .......... .......... .......... ..........  5%  336M 0s
build-zephyr	Install Zephyr SDK	2026-02-02T16:50:51.0195188Z   3400K .......... .......... .......... .......... ..........  5%  322M 0s
build-zephyr	Install Zephyr SDK	2026-02-02T16:50:51.0197447Z   3450K .......... .......... .......... .......... ..........  5%  328M 0s
build-zephyr	Install Zephyr SDK	2026-02-02T16:50:51.0199671Z   3500K .......... .......... .......... .......... ..........  5%  186M 0s
build-zephyr	Install Zephyr SDK	2026-02-02T16:50:51.0201644Z   3550K .......... .......... .......... .......... ..........  5%  334M 0s
build-zephyr	Install Zephyr SDK	2026-02-02T16:50:51.0204044Z   3600K .......... .......... .......... .......... ..........  5%  301M 0s
build-zephyr	Install Zephyr SDK	2026-02-02T16:50:51.0206254Z   3650K .......... .......... .......... .......... ..........  5%  318M 0s
build-zephyr	Install Zephyr SDK	2026-02-02T16:50:51.0208607Z   3700K .......... .......... .......... .......... ..........  5%  131M 0s
build-zephyr	Install Zephyr SDK	2026-02-02T16:50:51.0210816Z   3750K .......... .......... .......... .......... ..........  5%  211M 0s
build-zephyr	Install Zephyr SDK	2026-02-02T16:50:51.0213025Z   3800K .......... .......... .......... .......... ..........  5%  279M 0s
build-zephyr	Install Zephyr SDK	2026-02-02T16:50:51.0214685Z   3850K .......... .......... .......... .......... ..........  6%  330M 0s
build-zephyr	Install Zephyr SDK	2026-02-02T16:50:51.0216523Z   3900K .......... .......... .......... .......... ..........  6%  213M 0s
build-zephyr	Install Zephyr SDK	2026-02-02T16:50:51.0218001Z   3950K .......... .......... .......... .......... ..........  6%  307M 0s
build-zephyr	Install Zephyr SDK	2026-02-02T16:50:51.0220046Z   4000K .......... .......... .......... .......... ..........  6%  116M 0s
build-zephyr	Install Zephyr SDK	2026-02-02T16:50:51.0221487Z   4050K .......... .......... .......... .......... ..........  6%  137M 0s
build-zephyr	Install Zephyr SDK	2026-02-02T16:50:51.0225058Z   4100K .......... .......... .......... .......... ..........  6% 82.5M 0s
build-zephyr	Install Zephyr SDK	2026-02-02T16:50:51.0227414Z   4150K .......... .......... .......... .......... ..........  6%  293M 0s
build-zephyr	Install Zephyr SDK	2026-02-02T16:50:51.0229430Z   4200K .......... .......... .......... .......... ..........  6%  237M 0s
build-zephyr	Install Zephyr SDK	2026-02-02T16:50:51.0231322Z   4250K .......... .......... .......... .......... ..........  6%  186M 0s
build-zephyr	Install Zephyr SDK	2026-02-02T16:50:51.0234207Z   4300K .......... .......... .......... .......... ..........  6%  187M 0s
build-zephyr	Install Zephyr SDK	2026-02-02T16:50:51.0236097Z   4350K .......... .......... .......... .......... ..........  6%  289M 0s
build-zephyr	Install Zephyr SDK	2026-02-02T16:50:51.0238328Z   4400K .......... .......... .......... .......... ..........  6%  180M 0s
build-zephyr	Install Zephyr SDK	2026-02-02T16:50:51.0240206Z   4450K .......... .......... .......... .......... ..........  6%  316M 0s
build-zephyr	Install Zephyr SDK	2026-02-02T16:50:51.0244047Z   4500K .......... .......... .......... .......... ..........  7%  124M 0s
build-zephyr	Install Zephyr SDK	2026-02-02T16:50:51.0246312Z   4550K .......... .......... .......... .......... ..........  7%  190M 0s
build-zephyr	Install Zephyr SDK	2026-02-02T16:50:51.0249080Z   4600K .......... .......... .......... .......... ..........  7%  192M 0s
build-zephyr	Install Zephyr SDK	2026-02-02T16:50:51.0250936Z   4650K .......... .......... .......... .......... ..........  7%  315M 0s
build-zephyr	Install Zephyr SDK	2026-02-02T16:50:51.0254247Z   4700K .......... .......... .......... .......... ..........  7%  133M 0s
build-zephyr	Install Zephyr SDK	2026-02-02T16:50:51.0257708Z   4750K .......... .......... .......... .......... ..........  7%  143M 0s
build-zephyr	Install Zephyr SDK	2026-02-02T16:50:51.0259704Z   4800K .......... .......... .......... .......... ..........  7%  223M 0s
build-zephyr	Install Zephyr SDK	2026-02-02T16:50:51.0261600Z   4850K .......... .......... .......... .......... ..........  7%  330M 0s
build-zephyr	Install Zephyr SDK	2026-02-02T16:50:51.0263657Z   4900K .......... .......... .......... .......... ..........  7%  198M 0s
build-zephyr	Install Zephyr SDK	2026-02-02T16:50:51.0267461Z   4950K .......... .......... .......... .......... ..........  7%  140M 0s
build-zephyr	Install Zephyr SDK	2026-02-02T16:50:51.0272924Z   5000K .......... .......... .......... .......... ..........  7% 90.1M 0s
build-zephyr	Install Zephyr SDK	2026-02-02T16:50:51.0274763Z   5050K .......... .......... .......... .......... ..........  7%  236M 0s
build-zephyr	Install Zephyr SDK	2026-02-02T16:50:51.0277014Z   5100K .......... .......... .......... .......... ..........  7%  275M 0s
build-zephyr	Install Zephyr SDK	2026-02-02T16:50:51.0279322Z   5150K .......... .......... .......... .......... ..........  8%  319M 0s
build-zephyr	Install Zephyr SDK	2026-02-02T16:50:51.0281527Z   5200K .......... .......... .......... .......... ..........  8%  206M 0s
build-zephyr	Install Zephyr SDK	2026-02-02T16:50:51.0286239Z   5250K .......... .......... .......... .......... ..........  8% 85.2M 0s
build-zephyr	Install Zephyr SDK	2026-02-02T16:50:51.0288317Z   5300K .......... .......... .......... .......... ..........  8%  325M 0s
build-zephyr	Install Zephyr SDK	2026-02-02T16:50:51.0290606Z   5350K .......... .......... .......... .......... ..........  8%  337M 0s
build-zephyr	Install Zephyr SDK	2026-02-02T16:50:51.0292653Z   5400K .......... .......... .......... .......... ..........  8%  133M 0s
build-zephyr	Install Zephyr SDK	2026-02-02T16:50:51.0298386Z   5450K .......... .......... .......... .......... ..........  8% 88.3M 0s
build-zephyr	Install Zephyr SDK	2026-02-02T16:50:51.0300485Z   5500K .......... .......... .......... .......... ..........  8%  309M 0s
build-zephyr	Install Zephyr SDK	2026-02-02T16:50:51.0302720Z   5550K .......... .......... .......... .......... ..........  8%  311M 0s
build-zephyr	Install Zephyr SDK	2026-02-02T16:50:51.0305113Z   5600K .......... .......... .......... .......... ..........  8%  333M 0s
build-zephyr	Install Zephyr SDK	2026-02-02T16:50:51.0306971Z   5650K .......... .......... .......... .......... ..........  8%  134M 0s
build-zephyr	Install Zephyr SDK	2026-02-02T16:50:51.0312754Z   5700K .......... .......... .......... .......... ..........  8% 79.8M 0s
build-zephyr	Install Zephyr SDK	2026-02-02T16:50:51.0314977Z   5750K .......... .......... .......... .......... ..........  8%  316M 0s
build-zephyr	Install Zephyr SDK	2026-02-02T16:50:51.0317201Z   5800K .......... .......... .......... .......... ..........  9%  281M 0s
build-zephyr	Install Zephyr SDK	2026-02-02T16:50:51.0320473Z   5850K .......... .......... .......... .......... ..........  9%  110M 0s
build-zephyr	Install Zephyr SDK	2026-02-02T16:50:51.0322527Z   5900K .......... .......... .......... .......... ..........  9%  320M 0s
build-zephyr	Install Zephyr SDK	2026-02-02T16:50:51.0325393Z   5950K .......... .......... .......... .......... ..........  9%  150M 0s
build-zephyr	Install Zephyr SDK	2026-02-02T16:50:51.0329446Z   6000K .......... .......... .......... .......... ..........  9%  116M 0s
build-zephyr	Install Zephyr SDK	2026-02-02T16:50:51.0331557Z   6050K .......... .......... .......... .......... ..........  9%  322M 0s
build-zephyr	Install Zephyr SDK	2026-02-02T16:50:51.0334207Z   6100K .......... .......... .......... .......... ..........  9%  338M 0s
build-zephyr	Install Zephyr SDK	2026-02-02T16:50:51.0338297Z   6150K .......... .......... .......... .......... ..........  9% 83.4M 0s
build-zephyr	Install Zephyr SDK	2026-02-02T16:50:51.0340324Z   6200K .......... .......... .......... .......... ..........  9%  323M 0s
build-zephyr	Install Zephyr SDK	2026-02-02T16:50:51.0344658Z   6250K .......... .......... .......... .......... ..........  9%  103M 0s
build-zephyr	Install Zephyr SDK	2026-02-02T16:50:51.0346541Z   6300K .......... .......... .......... .......... ..........  9%  279M 0s
build-zephyr	Install Zephyr SDK	2026-02-02T16:50:51.0348374Z   6350K .......... .......... .......... .......... ..........  9%  357M 0s
build-zephyr	Install Zephyr SDK	2026-02-02T16:50:51.0352365Z   6400K .......... .......... .......... .......... ..........  9%  103M 0s
build-zephyr	Install Zephyr SDK	2026-02-02T16:50:51.0354365Z   6450K .......... .......... .......... .......... .......... 10%  323M 0s
build-zephyr	Install Zephyr SDK	2026-02-02T16:50:51.0358448Z   6500K .......... .......... .......... .......... .......... 10%  107M 0s
build-zephyr	Install Zephyr SDK	2026-02-02T16:50:51.0367897Z   6550K .......... .......... .......... .......... .......... 10% 52.4M 0s
build-zephyr	Install Zephyr SDK	2026-02-02T16:50:51.0369885Z   6600K .......... .......... .......... .......... .......... 10%  292M 0s
build-zephyr	Install Zephyr SDK	2026-02-02T16:50:51.0371536Z   6650K .......... .......... .......... .......... .......... 10%  249M 0s
build-zephyr	Install Zephyr SDK	2026-02-02T16:50:51.0379682Z   6700K .......... .......... .......... .......... .......... 10% 57.4M 0s
build-zephyr	Install Zephyr SDK	2026-02-02T16:50:51.0381795Z   6750K .......... .......... .......... .......... .......... 10%  357M 0s
build-zephyr	Install Zephyr SDK	2026-02-02T16:50:51.0383785Z   6800K .......... .......... .......... .......... .......... 10%  331M 0s
build-zephyr	Install Zephyr SDK	2026-02-02T16:50:51.0385887Z   6850K .......... .......... .......... .......... .......... 10%  302M 0s
build-zephyr	Install Zephyr SDK	2026-02-02T16:50:51.0387864Z   6900K .......... .......... .......... .......... .......... 10%  284M 0s
build-zephyr	Install Zephyr SDK	2026-02-02T16:50:51.0389151Z   6950K .......... .......... .......... .......... .......... 10%  316M 0s
build-zephyr	Install Zephyr SDK	2026-02-02T16:50:51.0429926Z   7000K .......... .......... .......... .......... .......... 10% 11.6M 0s
build-zephyr	Install Zephyr SDK	2026-02-02T16:50:51.0433292Z   7050K .......... .......... .......... .......... .......... 10%  139M 0s
build-zephyr	Install Zephyr SDK	2026-02-02T16:50:51.0435412Z   7100K .......... .......... .......... .......... .......... 11%  309M 0s
build-zephyr	Install Zephyr SDK	2026-02-02T16:50:51.0437165Z   7150K .......... .......... .......... .......... .......... 11%  198M 0s
build-zephyr	Install Zephyr SDK	2026-02-02T16:50:51.0442170Z   7200K .......... .......... .......... .......... .......... 11% 95.2M 0s
build-zephyr	Install Zephyr SDK	2026-02-02T16:50:51.0447627Z   7250K .......... .......... .......... .......... .......... 11% 91.5M 0s
build-zephyr	Install Zephyr SDK	2026-02-02T16:50:51.0453768Z   7300K .......... .......... .......... .......... .......... 11% 79.4M 0s
build-zephyr	Install Zephyr SDK	2026-02-02T16:50:51.0456045Z   7350K .......... .......... .......... .......... .......... 11%  282M 0s
build-zephyr	Install Zephyr SDK	2026-02-02T16:50:51.0471628Z   7400K .......... .......... .......... .......... .......... 11% 30.9M 0s
build-zephyr	Install Zephyr SDK	2026-02-02T16:50:51.0475951Z   7450K .......... .......... .......... .......... .......... 11%  114M 0s
build-zephyr	Install Zephyr SDK	2026-02-02T16:50:51.0477593Z   7500K .......... .......... .......... .......... .......... 11%  297M 0s
build-zephyr	Install Zephyr SDK	2026-02-02T16:50:51.0480920Z   7550K .......... .......... .......... .......... .......... 11%  130M 0s
build-zephyr	Install Zephyr SDK	2026-02-02T16:50:51.0485642Z   7600K .......... .......... .......... .......... .......... 11%  118M 0s
build-zephyr	Install Zephyr SDK	2026-02-02T16:50:51.0489659Z   7650K .......... .......... .......... .......... .......... 11%  109M 0s
build-zephyr	Install Zephyr SDK	2026-02-02T16:50:51.0494668Z   7700K .......... .......... .......... .......... .......... 11%  107M 0s
build-zephyr	Install Zephyr SDK	2026-02-02T16:50:51.0496642Z   7750K .......... .......... .......... .......... .......... 12%  274M 0s
build-zephyr	Install Zephyr SDK	2026-02-02T16:50:51.0498950Z   7800K .......... .......... .......... .......... .......... 12%  172M 0s
build-zephyr	Install Zephyr SDK	2026-02-02T16:50:51.0502909Z   7850K .......... .......... .......... .......... .......... 12%  119M 0s
build-zephyr	Install Zephyr SDK	2026-02-02T16:50:51.0508284Z   7900K .......... .......... .......... .......... .......... 12% 94.8M 0s
build-zephyr	Install Zephyr SDK	2026-02-02T16:50:51.0515271Z   7950K .......... .......... .......... .......... .......... 12% 71.0M 0s
build-zephyr	Install Zephyr SDK	2026-02-02T16:50:51.0517600Z   8000K .......... .......... .......... .......... .......... 12%  256M 0s
build-zephyr	Install Zephyr SDK	2026-02-02T16:50:51.0519234Z   8050K .......... .......... .......... .......... .......... 12%  329M 0s
build-zephyr	Install Zephyr SDK	2026-02-02T16:50:51.0525973Z   8100K .......... .......... .......... .......... .......... 12% 68.0M 0s
build-zephyr	Install Zephyr SDK	2026-02-02T16:50:51.0528311Z   8150K .......... .......... .......... .......... .......... 12%  313M 0s
build-zephyr	Install Zephyr SDK	2026-02-02T16:50:51.0529700Z   8200K .......... .......... .......... .......... .......... 12%  318M 0s
build-zephyr	Install Zephyr SDK	2026-02-02T16:50:51.0534651Z   8250K .......... .......... .......... .......... .......... 12% 87.0M 0s
build-zephyr	Install Zephyr SDK	2026-02-02T16:50:51.0536739Z   8300K .......... .......... .......... .......... .......... 12%  290M 0s
build-zephyr	Install Zephyr SDK	2026-02-02T16:50:51.0540232Z   8350K .......... .......... .......... .......... .......... 12%  112M 0s
build-zephyr	Install Zephyr SDK	2026-02-02T16:50:51.0543708Z   8400K .......... .......... .......... .......... .......... 13%  138M 0s
build-zephyr	Install Zephyr SDK	2026-02-02T16:50:51.0547129Z   8450K .......... .......... .......... .......... .......... 13%  140M 0s
build-zephyr	Install Zephyr SDK	2026-02-02T16:50:51.0574460Z   8500K .......... .......... .......... .......... .......... 13% 18.2M 0s
build-zephyr	Install Zephyr SDK	2026-02-02T16:50:51.0576904Z   8550K .......... .......... .......... .......... .......... 13%  305M 0s
build-zephyr	Install Zephyr SDK	2026-02-02T16:50:51.0579235Z   8600K .......... .......... .......... .......... .......... 13%  315M 0s
build-zephyr	Install Zephyr SDK	2026-02-02T16:50:51.0581601Z   8650K .......... .......... .......... .......... .......... 13%  236M 0s
build-zephyr	Install Zephyr SDK	2026-02-02T16:50:51.0584118Z   8700K .......... .......... .......... .......... .......... 13%  330M 0s
build-zephyr	Install Zephyr SDK	2026-02-02T16:50:51.0586492Z   8750K .......... .......... .......... .......... .......... 13%  318M 0s
build-zephyr	Install Zephyr SDK	2026-02-02T16:50:51.0588887Z   8800K .......... .......... .......... .......... .......... 13%  327M 0s
build-zephyr	Install Zephyr SDK	2026-02-02T16:50:51.0591288Z   8850K .......... .......... .......... .......... .......... 13%  292M 0s
build-zephyr	Install Zephyr SDK	2026-02-02T16:50:51.0593581Z   8900K .......... .......... .......... .......... .......... 13%  318M 0s
build-zephyr	Install Zephyr SDK	2026-02-02T16:50:51.0596113Z   8950K .......... .......... .......... .......... .......... 13%  332M 0s
build-zephyr	Install Zephyr SDK	2026-02-02T16:50:51.0597799Z   9000K .......... .......... .......... .......... .......... 13%  313M 0s
build-zephyr	Install Zephyr SDK	2026-02-02T16:50:51.0599176Z   9050K .......... .......... .......... .......... .......... 14%  249M 0s
build-zephyr	Install Zephyr SDK	2026-02-02T16:50:51.0600522Z   9100K .......... .......... .......... .......... .......... 14%  323M 0s
build-zephyr	Install Zephyr SDK	2026-02-02T16:50:51.0601867Z   9150K .......... .......... .......... .......... .......... 14%  335M 0s
build-zephyr	Install Zephyr SDK	2026-02-02T16:50:51.0603154Z   9200K .......... .......... .......... .......... .......... 14%  288M 0s
build-zephyr	Install Zephyr SDK	2026-02-02T16:50:51.0612977Z   9250K .......... .......... .......... .......... .......... 14% 30.4M 0s
build-zephyr	Install Zephyr SDK	2026-02-02T16:50:51.0615503Z   9300K .......... .......... .......... .......... .......... 14%  344M 0s
build-zephyr	Install Zephyr SDK	2026-02-02T16:50:51.0617927Z   9350K .......... .......... .......... .......... .......... 14%  241M 0s
build-zephyr	Install Zephyr SDK	2026-02-02T16:50:51.0620360Z   9400K .......... .......... .......... .......... .......... 14%  317M 0s
build-zephyr	Install Zephyr SDK	2026-02-02T16:50:51.0622617Z   9450K .......... .......... .......... .......... .......... 14%  229M 0s
build-zephyr	Install Zephyr SDK	2026-02-02T16:50:51.0624163Z   9500K .......... .......... .......... .......... .......... 14%  314M 0s
build-zephyr	Install Zephyr SDK	2026-02-02T16:50:51.0625497Z   9550K .......... .......... .......... .......... .......... 14%  338M 0s
build-zephyr	Install Zephyr SDK	2026-02-02T16:50:51.0636485Z   9600K .......... .......... .......... .......... .......... 14% 36.5M 0s
build-zephyr	Install Zephyr SDK	2026-02-02T16:50:51.0638906Z   9650K .......... .......... .......... .......... .......... 15%  331M 0s
build-zephyr	Install Zephyr SDK	2026-02-02T16:50:51.0640943Z   9700K .......... .......... .......... .......... .......... 15%  317M 0s
build-zephyr	Install Zephyr SDK	2026-02-02T16:50:51.0642951Z   9750K .......... .......... .......... .......... .......... 15%  206M 0s
build-zephyr	Install Zephyr SDK	2026-02-02T16:50:51.0645194Z   9800K .......... .......... .......... .......... .......... 15%  163M 0s
build-zephyr	Install Zephyr SDK	2026-02-02T16:50:51.0659587Z   9850K .......... .......... .......... .......... .......... 15% 33.4M 0s
build-zephyr	Install Zephyr SDK	2026-02-02T16:50:51.0661580Z   9900K .......... .......... .......... .......... .......... 15%  315M 0s
build-zephyr	Install Zephyr SDK	2026-02-02T16:50:51.0665687Z   9950K .......... .......... .......... .......... .......... 15%  111M 0s
build-zephyr	Install Zephyr SDK	2026-02-02T16:50:51.0675143Z  10000K .......... .......... .......... .......... .......... 15% 49.4M 0s
build-zephyr	Install Zephyr SDK	2026-02-02T16:50:51.0682987Z  10050K .......... .......... .......... .......... .......... 15% 64.6M 0s
build-zephyr	Install Zephyr SDK	2026-02-02T16:50:51.0685053Z  10100K .......... .......... .......... .......... .......... 15%  311M 0s
build-zephyr	Install Zephyr SDK	2026-02-02T16:50:51.0695144Z  10150K .......... .......... .......... .......... .......... 15% 46.5M 0s
build-zephyr	Install Zephyr SDK	2026-02-02T16:50:51.0698792Z  10200K .......... .......... .......... .......... .......... 15%  134M 0s
build-zephyr	Install Zephyr SDK	2026-02-02T16:50:51.0700526Z  10250K .......... .......... .......... .......... .......... 15%  312M 0s
build-zephyr	Install Zephyr SDK	2026-02-02T16:50:51.0710046Z  10300K .......... .......... .......... .......... .......... 16% 48.4M 0s
build-zephyr	Install Zephyr SDK	2026-02-02T16:50:51.0716009Z  10350K .......... .......... .......... .......... .......... 16% 89.6M 0s
build-zephyr	Install Zephyr SDK	2026-02-02T16:50:51.0727541Z  10400K .......... .......... .......... .......... .......... 16% 41.1M 0s
build-zephyr	Install Zephyr SDK	2026-02-02T16:50:51.0735505Z  10450K .......... .......... .......... .......... .......... 16% 65.0M 0s
build-zephyr	Install Zephyr SDK	2026-02-02T16:50:51.0737298Z  10500K .......... .......... .......... .......... .......... 16%  277M 0s
build-zephyr	Install Zephyr SDK	2026-02-02T16:50:51.0745506Z  10550K .......... .......... .......... .......... .......... 16% 57.8M 0s
build-zephyr	Install Zephyr SDK	2026-02-02T16:50:51.0749286Z  10600K .......... .......... .......... .......... .......... 16%  124M 0s
build-zephyr	Install Zephyr SDK	2026-02-02T16:50:51.0753446Z  10650K .......... .......... .......... .......... .......... 16%  112M 0s
build-zephyr	Install Zephyr SDK	2026-02-02T16:50:51.0758861Z  10700K .......... .......... .......... .......... .......... 16% 91.3M 0s
build-zephyr	Install Zephyr SDK	2026-02-02T16:50:51.0765172Z  10750K .......... .......... .......... .......... .......... 16% 85.4M 0s
build-zephyr	Install Zephyr SDK	2026-02-02T16:50:51.0767055Z  10800K .......... .......... .......... .......... .......... 16%  217M 0s
build-zephyr	Install Zephyr SDK	2026-02-02T16:50:51.0778452Z  10850K .......... .......... .......... .......... .......... 16% 42.1M 0s
build-zephyr	Install Zephyr SDK	2026-02-02T16:50:51.0780658Z  10900K .......... .......... .......... .......... .......... 16%  197M 0s
build-zephyr	Install Zephyr SDK	2026-02-02T16:50:51.0787526Z  10950K .......... .......... .......... .......... .......... 17% 71.6M 0s
build-zephyr	Install Zephyr SDK	2026-02-02T16:50:51.0798011Z  11000K .......... .......... .......... .......... .......... 17% 48.4M 0s
build-zephyr	Install Zephyr SDK	2026-02-02T16:50:51.0801244Z  11050K .......... .......... .......... .......... .......... 17%  136M 0s
build-zephyr	Install Zephyr SDK	2026-02-02T16:50:51.0806470Z  11100K .......... .......... .......... .......... .......... 17%  104M 0s
build-zephyr	Install Zephyr SDK	2026-02-02T16:50:51.0814873Z  11150K .......... .......... .......... .......... .......... 17% 62.3M 0s
build-zephyr	Install Zephyr SDK	2026-02-02T16:50:51.0822058Z  11200K .......... .......... .......... .......... .......... 17% 61.9M 0s
build-zephyr	Install Zephyr SDK	2026-02-02T16:50:51.0845129Z  11250K .......... .......... .......... .......... .......... 17% 21.2M 0s
build-zephyr	Install Zephyr SDK	2026-02-02T16:50:51.0847650Z  11300K .......... .......... .......... .......... .......... 17%  254M 0s
build-zephyr	Install Zephyr SDK	2026-02-02T16:50:51.0849297Z  11350K .......... .......... .......... .......... .......... 17%  317M 0s
build-zephyr	Install Zephyr SDK	2026-02-02T16:50:51.0860140Z  11400K .......... .......... .......... .......... .......... 17% 41.2M 0s
build-zephyr	Install Zephyr SDK	2026-02-02T16:50:51.0863847Z  11450K .......... .......... .......... .......... .......... 17%  140M 0s
build-zephyr	Install Zephyr SDK	2026-02-02T16:50:51.0866555Z  11500K .......... .......... .......... .......... .......... 17%  163M 0s
build-zephyr	Install Zephyr SDK	2026-02-02T16:50:51.0890263Z  11550K .......... .......... .......... .......... .......... 17% 21.3M 0s
build-zephyr	Install Zephyr SDK	2026-02-02T16:50:51.0892797Z  11600K .......... .......... .......... .......... .......... 18%  212M 0s
build-zephyr	Install Zephyr SDK	2026-02-02T16:50:51.0895505Z  11650K .......... .......... .......... .......... .......... 18%  220M 0s
build-zephyr	Install Zephyr SDK	2026-02-02T16:50:51.0897514Z  11700K .......... .......... .......... .......... .......... 18%  177M 0s
build-zephyr	Install Zephyr SDK	2026-02-02T16:50:51.0909457Z  11750K .......... .......... .......... .......... .......... 18% 38.9M 0s
build-zephyr	Install Zephyr SDK	2026-02-02T16:50:51.0934987Z  11800K .......... .......... .......... .......... .......... 18% 35.4M 0s
build-zephyr	Install Zephyr SDK	2026-02-02T16:50:51.0936894Z  11850K .......... .......... .......... .......... .......... 18%  151M 0s
build-zephyr	Install Zephyr SDK	2026-02-02T16:50:51.0938332Z  11900K .......... .......... .......... .......... .......... 18% 52.6M 0s
build-zephyr	Install Zephyr SDK	2026-02-02T16:50:51.0944848Z  11950K .......... .......... .......... .......... .......... 18% 94.9M 0s
build-zephyr	Install Zephyr SDK	2026-02-02T16:50:51.0951964Z  12000K .......... .......... .......... .......... .......... 18% 43.1M 0s
build-zephyr	Install Zephyr SDK	2026-02-02T16:50:51.0961209Z  12050K .......... .......... .......... .......... .......... 18% 55.0M 0s
build-zephyr	Install Zephyr SDK	2026-02-02T16:50:51.0967047Z  12100K .......... .......... .......... .......... .......... 18% 78.2M 0s
build-zephyr	Install Zephyr SDK	2026-02-02T16:50:51.0977991Z  12150K .......... .......... .......... .......... .......... 18% 44.5M 0s
build-zephyr	Install Zephyr SDK	2026-02-02T16:50:51.0984774Z  12200K .......... .......... .......... .......... .......... 18% 75.1M 0s
build-zephyr	Install Zephyr SDK	2026-02-02T16:50:51.0994498Z  12250K .......... .......... .......... .......... .......... 19% 50.4M 0s
build-zephyr	Install Zephyr SDK	2026-02-02T16:50:51.1003063Z  12300K .......... .......... .......... .......... .......... 19% 56.0M 0s
build-zephyr	Install Zephyr SDK	2026-02-02T16:50:51.1015347Z  12350K .......... .......... .......... .......... .......... 19% 72.5M 0s
build-zephyr	Install Zephyr SDK	2026-02-02T16:50:51.1019670Z  12400K .......... .......... .......... .......... .......... 19% 48.9M 0s
build-zephyr	Install Zephyr SDK	2026-02-02T16:50:51.1031518Z  12450K .......... .......... .......... .......... .......... 19% 41.4M 0s
build-zephyr	Install Zephyr SDK	2026-02-02T16:50:51.1044392Z  12500K .......... .......... .......... .......... .......... 19% 39.5M 0s
build-zephyr	Install Zephyr SDK	2026-02-02T16:50:51.1047693Z  12550K .......... .......... .......... .......... .......... 19%  127M 0s
build-zephyr	Install Zephyr SDK	2026-02-02T16:50:51.1060267Z  12600K .......... .......... .......... .......... .......... 19% 39.2M 0s
build-zephyr	Install Zephyr SDK	2026-02-02T16:50:51.1066683Z  12650K .......... .......... .......... .......... .......... 19% 78.1M 0s
build-zephyr	Install Zephyr SDK	2026-02-02T16:50:51.1074830Z  12700K .......... .......... .......... .......... .......... 19% 60.5M 0s
build-zephyr	Install Zephyr SDK	2026-02-02T16:50:51.1079561Z  12750K .......... .......... .......... .......... .......... 19%  108M 0s
build-zephyr	Install Zephyr SDK	2026-02-02T16:50:51.1090843Z  12800K .......... .......... .......... .......... .......... 19% 41.0M 0s
build-zephyr	Install Zephyr SDK	2026-02-02T16:50:51.1096404Z  12850K .......... .......... .......... .......... .......... 19% 92.3M 0s
build-zephyr	Install Zephyr SDK	2026-02-02T16:50:51.1105856Z  12900K .......... .......... .......... .......... .......... 20% 50.7M 0s
build-zephyr	Install Zephyr SDK	2026-02-02T16:50:51.1123756Z  12950K .......... .......... .......... .......... .......... 20% 27.9M 0s
build-zephyr	Install Zephyr SDK	2026-02-02T16:50:51.1125527Z  13000K .......... .......... .......... .......... .......... 20%  349M 0s
build-zephyr	Install Zephyr SDK	2026-02-02T16:50:51.1134773Z  13050K .......... .......... .......... .......... .......... 20% 49.1M 0s
build-zephyr	Install Zephyr SDK	2026-02-02T16:50:51.1146140Z  13100K .......... .......... .......... .......... .......... 20% 43.7M 0s
build-zephyr	Install Zephyr SDK	2026-02-02T16:50:51.1161476Z  13150K .......... .......... .......... .......... .......... 20%  118M 0s
build-zephyr	Install Zephyr SDK	2026-02-02T16:50:51.1163296Z  13200K .......... .......... .......... .......... .......... 20% 37.6M 0s
build-zephyr	Install Zephyr SDK	2026-02-02T16:50:51.1176473Z  13250K .......... .......... .......... .......... .......... 20% 37.0M 0s
build-zephyr	Install Zephyr SDK	2026-02-02T16:50:51.1187159Z  13300K .......... .......... .......... .......... .......... 20% 44.2M 0s
build-zephyr	Install Zephyr SDK	2026-02-02T16:50:51.1199607Z  13350K .......... .......... .......... .......... .......... 20% 41.2M 0s
build-zephyr	Install Zephyr SDK	2026-02-02T16:50:51.1205960Z  13400K .......... .......... .......... .......... .......... 20% 73.3M 0s
build-zephyr	Install Zephyr SDK	2026-02-02T16:50:51.1217584Z  13450K .......... .......... .......... .......... .......... 20% 41.9M 0s
build-zephyr	Install Zephyr SDK	2026-02-02T16:50:51.1229767Z  13500K .......... .......... .......... .......... .......... 20% 39.5M 0s
build-zephyr	Install Zephyr SDK	2026-02-02T16:50:51.1242718Z  13550K .......... .......... .......... .......... .......... 21% 84.8M 0s
build-zephyr	Install Zephyr SDK	2026-02-02T16:50:51.1247998Z  13600K .......... .......... .......... .......... .......... 21% 39.2M 0s
build-zephyr	Install Zephyr SDK	2026-02-02T16:50:51.1258484Z  13650K .......... .......... .......... .......... .......... 21% 46.6M 0s
build-zephyr	Install Zephyr SDK	2026-02-02T16:50:51.1270099Z  13700K .......... .......... .......... .......... .......... 21% 41.8M 0s
build-zephyr	Install Zephyr SDK	2026-02-02T16:50:51.1282130Z  13750K .......... .......... .......... .......... .......... 21% 41.1M 0s
build-zephyr	Install Zephyr SDK	2026-02-02T16:50:51.1285983Z  13800K .......... .......... .......... .......... .......... 21%  121M 0s
build-zephyr	Install Zephyr SDK	2026-02-02T16:50:51.1301330Z  13850K .......... .......... .......... .......... .......... 21% 32.0M 1s
build-zephyr	Install Zephyr SDK	2026-02-02T16:50:51.1314486Z  13900K .......... .......... .......... .......... .......... 21% 38.2M 1s
build-zephyr	Install Zephyr SDK	2026-02-02T16:50:51.1329280Z  13950K .......... .......... .......... .......... .......... 21% 68.9M 1s
build-zephyr	Install Zephyr SDK	2026-02-02T16:50:51.1336194Z  14000K .......... .......... .......... .......... .......... 21% 32.5M 1s
build-zephyr	Install Zephyr SDK	2026-02-02T16:50:51.1349368Z  14050K .......... .......... .......... .......... .......... 21% 37.4M 1s
build-zephyr	Install Zephyr SDK	2026-02-02T16:50:51.1355116Z  14100K .......... .......... .......... .......... .......... 21% 85.5M 1s
build-zephyr	Install Zephyr SDK	2026-02-02T16:50:51.1367845Z  14150K .......... .......... .......... .......... .......... 21% 38.3M 1s
build-zephyr	Install Zephyr SDK	2026-02-02T16:50:51.1385369Z  14200K .......... .......... .......... .......... .......... 22% 28.5M 1s
build-zephyr	Install Zephyr SDK	2026-02-02T16:50:51.1388239Z  14250K .......... .......... .......... .......... .......... 22%  145M 1s
build-zephyr	Install Zephyr SDK	2026-02-02T16:50:51.1434916Z  14300K .......... .......... .......... .......... .......... 22% 10.6M 1s
build-zephyr	Install Zephyr SDK	2026-02-02T16:50:51.1456868Z  14350K .......... .......... .......... .......... .......... 22% 22.0M 1s
build-zephyr	Install Zephyr SDK	2026-02-02T16:50:51.1474177Z  14400K .......... .......... .......... .......... .......... 22% 27.8M 1s
build-zephyr	Install Zephyr SDK	2026-02-02T16:50:51.1489069Z  14450K .......... .......... .......... .......... .......... 22% 32.5M 1s
build-zephyr	Install Zephyr SDK	2026-02-02T16:50:51.1502281Z  14500K .......... .......... .......... .......... .......... 22% 36.7M 1s
build-zephyr	Install Zephyr SDK	2026-02-02T16:50:51.1516315Z  14550K .......... .......... .......... .......... .......... 22% 34.8M 1s
build-zephyr	Install Zephyr SDK	2026-02-02T16:50:51.1528874Z  14600K .......... .......... .......... .......... .......... 22% 38.8M 1s
build-zephyr	Install Zephyr SDK	2026-02-02T16:50:51.1542097Z  14650K .......... .......... .......... .......... .......... 22% 37.1M 1s
build-zephyr	Install Zephyr SDK	2026-02-02T16:50:51.1555765Z  14700K .......... .......... .......... .......... .......... 22% 35.7M 1s
build-zephyr	Install Zephyr SDK	2026-02-02T16:50:51.1582387Z  14750K .......... .......... .......... .......... .......... 22% 26.7M 1s
build-zephyr	Install Zephyr SDK	2026-02-02T16:50:51.1593802Z  14800K .......... .......... .......... .......... .......... 22% 24.6M 1s
build-zephyr	Install Zephyr SDK	2026-02-02T16:50:51.1608534Z  14850K .......... .......... .......... .......... .......... 23% 33.0M 1s
build-zephyr	Install Zephyr SDK	2026-02-02T16:50:51.1625634Z  14900K .......... .......... .......... .......... .......... 23% 28.7M 1s
build-zephyr	Install Zephyr SDK	2026-02-02T16:50:51.1639681Z  14950K .......... .......... .......... .......... .......... 23% 34.7M 1s
build-zephyr	Install Zephyr SDK	2026-02-02T16:50:51.1652963Z  15000K .......... .......... .......... .......... .......... 23% 37.2M 1s
build-zephyr	Install Zephyr SDK	2026-02-02T16:50:51.1665562Z  15050K .......... .......... .......... .......... .......... 23% 38.3M 1s
build-zephyr	Install Zephyr SDK	2026-02-02T16:50:51.1679335Z  15100K .......... .......... .......... .......... .......... 23% 35.7M 1s
build-zephyr	Install Zephyr SDK	2026-02-02T16:50:51.1701668Z  15150K .......... .......... .......... .......... .......... 23% 38.8M 1s
build-zephyr	Install Zephyr SDK	2026-02-02T16:50:51.1715179Z  15200K .......... .......... .......... .......... .......... 23% 21.3M 1s
build-zephyr	Install Zephyr SDK	2026-02-02T16:50:51.1729977Z  15250K .......... .......... .......... .......... .......... 23% 33.3M 1s
build-zephyr	Install Zephyr SDK	2026-02-02T16:50:51.1742706Z  15300K .......... .......... .......... .......... .......... 23% 38.2M 1s
build-zephyr	Install Zephyr SDK	2026-02-02T16:50:51.1760188Z  15350K .......... .......... .......... .......... .......... 23% 27.7M 1s
build-zephyr	Install Zephyr SDK	2026-02-02T16:50:51.1770399Z  15400K .......... .......... .......... .......... .......... 23% 48.3M 1s
build-zephyr	Install Zephyr SDK	2026-02-02T16:50:51.1787773Z  15450K .......... .......... .......... .......... .......... 23% 28.4M 1s
build-zephyr	Install Zephyr SDK	2026-02-02T16:50:51.1792071Z  15500K .......... .......... .......... .......... .......... 24%  107M 1s
build-zephyr	Install Zephyr SDK	2026-02-02T16:50:51.1811300Z  15550K .......... .......... .......... .......... .......... 24% 45.0M 1s
build-zephyr	Install Zephyr SDK	2026-02-02T16:50:51.1819518Z  15600K .......... .......... .......... .......... .......... 24% 29.1M 1s
build-zephyr	Install Zephyr SDK	2026-02-02T16:50:51.1831810Z  15650K .......... .......... .......... .......... .......... 24% 39.9M 1s
build-zephyr	Install Zephyr SDK	2026-02-02T16:50:51.1841970Z  15700K .......... .......... .......... .......... .......... 24% 48.0M 1s
build-zephyr	Install Zephyr SDK	2026-02-02T16:50:51.1856123Z  15750K .......... .......... .......... .......... .......... 24% 35.0M 1s
build-zephyr	Install Zephyr SDK	2026-02-02T16:50:51.1869701Z  15800K .......... .......... .......... .......... .......... 24% 36.5M 1s
build-zephyr	Install Zephyr SDK	2026-02-02T16:50:51.1876350Z  15850K .......... .......... .......... .......... .......... 24% 71.4M 1s
build-zephyr	Install Zephyr SDK	2026-02-02T16:50:51.1902803Z  15900K .......... .......... .......... .......... .......... 24% 18.6M 1s
build-zephyr	Install Zephyr SDK	2026-02-02T16:50:51.1905730Z  15950K .......... .......... .......... .......... .......... 24%  261M 1s
build-zephyr	Install Zephyr SDK	2026-02-02T16:50:51.1918422Z  16000K .......... .......... .......... .......... .......... 24% 34.4M 1s
build-zephyr	Install Zephyr SDK	2026-02-02T16:50:51.1940338Z  16050K .......... .......... .......... .......... .......... 24% 22.6M 1s
build-zephyr	Install Zephyr SDK	2026-02-02T16:50:51.1953767Z  16100K .......... .......... .......... .......... .......... 24% 35.4M 1s
build-zephyr	Install Zephyr SDK	2026-02-02T16:50:51.2075060Z  16150K .......... .......... .......... .......... .......... 25% 4.04M 1s
build-zephyr	Install Zephyr SDK	2026-02-02T16:50:51.2107341Z  16200K .......... .......... .......... .......... .......... 25% 15.1M 1s
build-zephyr	Install Zephyr SDK	2026-02-02T16:50:51.2133513Z  16250K .......... .......... .......... .......... .......... 25% 18.6M 1s
build-zephyr	Install Zephyr SDK	2026-02-02T16:50:51.2161104Z  16300K .......... .......... .......... .......... .......... 25% 17.8M 1s
build-zephyr	Install Zephyr SDK	2026-02-02T16:50:51.2180437Z  16350K .......... .......... .......... .......... .......... 25% 32.4M 1s
build-zephyr	Install Zephyr SDK	2026-02-02T16:50:51.2197055Z  16400K .......... .......... .......... .......... .......... 25% 23.5M 1s
build-zephyr	Install Zephyr SDK	2026-02-02T16:50:51.2211073Z  16450K .......... .......... .......... .......... .......... 25% 34.8M 1s
build-zephyr	Install Zephyr SDK	2026-02-02T16:50:51.2224166Z  16500K .......... .......... .......... .......... .......... 25% 37.5M 1s
build-zephyr	Install Zephyr SDK	2026-02-02T16:50:51.2237067Z  16550K .......... .......... .......... .......... .......... 25% 37.2M 1s
build-zephyr	Install Zephyr SDK	2026-02-02T16:50:51.2252781Z  16600K .......... .......... .......... .......... .......... 25% 31.2M 1s
build-zephyr	Install Zephyr SDK	2026-02-02T16:50:51.2266053Z  16650K .......... .......... .......... .......... .......... 25% 36.3M 1s
build-zephyr	Install Zephyr SDK	2026-02-02T16:50:51.2279710Z  16700K .......... .......... .......... .......... .......... 25% 35.5M 1s
build-zephyr	Install Zephyr SDK	2026-02-02T16:50:51.2298347Z  16750K .......... .......... .......... .......... .......... 25% 34.5M 1s
build-zephyr	Install Zephyr SDK	2026-02-02T16:50:51.2306434Z  16800K .......... .......... .......... .......... .......... 26% 39.3M 1s
build-zephyr	Install Zephyr SDK	2026-02-02T16:50:51.2321467Z  16850K .......... .......... .......... .......... .......... 26% 32.2M 1s
build-zephyr	Install Zephyr SDK	2026-02-02T16:50:51.2337039Z  16900K .......... .......... .......... .......... .......... 26% 31.3M 1s
build-zephyr	Install Zephyr SDK	2026-02-02T16:50:51.2350969Z  16950K .......... .......... .......... .......... .......... 26% 35.1M 1s
build-zephyr	Install Zephyr SDK	2026-02-02T16:50:51.2367308Z  17000K .......... .......... .......... .......... .......... 26% 30.0M 1s
build-zephyr	Install Zephyr SDK	2026-02-02T16:50:51.2379395Z  17050K .......... .......... .......... .......... .......... 26% 39.5M 1s
build-zephyr	Install Zephyr SDK	2026-02-02T16:50:51.2394356Z  17100K .......... .......... .......... .......... .......... 26% 33.3M 1s
build-zephyr	Install Zephyr SDK	2026-02-02T16:50:51.2408201Z  17150K .......... .......... .......... .......... .......... 26% 42.1M 1s
build-zephyr	Install Zephyr SDK	2026-02-02T16:50:51.2420370Z  17200K .......... .......... .......... .......... .......... 26% 33.1M 1s
build-zephyr	Install Zephyr SDK	2026-02-02T16:50:51.2438872Z  17250K .......... .......... .......... .......... .......... 26% 26.8M 1s
build-zephyr	Install Zephyr SDK	2026-02-02T16:50:51.2452256Z  17300K .......... .......... .......... .......... .......... 26% 35.7M 1s
build-zephyr	Install Zephyr SDK	2026-02-02T16:50:51.2461872Z  17350K .......... .......... .......... .......... .......... 26% 52.2M 1s
build-zephyr	Install Zephyr SDK	2026-02-02T16:50:51.2473655Z  17400K .......... .......... .......... .......... .......... 26% 40.8M 1s
build-zephyr	Install Zephyr SDK	2026-02-02T16:50:51.2486025Z  17450K .......... .......... .......... .......... .......... 27% 40.2M 1s
build-zephyr	Install Zephyr SDK	2026-02-02T16:50:51.2499246Z  17500K .......... .......... .......... .......... .......... 27% 37.0M 1s
build-zephyr	Install Zephyr SDK	2026-02-02T16:50:51.2512587Z  17550K .......... .......... .......... .......... .......... 27% 39.2M 1s
build-zephyr	Install Zephyr SDK	2026-02-02T16:50:51.2526924Z  17600K .......... .......... .......... .......... .......... 27% 31.7M 1s
build-zephyr	Install Zephyr SDK	2026-02-02T16:50:51.2541582Z  17650K .......... .......... .......... .......... .......... 27% 33.2M 1s
build-zephyr	Install Zephyr SDK	2026-02-02T16:50:51.2551128Z  17700K .......... .......... .......... .......... .......... 27% 50.4M 1s
build-zephyr	Install Zephyr SDK	2026-02-02T16:50:51.2563475Z  17750K .......... .......... .......... .......... .......... 27% 39.9M 1s
build-zephyr	Install Zephyr SDK	2026-02-02T16:50:51.2575403Z  17800K .......... .......... .......... .......... .......... 27% 41.2M 1s
build-zephyr	Install Zephyr SDK	2026-02-02T16:50:51.2588362Z  17850K .......... .......... .......... .......... .......... 27% 38.2M 1s
build-zephyr	Install Zephyr SDK	2026-02-02T16:50:51.2602218Z  17900K .......... .......... .......... .......... .......... 27% 35.2M 1s
build-zephyr	Install Zephyr SDK	2026-02-02T16:50:51.2614644Z  17950K .......... .......... .......... .......... .......... 27% 66.2M 1s
build-zephyr	Install Zephyr SDK	2026-02-02T16:50:51.2628070Z  18000K .......... .......... .......... .......... .......... 27% 26.2M 1s
build-zephyr	Install Zephyr SDK	2026-02-02T16:50:51.2635015Z  18050K .......... .......... .......... .......... .......... 27% 73.4M 1s
build-zephyr	Install Zephyr SDK	2026-02-02T16:50:51.2642565Z  18100K .......... .......... .......... .......... .......... 28% 62.9M 1s
build-zephyr	Install Zephyr SDK	2026-02-02T16:50:51.2655024Z  18150K .......... .......... .......... .......... .......... 28% 39.4M 1s
build-zephyr	Install Zephyr SDK	2026-02-02T16:50:51.2660928Z  18200K .......... .......... .......... .......... .......... 28% 83.2M 1s
build-zephyr	Install Zephyr SDK	2026-02-02T16:50:51.2669802Z  18250K .......... .......... .......... .......... .......... 28% 54.3M 1s
build-zephyr	Install Zephyr SDK	2026-02-02T16:50:51.2681887Z  18300K .......... .......... .......... .......... .......... 28% 40.4M 1s
build-zephyr	Install Zephyr SDK	2026-02-02T16:50:51.2694537Z  18350K .......... .......... .......... .......... .......... 28% 41.5M 1s
build-zephyr	Install Zephyr SDK	2026-02-02T16:50:51.2708341Z  18400K .......... .......... .......... .......... .......... 28% 33.4M 1s
build-zephyr	Install Zephyr SDK	2026-02-02T16:50:51.2712816Z  18450K .......... .......... .......... .......... .......... 28%  104M 1s
build-zephyr	Install Zephyr SDK	2026-02-02T16:50:51.2725080Z  18500K .......... .......... .......... .......... .......... 28% 40.8M 1s
build-zephyr	Install Zephyr SDK	2026-02-02T16:50:51.2735518Z  18550K .......... .......... .......... .......... .......... 28% 46.9M 1s
build-zephyr	Install Zephyr SDK	2026-02-02T16:50:51.2747640Z  18600K .......... .......... .......... .......... .......... 28% 40.0M 1s
build-zephyr	Install Zephyr SDK	2026-02-02T16:50:51.2760205Z  18650K .......... .......... .......... .......... .......... 28% 40.2M 1s
build-zephyr	Install Zephyr SDK	2026-02-02T16:50:51.2765592Z  18700K .......... .......... .......... .......... .......... 28% 85.3M 1s
build-zephyr	Install Zephyr SDK	2026-02-02T16:50:51.2778377Z  18750K .......... .......... .......... .......... .......... 29% 41.8M 1s
build-zephyr	Install Zephyr SDK	2026-02-02T16:50:51.2790554Z  18800K .......... .......... .......... .......... .......... 29% 36.1M 1s
build-zephyr	Install Zephyr SDK	2026-02-02T16:50:51.2796604Z  18850K .......... .......... .......... .......... .......... 29% 80.3M 1s
build-zephyr	Install Zephyr SDK	2026-02-02T16:50:51.2821150Z  18900K .......... .......... .......... .......... .......... 29% 20.1M 1s
build-zephyr	Install Zephyr SDK	2026-02-02T16:50:51.2823098Z  18950K .......... .......... .......... .......... .......... 29%  251M 1s
build-zephyr	Install Zephyr SDK	2026-02-02T16:50:51.2832906Z  19000K .......... .......... .......... .......... .......... 29% 49.0M 1s
build-zephyr	Install Zephyr SDK	2026-02-02T16:50:51.2847214Z  19050K .......... .......... .......... .......... .......... 29% 34.2M 1s
build-zephyr	Install Zephyr SDK	2026-02-02T16:50:51.2859510Z  19100K .......... .......... .......... .......... .......... 29% 39.8M 1s
build-zephyr	Install Zephyr SDK	2026-02-02T16:50:51.2877200Z  19150K .......... .......... .......... .......... .......... 29% 40.3M 1s
build-zephyr	Install Zephyr SDK	2026-02-02T16:50:51.2885562Z  19200K .......... .......... .......... .......... .......... 29% 34.5M 1s
build-zephyr	Install Zephyr SDK	2026-02-02T16:50:51.2898417Z  19250K .......... .......... .......... .......... .......... 29% 38.4M 1s
build-zephyr	Install Zephyr SDK	2026-02-02T16:50:51.2914205Z  19300K .......... .......... .......... .......... .......... 29% 31.2M 1s
build-zephyr	Install Zephyr SDK	2026-02-02T16:50:51.2926171Z  19350K .......... .......... .......... .......... .......... 30% 40.4M 1s
build-zephyr	Install Zephyr SDK	2026-02-02T16:50:51.2939514Z  19400K .......... .......... .......... .......... .......... 30% 36.6M 1s
build-zephyr	Install Zephyr SDK	2026-02-02T16:50:51.2952567Z  19450K .......... .......... .......... .......... .......... 30% 37.6M 1s
build-zephyr	Install Zephyr SDK	2026-02-02T16:50:51.2965562Z  19500K .......... .......... .......... .......... .......... 30% 37.4M 1s
build-zephyr	Install Zephyr SDK	2026-02-02T16:50:51.2980662Z  19550K .......... .......... .......... .......... .......... 30% 33.6M 1s
build-zephyr	Install Zephyr SDK	2026-02-02T16:50:51.2993587Z  19600K .......... .......... .......... .......... .......... 30% 36.0M 1s
build-zephyr	Install Zephyr SDK	2026-02-02T16:50:51.3005388Z  19650K .......... .......... .......... .......... .......... 30% 41.3M 1s
build-zephyr	Install Zephyr SDK	2026-02-02T16:50:51.3019273Z  19700K .......... .......... .......... .......... .......... 30% 35.6M 1s
build-zephyr	Install Zephyr SDK	2026-02-02T16:50:51.3030606Z  19750K .......... .......... .......... .......... .......... 30% 42.8M 1s
build-zephyr	Install Zephyr SDK	2026-02-02T16:50:51.3039256Z  19800K .......... .......... .......... .......... .......... 30% 55.0M 1s
build-zephyr	Install Zephyr SDK	2026-02-02T16:50:51.3054181Z  19850K .......... .......... .......... .......... .......... 30% 33.5M 1s
build-zephyr	Install Zephyr SDK	2026-02-02T16:50:51.3069412Z  19900K .......... .......... .......... .......... .......... 30% 31.4M 1s
build-zephyr	Install Zephyr SDK	2026-02-02T16:50:51.3107332Z  19950K .......... .......... .......... .......... .......... 30% 18.3M 1s
build-zephyr	Install Zephyr SDK	2026-02-02T16:50:51.3111956Z  20000K .......... .......... .......... .......... .......... 31% 30.5M 1s
build-zephyr	Install Zephyr SDK	2026-02-02T16:50:51.3133370Z  20050K .......... .......... .......... .......... .......... 31% 22.9M 1s
build-zephyr	Install Zephyr SDK	2026-02-02T16:50:51.3149017Z  20100K .......... .......... .......... .......... .......... 31% 31.0M 1s
build-zephyr	Install Zephyr SDK	2026-02-02T16:50:51.3165795Z  20150K .......... .......... .......... .......... .......... 31% 29.3M 1s
build-zephyr	Install Zephyr SDK	2026-02-02T16:50:51.3186984Z  20200K .......... .......... .......... .......... .......... 31% 23.2M 1s
build-zephyr	Install Zephyr SDK	2026-02-02T16:50:51.3189563Z  20250K .......... .......... .......... .......... .......... 31%  182M 1s
build-zephyr	Install Zephyr SDK	2026-02-02T16:50:51.3210470Z  20300K .......... .......... .......... .......... .......... 31% 23.4M 1s
build-zephyr	Install Zephyr SDK	2026-02-02T16:50:51.3223632Z  20350K .......... .......... .......... .......... .......... 31% 38.7M 1s
build-zephyr	Install Zephyr SDK	2026-02-02T16:50:51.3242749Z  20400K .......... .......... .......... .......... .......... 31% 25.1M 1s
build-zephyr	Install Zephyr SDK	2026-02-02T16:50:51.3255460Z  20450K .......... .......... .......... .......... .......... 31% 38.1M 1s
build-zephyr	Install Zephyr SDK	2026-02-02T16:50:51.3270934Z  20500K .......... .......... .......... .......... .......... 31% 31.8M 1s
build-zephyr	Install Zephyr SDK	2026-02-02T16:50:51.3282982Z  20550K .......... .......... .......... .......... .......... 31% 40.0M 1s
build-zephyr	Install Zephyr SDK	2026-02-02T16:50:51.3297136Z  20600K .......... .......... .......... .......... .......... 31% 34.8M 1s
build-zephyr	Install Zephyr SDK	2026-02-02T16:50:51.3314815Z  20650K .......... .......... .......... .......... .......... 32% 28.3M 1s
build-zephyr	Install Zephyr SDK	2026-02-02T16:50:51.3329132Z  20700K .......... .......... .......... .......... .......... 32% 32.9M 1s
build-zephyr	Install Zephyr SDK	2026-02-02T16:50:51.3348071Z  20750K .......... .......... .......... .......... .......... 32% 26.0M 1s
build-zephyr	Install Zephyr SDK	2026-02-02T16:50:51.3361951Z  20800K .......... .......... .......... .......... .......... 32% 36.2M 1s
build-zephyr	Install Zephyr SDK	2026-02-02T16:50:51.3375147Z  20850K .......... .......... .......... .......... .......... 32% 35.6M 1s
build-zephyr	Install Zephyr SDK	2026-02-02T16:50:51.3393636Z  20900K .......... .......... .......... .......... .......... 32% 26.4M 1s
build-zephyr	Install Zephyr SDK	2026-02-02T16:50:51.3407570Z  20950K .......... .......... .......... .......... .......... 32% 35.5M 1s
build-zephyr	Install Zephyr SDK	2026-02-02T16:50:51.3419152Z  21000K .......... .......... .......... .......... .......... 32% 41.6M 1s
build-zephyr	Install Zephyr SDK	2026-02-02T16:50:51.3437683Z  21050K .......... .......... .......... .......... .......... 32% 26.3M 1s
build-zephyr	Install Zephyr SDK	2026-02-02T16:50:51.3450096Z  21100K .......... .......... .......... .......... .......... 32% 39.0M 1s
build-zephyr	Install Zephyr SDK	2026-02-02T16:50:51.3461649Z  21150K .......... .......... .......... .......... .......... 32% 42.5M 1s
build-zephyr	Install Zephyr SDK	2026-02-02T16:50:51.3476324Z  21200K .......... .......... .......... .......... .......... 32% 33.5M 1s
build-zephyr	Install Zephyr SDK	2026-02-02T16:50:51.3496099Z  21250K .......... .......... .......... .......... .......... 32% 24.8M 1s
build-zephyr	Install Zephyr SDK	2026-02-02T16:50:51.3517620Z  21300K .......... .......... .......... .......... .......... 33% 22.7M 1s
build-zephyr	Install Zephyr SDK	2026-02-02T16:50:51.3532369Z  21350K .......... .......... .......... .......... .......... 33% 33.5M 1s
build-zephyr	Install Zephyr SDK	2026-02-02T16:50:51.3536065Z  21400K .......... .......... .......... .......... .......... 33%  117M 1s
build-zephyr	Install Zephyr SDK	2026-02-02T16:50:51.3549382Z  21450K .......... .......... .......... .......... .......... 33% 37.3M 1s
build-zephyr	Install Zephyr SDK	2026-02-02T16:50:51.3565021Z  21500K .......... .......... .......... .......... .......... 33% 31.4M 1s
build-zephyr	Install Zephyr SDK	2026-02-02T16:50:51.3575353Z  21550K .......... .......... .......... .......... .......... 33% 46.5M 1s
build-zephyr	Install Zephyr SDK	2026-02-02T16:50:51.3586854Z  21600K .......... .......... .......... .......... .......... 33% 43.2M 1s
build-zephyr	Install Zephyr SDK	2026-02-02T16:50:51.3600199Z  21650K .......... .......... .......... .......... .......... 33% 36.3M 1s
build-zephyr	Install Zephyr SDK	2026-02-02T16:50:51.3615598Z  21700K .......... .......... .......... .......... .......... 33% 31.9M 1s
build-zephyr	Install Zephyr SDK	2026-02-02T16:50:51.3619014Z  21750K .......... .......... .......... .......... .......... 33%  135M 1s
build-zephyr	Install Zephyr SDK	2026-02-02T16:50:51.3633691Z  21800K .......... .......... .......... .......... .......... 33% 33.4M 1s
build-zephyr	Install Zephyr SDK	2026-02-02T16:50:51.3648488Z  21850K .......... .......... .......... .......... .......... 33% 33.2M 1s
build-zephyr	Install Zephyr SDK	2026-02-02T16:50:51.3655366Z  21900K .......... .......... .......... .......... .......... 33% 70.1M 1s
build-zephyr	Install Zephyr SDK	2026-02-02T16:50:51.3671190Z  21950K .......... .......... .......... .......... .......... 34% 30.9M 1s
build-zephyr	Install Zephyr SDK	2026-02-02T16:50:51.3674301Z  22000K .......... .......... .......... .......... .......... 34%  159M 1s
build-zephyr	Install Zephyr SDK	2026-02-02T16:50:51.3687218Z  22050K .......... .......... .......... .......... .......... 34% 37.6M 1s
build-zephyr	Install Zephyr SDK	2026-02-02T16:50:51.3701661Z  22100K .......... .......... .......... .......... .......... 34% 33.9M 1s
build-zephyr	Install Zephyr SDK	2026-02-02T16:50:51.3712314Z  22150K .......... .......... .......... .......... .......... 34% 44.3M 1s
build-zephyr	Install Zephyr SDK	2026-02-02T16:50:51.3725798Z  22200K .......... .......... .......... .......... .......... 34% 36.9M 1s
build-zephyr	Install Zephyr SDK	2026-02-02T16:50:51.3732469Z  22250K .......... .......... .......... .......... .......... 34% 73.3M 1s
build-zephyr	Install Zephyr SDK	2026-02-02T16:50:51.3745587Z  22300K .......... .......... .......... .......... .......... 34% 37.3M 1s
build-zephyr	Install Zephyr SDK	2026-02-02T16:50:51.3756802Z  22350K .......... .......... .......... .......... .......... 34% 43.0M 1s
build-zephyr	Install Zephyr SDK	2026-02-02T16:50:51.3768559Z  22400K .......... .......... .......... .......... .......... 34% 42.1M 1s
build-zephyr	Install Zephyr SDK	2026-02-02T16:50:51.3778958Z  22450K .......... .......... .......... .......... .......... 34% 47.4M 1s
build-zephyr	Install Zephyr SDK	2026-02-02T16:50:51.3792546Z  22500K .......... .......... .......... .......... .......... 34% 35.4M 1s
build-zephyr	Install Zephyr SDK	2026-02-02T16:50:51.3805962Z  22550K .......... .......... .......... .......... .......... 34% 36.9M 1s
build-zephyr	Install Zephyr SDK	2026-02-02T16:50:51.3814204Z  22600K .......... .......... .......... .......... .......... 35% 59.3M 1s
build-zephyr	Install Zephyr SDK	2026-02-02T16:50:51.3828035Z  22650K .......... .......... .......... .......... .......... 35% 35.7M 1s
build-zephyr	Install Zephyr SDK	2026-02-02T16:50:51.3834865Z  22700K .......... .......... .......... .......... .......... 35% 69.4M 1s
build-zephyr	Install Zephyr SDK	2026-02-02T16:50:51.3845282Z  22750K .......... .......... .......... .......... .......... 35% 46.1M 1s
build-zephyr	Install Zephyr SDK	2026-02-02T16:50:51.3859546Z  22800K .......... .......... .......... .......... .......... 35% 34.6M 1s
build-zephyr	Install Zephyr SDK	2026-02-02T16:50:51.3872539Z  22850K .......... .......... .......... .......... .......... 35% 37.7M 1s
build-zephyr	Install Zephyr SDK	2026-02-02T16:50:51.3887365Z  22900K .......... .......... .......... .......... .......... 35% 32.7M 1s
build-zephyr	Install Zephyr SDK	2026-02-02T16:50:51.3895054Z  22950K .......... .......... .......... .......... .......... 35% 64.8M 1s
build-zephyr	Install Zephyr SDK	2026-02-02T16:50:51.3905129Z  23000K .......... .......... .......... .......... .......... 35% 48.7M 1s
build-zephyr	Install Zephyr SDK	2026-02-02T16:50:51.3916972Z  23050K .......... .......... .......... .......... .......... 35% 40.9M 1s
build-zephyr	Install Zephyr SDK	2026-02-02T16:50:51.3920281Z  23100K .......... .......... .......... .......... .......... 35%  139M 1s
build-zephyr	Install Zephyr SDK	2026-02-02T16:50:51.3934548Z  23150K .......... .......... .......... .......... .......... 35% 34.7M 1s
build-zephyr	Install Zephyr SDK	2026-02-02T16:50:51.3936245Z  23200K .......... .......... .......... .......... .......... 35%  255M 1s
build-zephyr	Install Zephyr SDK	2026-02-02T16:50:51.3951267Z  23250K .......... .......... .......... .......... .......... 36% 32.9M 1s
build-zephyr	Install Zephyr SDK	2026-02-02T16:50:51.3965546Z  23300K .......... .......... .......... .......... .......... 36% 34.1M 1s
build-zephyr	Install Zephyr SDK	2026-02-02T16:50:51.3969842Z  23350K .......... .......... .......... .......... .......... 36%  110M 1s
build-zephyr	Install Zephyr SDK	2026-02-02T16:50:51.3987127Z  23400K .......... .......... .......... .......... .......... 36% 28.5M 1s
build-zephyr	Install Zephyr SDK	2026-02-02T16:50:51.3991358Z  23450K .......... .......... .......... .......... .......... 36%  113M 1s
build-zephyr	Install Zephyr SDK	2026-02-02T16:50:51.4002944Z  23500K .......... .......... .......... .......... .......... 36% 41.9M 1s
build-zephyr	Install Zephyr SDK	2026-02-02T16:50:51.4015583Z  23550K .......... .......... .......... .......... .......... 36% 38.8M 1s
build-zephyr	Install Zephyr SDK	2026-02-02T16:50:51.4021466Z  23600K .......... .......... .......... .......... .......... 36% 81.7M 1s
build-zephyr	Install Zephyr SDK	2026-02-02T16:50:51.4031170Z  23650K .......... .......... .......... .......... .......... 36% 50.6M 1s
build-zephyr	Install Zephyr SDK	2026-02-02T16:50:51.4044270Z  23700K .......... .......... .......... .......... .......... 36% 37.9M 1s
build-zephyr	Install Zephyr SDK	2026-02-02T16:50:51.4049402Z  23750K .......... .......... .......... .......... .......... 36% 97.4M 1s
build-zephyr	Install Zephyr SDK	2026-02-02T16:50:51.4058811Z  23800K .......... .......... .......... .......... .......... 36% 50.7M 1s
build-zephyr	Install Zephyr SDK	2026-02-02T16:50:51.4065180Z  23850K .......... .......... .......... .......... .......... 36% 79.4M 1s
build-zephyr	Install Zephyr SDK	2026-02-02T16:50:51.4079595Z  23900K .......... .......... .......... .......... .......... 37% 33.5M 1s
build-zephyr	Install Zephyr SDK	2026-02-02T16:50:51.4086548Z  23950K .......... .......... .......... .......... .......... 37% 68.5M 1s
build-zephyr	Install Zephyr SDK	2026-02-02T16:50:51.4096166Z  24000K .......... .......... .......... .......... .......... 37% 51.1M 1s
build-zephyr	Install Zephyr SDK	2026-02-02T16:50:51.4103114Z  24050K .......... .......... .......... .......... .......... 37% 68.5M 1s
build-zephyr	Install Zephyr SDK	2026-02-02T16:50:51.4118453Z  24100K .......... .......... .......... .......... .......... 37% 32.0M 1s
build-zephyr	Install Zephyr SDK	2026-02-02T16:50:51.4128593Z  24150K .......... .......... .......... .......... .......... 37% 47.5M 1s
build-zephyr	Install Zephyr SDK	2026-02-02T16:50:51.4134802Z  24200K .......... .......... .......... .......... .......... 37% 82.5M 1s
build-zephyr	Install Zephyr SDK	2026-02-02T16:50:51.4144947Z  24250K .......... .......... .......... .......... .......... 37% 48.0M 1s
build-zephyr	Install Zephyr SDK	2026-02-02T16:50:51.4157639Z  24300K .......... .......... .......... .......... .......... 37% 38.3M 1s
build-zephyr	Install Zephyr SDK	2026-02-02T16:50:51.4164050Z  24350K .......... .......... .......... .......... .......... 37% 77.0M 1s
build-zephyr	Install Zephyr SDK	2026-02-02T16:50:51.4173084Z  24400K .......... .......... .......... .......... .......... 37% 53.6M 1s
build-zephyr	Install Zephyr SDK	2026-02-02T16:50:51.4180087Z  24450K .......... .......... .......... .......... .......... 37% 69.1M 1s
build-zephyr	Install Zephyr SDK	2026-02-02T16:50:51.4214944Z  24500K .......... .......... .......... .......... .......... 37% 14.1M 1s
build-zephyr	Install Zephyr SDK	2026-02-02T16:50:51.4229352Z  24550K .......... .......... .......... .......... .......... 38% 33.5M 1s
build-zephyr	Install Zephyr SDK	2026-02-02T16:50:51.4232969Z  24600K .......... .......... .......... .......... .......... 38%  132M 1s
build-zephyr	Install Zephyr SDK	2026-02-02T16:50:51.4245575Z  24650K .......... .......... .......... .......... .......... 38% 39.4M 1s
build-zephyr	Install Zephyr SDK	2026-02-02T16:50:51.4253389Z  24700K .......... .......... .......... .......... .......... 38% 62.2M 1s
build-zephyr	Install Zephyr SDK	2026-02-02T16:50:51.4260298Z  24750K .......... .......... .......... .......... .......... 38% 70.0M 1s
build-zephyr	Install Zephyr SDK	2026-02-02T16:50:51.4272307Z  24800K .......... .......... .......... .......... .......... 38% 40.5M 1s
build-zephyr	Install Zephyr SDK	2026-02-02T16:50:51.4279172Z  24850K .......... .......... .......... .......... .......... 38% 72.1M 1s
build-zephyr	Install Zephyr SDK	2026-02-02T16:50:51.4287919Z  24900K .......... .......... .......... .......... .......... 38% 55.9M 1s
build-zephyr	Install Zephyr SDK	2026-02-02T16:50:51.4295045Z  24950K .......... .......... .......... .......... .......... 38% 74.5M 1s
build-zephyr	Install Zephyr SDK	2026-02-02T16:50:51.4303506Z  25000K .......... .......... .......... .......... .......... 38% 53.9M 1s
build-zephyr	Install Zephyr SDK	2026-02-02T16:50:51.4307838Z  25050K .......... .......... .......... .......... .......... 38%  113M 1s
build-zephyr	Install Zephyr SDK	2026-02-02T16:50:51.4317108Z  25100K .......... .......... .......... .......... .......... 38% 52.0M 1s
build-zephyr	Install Zephyr SDK	2026-02-02T16:50:51.4325182Z  25150K .......... .......... .......... .......... .......... 38% 60.7M 1s
build-zephyr	Install Zephyr SDK	2026-02-02T16:50:51.4329871Z  25200K .......... .......... .......... .......... .......... 39%  117M 1s
build-zephyr	Install Zephyr SDK	2026-02-02T16:50:51.4340462Z  25250K .......... .......... .......... .......... .......... 39% 45.9M 1s
build-zephyr	Install Zephyr SDK	2026-02-02T16:50:51.4345889Z  25300K .......... .......... .......... .......... .......... 39% 82.3M 1s
build-zephyr	Install Zephyr SDK	2026-02-02T16:50:51.4355935Z  25350K .......... .......... .......... .......... .......... 39% 48.9M 1s
build-zephyr	Install Zephyr SDK	2026-02-02T16:50:51.4361458Z  25400K .......... .......... .......... .......... .......... 39% 88.2M 1s
build-zephyr	Install Zephyr SDK	2026-02-02T16:50:51.4372007Z  25450K .......... .......... .......... .......... .......... 39% 46.1M 1s
build-zephyr	Install Zephyr SDK	2026-02-02T16:50:51.4376981Z  25500K .......... .......... .......... .......... .......... 39% 99.9M 1s
build-zephyr	Install Zephyr SDK	2026-02-02T16:50:51.4385740Z  25550K .......... .......... .......... .......... .......... 39% 55.5M 1s
build-zephyr	Install Zephyr SDK	2026-02-02T16:50:51.4390816Z  25600K .......... .......... .......... .......... .......... 39% 95.4M 1s
build-zephyr	Install Zephyr SDK	2026-02-02T16:50:51.4402916Z  25650K .......... .......... .......... .......... .......... 39% 40.4M 1s
build-zephyr	Install Zephyr SDK	2026-02-02T16:50:51.4415981Z  25700K .......... .......... .......... .......... .......... 39% 38.4M 1s
build-zephyr	Install Zephyr SDK	2026-02-02T16:50:51.4420430Z  25750K .......... .......... .......... .......... .......... 39%  101M 1s
build-zephyr	Install Zephyr SDK	2026-02-02T16:50:51.4429194Z  25800K .......... .......... .......... .......... .......... 39% 59.4M 1s
build-zephyr	Install Zephyr SDK	2026-02-02T16:50:51.4435424Z  25850K .......... .......... .......... .......... .......... 40% 74.6M 1s
build-zephyr	Install Zephyr SDK	2026-02-02T16:50:51.4443455Z  25900K .......... .......... .......... .......... .......... 40% 61.6M 1s
build-zephyr	Install Zephyr SDK	2026-02-02T16:50:51.4448484Z  25950K .......... .......... .......... .......... .......... 40% 95.3M 1s
build-zephyr	Install Zephyr SDK	2026-02-02T16:50:51.4458918Z  26000K .......... .......... .......... .......... .......... 40% 47.7M 1s
build-zephyr	Install Zephyr SDK	2026-02-02T16:50:51.4464373Z  26050K .......... .......... .......... .......... .......... 40% 87.7M 1s
build-zephyr	Install Zephyr SDK	2026-02-02T16:50:51.4476017Z  26100K .......... .......... .......... .......... .......... 40% 41.1M 1s
build-zephyr	Install Zephyr SDK	2026-02-02T16:50:51.4479598Z  26150K .......... .......... .......... .......... .......... 40%  135M 1s
build-zephyr	Install Zephyr SDK	2026-02-02T16:50:51.4492234Z  26200K .......... .......... .......... .......... .......... 40% 38.3M 1s
build-zephyr	Install Zephyr SDK	2026-02-02T16:50:51.4495019Z  26250K .......... .......... .......... .......... .......... 40%  176M 1s
build-zephyr	Install Zephyr SDK	2026-02-02T16:50:51.4507753Z  26300K .......... .......... .......... .......... .......... 40% 38.5M 1s
build-zephyr	Install Zephyr SDK	2026-02-02T16:50:51.4511359Z  26350K .......... .......... .......... .......... .......... 40%  149M 1s
build-zephyr	Install Zephyr SDK	2026-02-02T16:50:51.4524961Z  26400K .......... .......... .......... .......... .......... 40% 35.3M 1s
build-zephyr	Install Zephyr SDK	2026-02-02T16:50:51.4529270Z  26450K .......... .......... .......... .......... .......... 40%  109M 1s
build-zephyr	Install Zephyr SDK	2026-02-02T16:50:51.4541585Z  26500K .......... .......... .......... .......... .......... 41% 40.1M 1s
build-zephyr	Install Zephyr SDK	2026-02-02T16:50:51.4547578Z  26550K .......... .......... .......... .......... .......... 41% 83.8M 1s
build-zephyr	Install Zephyr SDK	2026-02-02T16:50:51.4556436Z  26600K .......... .......... .......... .......... .......... 41% 54.1M 1s
build-zephyr	Install Zephyr SDK	2026-02-02T16:50:51.4558906Z  26650K .......... .......... .......... .......... .......... 41%  186M 1s
build-zephyr	Install Zephyr SDK	2026-02-02T16:50:51.4570517Z  26700K .......... .......... .......... .......... .......... 41% 42.0M 1s
build-zephyr	Install Zephyr SDK	2026-02-02T16:50:51.4575223Z  26750K .......... .......... .......... .......... .......... 41%  104M 1s
build-zephyr	Install Zephyr SDK	2026-02-02T16:50:51.4587417Z  26800K .......... .......... .......... .......... .......... 41% 40.8M 1s
build-zephyr	Install Zephyr SDK	2026-02-02T16:50:51.4590441Z  26850K .......... .......... .......... .......... .......... 41%  160M 1s
build-zephyr	Install Zephyr SDK	2026-02-02T16:50:51.4604432Z  26900K .......... .......... .......... .......... .......... 41% 34.9M 1s
build-zephyr	Install Zephyr SDK	2026-02-02T16:50:51.4611896Z  26950K .......... .......... .......... .......... .......... 41% 68.1M 1s
build-zephyr	Install Zephyr SDK	2026-02-02T16:50:51.4618931Z  27000K .......... .......... .......... .......... .......... 41% 64.8M 1s
build-zephyr	Install Zephyr SDK	2026-02-02T16:50:51.4622384Z  27050K .......... .......... .......... .......... .......... 41%  162M 1s
build-zephyr	Install Zephyr SDK	2026-02-02T16:50:51.4626336Z  27100K .......... .......... .......... .......... .......... 41%  112M 1s
build-zephyr	Install Zephyr SDK	2026-02-02T16:50:51.4635231Z  27150K .......... .......... .......... .......... .......... 42% 55.9M 1s
build-zephyr	Install Zephyr SDK	2026-02-02T16:50:51.4641330Z  27200K .......... .......... .......... .......... .......... 42% 84.3M 1s
build-zephyr	Install Zephyr SDK	2026-02-02T16:50:51.4650172Z  27250K .......... .......... .......... .......... .......... 42% 53.5M 1s
build-zephyr	Install Zephyr SDK	2026-02-02T16:50:51.4656162Z  27300K .......... .......... .......... .......... .......... 42% 83.5M 1s
build-zephyr	Install Zephyr SDK	2026-02-02T16:50:51.4661706Z  27350K .......... .......... .......... .......... .......... 42% 83.4M 1s
build-zephyr	Install Zephyr SDK	2026-02-02T16:50:51.4670777Z  27400K .......... .......... .......... .......... .......... 42% 54.0M 1s
build-zephyr	Install Zephyr SDK	2026-02-02T16:50:51.4673562Z  27450K .......... .......... .......... .......... .......... 42%  169M 1s
build-zephyr	Install Zephyr SDK	2026-02-02T16:50:51.4679402Z  27500K .......... .......... .......... .......... .......... 42% 83.7M 1s
build-zephyr	Install Zephyr SDK	2026-02-02T16:50:51.4686087Z  27550K .......... .......... .......... .......... .......... 42% 79.3M 1s
build-zephyr	Install Zephyr SDK	2026-02-02T16:50:51.4693020Z  27600K .......... .......... .......... .......... .......... 42% 67.0M 1s
build-zephyr	Install Zephyr SDK	2026-02-02T16:50:51.4697385Z  27650K .......... .......... .......... .......... .......... 42%  109M 1s
build-zephyr	Install Zephyr SDK	2026-02-02T16:50:51.4708917Z  27700K .......... .......... .......... .......... .......... 42% 42.7M 1s
build-zephyr	Install Zephyr SDK	2026-02-02T16:50:51.4716540Z  27750K .......... .......... .......... .......... .......... 42% 64.6M 1s
build-zephyr	Install Zephyr SDK	2026-02-02T16:50:51.4721953Z  27800K .......... .......... .......... .......... .......... 43% 87.8M 1s
build-zephyr	Install Zephyr SDK	2026-02-02T16:50:51.4725793Z  27850K .......... .......... .......... .......... .......... 43%  127M 1s
build-zephyr	Install Zephyr SDK	2026-02-02T16:50:51.4732410Z  27900K .......... .......... .......... .......... .......... 43% 73.2M 1s
build-zephyr	Install Zephyr SDK	2026-02-02T16:50:51.4742178Z  27950K .......... .......... .......... .......... .......... 43% 50.8M 1s
build-zephyr	Install Zephyr SDK	2026-02-02T16:50:51.4747905Z  28000K .......... .......... .......... .......... .......... 43% 85.8M 1s
build-zephyr	Install Zephyr SDK	2026-02-02T16:50:51.4757774Z  28050K .......... .......... .......... .......... .......... 43% 50.0M 1s
build-zephyr	Install Zephyr SDK	2026-02-02T16:50:51.4764374Z  28100K .......... .......... .......... .......... .......... 43% 74.0M 1s
build-zephyr	Install Zephyr SDK	2026-02-02T16:50:51.4775267Z  28150K .......... .......... .......... .......... .......... 43% 44.4M 1s
build-zephyr	Install Zephyr SDK	2026-02-02T16:50:51.4777642Z  28200K .......... .......... .......... .......... .......... 43%  204M 1s
build-zephyr	Install Zephyr SDK	2026-02-02T16:50:51.4782553Z  28250K .......... .......... .......... .......... .......... 43%  105M 1s
build-zephyr	Install Zephyr SDK	2026-02-02T16:50:51.4791757Z  28300K .......... .......... .......... .......... .......... 43% 53.4M 1s
build-zephyr	Install Zephyr SDK	2026-02-02T16:50:51.4797381Z  28350K .......... .......... .......... .......... .......... 43% 82.2M 1s
build-zephyr	Install Zephyr SDK	2026-02-02T16:50:51.4804939Z  28400K .......... .......... .......... .......... .......... 43% 66.6M 1s
build-zephyr	Install Zephyr SDK	2026-02-02T16:50:51.4808828Z  28450K .......... .......... .......... .......... .......... 44%  118M 1s
build-zephyr	Install Zephyr SDK	2026-02-02T16:50:51.4819108Z  28500K .......... .......... .......... .......... .......... 44% 46.9M 1s
build-zephyr	Install Zephyr SDK	2026-02-02T16:50:51.4824692Z  28550K .......... .......... .......... .......... .......... 44% 91.5M 1s
build-zephyr	Install Zephyr SDK	2026-02-02T16:50:51.4835642Z  28600K .......... .......... .......... .......... .......... 44% 44.0M 1s
build-zephyr	Install Zephyr SDK	2026-02-02T16:50:51.4837773Z  28650K .......... .......... .......... .......... .......... 44%  215M 1s
build-zephyr	Install Zephyr SDK	2026-02-02T16:50:51.4843352Z  28700K .......... .......... .......... .......... .......... 44% 87.9M 1s
build-zephyr	Install Zephyr SDK	2026-02-02T16:50:51.4850978Z  28750K .......... .......... .......... .......... .......... 44% 64.5M 1s
build-zephyr	Install Zephyr SDK	2026-02-02T16:50:51.4859862Z  28800K .......... .......... .......... .......... .......... 44% 55.3M 1s
build-zephyr	Install Zephyr SDK	2026-02-02T16:50:51.4864262Z  28850K .......... .......... .......... .......... .......... 44%  123M 1s
build-zephyr	Install Zephyr SDK	2026-02-02T16:50:51.4871176Z  28900K .......... .......... .......... .......... .......... 44% 65.1M 1s
build-zephyr	Install Zephyr SDK	2026-02-02T16:50:51.4875666Z  28950K .......... .......... .......... .......... .......... 44%  112M 1s
build-zephyr	Install Zephyr SDK	2026-02-02T16:50:51.4885519Z  29000K .......... .......... .......... .......... .......... 44% 49.4M 1s
build-zephyr	Install Zephyr SDK	2026-02-02T16:50:51.4887725Z  29050K .......... .......... .......... .......... .......... 45%  231M 1s
build-zephyr	Install Zephyr SDK	2026-02-02T16:50:51.4899802Z  29100K .......... .......... .......... .......... .......... 45% 40.5M 1s
build-zephyr	Install Zephyr SDK	2026-02-02T16:50:51.4901713Z  29150K .......... .......... .......... .......... .......... 45%  254M 1s
build-zephyr	Install Zephyr SDK	2026-02-02T16:50:51.4906622Z  29200K .......... .......... .......... .......... .......... 45% 96.6M 1s
build-zephyr	Install Zephyr SDK	2026-02-02T16:50:51.4913519Z  29250K .......... .......... .......... .......... .......... 45% 70.4M 1s
build-zephyr	Install Zephyr SDK	2026-02-02T16:50:51.4926630Z  29300K .......... .......... .......... .......... .......... 45% 37.6M 1s
build-zephyr	Install Zephyr SDK	2026-02-02T16:50:51.4936337Z  29350K .......... .......... .......... .......... .......... 45% 50.5M 1s
build-zephyr	Install Zephyr SDK	2026-02-02T16:50:51.4943226Z  29400K .......... .......... .......... .......... .......... 45% 70.5M 1s
build-zephyr	Install Zephyr SDK	2026-02-02T16:50:51.4951941Z  29450K .......... .......... .......... .......... .......... 45% 56.6M 1s
build-zephyr	Install Zephyr SDK	2026-02-02T16:50:51.4953209Z  29500K .......... .......... .......... .......... .......... 45%  304M 1s
build-zephyr	Install Zephyr SDK	2026-02-02T16:50:51.4959603Z  29550K .......... .......... .......... .......... .......... 45% 79.9M 1s
build-zephyr	Install Zephyr SDK	2026-02-02T16:50:51.4967181Z  29600K .......... .......... .......... .......... .......... 45% 64.8M 1s
build-zephyr	Install Zephyr SDK	2026-02-02T16:50:51.4971249Z  29650K .......... .......... .......... .......... .......... 45%  118M 1s
build-zephyr	Install Zephyr SDK	2026-02-02T16:50:51.4976379Z  29700K .......... .......... .......... .......... .......... 46% 95.9M 1s
build-zephyr	Install Zephyr SDK	2026-02-02T16:50:51.4981909Z  29750K .......... .......... .......... .......... .......... 46% 86.7M 1s
build-zephyr	Install Zephyr SDK	2026-02-02T16:50:51.4989413Z  29800K .......... .......... .......... .......... .......... 46% 65.4M 1s
build-zephyr	Install Zephyr SDK	2026-02-02T16:50:51.4997858Z  29850K .......... .......... .......... .......... .......... 46% 58.3M 1s
build-zephyr	Install Zephyr SDK	2026-02-02T16:50:51.5001521Z  29900K .......... .......... .......... .......... .......... 46%  129M 1s
build-zephyr	Install Zephyr SDK	2026-02-02T16:50:51.5018717Z  29950K .......... .......... .......... .......... .......... 46% 28.9M 1s
build-zephyr	Install Zephyr SDK	2026-02-02T16:50:51.5020349Z  30000K .......... .......... .......... .......... .......... 46%  281M 1s
build-zephyr	Install Zephyr SDK	2026-02-02T16:50:51.5021850Z  30050K .......... .......... .......... .......... .......... 46%  267M 1s
build-zephyr	Install Zephyr SDK	2026-02-02T16:50:51.5031657Z  30100K .......... .......... .......... .......... .......... 46% 50.7M 1s
build-zephyr	Install Zephyr SDK	2026-02-02T16:50:51.5045276Z  30150K .......... .......... .......... .......... .......... 46% 36.1M 1s
build-zephyr	Install Zephyr SDK	2026-02-02T16:50:51.5049267Z  30200K .......... .......... .......... .......... .......... 46%  118M 1s
build-zephyr	Install Zephyr SDK	2026-02-02T16:50:51.5059130Z  30250K .......... .......... .......... .......... .......... 46% 49.7M 1s
build-zephyr	Install Zephyr SDK	2026-02-02T16:50:51.5066554Z  30300K .......... .......... .......... .......... .......... 46% 65.9M 1s
build-zephyr	Install Zephyr SDK	2026-02-02T16:50:51.5073729Z  30350K .......... .......... .......... .......... .......... 47% 67.3M 1s
build-zephyr	Install Zephyr SDK	2026-02-02T16:50:51.5084594Z  30400K .......... .......... .......... .......... .......... 47% 46.1M 1s
build-zephyr	Install Zephyr SDK	2026-02-02T16:50:51.5088263Z  30450K .......... .......... .......... .......... .......... 47%  125M 1s
build-zephyr	Install Zephyr SDK	2026-02-02T16:50:51.5104878Z  30500K .......... .......... .......... .......... .......... 47% 29.6M 1s
build-zephyr	Install Zephyr SDK	2026-02-02T16:50:51.5110685Z  30550K .......... .......... .......... .......... .......... 47% 81.5M 1s
build-zephyr	Install Zephyr SDK	2026-02-02T16:50:51.5117274Z  30600K .......... .......... .......... .......... .......... 47% 74.7M 1s
build-zephyr	Install Zephyr SDK	2026-02-02T16:50:51.5125861Z  30650K .......... .......... .......... .......... .......... 47% 56.7M 1s
build-zephyr	Install Zephyr SDK	2026-02-02T16:50:51.5136715Z  30700K .......... .......... .......... .......... .......... 47% 45.1M 1s
build-zephyr	Install Zephyr SDK	2026-02-02T16:50:51.5145052Z  30750K .......... .......... .......... .......... .......... 47% 70.0M 1s
build-zephyr	Install Zephyr SDK	2026-02-02T16:50:51.5155553Z  30800K .......... .......... .......... .......... .......... 47% 41.0M 1s
build-zephyr	Install Zephyr SDK	2026-02-02T16:50:51.5164301Z  30850K .......... .......... .......... .......... .......... 47% 57.2M 1s
build-zephyr	Install Zephyr SDK	2026-02-02T16:50:51.5169362Z  30900K .......... .......... .......... .......... .......... 47% 92.9M 1s
build-zephyr	Install Zephyr SDK	2026-02-02T16:50:51.5179225Z  30950K .......... .......... .......... .......... .......... 47% 50.1M 1s
build-zephyr	Install Zephyr SDK	2026-02-02T16:50:51.5186006Z  31000K .......... .......... .......... .......... .......... 48% 70.9M 1s
build-zephyr	Install Zephyr SDK	2026-02-02T16:50:51.5198606Z  31050K .......... .......... .......... .......... .......... 48% 39.0M 1s
build-zephyr	Install Zephyr SDK	2026-02-02T16:50:51.5200775Z  31100K .......... .......... .......... .......... .......... 48%  219M 1s
build-zephyr	Install Zephyr SDK	2026-02-02T16:50:51.5212659Z  31150K .......... .......... .......... .......... .......... 48% 43.1M 1s
build-zephyr	Install Zephyr SDK	2026-02-02T16:50:51.5220168Z  31200K .......... .......... .......... .......... .......... 48% 60.1M 1s
build-zephyr	Install Zephyr SDK	2026-02-02T16:50:51.5237189Z  31250K .......... .......... .......... .......... .......... 48% 28.7M 1s
build-zephyr	Install Zephyr SDK	2026-02-02T16:50:51.5344540Z  31300K .......... .......... .......... .......... .......... 48% 4.57M 1s
build-zephyr	Install Zephyr SDK	2026-02-02T16:50:51.5349502Z  31350K .......... .......... .......... .......... .......... 48% 92.5M 1s
build-zephyr	Install Zephyr SDK	2026-02-02T16:50:51.5377382Z  31400K .......... .......... .......... .......... .......... 48% 17.4M 1s
build-zephyr	Install Zephyr SDK	2026-02-02T16:50:51.5394587Z  31450K .......... .......... .......... .......... .......... 48% 28.9M 1s
build-zephyr	Install Zephyr SDK	2026-02-02T16:50:51.5410326Z  31500K .......... .......... .......... .......... .......... 48% 31.5M 1s
build-zephyr	Install Zephyr SDK	2026-02-02T16:50:51.5422033Z  31550K .......... .......... .......... .......... .......... 48% 42.7M 1s
build-zephyr	Install Zephyr SDK	2026-02-02T16:50:51.5433817Z  31600K .......... .......... .......... .......... .......... 48% 39.3M 1s
build-zephyr	Install Zephyr SDK	2026-02-02T16:50:51.5441313Z  31650K .......... .......... .......... .......... .......... 49% 63.7M 1s
build-zephyr	Install Zephyr SDK	2026-02-02T16:50:51.5450395Z  31700K .......... .......... .......... .......... .......... 49% 55.1M 1s
build-zephyr	Install Zephyr SDK	2026-02-02T16:50:51.5456470Z  31750K .......... .......... .......... .......... .......... 49% 80.7M 1s
build-zephyr	Install Zephyr SDK	2026-02-02T16:50:51.5464549Z  31800K .......... .......... .......... .......... .......... 49% 61.5M 1s
build-zephyr	Install Zephyr SDK	2026-02-02T16:50:51.5468460Z  31850K .......... .......... .......... .......... .......... 49%  119M 1s
build-zephyr	Install Zephyr SDK	2026-02-02T16:50:51.5477275Z  31900K .......... .......... .......... .......... .......... 49% 55.3M 1s
build-zephyr	Install Zephyr SDK	2026-02-02T16:50:51.5490601Z  31950K .......... .......... .......... .......... .......... 49% 75.6M 1s
build-zephyr	Install Zephyr SDK	2026-02-02T16:50:51.5496628Z  32000K .......... .......... .......... .......... .......... 49% 38.3M 1s
build-zephyr	Install Zephyr SDK	2026-02-02T16:50:51.5503501Z  32050K .......... .......... .......... .......... .......... 49% 70.4M 1s
build-zephyr	Install Zephyr SDK	2026-02-02T16:50:51.5517550Z  32100K .......... .......... .......... .......... .......... 49% 34.6M 1s
build-zephyr	Install Zephyr SDK	2026-02-02T16:50:51.5518641Z  32150K .......... .......... .......... .......... .......... 49%  325M 1s
build-zephyr	Install Zephyr SDK	2026-02-02T16:50:51.5525741Z  32200K .......... .......... .......... .......... .......... 49% 73.8M 1s
build-zephyr	Install Zephyr SDK	2026-02-02T16:50:51.5539769Z  32250K .......... .......... .......... .......... .......... 49% 34.6M 1s
build-zephyr	Install Zephyr SDK	2026-02-02T16:50:51.5544331Z  32300K .......... .......... .......... .......... .......... 50%  113M 1s
build-zephyr	Install Zephyr SDK	2026-02-02T16:50:51.5558790Z  32350K .......... .......... .......... .......... .......... 50% 42.3M 1s
build-zephyr	Install Zephyr SDK	2026-02-02T16:50:51.5568843Z  32400K .......... .......... .......... .......... .......... 50% 36.6M 1s
build-zephyr	Install Zephyr SDK	2026-02-02T16:50:51.5579837Z  32450K .......... .......... .......... .......... .......... 50% 44.8M 1s
build-zephyr	Install Zephyr SDK	2026-02-02T16:50:51.5587347Z  32500K .......... .......... .......... .......... .......... 50% 64.0M 1s
build-zephyr	Install Zephyr SDK	2026-02-02T16:50:51.5598805Z  32550K .......... .......... .......... .......... .......... 50% 43.1M 1s
build-zephyr	Install Zephyr SDK	2026-02-02T16:50:51.5606291Z  32600K .......... .......... .......... .......... .......... 50% 64.3M 1s
build-zephyr	Install Zephyr SDK	2026-02-02T16:50:51.5619047Z  32650K .......... .......... .......... .......... .......... 50% 38.4M 1s
build-zephyr	Install Zephyr SDK	2026-02-02T16:50:51.5629807Z  32700K .......... .......... .......... .......... .......... 50% 45.3M 1s
build-zephyr	Install Zephyr SDK	2026-02-02T16:50:51.5645322Z  32750K .......... .......... .......... .......... .......... 50%  101M 1s
build-zephyr	Install Zephyr SDK	2026-02-02T16:50:51.5650128Z  32800K .......... .......... .......... .......... .......... 50% 31.5M 1s
build-zephyr	Install Zephyr SDK	2026-02-02T16:50:51.5663025Z  32850K .......... .......... .......... .......... .......... 50% 37.8M 1s
build-zephyr	Install Zephyr SDK	2026-02-02T16:50:51.5672767Z  32900K .......... .......... .......... .......... .......... 50% 54.0M 1s
build-zephyr	Install Zephyr SDK	2026-02-02T16:50:51.5680346Z  32950K .......... .......... .......... .......... .......... 51% 60.9M 1s
build-zephyr	Install Zephyr SDK	2026-02-02T16:50:51.5688403Z  33000K .......... .......... .......... .......... .......... 51% 60.9M 1s
build-zephyr	Install Zephyr SDK	2026-02-02T16:50:51.5701171Z  33050K .......... .......... .......... .......... .......... 51% 37.8M 1s
build-zephyr	Install Zephyr SDK	2026-02-02T16:50:51.5709609Z  33100K .......... .......... .......... .......... .......... 51% 57.1M 1s
build-zephyr	Install Zephyr SDK	2026-02-02T16:50:51.5724504Z  33150K .......... .......... .......... .......... .......... 51% 34.8M 1s
build-zephyr	Install Zephyr SDK	2026-02-02T16:50:51.5730837Z  33200K .......... .......... .......... .......... .......... 51% 67.1M 1s
build-zephyr	Install Zephyr SDK	2026-02-02T16:50:51.5745683Z  33250K .......... .......... .......... .......... .......... 51% 33.3M 1s
build-zephyr	Install Zephyr SDK	2026-02-02T16:50:51.5759240Z  33300K .......... .......... .......... .......... .......... 51% 36.7M 1s
build-zephyr	Install Zephyr SDK	2026-02-02T16:50:51.5761015Z  33350K .......... .......... .......... .......... .......... 51%  231M 1s
build-zephyr	Install Zephyr SDK	2026-02-02T16:50:51.5773346Z  33400K .......... .......... .......... .......... .......... 51% 40.1M 1s
build-zephyr	Install Zephyr SDK	2026-02-02T16:50:51.5789215Z  33450K .......... .......... .......... .......... .......... 51% 30.9M 1s
build-zephyr	Install Zephyr SDK	2026-02-02T16:50:51.5794691Z  33500K .......... .......... .......... .......... .......... 51% 92.6M 1s
build-zephyr	Install Zephyr SDK	2026-02-02T16:50:51.5808189Z  33550K .......... .......... .......... .......... .......... 51% 52.1M 1s
build-zephyr	Install Zephyr SDK	2026-02-02T16:50:51.5820298Z  33600K .......... .......... .......... .......... .......... 52% 29.9M 1s
build-zephyr	Install Zephyr SDK	2026-02-02T16:50:51.5827404Z  33650K .......... .......... .......... .......... .......... 52% 66.4M 1s
build-zephyr	Install Zephyr SDK	2026-02-02T16:50:51.5837058Z  33700K .......... .......... .......... .......... .......... 52% 50.4M 1s
build-zephyr	Install Zephyr SDK	2026-02-02T16:50:51.5848130Z  33750K .......... .......... .......... .......... .......... 52% 44.5M 1s
build-zephyr	Install Zephyr SDK	2026-02-02T16:50:51.5855835Z  33800K .......... .......... .......... .......... .......... 52% 63.9M 1s
build-zephyr	Install Zephyr SDK	2026-02-02T16:50:51.5865815Z  33850K .......... .......... .......... .......... .......... 52% 48.6M 1s
build-zephyr	Install Zephyr SDK	2026-02-02T16:50:51.5875758Z  33900K .......... .......... .......... .......... .......... 52% 50.0M 1s
build-zephyr	Install Zephyr SDK	2026-02-02T16:50:51.5898723Z  33950K .......... .......... .......... .......... .......... 52% 61.1M 1s
build-zephyr	Install Zephyr SDK	2026-02-02T16:50:51.5900312Z  34000K .......... .......... .......... .......... .......... 52% 28.8M 1s
build-zephyr	Install Zephyr SDK	2026-02-02T16:50:51.5902366Z  34050K .......... .......... .......... .......... .......... 52%  270M 1s
build-zephyr	Install Zephyr SDK	2026-02-02T16:50:51.5915217Z  34100K .......... .......... .......... .......... .......... 52% 38.1M 1s
build-zephyr	Install Zephyr SDK	2026-02-02T16:50:51.5923738Z  34150K .......... .......... .......... .......... .......... 52% 56.0M 1s
build-zephyr	Install Zephyr SDK	2026-02-02T16:50:51.5937065Z  34200K .......... .......... .......... .......... .......... 52% 37.2M 1s
build-zephyr	Install Zephyr SDK	2026-02-02T16:50:51.5942242Z  34250K .......... .......... .......... .......... .......... 53% 91.5M 1s
build-zephyr	Install Zephyr SDK	2026-02-02T16:50:51.5955973Z  34300K .......... .......... .......... .......... .......... 53% 36.2M 1s
build-zephyr	Install Zephyr SDK	2026-02-02T16:50:51.5968175Z  34350K .......... .......... .......... .......... .......... 53% 65.5M 1s
build-zephyr	Install Zephyr SDK	2026-02-02T16:50:51.5976197Z  34400K .......... .......... .......... .......... .......... 53% 37.6M 1s
build-zephyr	Install Zephyr SDK	2026-02-02T16:50:51.5990019Z  34450K .......... .......... .......... .......... .......... 53% 36.0M 1s
build-zephyr	Install Zephyr SDK	2026-02-02T16:50:51.6002568Z  34500K .......... .......... .......... .......... .......... 53% 38.5M 1s
build-zephyr	Install Zephyr SDK	2026-02-02T16:50:51.6010870Z  34550K .......... .......... .......... .......... .......... 53% 59.9M 1s
build-zephyr	Install Zephyr SDK	2026-02-02T16:50:51.6025017Z  34600K .......... .......... .......... .......... .......... 53% 34.7M 1s
build-zephyr	Install Zephyr SDK	2026-02-02T16:50:51.6032876Z  34650K .......... .......... .......... .......... .......... 53% 59.5M 1s
build-zephyr	Install Zephyr SDK	2026-02-02T16:50:51.6045991Z  34700K .......... .......... .......... .......... .......... 53% 38.5M 1s
build-zephyr	Install Zephyr SDK	2026-02-02T16:50:51.6059267Z  34750K .......... .......... .......... .......... .......... 53% 53.0M 1s
build-zephyr	Install Zephyr SDK	2026-02-02T16:50:51.6068048Z  34800K .......... .......... .......... .......... .......... 53% 36.8M 1s
build-zephyr	Install Zephyr SDK	2026-02-02T16:50:51.6080728Z  34850K .......... .......... .......... .......... .......... 53% 39.7M 1s
build-zephyr	Install Zephyr SDK	2026-02-02T16:50:51.6088158Z  34900K .......... .......... .......... .......... .......... 54% 64.8M 1s
build-zephyr	Install Zephyr SDK	2026-02-02T16:50:51.6102874Z  34950K .......... .......... .......... .......... .......... 54% 33.3M 1s
build-zephyr	Install Zephyr SDK	2026-02-02T16:50:51.6113554Z  35000K .......... .......... .......... .......... .......... 54% 45.2M 1s
build-zephyr	Install Zephyr SDK	2026-02-02T16:50:51.6126071Z  35050K .......... .......... .......... .......... .......... 54% 40.0M 1s
build-zephyr	Install Zephyr SDK	2026-02-02T16:50:51.6135641Z  35100K .......... .......... .......... .......... .......... 54% 49.9M 1s
build-zephyr	Install Zephyr SDK	2026-02-02T16:50:51.6149930Z  35150K .......... .......... .......... .......... .......... 54% 38.3M 1s
build-zephyr	Install Zephyr SDK	2026-02-02T16:50:51.6162239Z  35200K .......... .......... .......... .......... .......... 54% 35.0M 1s
build-zephyr	Install Zephyr SDK	2026-02-02T16:50:51.6175204Z  35250K .......... .......... .......... .......... .......... 54% 38.4M 1s
build-zephyr	Install Zephyr SDK	2026-02-02T16:50:51.6185719Z  35300K .......... .......... .......... .......... .......... 54% 45.4M 1s
build-zephyr	Install Zephyr SDK	2026-02-02T16:50:51.6199977Z  35350K .......... .......... .......... .......... .......... 54% 34.4M 1s
build-zephyr	Install Zephyr SDK	2026-02-02T16:50:51.6204745Z  35400K .......... .......... .......... .......... .......... 54%  100M 1s
build-zephyr	Install Zephyr SDK	2026-02-02T16:50:51.6216780Z  35450K .......... .......... .......... .......... .......... 54% 40.8M 1s
build-zephyr	Install Zephyr SDK	2026-02-02T16:50:51.6225330Z  35500K .......... .......... .......... .......... .......... 54% 56.3M 1s
build-zephyr	Install Zephyr SDK	2026-02-02T16:50:51.6240361Z  35550K .......... .......... .......... .......... .......... 55% 33.3M 1s
build-zephyr	Install Zephyr SDK	2026-02-02T16:50:51.6253358Z  35600K .......... .......... .......... .......... .......... 55% 36.7M 1s
build-zephyr	Install Zephyr SDK	2026-02-02T16:50:51.6259037Z  35650K .......... .......... .......... .......... .......... 55% 82.7M 1s
build-zephyr	Install Zephyr SDK	2026-02-02T16:50:51.6279201Z  35700K .......... .......... .......... .......... .......... 55% 24.5M 1s
build-zephyr	Install Zephyr SDK	2026-02-02T16:50:51.6286214Z  35750K .......... .......... .......... .......... .......... 55% 67.3M 1s
build-zephyr	Install Zephyr SDK	2026-02-02T16:50:51.6295932Z  35800K .......... .......... .......... .......... .......... 55% 50.8M 1s
build-zephyr	Install Zephyr SDK	2026-02-02T16:50:51.6309804Z  35850K .......... .......... .......... .......... .......... 55% 35.2M 1s
build-zephyr	Install Zephyr SDK	2026-02-02T16:50:51.6315844Z  35900K .......... .......... .......... .......... .......... 55% 79.6M 1s
build-zephyr	Install Zephyr SDK	2026-02-02T16:50:51.6338194Z  35950K .......... .......... .......... .......... .......... 55% 36.9M 1s
build-zephyr	Install Zephyr SDK	2026-02-02T16:50:51.6350914Z  36000K .......... .......... .......... .......... .......... 55% 22.7M 1s
build-zephyr	Install Zephyr SDK	2026-02-02T16:50:51.6357934Z  36050K .......... .......... .......... .......... .......... 55% 65.4M 1s
build-zephyr	Install Zephyr SDK	2026-02-02T16:50:51.6369192Z  36100K .......... .......... .......... .......... .......... 55% 43.2M 1s
build-zephyr	Install Zephyr SDK	2026-02-02T16:50:51.6383840Z  36150K .......... .......... .......... .......... .......... 55% 34.3M 1s
build-zephyr	Install Zephyr SDK	2026-02-02T16:50:51.6395878Z  36200K .......... .......... .......... .......... .......... 56% 40.2M 1s
build-zephyr	Install Zephyr SDK	2026-02-02T16:50:51.6406753Z  36250K .......... .......... .......... .......... .......... 56% 44.6M 1s
build-zephyr	Install Zephyr SDK	2026-02-02T16:50:51.6420048Z  36300K .......... .......... .......... .......... .......... 56% 36.4M 1s
build-zephyr	Install Zephyr SDK	2026-02-02T16:50:51.6438667Z  36350K .......... .......... .......... .......... .......... 56% 40.0M 1s
build-zephyr	Install Zephyr SDK	2026-02-02T16:50:51.6569891Z  36400K .......... .......... .......... .......... .......... 56% 3.56M 1s
build-zephyr	Install Zephyr SDK	2026-02-02T16:50:51.6584716Z  36450K .......... .......... .......... .......... .......... 56% 32.8M 1s
build-zephyr	Install Zephyr SDK	2026-02-02T16:50:51.6607722Z  36500K .......... .......... .......... .......... .......... 56% 21.1M 1s
build-zephyr	Install Zephyr SDK	2026-02-02T16:50:51.6639845Z  36550K .......... .......... .......... .......... .......... 56% 15.2M 1s
build-zephyr	Install Zephyr SDK	2026-02-02T16:50:51.6652791Z  36600K .......... .......... .......... .......... .......... 56% 37.6M 1s
build-zephyr	Install Zephyr SDK	2026-02-02T16:50:51.6674411Z  36650K .......... .......... .......... .......... .......... 56% 22.8M 1s
build-zephyr	Install Zephyr SDK	2026-02-02T16:50:51.6686013Z  36700K .......... .......... .......... .......... .......... 56% 41.6M 1s
build-zephyr	Install Zephyr SDK	2026-02-02T16:50:51.6701126Z  36750K .......... .......... .......... .......... .......... 56% 33.3M 1s
build-zephyr	Install Zephyr SDK	2026-02-02T16:50:51.6715549Z  36800K .......... .......... .......... .......... .......... 56% 32.9M 1s
build-zephyr	Install Zephyr SDK	2026-02-02T16:50:51.6722430Z  36850K .......... .......... .......... .......... .......... 57% 69.9M 1s
build-zephyr	Install Zephyr SDK	2026-02-02T16:50:51.6736377Z  36900K .......... .......... .......... .......... .......... 57% 35.3M 1s
build-zephyr	Install Zephyr SDK	2026-02-02T16:50:51.6744974Z  36950K .......... .......... .......... .......... .......... 57% 56.7M 1s
build-zephyr	Install Zephyr SDK	2026-02-02T16:50:51.6762057Z  37000K .......... .......... .......... .......... .......... 57% 28.7M 1s
build-zephyr	Install Zephyr SDK	2026-02-02T16:50:51.6775100Z  37050K .......... .......... .......... .......... .......... 57% 37.5M 1s
build-zephyr	Install Zephyr SDK	2026-02-02T16:50:51.6780272Z  37100K .......... .......... .......... .......... .......... 57% 92.1M 1s
build-zephyr	Install Zephyr SDK	2026-02-02T16:50:51.6794578Z  37150K .......... .......... .......... .......... .......... 57% 35.0M 1s
build-zephyr	Install Zephyr SDK	2026-02-02T16:50:51.6806495Z  37200K .......... .......... .......... .......... .......... 57% 40.1M 1s
build-zephyr	Install Zephyr SDK	2026-02-02T16:50:51.6840251Z  37250K .......... .......... .......... .......... .......... 57% 14.7M 1s
build-zephyr	Install Zephyr SDK	2026-02-02T16:50:51.6841878Z  37300K .......... .......... .......... .......... .......... 57%  312M 1s
build-zephyr	Install Zephyr SDK	2026-02-02T16:50:51.6848940Z  37350K .......... .......... .......... .......... .......... 57% 62.3M 1s
build-zephyr	Install Zephyr SDK	2026-02-02T16:50:51.6864067Z  37400K .......... .......... .......... .......... .......... 57% 32.7M 1s
build-zephyr	Install Zephyr SDK	2026-02-02T16:50:51.6876918Z  37450K .......... .......... .......... .......... .......... 57% 37.5M 1s
build-zephyr	Install Zephyr SDK	2026-02-02T16:50:51.6891431Z  37500K .......... .......... .......... .......... .......... 58% 33.5M 1s
build-zephyr	Install Zephyr SDK	2026-02-02T16:50:51.6911810Z  37550K .......... .......... .......... .......... .......... 58% 32.5M 1s
build-zephyr	Install Zephyr SDK	2026-02-02T16:50:51.6924290Z  37600K .......... .......... .......... .......... .......... 58% 27.2M 1s
build-zephyr	Install Zephyr SDK	2026-02-02T16:50:51.6939168Z  37650K .......... .......... .......... .......... .......... 58% 32.5M 1s
build-zephyr	Install Zephyr SDK	2026-02-02T16:50:51.6962645Z  37700K .......... .......... .......... .......... .......... 58% 20.9M 1s
build-zephyr	Install Zephyr SDK	2026-02-02T16:50:51.6976697Z  37750K .......... .......... .......... .......... .......... 58% 34.5M 1s
build-zephyr	Install Zephyr SDK	2026-02-02T16:50:51.6989349Z  37800K .......... .......... .......... .......... .......... 58% 38.6M 1s
build-zephyr	Install Zephyr SDK	2026-02-02T16:50:51.7003703Z  37850K .......... .......... .......... .......... .......... 58% 34.4M 0s
build-zephyr	Install Zephyr SDK	2026-02-02T16:50:51.7021600Z  37900K .......... .......... .......... .......... .......... 58% 27.4M 0s
build-zephyr	Install Zephyr SDK	2026-02-02T16:50:51.7035756Z  37950K .......... .......... .......... .......... .......... 58% 42.7M 0s
build-zephyr	Install Zephyr SDK	2026-02-02T16:50:51.7048571Z  38000K .......... .......... .......... .......... .......... 58% 30.9M 0s
build-zephyr	Install Zephyr SDK	2026-02-02T16:50:51.7060610Z  38050K .......... .......... .......... .......... .......... 58% 40.4M 0s
build-zephyr	Install Zephyr SDK	2026-02-02T16:50:51.7084298Z  38100K .......... .......... .......... .......... .......... 58% 21.1M 0s
build-zephyr	Install Zephyr SDK	2026-02-02T16:50:51.7097032Z  38150K .......... .......... .......... .......... .......... 59% 37.5M 0s
build-zephyr	Install Zephyr SDK	2026-02-02T16:50:51.7110243Z  38200K .......... .......... .......... .......... .......... 59% 36.7M 0s
build-zephyr	Install Zephyr SDK	2026-02-02T16:50:51.7122835Z  38250K .......... .......... .......... .......... .......... 59% 38.8M 0s
build-zephyr	Install Zephyr SDK	2026-02-02T16:50:51.7136305Z  38300K .......... .......... .......... .......... .......... 59% 36.1M 0s
build-zephyr	Install Zephyr SDK	2026-02-02T16:50:51.7153166Z  38350K .......... .......... .......... .......... .......... 59% 29.8M 0s
build-zephyr	Install Zephyr SDK	2026-02-02T16:50:51.7167782Z  38400K .......... .......... .......... .......... .......... 59% 32.0M 0s
build-zephyr	Install Zephyr SDK	2026-02-02T16:50:51.7183795Z  38450K .......... .......... .......... .......... .......... 59% 30.6M 0s
build-zephyr	Install Zephyr SDK	2026-02-02T16:50:51.7197173Z  38500K .......... .......... .......... .......... .......... 59% 37.5M 0s
build-zephyr	Install Zephyr SDK	2026-02-02T16:50:51.7205743Z  38550K .......... .......... .......... .......... .......... 59% 55.9M 0s
build-zephyr	Install Zephyr SDK	2026-02-02T16:50:51.7218656Z  38600K .......... .......... .......... .......... .......... 59% 37.6M 0s
build-zephyr	Install Zephyr SDK	2026-02-02T16:50:51.7232662Z  38650K .......... .......... .......... .......... .......... 59% 35.3M 0s
build-zephyr	Install Zephyr SDK	2026-02-02T16:50:51.7238714Z  38700K .......... .......... .......... .......... .......... 59% 78.5M 0s
build-zephyr	Install Zephyr SDK	2026-02-02T16:50:51.7253680Z  38750K .......... .......... .......... .......... .......... 60% 33.6M 0s
build-zephyr	Install Zephyr SDK	2026-02-02T16:50:51.7269648Z  38800K .......... .......... .......... .......... .......... 60% 29.8M 0s
build-zephyr	Install Zephyr SDK	2026-02-02T16:50:51.7275200Z  38850K .......... .......... .......... .......... .......... 60% 86.4M 0s
build-zephyr	Install Zephyr SDK	2026-02-02T16:50:51.7287515Z  38900K .......... .......... .......... .......... .......... 60% 39.9M 0s
build-zephyr	Install Zephyr SDK	2026-02-02T16:50:51.7295708Z  38950K .......... .......... .......... .......... .......... 60% 58.5M 0s
build-zephyr	Install Zephyr SDK	2026-02-02T16:50:51.7308655Z  39000K .......... .......... .......... .......... .......... 60% 38.4M 0s
build-zephyr	Install Zephyr SDK	2026-02-02T16:50:51.7315540Z  39050K .......... .......... .......... .......... .......... 60% 69.8M 0s
build-zephyr	Install Zephyr SDK	2026-02-02T16:50:51.7326017Z  39100K .......... .......... .......... .......... .......... 60% 46.6M 0s
build-zephyr	Install Zephyr SDK	2026-02-02T16:50:51.7339278Z  39150K .......... .......... .......... .......... .......... 60% 42.6M 0s
build-zephyr	Install Zephyr SDK	2026-02-02T16:50:51.7354781Z  39200K .......... .......... .......... .......... .......... 60% 28.7M 0s
build-zephyr	Install Zephyr SDK	2026-02-02T16:50:51.7366787Z  39250K .......... .......... .......... .......... .......... 60% 39.8M 0s
build-zephyr	Install Zephyr SDK	2026-02-02T16:50:51.7378980Z  39300K .......... .......... .......... .......... .......... 60% 40.2M 0s
build-zephyr	Install Zephyr SDK	2026-02-02T16:50:51.7382132Z  39350K .......... .......... .......... .......... .......... 60%  145M 0s
build-zephyr	Install Zephyr SDK	2026-02-02T16:50:51.7395599Z  39400K .......... .......... .......... .......... .......... 61% 37.0M 0s
build-zephyr	Install Zephyr SDK	2026-02-02T16:50:51.7405471Z  39450K .......... .......... .......... .......... .......... 61% 48.8M 0s
build-zephyr	Install Zephyr SDK	2026-02-02T16:50:51.7419059Z  39500K .......... .......... .......... .......... .......... 61% 36.4M 0s
build-zephyr	Install Zephyr SDK	2026-02-02T16:50:51.7432612Z  39550K .......... .......... .......... .......... .......... 61% 76.5M 0s
build-zephyr	Install Zephyr SDK	2026-02-02T16:50:51.7439590Z  39600K .......... .......... .......... .......... .......... 61% 33.9M 0s
build-zephyr	Install Zephyr SDK	2026-02-02T16:50:51.7452211Z  39650K .......... .......... .......... .......... .......... 61% 38.7M 0s
build-zephyr	Install Zephyr SDK	2026-02-02T16:50:51.7466295Z  39700K .......... .......... .......... .......... .......... 61% 34.7M 0s
build-zephyr	Install Zephyr SDK	2026-02-02T16:50:51.7480939Z  39750K .......... .......... .......... .......... .......... 61% 33.9M 0s
build-zephyr	Install Zephyr SDK	2026-02-02T16:50:51.7487235Z  39800K .......... .......... .......... .......... .......... 61% 74.9M 0s
build-zephyr	Install Zephyr SDK	2026-02-02T16:50:51.7500793Z  39850K .......... .......... .......... .......... .......... 61% 36.3M 0s
build-zephyr	Install Zephyr SDK	2026-02-02T16:50:51.7509706Z  39900K .......... .......... .......... .......... .......... 61% 54.4M 0s
build-zephyr	Install Zephyr SDK	2026-02-02T16:50:51.7523827Z  39950K .......... .......... .......... .......... .......... 61% 41.1M 0s
build-zephyr	Install Zephyr SDK	2026-02-02T16:50:51.7547554Z  40000K .......... .......... .......... .......... .......... 61% 18.9M 0s
build-zephyr	Install Zephyr SDK	2026-02-02T16:50:51.7548539Z  40050K .......... .......... .......... .......... .......... 62%  313M 0s
build-zephyr	Install Zephyr SDK	2026-02-02T16:50:51.7557573Z  40100K .......... .......... .......... .......... .......... 62% 57.0M 0s
build-zephyr	Install Zephyr SDK	2026-02-02T16:50:51.7598772Z  40150K .......... .......... .......... .......... .......... 62% 11.8M 0s
build-zephyr	Install Zephyr SDK	2026-02-02T16:50:51.7613090Z  40200K .......... .......... .......... .......... .......... 62% 34.6M 0s
build-zephyr	Install Zephyr SDK	2026-02-02T16:50:51.7629155Z  40250K .......... .......... .......... .......... .......... 62% 30.2M 0s
build-zephyr	Install Zephyr SDK	2026-02-02T16:50:51.7653617Z  40300K .......... .......... .......... .......... .......... 62% 19.9M 0s
build-zephyr	Install Zephyr SDK	2026-02-02T16:50:51.7684382Z  40350K .......... .......... .......... .......... .......... 62% 21.6M 0s
build-zephyr	Install Zephyr SDK	2026-02-02T16:50:51.7708816Z  40400K .......... .......... .......... .......... .......... 62% 15.1M 0s
build-zephyr	Install Zephyr SDK	2026-02-02T16:50:51.7736241Z  40450K .......... .......... .......... .......... .......... 62% 17.8M 0s
build-zephyr	Install Zephyr SDK	2026-02-02T16:50:51.7762407Z  40500K .......... .......... .......... .......... .......... 62% 18.6M 0s
build-zephyr	Install Zephyr SDK	2026-02-02T16:50:51.7789744Z  40550K .......... .......... .......... .......... .......... 62% 17.9M 0s
build-zephyr	Install Zephyr SDK	2026-02-02T16:50:51.7805635Z  40600K .......... .......... .......... .......... .......... 62% 30.7M 0s
build-zephyr	Install Zephyr SDK	2026-02-02T16:50:51.7830096Z  40650K .......... .......... .......... .......... .......... 62% 19.9M 0s
build-zephyr	Install Zephyr SDK	2026-02-02T16:50:51.7857518Z  40700K .......... .......... .......... .......... .......... 63% 17.8M 0s
build-zephyr	Install Zephyr SDK	2026-02-02T16:50:51.7886738Z  40750K .......... .......... .......... .......... .......... 63% 19.5M 0s
build-zephyr	Install Zephyr SDK	2026-02-02T16:50:51.7910419Z  40800K .......... .......... .......... .......... .......... 63% 17.5M 0s
build-zephyr	Install Zephyr SDK	2026-02-02T16:50:51.7937278Z  40850K .......... .......... .......... .......... .......... 63% 18.3M 0s
build-zephyr	Install Zephyr SDK	2026-02-02T16:50:51.7960833Z  40900K .......... .......... .......... .......... .......... 63% 20.7M 0s
build-zephyr	Install Zephyr SDK	2026-02-02T16:50:51.7988339Z  40950K .......... .......... .......... .......... .......... 63% 24.2M 0s
build-zephyr	Install Zephyr SDK	2026-02-02T16:50:51.8003770Z  41000K .......... .......... .......... .......... .......... 63% 21.3M 0s
build-zephyr	Install Zephyr SDK	2026-02-02T16:50:51.8027760Z  41050K .......... .......... .......... .......... .......... 63% 20.5M 0s
build-zephyr	Install Zephyr SDK	2026-02-02T16:50:51.8042427Z  41100K .......... .......... .......... .......... .......... 63% 33.4M 0s
build-zephyr	Install Zephyr SDK	2026-02-02T16:50:51.8056618Z  41150K .......... .......... .......... .......... .......... 63% 34.2M 0s
build-zephyr	Install Zephyr SDK	2026-02-02T16:50:51.8074699Z  41200K .......... .......... .......... .......... .......... 63% 27.2M 0s
build-zephyr	Install Zephyr SDK	2026-02-02T16:50:51.8091010Z  41250K .......... .......... .......... .......... .......... 63% 29.9M 0s
build-zephyr	Install Zephyr SDK	2026-02-02T16:50:51.8105662Z  41300K .......... .......... .......... .......... .......... 63% 33.3M 0s
build-zephyr	Install Zephyr SDK	2026-02-02T16:50:51.8119868Z  41350K .......... .......... .......... .......... .......... 64% 35.0M 0s
build-zephyr	Install Zephyr SDK	2026-02-02T16:50:51.8156968Z  41400K .......... .......... .......... .......... .......... 64% 35.8M 0s
build-zephyr	Install Zephyr SDK	2026-02-02T16:50:51.8158503Z  41450K .......... .......... .......... .......... .......... 64% 19.0M 0s
build-zephyr	Install Zephyr SDK	2026-02-02T16:50:51.8177650Z  41500K .......... .......... .......... .......... .......... 64% 26.0M 0s
build-zephyr	Install Zephyr SDK	2026-02-02T16:50:51.8200554Z  41550K .......... .......... .......... .......... .......... 64% 21.6M 0s
build-zephyr	Install Zephyr SDK	2026-02-02T16:50:51.8220983Z  41600K .......... .......... .......... .......... .......... 64% 23.9M 0s
build-zephyr	Install Zephyr SDK	2026-02-02T16:50:51.8237259Z  41650K .......... .......... .......... .......... .......... 64% 29.8M 0s
build-zephyr	Install Zephyr SDK	2026-02-02T16:50:51.8261994Z  41700K .......... .......... .......... .......... .......... 64% 19.8M 0s
build-zephyr	Install Zephyr SDK	2026-02-02T16:50:51.8276246Z  41750K .......... .......... .......... .......... .......... 64% 34.0M 0s
build-zephyr	Install Zephyr SDK	2026-02-02T16:50:51.8304520Z  41800K .......... .......... .......... .......... .......... 64% 21.5M 0s
build-zephyr	Install Zephyr SDK	2026-02-02T16:50:51.8329030Z  41850K .......... .......... .......... .......... .......... 64% 16.3M 0s
build-zephyr	Install Zephyr SDK	2026-02-02T16:50:51.8349358Z  41900K .......... .......... .......... .......... .......... 64% 23.9M 0s
build-zephyr	Install Zephyr SDK	2026-02-02T16:50:51.8369849Z  41950K .......... .......... .......... .......... .......... 64% 23.9M 0s
build-zephyr	Install Zephyr SDK	2026-02-02T16:50:51.8385697Z  42000K .......... .......... .......... .......... .......... 65% 31.2M 0s
build-zephyr	Install Zephyr SDK	2026-02-02T16:50:51.8410865Z  42050K .......... .......... .......... .......... .......... 65% 19.3M 0s
build-zephyr	Install Zephyr SDK	2026-02-02T16:50:51.8429331Z  42100K .......... .......... .......... .......... .......... 65% 26.2M 0s
build-zephyr	Install Zephyr SDK	2026-02-02T16:50:51.8450744Z  42150K .......... .......... .......... .......... .......... 65% 22.9M 0s
build-zephyr	Install Zephyr SDK	2026-02-02T16:50:51.8479586Z  42200K .......... .......... .......... .......... .......... 65% 20.9M 0s
build-zephyr	Install Zephyr SDK	2026-02-02T16:50:51.8499524Z  42250K .......... .......... .......... .......... .......... 65% 19.2M 0s
build-zephyr	Install Zephyr SDK	2026-02-02T16:50:51.8518662Z  42300K .......... .......... .......... .......... .......... 65% 25.4M 0s
build-zephyr	Install Zephyr SDK	2026-02-02T16:50:51.8535674Z  42350K .......... .......... .......... .......... .......... 65% 29.1M 0s
build-zephyr	Install Zephyr SDK	2026-02-02T16:50:51.8557755Z  42400K .......... .......... .......... .......... .......... 65% 21.7M 0s
build-zephyr	Install Zephyr SDK	2026-02-02T16:50:51.8575359Z  42450K .......... .......... .......... .......... .......... 65% 27.7M 0s
build-zephyr	Install Zephyr SDK	2026-02-02T16:50:51.8588316Z  42500K .......... .......... .......... .......... .......... 65% 37.7M 0s
build-zephyr	Install Zephyr SDK	2026-02-02T16:50:51.8601230Z  42550K .......... .......... .......... .......... .......... 65% 37.7M 0s
build-zephyr	Install Zephyr SDK	2026-02-02T16:50:51.8614376Z  42600K .......... .......... .......... .......... .......... 65% 42.1M 0s
build-zephyr	Install Zephyr SDK	2026-02-02T16:50:51.8628925Z  42650K .......... .......... .......... .......... .......... 66% 30.1M 0s
build-zephyr	Install Zephyr SDK	2026-02-02T16:50:51.8640365Z  42700K .......... .......... .......... .......... .......... 66% 42.8M 0s
build-zephyr	Install Zephyr SDK	2026-02-02T16:50:51.8663259Z  42750K .......... .......... .......... .......... .......... 66% 21.4M 0s
build-zephyr	Install Zephyr SDK	2026-02-02T16:50:51.8675433Z  42800K .......... .......... .......... .......... .......... 66% 40.2M 0s
build-zephyr	Install Zephyr SDK	2026-02-02T16:50:51.8701113Z  42850K .......... .......... .......... .......... .......... 66% 19.1M 0s
build-zephyr	Install Zephyr SDK	2026-02-02T16:50:51.8814047Z  42900K .......... .......... .......... .......... .......... 66% 4.33M 0s
build-zephyr	Install Zephyr SDK	2026-02-02T16:50:51.8850003Z  42950K .......... .......... .......... .......... .......... 66% 13.4M 0s
build-zephyr	Install Zephyr SDK	2026-02-02T16:50:51.8874233Z  43000K .......... .......... .......... .......... .......... 66% 30.0M 0s
build-zephyr	Install Zephyr SDK	2026-02-02T16:50:51.8898433Z  43050K .......... .......... .......... .......... .......... 66% 15.2M 0s
build-zephyr	Install Zephyr SDK	2026-02-02T16:50:51.8919789Z  43100K .......... .......... .......... .......... .......... 66% 22.9M 0s
build-zephyr	Install Zephyr SDK	2026-02-02T16:50:51.8934117Z  43150K .......... .......... .......... .......... .......... 66% 34.2M 0s
build-zephyr	Install Zephyr SDK	2026-02-02T16:50:51.8950664Z  43200K .......... .......... .......... .......... .......... 66% 29.3M 0s
build-zephyr	Install Zephyr SDK	2026-02-02T16:50:51.8970193Z  43250K .......... .......... .......... .......... .......... 66% 25.2M 0s
build-zephyr	Install Zephyr SDK	2026-02-02T16:50:51.8992036Z  43300K .......... .......... .......... .......... .......... 67% 22.4M 0s
build-zephyr	Install Zephyr SDK	2026-02-02T16:50:51.9013377Z  43350K .......... .......... .......... .......... .......... 67% 22.9M 0s
build-zephyr	Install Zephyr SDK	2026-02-02T16:50:51.9041100Z  43400K .......... .......... .......... .......... .......... 67% 19.9M 0s
build-zephyr	Install Zephyr SDK	2026-02-02T16:50:51.9053238Z  43450K .......... .......... .......... .......... .......... 67% 31.7M 0s
build-zephyr	Install Zephyr SDK	2026-02-02T16:50:51.9076768Z  43500K .......... .......... .......... .......... .......... 67% 20.8M 0s
build-zephyr	Install Zephyr SDK	2026-02-02T16:50:51.9092605Z  43550K .......... .......... .......... .......... .......... 67% 30.8M 0s
build-zephyr	Install Zephyr SDK	2026-02-02T16:50:51.9117094Z  43600K .......... .......... .......... .......... .......... 67% 20.0M 0s
build-zephyr	Install Zephyr SDK	2026-02-02T16:50:51.9131309Z  43650K .......... .......... .......... .......... .......... 67% 34.5M 0s
build-zephyr	Install Zephyr SDK	2026-02-02T16:50:51.9153723Z  43700K .......... .......... .......... .......... .......... 67% 21.7M 0s
build-zephyr	Install Zephyr SDK	2026-02-02T16:50:51.9170342Z  43750K .......... .......... .......... .......... .......... 67% 29.5M 0s
build-zephyr	Install Zephyr SDK	2026-02-02T16:50:51.9192982Z  43800K .......... .......... .......... .......... .......... 67% 33.0M 0s
build-zephyr	Install Zephyr SDK	2026-02-02T16:50:51.9207864Z  43850K .......... .......... .......... .......... .......... 67% 21.4M 0s
build-zephyr	Install Zephyr SDK	2026-02-02T16:50:51.9220896Z  43900K .......... .......... .......... .......... .......... 67% 37.3M 0s
build-zephyr	Install Zephyr SDK	2026-02-02T16:50:51.9236723Z  43950K .......... .......... .......... .......... .......... 68% 31.0M 0s
build-zephyr	Install Zephyr SDK	2026-02-02T16:50:51.9251204Z  44000K .......... .......... .......... .......... .......... 68% 33.8M 0s
build-zephyr	Install Zephyr SDK	2026-02-02T16:50:51.9264410Z  44050K .......... .......... .......... .......... .......... 68% 37.5M 0s
build-zephyr	Install Zephyr SDK	2026-02-02T16:50:51.9276189Z  44100K .......... .......... .......... .......... .......... 68% 41.3M 0s
build-zephyr	Install Zephyr SDK	2026-02-02T16:50:51.9288405Z  44150K .......... .......... .......... .......... .......... 68% 39.3M 0s
build-zephyr	Install Zephyr SDK	2026-02-02T16:50:51.9307561Z  44200K .......... .......... .......... .......... .......... 68% 27.4M 0s
build-zephyr	Install Zephyr SDK	2026-02-02T16:50:51.9320854Z  44250K .......... .......... .......... .......... .......... 68% 33.2M 0s
build-zephyr	Install Zephyr SDK	2026-02-02T16:50:51.9333598Z  44300K .......... .......... .......... .......... .......... 68% 38.5M 0s
build-zephyr	Install Zephyr SDK	2026-02-02T16:50:51.9348481Z  44350K .......... .......... .......... .......... .......... 68% 32.9M 0s
build-zephyr	Install Zephyr SDK	2026-02-02T16:50:51.9360721Z  44400K .......... .......... .......... .......... .......... 68% 40.1M 0s
build-zephyr	Install Zephyr SDK	2026-02-02T16:50:51.9372550Z  44450K .......... .......... .......... .......... .......... 68% 41.7M 0s
build-zephyr	Install Zephyr SDK	2026-02-02T16:50:51.9387280Z  44500K .......... .......... .......... .......... .......... 68% 32.6M 0s
build-zephyr	Install Zephyr SDK	2026-02-02T16:50:51.9401682Z  44550K .......... .......... .......... .......... .......... 68% 34.0M 0s
build-zephyr	Install Zephyr SDK	2026-02-02T16:50:51.9417981Z  44600K .......... .......... .......... .......... .......... 69% 38.9M 0s
build-zephyr	Install Zephyr SDK	2026-02-02T16:50:51.9440765Z  44650K .......... .......... .......... .......... .......... 69% 18.5M 0s
build-zephyr	Install Zephyr SDK	2026-02-02T16:50:51.9446336Z  44700K .......... .......... .......... .......... .......... 69% 86.4M 0s
build-zephyr	Install Zephyr SDK	2026-02-02T16:50:51.9472344Z  44750K .......... .......... .......... .......... .......... 69% 18.8M 0s
build-zephyr	Install Zephyr SDK	2026-02-02T16:50:51.9489175Z  44800K .......... .......... .......... .......... .......... 69% 29.0M 0s
build-zephyr	Install Zephyr SDK	2026-02-02T16:50:51.9513613Z  44850K .......... .......... .......... .......... .......... 69% 20.1M 0s
build-zephyr	Install Zephyr SDK	2026-02-02T16:50:51.9525169Z  44900K .......... .......... .......... .......... .......... 69% 43.2M 0s
build-zephyr	Install Zephyr SDK	2026-02-02T16:50:51.9542990Z  44950K .......... .......... .......... .......... .......... 69% 26.7M 0s
build-zephyr	Install Zephyr SDK	2026-02-02T16:50:51.9561997Z  45000K .......... .......... .......... .......... .......... 69% 26.2M 0s
build-zephyr	Install Zephyr SDK	2026-02-02T16:50:51.9582758Z  45050K .......... .......... .......... .......... .......... 69% 23.3M 0s
build-zephyr	Install Zephyr SDK	2026-02-02T16:50:51.9612960Z  45100K .......... .......... .......... .......... .......... 69% 16.1M 0s
build-zephyr	Install Zephyr SDK	2026-02-02T16:50:51.9621066Z  45150K .......... .......... .......... .......... .......... 69% 60.5M 0s
build-zephyr	Install Zephyr SDK	2026-02-02T16:50:51.9645884Z  45200K .......... .......... .......... .......... .......... 69% 19.7M 0s
build-zephyr	Install Zephyr SDK	2026-02-02T16:50:51.9670889Z  45250K .......... .......... .......... .......... .......... 70% 19.5M 0s
build-zephyr	Install Zephyr SDK	2026-02-02T16:50:51.9694322Z  45300K .......... .......... .......... .......... .......... 70% 20.8M 0s
build-zephyr	Install Zephyr SDK	2026-02-02T16:50:51.9719556Z  45350K .......... .......... .......... .......... .......... 70% 19.4M 0s
build-zephyr	Install Zephyr SDK	2026-02-02T16:50:51.9765592Z  45400K .......... .......... .......... .......... .......... 70% 14.0M 0s
build-zephyr	Install Zephyr SDK	2026-02-02T16:50:51.9795079Z  45450K .......... .......... .......... .......... .......... 70% 12.0M 0s
build-zephyr	Install Zephyr SDK	2026-02-02T16:50:51.9842966Z  45500K .......... .......... .......... .......... .......... 70% 10.2M 0s
build-zephyr	Install Zephyr SDK	2026-02-02T16:50:51.9875353Z  45550K .......... .......... .......... .......... .......... 70% 15.1M 0s
build-zephyr	Install Zephyr SDK	2026-02-02T16:50:51.9904241Z  45600K .......... .......... .......... .......... .......... 70% 17.0M 0s
build-zephyr	Install Zephyr SDK	2026-02-02T16:50:51.9935189Z  45650K .......... .......... .......... .......... .......... 70% 15.7M 0s
build-zephyr	Install Zephyr SDK	2026-02-02T16:50:51.9964821Z  45700K .......... .......... .......... .......... .......... 70% 16.6M 0s
build-zephyr	Install Zephyr SDK	2026-02-02T16:50:51.9997163Z  45750K .......... .......... .......... .......... .......... 70% 15.0M 0s
build-zephyr	Install Zephyr SDK	2026-02-02T16:50:52.0040035Z  45800K .......... .......... .......... .......... .......... 70% 15.5M 0s
build-zephyr	Install Zephyr SDK	2026-02-02T16:50:52.0065265Z  45850K .......... .......... .......... .......... .......... 70% 13.3M 0s
build-zephyr	Install Zephyr SDK	2026-02-02T16:50:52.0089046Z  45900K .......... .......... .......... .......... .......... 71% 20.6M 0s
build-zephyr	Install Zephyr SDK	2026-02-02T16:50:52.0101972Z  45950K .......... .......... .......... .......... .......... 71% 37.7M 0s
build-zephyr	Install Zephyr SDK	2026-02-02T16:50:52.0118025Z  46000K .......... .......... .......... .......... .......... 71% 30.5M 0s
build-zephyr	Install Zephyr SDK	2026-02-02T16:50:52.0139306Z  46050K .......... .......... .......... .......... .......... 71% 23.0M 0s
build-zephyr	Install Zephyr SDK	2026-02-02T16:50:52.0154352Z  46100K .......... .......... .......... .......... .......... 71% 32.3M 0s
build-zephyr	Install Zephyr SDK	2026-02-02T16:50:52.0169280Z  46150K .......... .......... .......... .......... .......... 71% 32.7M 0s
build-zephyr	Install Zephyr SDK	2026-02-02T16:50:52.0195372Z  46200K .......... .......... .......... .......... .......... 71% 35.8M 0s
build-zephyr	Install Zephyr SDK	2026-02-02T16:50:52.0209439Z  46250K .......... .......... .......... .......... .......... 71% 18.4M 0s
build-zephyr	Install Zephyr SDK	2026-02-02T16:50:52.0227034Z  46300K .......... .......... .......... .......... .......... 71% 27.8M 0s
build-zephyr	Install Zephyr SDK	2026-02-02T16:50:52.0251598Z  46350K .......... .......... .......... .......... .......... 71% 20.0M 0s
build-zephyr	Install Zephyr SDK	2026-02-02T16:50:52.0264821Z  46400K .......... .......... .......... .......... .......... 71% 37.2M 0s
build-zephyr	Install Zephyr SDK	2026-02-02T16:50:52.0284081Z  46450K .......... .......... .......... .......... .......... 71% 25.4M 0s
build-zephyr	Install Zephyr SDK	2026-02-02T16:50:52.0298381Z  46500K .......... .......... .......... .......... .......... 71% 33.5M 0s
build-zephyr	Install Zephyr SDK	2026-02-02T16:50:52.0315641Z  46550K .......... .......... .......... .......... .......... 72% 28.6M 0s
build-zephyr	Install Zephyr SDK	2026-02-02T16:50:52.0335161Z  46600K .......... .......... .......... .......... .......... 72% 41.4M 0s
build-zephyr	Install Zephyr SDK	2026-02-02T16:50:52.0359335Z  46650K .......... .......... .......... .......... .......... 72% 15.3M 0s
build-zephyr	Install Zephyr SDK	2026-02-02T16:50:52.0376229Z  46700K .......... .......... .......... .......... .......... 72% 28.6M 0s
build-zephyr	Install Zephyr SDK	2026-02-02T16:50:52.0399279Z  46750K .......... .......... .......... .......... .......... 72% 21.3M 0s
build-zephyr	Install Zephyr SDK	2026-02-02T16:50:52.0417810Z  46800K .......... .......... .......... .......... .......... 72% 26.2M 0s
build-zephyr	Install Zephyr SDK	2026-02-02T16:50:52.0442516Z  46850K .......... .......... .......... .......... .......... 72% 19.9M 0s
build-zephyr	Install Zephyr SDK	2026-02-02T16:50:52.0463714Z  46900K .......... .......... .......... .......... .......... 72% 23.0M 0s
build-zephyr	Install Zephyr SDK	2026-02-02T16:50:52.0489036Z  46950K .......... .......... .......... .......... .......... 72% 19.4M 0s
build-zephyr	Install Zephyr SDK	2026-02-02T16:50:52.0519837Z  47000K .......... .......... .......... .......... .......... 72% 28.7M 0s
build-zephyr	Install Zephyr SDK	2026-02-02T16:50:52.0539105Z  47050K .......... .......... .......... .......... .......... 72% 14.7M 0s
build-zephyr	Install Zephyr SDK	2026-02-02T16:50:52.0565146Z  47100K .......... .......... .......... .......... .......... 72% 18.8M 0s
build-zephyr	Install Zephyr SDK	2026-02-02T16:50:52.0579633Z  47150K .......... .......... .......... .......... .......... 72% 34.0M 0s
build-zephyr	Install Zephyr SDK	2026-02-02T16:50:52.0609333Z  47200K .......... .......... .......... .......... .......... 73% 16.4M 0s
build-zephyr	Install Zephyr SDK	2026-02-02T16:50:52.0626399Z  47250K .......... .......... .......... .......... .......... 73% 28.5M 0s
build-zephyr	Install Zephyr SDK	2026-02-02T16:50:52.0651484Z  47300K .......... .......... .......... .......... .......... 73% 19.5M 0s
build-zephyr	Install Zephyr SDK	2026-02-02T16:50:52.0673057Z  47350K .......... .......... .......... .......... .......... 73% 22.7M 0s
build-zephyr	Install Zephyr SDK	2026-02-02T16:50:52.0705235Z  47400K .......... .......... .......... .......... .......... 73% 17.6M 0s
build-zephyr	Install Zephyr SDK	2026-02-02T16:50:52.0719758Z  47450K .......... .......... .......... .......... .......... 73% 25.5M 0s
build-zephyr	Install Zephyr SDK	2026-02-02T16:50:52.0732527Z  47500K .......... .......... .......... .......... .......... 73% 38.3M 0s
build-zephyr	Install Zephyr SDK	2026-02-02T16:50:52.0750685Z  47550K .......... .......... .......... .......... .......... 73% 26.9M 0s
build-zephyr	Install Zephyr SDK	2026-02-02T16:50:52.0764785Z  47600K .......... .......... .......... .......... .......... 73% 35.5M 0s
build-zephyr	Install Zephyr SDK	2026-02-02T16:50:52.0778116Z  47650K .......... .......... .......... .......... .......... 73% 36.0M 0s
build-zephyr	Install Zephyr SDK	2026-02-02T16:50:52.0791338Z  47700K .......... .......... .......... .......... .......... 73% 36.8M 0s
build-zephyr	Install Zephyr SDK	2026-02-02T16:50:52.0805864Z  47750K .......... .......... .......... .......... .......... 73% 33.6M 0s
build-zephyr	Install Zephyr SDK	2026-02-02T16:50:52.0845459Z  47800K .......... .......... .......... .......... .......... 73% 30.5M 0s
build-zephyr	Install Zephyr SDK	2026-02-02T16:50:52.0850413Z  47850K .......... .......... .......... .......... .......... 74% 17.1M 0s
build-zephyr	Install Zephyr SDK	2026-02-02T16:50:52.0866134Z  47900K .......... .......... .......... .......... .......... 74% 31.4M 0s
build-zephyr	Install Zephyr SDK	2026-02-02T16:50:52.0886298Z  47950K .......... .......... .......... .......... .......... 74% 24.1M 0s
build-zephyr	Install Zephyr SDK	2026-02-02T16:50:52.0904624Z  48000K .......... .......... .......... .......... .......... 74% 26.9M 0s
build-zephyr	Install Zephyr SDK	2026-02-02T16:50:52.0940863Z  48050K .......... .......... .......... .......... .......... 74% 13.4M 0s
build-zephyr	Install Zephyr SDK	2026-02-02T16:50:52.0958431Z  48100K .......... .......... .......... .......... .......... 74% 27.7M 0s
build-zephyr	Install Zephyr SDK	2026-02-02T16:50:52.0980783Z  48150K .......... .......... .......... .......... .......... 74% 21.9M 0s
build-zephyr	Install Zephyr SDK	2026-02-02T16:50:52.1002111Z  48200K .......... .......... .......... .......... .......... 74% 33.2M 0s
build-zephyr	Install Zephyr SDK	2026-02-02T16:50:52.1021368Z  48250K .......... .......... .......... .......... .......... 74% 18.8M 0s
build-zephyr	Install Zephyr SDK	2026-02-02T16:50:52.1039098Z  48300K .......... .......... .......... .......... .......... 74% 27.5M 0s
build-zephyr	Install Zephyr SDK	2026-02-02T16:50:52.1064693Z  48350K .......... .......... .......... .......... .......... 74% 19.5M 0s
build-zephyr	Install Zephyr SDK	2026-02-02T16:50:52.1077355Z  48400K .......... .......... .......... .......... .......... 74% 37.4M 0s
build-zephyr	Install Zephyr SDK	2026-02-02T16:50:52.1101796Z  48450K .......... .......... .......... .......... .......... 75% 20.1M 0s
build-zephyr	Install Zephyr SDK	2026-02-02T16:50:52.1113457Z  48500K .......... .......... .......... .......... .......... 75% 41.8M 0s
build-zephyr	Install Zephyr SDK	2026-02-02T16:50:52.1131709Z  48550K .......... .......... .......... .......... .......... 75% 26.6M 0s
build-zephyr	Install Zephyr SDK	2026-02-02T16:50:52.1152987Z  48600K .......... .......... .......... .......... .......... 75% 26.2M 0s
build-zephyr	Install Zephyr SDK	2026-02-02T16:50:52.1177529Z  48650K .......... .......... .......... .......... .......... 75% 18.0M 0s
build-zephyr	Install Zephyr SDK	2026-02-02T16:50:52.1192466Z  48700K .......... .......... .......... .......... .......... 75% 32.5M 0s
build-zephyr	Install Zephyr SDK	2026-02-02T16:50:52.1207287Z  48750K .......... .......... .......... .......... .......... 75% 32.7M 0s
build-zephyr	Install Zephyr SDK	2026-02-02T16:50:52.1222953Z  48800K .......... .......... .......... .......... .......... 75% 31.6M 0s
build-zephyr	Install Zephyr SDK	2026-02-02T16:50:52.1237634Z  48850K .......... .......... .......... .......... .......... 75% 33.2M 0s
build-zephyr	Install Zephyr SDK	2026-02-02T16:50:52.1253429Z  48900K .......... .......... .......... .......... .......... 75% 31.0M 0s
build-zephyr	Install Zephyr SDK	2026-02-02T16:50:52.1265570Z  48950K .......... .......... .......... .......... .......... 75% 40.1M 0s
build-zephyr	Install Zephyr SDK	2026-02-02T16:50:52.1280424Z  49000K .......... .......... .......... .......... .......... 75% 41.9M 0s
build-zephyr	Install Zephyr SDK	2026-02-02T16:50:52.1294014Z  49050K .......... .......... .......... .......... .......... 75% 29.1M 0s
build-zephyr	Install Zephyr SDK	2026-02-02T16:50:52.1314076Z  49100K .......... .......... .......... .......... .......... 76% 24.4M 0s
build-zephyr	Install Zephyr SDK	2026-02-02T16:50:52.1329887Z  49150K .......... .......... .......... .......... .......... 76% 31.0M 0s
build-zephyr	Install Zephyr SDK	2026-02-02T16:50:52.1341220Z  49200K .......... .......... .......... .......... .......... 76% 42.3M 0s
build-zephyr	Install Zephyr SDK	2026-02-02T16:50:52.1355627Z  49250K .......... .......... .......... .......... .......... 76% 34.3M 0s
build-zephyr	Install Zephyr SDK	2026-02-02T16:50:52.1367387Z  49300K .......... .......... .......... .......... .......... 76% 41.6M 0s
build-zephyr	Install Zephyr SDK	2026-02-02T16:50:52.1380464Z  49350K .......... .......... .......... .......... .......... 76% 37.3M 0s
build-zephyr	Install Zephyr SDK	2026-02-02T16:50:52.1392566Z  49400K .......... .......... .......... .......... .......... 76% 40.9M 0s
build-zephyr	Install Zephyr SDK	2026-02-02T16:50:52.1407096Z  49450K .......... .......... .......... .......... .......... 76% 32.6M 0s
build-zephyr	Install Zephyr SDK	2026-02-02T16:50:52.1420706Z  49500K .......... .......... .......... .......... .......... 76% 35.9M 0s
build-zephyr	Install Zephyr SDK	2026-02-02T16:50:52.1437225Z  49550K .......... .......... .......... .......... .......... 76% 29.7M 0s
build-zephyr	Install Zephyr SDK	2026-02-02T16:50:52.1449520Z  49600K .......... .......... .......... .......... .......... 76% 39.6M 0s
build-zephyr	Install Zephyr SDK	2026-02-02T16:50:52.1464237Z  49650K .......... .......... .......... .......... .......... 76% 34.0M 0s
build-zephyr	Install Zephyr SDK	2026-02-02T16:50:52.1480691Z  49700K .......... .......... .......... .......... .......... 76% 29.1M 0s
build-zephyr	Install Zephyr SDK	2026-02-02T16:50:52.1495446Z  49750K .......... .......... .......... .......... .......... 77% 33.1M 0s
build-zephyr	Install Zephyr SDK	2026-02-02T16:50:52.1515889Z  49800K .......... .......... .......... .......... .......... 77% 42.8M 0s
build-zephyr	Install Zephyr SDK	2026-02-02T16:50:52.1522138Z  49850K .......... .......... .......... .......... .......... 77% 32.1M 0s
build-zephyr	Install Zephyr SDK	2026-02-02T16:50:52.1536866Z  49900K .......... .......... .......... .......... .......... 77% 33.3M 0s
build-zephyr	Install Zephyr SDK	2026-02-02T16:50:52.1542034Z  49950K .......... .......... .......... .......... .......... 77% 91.2M 0s
build-zephyr	Install Zephyr SDK	2026-02-02T16:50:52.1555717Z  50000K .......... .......... .......... .......... .......... 77% 35.9M 0s
build-zephyr	Install Zephyr SDK	2026-02-02T16:50:52.1565894Z  50050K .......... .......... .......... .......... .......... 77% 47.5M 0s
build-zephyr	Install Zephyr SDK	2026-02-02T16:50:52.1578485Z  50100K .......... .......... .......... .......... .......... 77% 38.8M 0s
build-zephyr	Install Zephyr SDK	2026-02-02T16:50:52.1582917Z  50150K .......... .......... .......... .......... .......... 77%  110M 0s
build-zephyr	Install Zephyr SDK	2026-02-02T16:50:52.1599472Z  50200K .......... .......... .......... .......... .......... 77% 36.2M 0s
build-zephyr	Install Zephyr SDK	2026-02-02T16:50:52.1611613Z  50250K .......... .......... .......... .......... .......... 77% 32.0M 0s
build-zephyr	Install Zephyr SDK	2026-02-02T16:50:52.1623662Z  50300K .......... .......... .......... .......... .......... 77% 40.4M 0s
build-zephyr	Install Zephyr SDK	2026-02-02T16:50:52.1632982Z  50350K .......... .......... .......... .......... .......... 77% 53.4M 0s
build-zephyr	Install Zephyr SDK	2026-02-02T16:50:52.1637997Z  50400K .......... .......... .......... .......... .......... 78% 95.4M 0s
build-zephyr	Install Zephyr SDK	2026-02-02T16:50:52.1650042Z  50450K .......... .......... .......... .......... .......... 78% 40.9M 0s
build-zephyr	Install Zephyr SDK	2026-02-02T16:50:52.1660762Z  50500K .......... .......... .......... .......... .......... 78% 45.1M 0s
build-zephyr	Install Zephyr SDK	2026-02-02T16:50:52.1671810Z  50550K .......... .......... .......... .......... .......... 78% 43.9M 0s
build-zephyr	Install Zephyr SDK	2026-02-02T16:50:52.1684385Z  50600K .......... .......... .......... .......... .......... 78% 94.1M 0s
build-zephyr	Install Zephyr SDK	2026-02-02T16:50:52.1692785Z  50650K .......... .......... .......... .......... .......... 78% 31.1M 0s
build-zephyr	Install Zephyr SDK	2026-02-02T16:50:52.1707322Z  50700K .......... .......... .......... .......... .......... 78% 33.9M 0s
build-zephyr	Install Zephyr SDK	2026-02-02T16:50:52.1716529Z  50750K .......... .......... .......... .......... .......... 78% 52.3M 0s
build-zephyr	Install Zephyr SDK	2026-02-02T16:50:52.1723058Z  50800K .......... .......... .......... .......... .......... 78% 73.4M 0s
build-zephyr	Install Zephyr SDK	2026-02-02T16:50:52.1737489Z  50850K .......... .......... .......... .......... .......... 78% 34.1M 0s
build-zephyr	Install Zephyr SDK	2026-02-02T16:50:52.1746171Z  50900K .......... .......... .......... .......... .......... 78% 56.5M 0s
build-zephyr	Install Zephyr SDK	2026-02-02T16:50:52.1756548Z  50950K .......... .......... .......... .......... .......... 78% 46.5M 0s
build-zephyr	Install Zephyr SDK	2026-02-02T16:50:52.1771886Z  51000K .......... .......... .......... .......... .......... 78% 58.4M 0s
build-zephyr	Install Zephyr SDK	2026-02-02T16:50:52.1777049Z  51050K .......... .......... .......... .......... .......... 79% 40.1M 0s
build-zephyr	Install Zephyr SDK	2026-02-02T16:50:52.1790209Z  51100K .......... .......... .......... .......... .......... 79% 37.3M 0s
build-zephyr	Install Zephyr SDK	2026-02-02T16:50:52.1798069Z  51150K .......... .......... .......... .......... .......... 79% 62.7M 0s
build-zephyr	Install Zephyr SDK	2026-02-02T16:50:52.1806655Z  51200K .......... .......... .......... .......... .......... 79% 56.0M 0s
build-zephyr	Install Zephyr SDK	2026-02-02T16:50:52.1818085Z  51250K .......... .......... .......... .......... .......... 79% 42.7M 0s
build-zephyr	Install Zephyr SDK	2026-02-02T16:50:52.1829818Z  51300K .......... .......... .......... .......... .......... 79% 42.7M 0s
build-zephyr	Install Zephyr SDK	2026-02-02T16:50:52.1834965Z  51350K .......... .......... .......... .......... .......... 79% 90.4M 0s
build-zephyr	Install Zephyr SDK	2026-02-02T16:50:52.1848587Z  51400K .......... .......... .......... .......... .......... 79% 41.9M 0s
build-zephyr	Install Zephyr SDK	2026-02-02T16:50:52.1860725Z  51450K .......... .......... .......... .......... .......... 79% 34.4M 0s
build-zephyr	Install Zephyr SDK	2026-02-02T16:50:52.1872981Z  51500K .......... .......... .......... .......... .......... 79% 40.2M 0s
build-zephyr	Install Zephyr SDK	2026-02-02T16:50:52.1876841Z  51550K .......... .......... .......... .......... .......... 79%  124M 0s
build-zephyr	Install Zephyr SDK	2026-02-02T16:50:52.1887756Z  51600K .......... .......... .......... .......... .......... 79% 45.2M 0s
build-zephyr	Install Zephyr SDK	2026-02-02T16:50:52.1893435Z  51650K .......... .......... .......... .......... .......... 79% 85.7M 0s
build-zephyr	Install Zephyr SDK	2026-02-02T16:50:52.1902305Z  51700K .......... .......... .......... .......... .......... 80% 55.0M 0s
build-zephyr	Install Zephyr SDK	2026-02-02T16:50:52.1907518Z  51750K .......... .......... .......... .......... .......... 80% 98.2M 0s
build-zephyr	Install Zephyr SDK	2026-02-02T16:50:52.1919575Z  51800K .......... .......... .......... .......... .......... 80% 54.6M 0s
build-zephyr	Install Zephyr SDK	2026-02-02T16:50:52.1931041Z  51850K .......... .......... .......... .......... .......... 80% 32.8M 0s
build-zephyr	Install Zephyr SDK	2026-02-02T16:50:52.1936337Z  51900K .......... .......... .......... .......... .......... 80% 93.6M 0s
build-zephyr	Install Zephyr SDK	2026-02-02T16:50:52.1947654Z  51950K .......... .......... .......... .......... .......... 80% 45.1M 0s
build-zephyr	Install Zephyr SDK	2026-02-02T16:50:52.1951179Z  52000K .......... .......... .......... .......... .......... 80%  119M 0s
build-zephyr	Install Zephyr SDK	2026-02-02T16:50:52.1962566Z  52050K .......... .......... .......... .......... .......... 80% 43.1M 0s
build-zephyr	Install Zephyr SDK	2026-02-02T16:50:52.1968582Z  52100K .......... .......... .......... .......... .......... 80% 80.7M 0s
build-zephyr	Install Zephyr SDK	2026-02-02T16:50:52.1977177Z  52150K .......... .......... .......... .......... .......... 80% 56.9M 0s
build-zephyr	Install Zephyr SDK	2026-02-02T16:50:52.1990741Z  52200K .......... .......... .......... .......... .......... 80% 70.5M 0s
build-zephyr	Install Zephyr SDK	2026-02-02T16:50:52.1997244Z  52250K .......... .......... .......... .......... .......... 80% 37.8M 0s
build-zephyr	Install Zephyr SDK	2026-02-02T16:50:52.2003710Z  52300K .......... .......... .......... .......... .......... 80% 72.7M 0s
build-zephyr	Install Zephyr SDK	2026-02-02T16:50:52.2016530Z  52350K .......... .......... .......... .......... .......... 81% 38.8M 0s
build-zephyr	Install Zephyr SDK	2026-02-02T16:50:52.2019354Z  52400K .......... .......... .......... .......... .......... 81%  176M 0s
build-zephyr	Install Zephyr SDK	2026-02-02T16:50:52.2035127Z  52450K .......... .......... .......... .......... .......... 81% 30.5M 0s
build-zephyr	Install Zephyr SDK	2026-02-02T16:50:52.2038817Z  52500K .......... .......... .......... .......... .......... 81%  133M 0s
build-zephyr	Install Zephyr SDK	2026-02-02T16:50:52.2065687Z  52550K .......... .......... .......... .......... .......... 81% 18.3M 0s
build-zephyr	Install Zephyr SDK	2026-02-02T16:50:52.2076881Z  52600K .......... .......... .......... .......... .......... 81%  155M 0s
build-zephyr	Install Zephyr SDK	2026-02-02T16:50:52.2095141Z  52650K .......... .......... .......... .......... .......... 81% 18.6M 0s
build-zephyr	Install Zephyr SDK	2026-02-02T16:50:52.2108959Z  52700K .......... .......... .......... .......... .......... 81% 35.0M 0s
build-zephyr	Install Zephyr SDK	2026-02-02T16:50:52.2110131Z  52750K .......... .......... .......... .......... .......... 81%  338M 0s
build-zephyr	Install Zephyr SDK	2026-02-02T16:50:52.2122023Z  52800K .......... .......... .......... .......... .......... 81% 41.8M 0s
build-zephyr	Install Zephyr SDK	2026-02-02T16:50:52.2135305Z  52850K .......... .......... .......... .......... .......... 81% 36.9M 0s
build-zephyr	Install Zephyr SDK	2026-02-02T16:50:52.2138435Z  52900K .......... .......... .......... .......... .......... 81%  153M 0s
build-zephyr	Install Zephyr SDK	2026-02-02T16:50:52.2154526Z  52950K .......... .......... .......... .......... .......... 81% 30.9M 0s
build-zephyr	Install Zephyr SDK	2026-02-02T16:50:52.2168855Z  53000K .......... .......... .......... .......... .......... 82% 61.5M 0s
build-zephyr	Install Zephyr SDK	2026-02-02T16:50:52.2184660Z  53050K .......... .......... .......... .......... .......... 82% 21.8M 0s
build-zephyr	Install Zephyr SDK	2026-02-02T16:50:52.2191390Z  53100K .......... .......... .......... .......... .......... 82% 71.1M 0s
build-zephyr	Install Zephyr SDK	2026-02-02T16:50:52.2204240Z  53150K .......... .......... .......... .......... .......... 82% 38.1M 0s
build-zephyr	Install Zephyr SDK	2026-02-02T16:50:52.2211003Z  53200K .......... .......... .......... .......... .......... 82% 72.2M 0s
build-zephyr	Install Zephyr SDK	2026-02-02T16:50:52.2228105Z  53250K .......... .......... .......... .......... .......... 82% 28.7M 0s
build-zephyr	Install Zephyr SDK	2026-02-02T16:50:52.2232771Z  53300K .......... .......... .......... .......... .......... 82%  104M 0s
build-zephyr	Install Zephyr SDK	2026-02-02T16:50:52.2244012Z  53350K .......... .......... .......... .......... .......... 82% 44.0M 0s
build-zephyr	Install Zephyr SDK	2026-02-02T16:50:52.2256911Z  53400K .......... .......... .......... .......... .......... 82% 46.8M 0s
build-zephyr	Install Zephyr SDK	2026-02-02T16:50:52.2271115Z  53450K .......... .......... .......... .......... .......... 82% 29.1M 0s
build-zephyr	Install Zephyr SDK	2026-02-02T16:50:52.2279564Z  53500K .......... .......... .......... .......... .......... 82% 60.7M 0s
build-zephyr	Install Zephyr SDK	2026-02-02T16:50:52.2291236Z  53550K .......... .......... .......... .......... .......... 82% 40.6M 0s
build-zephyr	Install Zephyr SDK	2026-02-02T16:50:52.2302163Z  53600K .......... .......... .......... .......... .......... 82% 45.7M 0s
build-zephyr	Install Zephyr SDK	2026-02-02T16:50:52.2309030Z  53650K .......... .......... .......... .......... .......... 83% 68.8M 0s
build-zephyr	Install Zephyr SDK	2026-02-02T16:50:52.2322325Z  53700K .......... .......... .......... .......... .......... 83% 36.8M 0s
build-zephyr	Install Zephyr SDK	2026-02-02T16:50:52.2333304Z  53750K .......... .......... .......... .......... .......... 83% 44.5M 0s
build-zephyr	Install Zephyr SDK	2026-02-02T16:50:52.2348143Z  53800K .......... .......... .......... .......... .......... 83% 66.5M 0s
build-zephyr	Install Zephyr SDK	2026-02-02T16:50:52.2354969Z  53850K .......... .......... .......... .......... .......... 83% 34.1M 0s
build-zephyr	Install Zephyr SDK	2026-02-02T16:50:52.2370358Z  53900K .......... .......... .......... .......... .......... 83% 31.8M 0s
build-zephyr	Install Zephyr SDK	2026-02-02T16:50:52.2377068Z  53950K .......... .......... .......... .......... .......... 83% 71.6M 0s
build-zephyr	Install Zephyr SDK	2026-02-02T16:50:52.2388332Z  54000K .......... .......... .......... .......... .......... 83% 44.4M 0s
build-zephyr	Install Zephyr SDK	2026-02-02T16:50:52.2401328Z  54050K .......... .......... .......... .......... .......... 83% 37.0M 0s
build-zephyr	Install Zephyr SDK	2026-02-02T16:50:52.2408281Z  54100K .......... .......... .......... .......... .......... 83% 69.9M 0s
build-zephyr	Install Zephyr SDK	2026-02-02T16:50:52.2420224Z  54150K .......... .......... .......... .......... .......... 83% 41.2M 0s
build-zephyr	Install Zephyr SDK	2026-02-02T16:50:52.2433820Z  54200K .......... .......... .......... .......... .......... 83% 39.3M 0s
build-zephyr	Install Zephyr SDK	2026-02-02T16:50:52.2447647Z  54250K .......... .......... .......... .......... .......... 83% 33.0M 0s
build-zephyr	Install Zephyr SDK	2026-02-02T16:50:52.2460589Z  54300K .......... .......... .......... .......... .......... 84% 37.1M 0s
build-zephyr	Install Zephyr SDK	2026-02-02T16:50:52.2463249Z  54350K .......... .......... .......... .......... .......... 84%  197M 0s
build-zephyr	Install Zephyr SDK	2026-02-02T16:50:52.2475595Z  54400K .......... .......... .......... .......... .......... 84% 39.0M 0s
build-zephyr	Install Zephyr SDK	2026-02-02T16:50:52.2479126Z  54450K .......... .......... .......... .......... .......... 84%  137M 0s
build-zephyr	Install Zephyr SDK	2026-02-02T16:50:52.2488232Z  54500K .......... .......... .......... .......... .......... 84% 54.1M 0s
build-zephyr	Install Zephyr SDK	2026-02-02T16:50:52.2500030Z  54550K .......... .......... .......... .......... .......... 84% 41.4M 0s
build-zephyr	Install Zephyr SDK	2026-02-02T16:50:52.2506838Z  54600K .......... .......... .......... .......... .......... 84% 91.5M 0s
build-zephyr	Install Zephyr SDK	2026-02-02T16:50:52.2518127Z  54650K .......... .......... .......... .......... .......... 84% 38.1M 0s
build-zephyr	Install Zephyr SDK	2026-02-02T16:50:52.2530237Z  54700K .......... .......... .......... .......... .......... 84% 40.5M 0s
build-zephyr	Install Zephyr SDK	2026-02-02T16:50:52.2534747Z  54750K .......... .......... .......... .......... .......... 84%  110M 0s
build-zephyr	Install Zephyr SDK	2026-02-02T16:50:52.2547526Z  54800K .......... .......... .......... .......... .......... 84% 38.0M 0s
build-zephyr	Install Zephyr SDK	2026-02-02T16:50:52.2552538Z  54850K .......... .......... .......... .......... .......... 84% 99.8M 0s
build-zephyr	Install Zephyr SDK	2026-02-02T16:50:52.2562599Z  54900K .......... .......... .......... .......... .......... 84% 48.0M 0s
build-zephyr	Install Zephyr SDK	2026-02-02T16:50:52.2567591Z  54950K .......... .......... .......... .......... .......... 85% 97.7M 0s
build-zephyr	Install Zephyr SDK	2026-02-02T16:50:52.2583659Z  55000K .......... .......... .......... .......... .......... 85% 31.7M 0s
build-zephyr	Install Zephyr SDK	2026-02-02T16:50:52.2588411Z  55050K .......... .......... .......... .......... .......... 85% 89.3M 0s
build-zephyr	Install Zephyr SDK	2026-02-02T16:50:52.2599396Z  55100K .......... .......... .......... .......... .......... 85% 44.5M 0s
build-zephyr	Install Zephyr SDK	2026-02-02T16:50:52.2608447Z  55150K .......... .......... .......... .......... .......... 85% 54.4M 0s
build-zephyr	Install Zephyr SDK	2026-02-02T16:50:52.2614893Z  55200K .......... .......... .......... .......... .......... 85% 77.0M 0s
build-zephyr	Install Zephyr SDK	2026-02-02T16:50:52.2623439Z  55250K .......... .......... .......... .......... .......... 85% 55.9M 0s
build-zephyr	Install Zephyr SDK	2026-02-02T16:50:52.2629093Z  55300K .......... .......... .......... .......... .......... 85% 87.0M 0s
build-zephyr	Install Zephyr SDK	2026-02-02T16:50:52.2637622Z  55350K .......... .......... .......... .......... .......... 85% 57.2M 0s
build-zephyr	Install Zephyr SDK	2026-02-02T16:50:52.2651365Z  55400K .......... .......... .......... .......... .......... 85% 41.1M 0s
build-zephyr	Install Zephyr SDK	2026-02-02T16:50:52.2656331Z  55450K .......... .......... .......... .......... .......... 85% 70.9M 0s
build-zephyr	Install Zephyr SDK	2026-02-02T16:50:52.2683474Z  55500K .......... .......... .......... .......... .......... 85% 18.1M 0s
build-zephyr	Install Zephyr SDK	2026-02-02T16:50:52.2685217Z  55550K .......... .......... .......... .......... .......... 85%  258M 0s
build-zephyr	Install Zephyr SDK	2026-02-02T16:50:52.2686558Z  55600K .......... .......... .......... .......... .......... 86%  331M 0s
build-zephyr	Install Zephyr SDK	2026-02-02T16:50:52.2697585Z  55650K .......... .......... .......... .......... .......... 86% 46.9M 0s
build-zephyr	Install Zephyr SDK	2026-02-02T16:50:52.2711426Z  55700K .......... .......... .......... .......... .......... 86% 34.8M 0s
build-zephyr	Install Zephyr SDK	2026-02-02T16:50:52.2723437Z  55750K .......... .......... .......... .......... .......... 86% 40.4M 0s
build-zephyr	Install Zephyr SDK	2026-02-02T16:50:52.2741545Z  55800K .......... .......... .......... .......... .......... 86% 42.8M 0s
build-zephyr	Install Zephyr SDK	2026-02-02T16:50:52.2749203Z  55850K .......... .......... .......... .......... .......... 86% 34.0M 0s
build-zephyr	Install Zephyr SDK	2026-02-02T16:50:52.2761339Z  55900K .......... .......... .......... .......... .......... 86% 40.1M 0s
build-zephyr	Install Zephyr SDK	2026-02-02T16:50:52.2772738Z  55950K .......... .......... .......... .......... .......... 86% 43.0M 0s
build-zephyr	Install Zephyr SDK	2026-02-02T16:50:52.2785836Z  56000K .......... .......... .......... .......... .......... 86% 37.3M 0s
build-zephyr	Install Zephyr SDK	2026-02-02T16:50:52.2796974Z  56050K .......... .......... .......... .......... .......... 86% 43.7M 0s
build-zephyr	Install Zephyr SDK	2026-02-02T16:50:52.2811293Z  56100K .......... .......... .......... .......... .......... 86% 34.0M 0s
build-zephyr	Install Zephyr SDK	2026-02-02T16:50:52.2826656Z  56150K .......... .......... .......... .......... .......... 86% 31.6M 0s
build-zephyr	Install Zephyr SDK	2026-02-02T16:50:52.2852401Z  56200K .......... .......... .......... .......... .......... 86% 37.0M 0s
build-zephyr	Install Zephyr SDK	2026-02-02T16:50:52.2864901Z  56250K .......... .......... .......... .......... .......... 87% 19.5M 0s
build-zephyr	Install Zephyr SDK	2026-02-02T16:50:52.2881258Z  56300K .......... .......... .......... .......... .......... 87% 29.7M 0s
build-zephyr	Install Zephyr SDK	2026-02-02T16:50:52.2907290Z  56350K .......... .......... .......... .......... .......... 87% 18.8M 0s
build-zephyr	Install Zephyr SDK	2026-02-02T16:50:52.2919086Z  56400K .......... .......... .......... .......... .......... 87% 41.3M 0s
build-zephyr	Install Zephyr SDK	2026-02-02T16:50:52.2935172Z  56450K .......... .......... .......... .......... .......... 87% 30.3M 0s
build-zephyr	Install Zephyr SDK	2026-02-02T16:50:52.2949969Z  56500K .......... .......... .......... .......... .......... 87% 33.0M 0s
build-zephyr	Install Zephyr SDK	2026-02-02T16:50:52.2963094Z  56550K .......... .......... .......... .......... .......... 87% 37.5M 0s
build-zephyr	Install Zephyr SDK	2026-02-02T16:50:52.2985724Z  56600K .......... .......... .......... .......... .......... 87% 21.9M 0s
build-zephyr	Install Zephyr SDK	2026-02-02T16:50:52.3004274Z  56650K .......... .......... .......... .......... .......... 87% 25.8M 0s
build-zephyr	Install Zephyr SDK	2026-02-02T16:50:52.3016026Z  56700K .......... .......... .......... .......... .......... 87% 41.6M 0s
build-zephyr	Install Zephyr SDK	2026-02-02T16:50:52.3029062Z  56750K .......... .......... .......... .......... .......... 87% 37.4M 0s
build-zephyr	Install Zephyr SDK	2026-02-02T16:50:52.3050580Z  56800K .......... .......... .......... .......... .......... 87% 23.2M 0s
build-zephyr	Install Zephyr SDK	2026-02-02T16:50:52.3064444Z  56850K .......... .......... .......... .......... .......... 87% 34.8M 0s
build-zephyr	Install Zephyr SDK	2026-02-02T16:50:52.3076919Z  56900K .......... .......... .......... .......... .......... 88% 38.7M 0s
build-zephyr	Install Zephyr SDK	2026-02-02T16:50:52.3095106Z  56950K .......... .......... .......... .......... .......... 88% 26.9M 0s
build-zephyr	Install Zephyr SDK	2026-02-02T16:50:52.3117483Z  57000K .......... .......... .......... .......... .......... 88% 35.1M 0s
build-zephyr	Install Zephyr SDK	2026-02-02T16:50:52.3131290Z  57050K .......... .......... .......... .......... .......... 88% 21.9M 0s
build-zephyr	Install Zephyr SDK	2026-02-02T16:50:52.3150926Z  57100K .......... .......... .......... .......... .......... 88% 24.8M 0s
build-zephyr	Install Zephyr SDK	2026-02-02T16:50:52.3175147Z  57150K .......... .......... .......... .......... .......... 88% 20.2M 0s
build-zephyr	Install Zephyr SDK	2026-02-02T16:50:52.3185003Z  57200K .......... .......... .......... .......... .......... 88% 49.6M 0s
build-zephyr	Install Zephyr SDK	2026-02-02T16:50:52.3197479Z  57250K .......... .......... .......... .......... .......... 88% 39.2M 0s
build-zephyr	Install Zephyr SDK	2026-02-02T16:50:52.3201283Z  57300K .......... .......... .......... .......... .......... 88%  127M 0s
build-zephyr	Install Zephyr SDK	2026-02-02T16:50:52.3214785Z  57350K .......... .......... .......... .......... .......... 88% 39.3M 0s
build-zephyr	Install Zephyr SDK	2026-02-02T16:50:52.3230289Z  57400K .......... .......... .......... .......... .......... 88% 33.4M 0s
build-zephyr	Install Zephyr SDK	2026-02-02T16:50:52.3241141Z  57450K .......... .......... .......... .......... .......... 88% 38.0M 0s
build-zephyr	Install Zephyr SDK	2026-02-02T16:50:52.3246630Z  57500K .......... .......... .......... .......... .......... 88% 89.1M 0s
build-zephyr	Install Zephyr SDK	2026-02-02T16:50:52.3260558Z  57550K .......... .......... .......... .......... .......... 89% 35.1M 0s
build-zephyr	Install Zephyr SDK	2026-02-02T16:50:52.3271925Z  57600K .......... .......... .......... .......... .......... 89% 43.0M 0s
build-zephyr	Install Zephyr SDK	2026-02-02T16:50:52.3284346Z  57650K .......... .......... .......... .......... .......... 89% 39.8M 0s
build-zephyr	Install Zephyr SDK	2026-02-02T16:50:52.3292717Z  57700K .......... .......... .......... .......... .......... 89% 57.0M 0s
build-zephyr	Install Zephyr SDK	2026-02-02T16:50:52.3309039Z  57750K .......... .......... .......... .......... .......... 89% 30.1M 0s
build-zephyr	Install Zephyr SDK	2026-02-02T16:50:52.3324534Z  57800K .......... .......... .......... .......... .......... 89%  112M 0s
build-zephyr	Install Zephyr SDK	2026-02-02T16:50:52.3328844Z  57850K .......... .......... .......... .......... .......... 89% 31.3M 0s
build-zephyr	Install Zephyr SDK	2026-02-02T16:50:52.3345106Z  57900K .......... .......... .......... .......... .......... 89% 30.3M 0s
build-zephyr	Install Zephyr SDK	2026-02-02T16:50:52.3352696Z  57950K .......... .......... .......... .......... .......... 89% 63.1M 0s
build-zephyr	Install Zephyr SDK	2026-02-02T16:50:52.3365520Z  58000K .......... .......... .......... .......... .......... 89% 38.6M 0s
build-zephyr	Install Zephyr SDK	2026-02-02T16:50:52.3374114Z  58050K .......... .......... .......... .......... .......... 89% 56.8M 0s
build-zephyr	Install Zephyr SDK	2026-02-02T16:50:52.3387159Z  58100K .......... .......... .......... .......... .......... 89% 37.3M 0s
build-zephyr	Install Zephyr SDK	2026-02-02T16:50:52.3390712Z  58150K .......... .......... .......... .......... .......... 90%  139M 0s
build-zephyr	Install Zephyr SDK	2026-02-02T16:50:52.3406933Z  58200K .......... .......... .......... .......... .......... 90% 31.1M 0s
build-zephyr	Install Zephyr SDK	2026-02-02T16:50:52.3420011Z  58250K .......... .......... .......... .......... .......... 90% 35.8M 0s
build-zephyr	Install Zephyr SDK	2026-02-02T16:50:52.3427501Z  58300K .......... .......... .......... .......... .......... 90% 64.4M 0s
build-zephyr	Install Zephyr SDK	2026-02-02T16:50:52.3442131Z  58350K .......... .......... .......... .......... .......... 90% 33.6M 0s
build-zephyr	Install Zephyr SDK	2026-02-02T16:50:52.3450356Z  58400K .......... .......... .......... .......... .......... 90% 58.6M 0s
build-zephyr	Install Zephyr SDK	2026-02-02T16:50:52.3462480Z  58450K .......... .......... .......... .......... .......... 90% 40.4M 0s
build-zephyr	Install Zephyr SDK	2026-02-02T16:50:52.3472691Z  58500K .......... .......... .......... .......... .......... 90% 48.1M 0s
build-zephyr	Install Zephyr SDK	2026-02-02T16:50:52.3485671Z  58550K .......... .......... .......... .......... .......... 90% 38.4M 0s
build-zephyr	Install Zephyr SDK	2026-02-02T16:50:52.3499083Z  58600K .......... .......... .......... .......... .......... 90% 82.8M 0s
build-zephyr	Install Zephyr SDK	2026-02-02T16:50:52.3506144Z  58650K .......... .......... .......... .......... .......... 90% 32.8M 0s
build-zephyr	Install Zephyr SDK	2026-02-02T16:50:52.3512964Z  58700K .......... .......... .......... .......... .......... 90% 70.8M 0s
build-zephyr	Install Zephyr SDK	2026-02-02T16:50:52.3526061Z  58750K .......... .......... .......... .......... .......... 90% 38.6M 0s
build-zephyr	Install Zephyr SDK	2026-02-02T16:50:52.3535033Z  58800K .......... .......... .......... .......... .......... 91% 52.5M 0s
build-zephyr	Install Zephyr SDK	2026-02-02T16:50:52.3540181Z  58850K .......... .......... .......... .......... .......... 91% 94.0M 0s
build-zephyr	Install Zephyr SDK	2026-02-02T16:50:52.3551753Z  58900K .......... .......... .......... .......... .......... 91% 42.4M 0s
build-zephyr	Install Zephyr SDK	2026-02-02T16:50:52.3567320Z  58950K .......... .......... .......... .......... .......... 91% 31.4M 0s
build-zephyr	Install Zephyr SDK	2026-02-02T16:50:52.3569307Z  59000K .......... .......... .......... .......... .......... 91%  320M 0s
build-zephyr	Install Zephyr SDK	2026-02-02T16:50:52.3581626Z  59050K .......... .......... .......... .......... .......... 91% 38.0M 0s
build-zephyr	Install Zephyr SDK	2026-02-02T16:50:52.3595846Z  59100K .......... .......... .......... .......... .......... 91% 34.4M 0s
build-zephyr	Install Zephyr SDK	2026-02-02T16:50:52.3610382Z  59150K .......... .......... .......... .......... .......... 91% 33.5M 0s
build-zephyr	Install Zephyr SDK	2026-02-02T16:50:52.3621693Z  59200K .......... .......... .......... .......... .......... 91% 43.3M 0s
build-zephyr	Install Zephyr SDK	2026-02-02T16:50:52.3633708Z  59250K .......... .......... .......... .......... .......... 91% 40.7M 0s
build-zephyr	Install Zephyr SDK	2026-02-02T16:50:52.3645934Z  59300K .......... .......... .......... .......... .......... 91% 40.8M 0s
build-zephyr	Install Zephyr SDK	2026-02-02T16:50:52.3658520Z  59350K .......... .......... .......... .......... .......... 91% 38.4M 0s
build-zephyr	Install Zephyr SDK	2026-02-02T16:50:52.3676615Z  59400K .......... .......... .......... .......... .......... 91% 61.2M 0s
build-zephyr	Install Zephyr SDK	2026-02-02T16:50:52.3689130Z  59450K .......... .......... .......... .......... .......... 92% 22.0M 0s
build-zephyr	Install Zephyr SDK	2026-02-02T16:50:52.3696960Z  59500K .......... .......... .......... .......... .......... 92% 58.0M 0s
build-zephyr	Install Zephyr SDK	2026-02-02T16:50:52.3711457Z  59550K .......... .......... .......... .......... .......... 92% 33.8M 0s
build-zephyr	Install Zephyr SDK	2026-02-02T16:50:52.3725060Z  59600K .......... .......... .......... .......... .......... 92% 36.0M 0s
build-zephyr	Install Zephyr SDK	2026-02-02T16:50:52.3739408Z  59650K .......... .......... .......... .......... .......... 92% 34.1M 0s
build-zephyr	Install Zephyr SDK	2026-02-02T16:50:52.3744691Z  59700K .......... .......... .......... .......... .......... 92% 94.2M 0s
build-zephyr	Install Zephyr SDK	2026-02-02T16:50:52.3758278Z  59750K .......... .......... .......... .......... .......... 92% 35.8M 0s
build-zephyr	Install Zephyr SDK	2026-02-02T16:50:52.3783254Z  59800K .......... .......... .......... .......... .......... 92% 32.2M 0s
build-zephyr	Install Zephyr SDK	2026-02-02T16:50:52.3786643Z  59850K .......... .......... .......... .......... .......... 92% 36.5M 0s
build-zephyr	Install Zephyr SDK	2026-02-02T16:50:52.3800575Z  59900K .......... .......... .......... .......... .......... 92% 34.9M 0s
build-zephyr	Install Zephyr SDK	2026-02-02T16:50:52.3813454Z  59950K .......... .......... .......... .......... .......... 92% 38.0M 0s
build-zephyr	Install Zephyr SDK	2026-02-02T16:50:52.3827097Z  60000K .......... .......... .......... .......... .......... 92% 35.8M 0s
build-zephyr	Install Zephyr SDK	2026-02-02T16:50:52.3839577Z  60050K .......... .......... .......... .......... .......... 92% 40.2M 0s
build-zephyr	Install Zephyr SDK	2026-02-02T16:50:52.3853443Z  60100K .......... .......... .......... .......... .......... 93% 35.0M 0s
build-zephyr	Install Zephyr SDK	2026-02-02T16:50:52.3866327Z  60150K .......... .......... .......... .......... .......... 93% 38.0M 0s
build-zephyr	Install Zephyr SDK	2026-02-02T16:50:52.3881201Z  60200K .......... .......... .......... .......... .......... 93% 34.8M 0s
build-zephyr	Install Zephyr SDK	2026-02-02T16:50:52.3894671Z  60250K .......... .......... .......... .......... .......... 93% 33.9M 0s
build-zephyr	Install Zephyr SDK	2026-02-02T16:50:52.3906015Z  60300K .......... .......... .......... .......... .......... 93% 43.1M 0s
build-zephyr	Install Zephyr SDK	2026-02-02T16:50:52.3915568Z  60350K .......... .......... .......... .......... .......... 93% 51.6M 0s
build-zephyr	Install Zephyr SDK	2026-02-02T16:50:52.3920934Z  60400K .......... .......... .......... .......... .......... 93% 89.6M 0s
build-zephyr	Install Zephyr SDK	2026-02-02T16:50:52.3932998Z  60450K .......... .......... .......... .......... .......... 93% 40.4M 0s
build-zephyr	Install Zephyr SDK	2026-02-02T16:50:52.3942070Z  60500K .......... .......... .......... .......... .......... 93% 53.5M 0s
build-zephyr	Install Zephyr SDK	2026-02-02T16:50:52.3948652Z  60550K .......... .......... .......... .......... .......... 93% 74.9M 0s
build-zephyr	Install Zephyr SDK	2026-02-02T16:50:52.3962489Z  60600K .......... .......... .......... .......... .......... 93% 36.9M 0s
build-zephyr	Install Zephyr SDK	2026-02-02T16:50:52.3971263Z  60650K .......... .......... .......... .......... .......... 93% 51.9M 0s
build-zephyr	Install Zephyr SDK	2026-02-02T16:50:52.3980314Z  60700K .......... .......... .......... .......... .......... 93% 53.7M 0s
build-zephyr	Install Zephyr SDK	2026-02-02T16:50:52.3995380Z  60750K .......... .......... .......... .......... .......... 94% 32.4M 0s
build-zephyr	Install Zephyr SDK	2026-02-02T16:50:52.3999821Z  60800K .......... .......... .......... .......... .......... 94%  111M 0s
build-zephyr	Install Zephyr SDK	2026-02-02T16:50:52.4011019Z  60850K .......... .......... .......... .......... .......... 94% 43.8M 0s
build-zephyr	Install Zephyr SDK	2026-02-02T16:50:52.4022897Z  60900K .......... .......... .......... .......... .......... 94% 41.1M 0s
build-zephyr	Install Zephyr SDK	2026-02-02T16:50:52.4027241Z  60950K .......... .......... .......... .......... .......... 94%  112M 0s
build-zephyr	Install Zephyr SDK	2026-02-02T16:50:52.4040767Z  61000K .......... .......... .......... .......... .......... 94% 39.9M 0s
build-zephyr	Install Zephyr SDK	2026-02-02T16:50:52.4052030Z  61050K .......... .......... .......... .......... .......... 94% 38.8M 0s
build-zephyr	Install Zephyr SDK	2026-02-02T16:50:52.4056495Z  61100K .......... .......... .......... .......... .......... 94%  106M 0s
build-zephyr	Install Zephyr SDK	2026-02-02T16:50:52.4070432Z  61150K .......... .......... .......... .......... .......... 94% 35.4M 0s
build-zephyr	Install Zephyr SDK	2026-02-02T16:50:52.4078499Z  61200K .......... .......... .......... .......... .......... 94% 60.6M 0s
build-zephyr	Install Zephyr SDK	2026-02-02T16:50:52.4089551Z  61250K .......... .......... .......... .......... .......... 94% 44.2M 0s
build-zephyr	Install Zephyr SDK	2026-02-02T16:50:52.4097697Z  61300K .......... .......... .......... .......... .......... 94% 59.3M 0s
build-zephyr	Install Zephyr SDK	2026-02-02T16:50:52.4110102Z  61350K .......... .......... .......... .......... .......... 94% 40.0M 0s
build-zephyr	Install Zephyr SDK	2026-02-02T16:50:52.4125438Z  61400K .......... .......... .......... .......... .......... 95% 33.4M 0s
build-zephyr	Install Zephyr SDK	2026-02-02T16:50:52.4135696Z  61450K .......... .......... .......... .......... .......... 95% 44.1M 0s
build-zephyr	Install Zephyr SDK	2026-02-02T16:50:52.4148900Z  61500K .......... .......... .......... .......... .......... 95% 36.8M 0s
build-zephyr	Install Zephyr SDK	2026-02-02T16:50:52.4160668Z  61550K .......... .......... .......... .......... .......... 95% 41.4M 0s
build-zephyr	Install Zephyr SDK	2026-02-02T16:50:52.4175329Z  61600K .......... .......... .......... .......... .......... 95% 33.6M 0s
build-zephyr	Install Zephyr SDK	2026-02-02T16:50:52.4188048Z  61650K .......... .......... .......... .......... .......... 95% 38.4M 0s
build-zephyr	Install Zephyr SDK	2026-02-02T16:50:52.4199287Z  61700K .......... .......... .......... .......... .......... 95% 43.0M 0s
build-zephyr	Install Zephyr SDK	2026-02-02T16:50:52.4205091Z  61750K .......... .......... .......... .......... .......... 95% 86.8M 0s
build-zephyr	Install Zephyr SDK	2026-02-02T16:50:52.4228501Z  61800K .......... .......... .......... .......... .......... 95% 37.8M 0s
build-zephyr	Install Zephyr SDK	2026-02-02T16:50:52.4242587Z  61850K .......... .......... .......... .......... .......... 95% 19.7M 0s
build-zephyr	Install Zephyr SDK	2026-02-02T16:50:52.4246198Z  61900K .......... .......... .......... .......... .......... 95%  133M 0s
build-zephyr	Install Zephyr SDK	2026-02-02T16:50:52.4271715Z  61950K .......... .......... .......... .......... .......... 95% 19.2M 0s
build-zephyr	Install Zephyr SDK	2026-02-02T16:50:52.4288886Z  62000K .......... .......... .......... .......... .......... 95% 28.6M 0s
build-zephyr	Install Zephyr SDK	2026-02-02T16:50:52.4303374Z  62050K .......... .......... .......... .......... .......... 96% 33.6M 0s
build-zephyr	Install Zephyr SDK	2026-02-02T16:50:52.4315727Z  62100K .......... .......... .......... .......... .......... 96% 39.7M 0s
build-zephyr	Install Zephyr SDK	2026-02-02T16:50:52.4326973Z  62150K .......... .......... .......... .......... .......... 96% 43.5M 0s
build-zephyr	Install Zephyr SDK	2026-02-02T16:50:52.4342124Z  62200K .......... .......... .......... .......... .......... 96% 44.6M 0s
build-zephyr	Install Zephyr SDK	2026-02-02T16:50:52.4353854Z  62250K .......... .......... .......... .......... .......... 96% 30.4M 0s
build-zephyr	Install Zephyr SDK	2026-02-02T16:50:52.4367788Z  62300K .......... .......... .......... .......... .......... 96% 35.3M 0s
build-zephyr	Install Zephyr SDK	2026-02-02T16:50:52.4383552Z  62350K .......... .......... .......... .......... .......... 96% 30.8M 0s
build-zephyr	Install Zephyr SDK	2026-02-02T16:50:52.4394803Z  62400K .......... .......... .......... .......... .......... 96% 43.7M 0s
build-zephyr	Install Zephyr SDK	2026-02-02T16:50:52.4407247Z  62450K .......... .......... .......... .......... .......... 96% 38.8M 0s
build-zephyr	Install Zephyr SDK	2026-02-02T16:50:52.4422453Z  62500K .......... .......... .......... .......... .......... 96% 32.3M 0s
build-zephyr	Install Zephyr SDK	2026-02-02T16:50:52.4435248Z  62550K .......... .......... .......... .......... .......... 96% 37.9M 0s
build-zephyr	Install Zephyr SDK	2026-02-02T16:50:52.4450643Z  62600K .......... .......... .......... .......... .......... 96% 36.4M 0s
build-zephyr	Install Zephyr SDK	2026-02-02T16:50:52.4461703Z  62650K .......... .......... .......... .......... .......... 96% 36.9M 0s
build-zephyr	Install Zephyr SDK	2026-02-02T16:50:52.4475337Z  62700K .......... .......... .......... .......... .......... 97% 36.6M 0s
build-zephyr	Install Zephyr SDK	2026-02-02T16:50:52.4482047Z  62750K .......... .......... .......... .......... .......... 97% 70.5M 0s
build-zephyr	Install Zephyr SDK	2026-02-02T16:50:52.4493343Z  62800K .......... .......... .......... .......... .......... 97% 43.7M 0s
build-zephyr	Install Zephyr SDK	2026-02-02T16:50:52.4505695Z  62850K .......... .......... .......... .......... .......... 97% 39.4M 0s
build-zephyr	Install Zephyr SDK	2026-02-02T16:50:52.4521289Z  62900K .......... .......... .......... .......... .......... 97% 31.6M 0s
build-zephyr	Install Zephyr SDK	2026-02-02T16:50:52.4524238Z  62950K .......... .......... .......... .......... .......... 97%  165M 0s
build-zephyr	Install Zephyr SDK	2026-02-02T16:50:52.4537414Z  63000K .......... .......... .......... .......... .......... 97% 39.1M 0s
build-zephyr	Install Zephyr SDK	2026-02-02T16:50:52.4548678Z  63050K .......... .......... .......... .......... .......... 97% 39.9M 0s
build-zephyr	Install Zephyr SDK	2026-02-02T16:50:52.4563276Z  63100K .......... .......... .......... .......... .......... 97% 33.9M 0s
build-zephyr	Install Zephyr SDK	2026-02-02T16:50:52.4567600Z  63150K .......... .......... .......... .......... .......... 97%  110M 0s
build-zephyr	Install Zephyr SDK	2026-02-02T16:50:52.4582093Z  63200K .......... .......... .......... .......... .......... 97% 33.9M 0s
build-zephyr	Install Zephyr SDK	2026-02-02T16:50:52.4589056Z  63250K .......... .......... .......... .......... .......... 97% 68.9M 0s
build-zephyr	Install Zephyr SDK	2026-02-02T16:50:52.4604683Z  63300K .......... .......... .......... .......... .......... 97% 32.0M 0s
build-zephyr	Install Zephyr SDK	2026-02-02T16:50:52.4611958Z  63350K .......... .......... .......... .......... .......... 98% 64.2M 0s
build-zephyr	Install Zephyr SDK	2026-02-02T16:50:52.4626462Z  63400K .......... .......... .......... .......... .......... 98% 35.1M 0s
build-zephyr	Install Zephyr SDK	2026-02-02T16:50:52.4638536Z  63450K .......... .......... .......... .......... .......... 98% 38.5M 0s
build-zephyr	Install Zephyr SDK	2026-02-02T16:50:52.4645785Z  63500K .......... .......... .......... .......... .......... 98% 68.2M 0s
build-zephyr	Install Zephyr SDK	2026-02-02T16:50:52.4653109Z  63550K .......... .......... .......... .......... .......... 98% 65.6M 0s
build-zephyr	Install Zephyr SDK	2026-02-02T16:50:52.4669225Z  63600K .......... .......... .......... .......... .......... 98% 30.8M 0s
build-zephyr	Install Zephyr SDK	2026-02-02T16:50:52.4684268Z  63650K .......... .......... .......... .......... .......... 98% 32.2M 0s
build-zephyr	Install Zephyr SDK	2026-02-02T16:50:52.4691794Z  63700K .......... .......... .......... .......... .......... 98% 64.2M 0s
build-zephyr	Install Zephyr SDK	2026-02-02T16:50:52.4705170Z  63750K .......... .......... .......... .......... .......... 98% 36.9M 0s
build-zephyr	Install Zephyr SDK	2026-02-02T16:50:52.4723182Z  63800K .......... .......... .......... .......... .......... 98% 34.8M 0s
build-zephyr	Install Zephyr SDK	2026-02-02T16:50:52.4738080Z  63850K .......... .......... .......... .......... .......... 98% 25.5M 0s
build-zephyr	Install Zephyr SDK	2026-02-02T16:50:52.4751953Z  63900K .......... .......... .......... .......... .......... 98% 35.4M 0s
build-zephyr	Install Zephyr SDK	2026-02-02T16:50:52.4766296Z  63950K .......... .......... .......... .......... .......... 98% 34.2M 0s
build-zephyr	Install Zephyr SDK	2026-02-02T16:50:52.4780209Z  64000K .......... .......... .......... .......... .......... 99% 35.0M 0s
build-zephyr	Install Zephyr SDK	2026-02-02T16:50:52.4792201Z  64050K .......... .......... .......... .......... .......... 99% 41.0M 0s
build-zephyr	Install Zephyr SDK	2026-02-02T16:50:52.4805213Z  64100K .......... .......... .......... .......... .......... 99% 37.7M 0s
build-zephyr	Install Zephyr SDK	2026-02-02T16:50:52.4831942Z  64150K .......... .......... .......... .......... .......... 99% 18.1M 0s
build-zephyr	Install Zephyr SDK	2026-02-02T16:50:52.4844292Z  64200K .......... .......... .......... .......... .......... 99% 70.1M 0s
build-zephyr	Install Zephyr SDK	2026-02-02T16:50:52.4862793Z  64250K .......... .......... .......... .......... .......... 99% 20.6M 0s
build-zephyr	Install Zephyr SDK	2026-02-02T16:50:52.4881411Z  64300K .......... .......... .......... .......... .......... 99% 26.1M 0s
build-zephyr	Install Zephyr SDK	2026-02-02T16:50:52.4904531Z  64350K .......... .......... .......... .......... .......... 99% 21.4M 0s
build-zephyr	Install Zephyr SDK	2026-02-02T16:50:52.4923149Z  64400K .......... .......... .......... .......... .......... 99% 26.0M 0s
build-zephyr	Install Zephyr SDK	2026-02-02T16:50:52.4940220Z  64450K .......... .......... .......... .......... .......... 99% 28.5M 0s
build-zephyr	Install Zephyr SDK	2026-02-02T16:50:52.4958562Z  64500K .......... .......... .......... .......... .......... 99% 26.8M 0s
build-zephyr	Install Zephyr SDK	2026-02-02T16:50:52.4982738Z  64550K .......... .......... .......... .......... .......... 99% 20.1M 0s
build-zephyr	Install Zephyr SDK	2026-02-02T16:50:52.5000100Z  64600K .......... .......... .......... .......... .......... 99% 32.8M 0s
build-zephyr	Install Zephyr SDK	2026-02-02T16:50:52.5000978Z  64650K .......... ...                                        100% 47.7M=1.5s
build-zephyr	Install Zephyr SDK	2026-02-02T16:50:52.5001337Z 
build-zephyr	Install Zephyr SDK	2026-02-02T16:50:56.6781821Z 
build-zephyr	Install Zephyr SDK	2026-02-02T16:50:56.6782351Z Registering Zephyr SDK CMake package ...
build-zephyr	Install Zephyr SDK	2026-02-02T16:50:56.7373431Z Zephyr-sdk (/opt/zephyr-sdk/cmake)
build-zephyr	Install Zephyr SDK	2026-02-02T16:50:56.7374222Z has been added to the user package registry in:
build-zephyr	Install Zephyr SDK	2026-02-02T16:50:56.7374657Z ~/.cmake/packages/Zephyr-sdk
build-zephyr	Install Zephyr SDK	2026-02-02T16:50:56.7374850Z 
build-zephyr	Install Zephyr SDK	2026-02-02T16:50:56.7379773Z 
build-zephyr	Install Zephyr SDK	2026-02-02T16:50:56.7380123Z All done.
build-zephyr	Install West and Dependencies	﻿2026-02-02T16:50:56.7420261Z ##[group]Run python3 -m pip install --user -U west jsonschema
build-zephyr	Install West and Dependencies	2026-02-02T16:50:56.7420761Z [36;1mpython3 -m pip install --user -U west jsonschema[0m
build-zephyr	Install West and Dependencies	2026-02-02T16:50:56.7421078Z [36;1mpython3 -m venv .venv[0m
build-zephyr	Install West and Dependencies	2026-02-02T16:50:56.7421327Z [36;1msource .venv/bin/activate[0m
build-zephyr	Install West and Dependencies	2026-02-02T16:50:56.7421602Z [36;1mpip install -r scripts/requirements.txt[0m
build-zephyr	Install West and Dependencies	2026-02-02T16:50:56.7453746Z shell: /usr/bin/bash -e {0}
build-zephyr	Install West and Dependencies	2026-02-02T16:50:56.7454213Z env:
build-zephyr	Install West and Dependencies	2026-02-02T16:50:56.7454471Z   pythonLocation: /opt/hostedtoolcache/Python/3.10.19/x64
build-zephyr	Install West and Dependencies	2026-02-02T16:50:56.7454923Z   PKG_CONFIG_PATH: /opt/hostedtoolcache/Python/3.10.19/x64/lib/pkgconfig
build-zephyr	Install West and Dependencies	2026-02-02T16:50:56.7455345Z   Python_ROOT_DIR: /opt/hostedtoolcache/Python/3.10.19/x64
build-zephyr	Install West and Dependencies	2026-02-02T16:50:56.7455706Z   Python2_ROOT_DIR: /opt/hostedtoolcache/Python/3.10.19/x64
build-zephyr	Install West and Dependencies	2026-02-02T16:50:56.7456079Z   Python3_ROOT_DIR: /opt/hostedtoolcache/Python/3.10.19/x64
build-zephyr	Install West and Dependencies	2026-02-02T16:50:56.7456454Z   LD_LIBRARY_PATH: /opt/hostedtoolcache/Python/3.10.19/x64/lib
build-zephyr	Install West and Dependencies	2026-02-02T16:50:56.7456787Z ##[endgroup]
build-zephyr	Install West and Dependencies	2026-02-02T16:50:57.5984630Z Collecting west
build-zephyr	Install West and Dependencies	2026-02-02T16:50:57.6548300Z   Downloading west-1.5.0-py3-none-any.whl.metadata (19 kB)
build-zephyr	Install West and Dependencies	2026-02-02T16:50:57.6902663Z Collecting jsonschema
build-zephyr	Install West and Dependencies	2026-02-02T16:50:57.6937670Z   Downloading jsonschema-4.26.0-py3-none-any.whl.metadata (7.6 kB)
build-zephyr	Install West and Dependencies	2026-02-02T16:50:57.7132559Z Collecting colorama (from west)
build-zephyr	Install West and Dependencies	2026-02-02T16:50:57.7169476Z   Downloading colorama-0.4.6-py2.py3-none-any.whl.metadata (17 kB)
build-zephyr	Install West and Dependencies	2026-02-02T16:50:57.7743393Z Collecting PyYAML>=5.1 (from west)
build-zephyr	Install West and Dependencies	2026-02-02T16:50:57.7781316Z   Downloading pyyaml-6.0.3-cp310-cp310-manylinux2014_x86_64.manylinux_2_17_x86_64.manylinux_2_28_x86_64.whl.metadata (2.4 kB)
build-zephyr	Install West and Dependencies	2026-02-02T16:50:57.7894155Z Collecting pykwalify (from west)
build-zephyr	Install West and Dependencies	2026-02-02T16:50:57.7928598Z   Downloading pykwalify-1.8.0-py2.py3-none-any.whl.metadata (5.3 kB)
build-zephyr	Install West and Dependencies	2026-02-02T16:50:57.8129817Z Collecting packaging (from west)
build-zephyr	Install West and Dependencies	2026-02-02T16:50:57.8164667Z   Downloading packaging-26.0-py3-none-any.whl.metadata (3.3 kB)
build-zephyr	Install West and Dependencies	2026-02-02T16:50:57.8319527Z Collecting attrs>=22.2.0 (from jsonschema)
build-zephyr	Install West and Dependencies	2026-02-02T16:50:57.8354503Z   Downloading attrs-25.4.0-py3-none-any.whl.metadata (10 kB)
build-zephyr	Install West and Dependencies	2026-02-02T16:50:57.8496425Z Collecting jsonschema-specifications>=2023.03.6 (from jsonschema)
build-zephyr	Install West and Dependencies	2026-02-02T16:50:57.8531368Z   Downloading jsonschema_specifications-2025.9.1-py3-none-any.whl.metadata (2.9 kB)
build-zephyr	Install West and Dependencies	2026-02-02T16:50:57.8933223Z Collecting referencing>=0.28.4 (from jsonschema)
build-zephyr	Install West and Dependencies	2026-02-02T16:50:57.8969373Z   Downloading referencing-0.37.0-py3-none-any.whl.metadata (2.8 kB)
build-zephyr	Install West and Dependencies	2026-02-02T16:50:58.2284250Z Collecting rpds-py>=0.25.0 (from jsonschema)
build-zephyr	Install West and Dependencies	2026-02-02T16:50:58.2456242Z   Downloading rpds_py-0.30.0-cp310-cp310-manylinux_2_17_x86_64.manylinux2014_x86_64.whl.metadata (4.1 kB)
build-zephyr	Install West and Dependencies	2026-02-02T16:50:58.2800850Z Collecting typing-extensions>=4.4.0 (from referencing>=0.28.4->jsonschema)
build-zephyr	Install West and Dependencies	2026-02-02T16:50:58.2867287Z   Downloading typing_extensions-4.15.0-py3-none-any.whl.metadata (3.3 kB)
build-zephyr	Install West and Dependencies	2026-02-02T16:50:58.2990902Z Collecting docopt>=0.6.2 (from pykwalify->west)
build-zephyr	Install West and Dependencies	2026-02-02T16:50:58.3029092Z   Downloading docopt-0.6.2.tar.gz (25 kB)
build-zephyr	Install West and Dependencies	2026-02-02T16:50:58.3149971Z   Installing build dependencies: started
build-zephyr	Install West and Dependencies	2026-02-02T16:50:59.1892204Z   Installing build dependencies: finished with status 'done'
build-zephyr	Install West and Dependencies	2026-02-02T16:50:59.1899960Z   Getting requirements to build wheel: started
build-zephyr	Install West and Dependencies	2026-02-02T16:50:59.5739045Z   Getting requirements to build wheel: finished with status 'done'
build-zephyr	Install West and Dependencies	2026-02-02T16:50:59.5749368Z   Preparing metadata (pyproject.toml): started
build-zephyr	Install West and Dependencies	2026-02-02T16:50:59.7631233Z   Preparing metadata (pyproject.toml): finished with status 'done'
build-zephyr	Install West and Dependencies	2026-02-02T16:50:59.7773776Z Collecting python-dateutil>=2.8.0 (from pykwalify->west)
build-zephyr	Install West and Dependencies	2026-02-02T16:50:59.7808538Z   Downloading python_dateutil-2.9.0.post0-py2.py3-none-any.whl.metadata (8.4 kB)
build-zephyr	Install West and Dependencies	2026-02-02T16:50:59.9630765Z Collecting ruamel.yaml>=0.16.0 (from pykwalify->west)
build-zephyr	Install West and Dependencies	2026-02-02T16:50:59.9671839Z   Downloading ruamel_yaml-0.19.1-py3-none-any.whl.metadata (16 kB)
build-zephyr	Install West and Dependencies	2026-02-02T16:50:59.9863579Z Collecting six>=1.5 (from python-dateutil>=2.8.0->pykwalify->west)
build-zephyr	Install West and Dependencies	2026-02-02T16:50:59.9898471Z   Downloading six-1.17.0-py2.py3-none-any.whl.metadata (1.7 kB)
build-zephyr	Install West and Dependencies	2026-02-02T16:51:00.0013751Z Downloading west-1.5.0-py3-none-any.whl (106 kB)
build-zephyr	Install West and Dependencies	2026-02-02T16:51:00.0085641Z Downloading jsonschema-4.26.0-py3-none-any.whl (90 kB)
build-zephyr	Install West and Dependencies	2026-02-02T16:51:00.0140944Z Downloading attrs-25.4.0-py3-none-any.whl (67 kB)
build-zephyr	Install West and Dependencies	2026-02-02T16:51:00.0198139Z Downloading jsonschema_specifications-2025.9.1-py3-none-any.whl (18 kB)
build-zephyr	Install West and Dependencies	2026-02-02T16:51:00.0253072Z Downloading pyyaml-6.0.3-cp310-cp310-manylinux2014_x86_64.manylinux_2_17_x86_64.manylinux_2_28_x86_64.whl (770 kB)
build-zephyr	Install West and Dependencies	2026-02-02T16:51:00.0360569Z    ━━━━━━━━━━━━━━━━━━━━━━━━━━━━━━━━━━━━━━━━ 770.3/770.3 kB 94.3 MB/s  0:00:00
build-zephyr	Install West and Dependencies	2026-02-02T16:51:00.0394322Z Downloading referencing-0.37.0-py3-none-any.whl (26 kB)
build-zephyr	Install West and Dependencies	2026-02-02T16:51:00.0448362Z Downloading rpds_py-0.30.0-cp310-cp310-manylinux_2_17_x86_64.manylinux2014_x86_64.whl (390 kB)
build-zephyr	Install West and Dependencies	2026-02-02T16:51:00.0531304Z Downloading typing_extensions-4.15.0-py3-none-any.whl (44 kB)
build-zephyr	Install West and Dependencies	2026-02-02T16:51:00.0588244Z Downloading colorama-0.4.6-py2.py3-none-any.whl (25 kB)
build-zephyr	Install West and Dependencies	2026-02-02T16:51:00.0645626Z Downloading packaging-26.0-py3-none-any.whl (74 kB)
build-zephyr	Install West and Dependencies	2026-02-02T16:51:00.0704363Z Downloading pykwalify-1.8.0-py2.py3-none-any.whl (24 kB)
build-zephyr	Install West and Dependencies	2026-02-02T16:51:00.0762923Z Downloading python_dateutil-2.9.0.post0-py2.py3-none-any.whl (229 kB)
build-zephyr	Install West and Dependencies	2026-02-02T16:51:00.0828580Z Downloading ruamel_yaml-0.19.1-py3-none-any.whl (118 kB)
build-zephyr	Install West and Dependencies	2026-02-02T16:51:00.0891557Z Downloading six-1.17.0-py2.py3-none-any.whl (11 kB)
build-zephyr	Install West and Dependencies	2026-02-02T16:51:00.1040902Z Building wheels for collected packages: docopt
build-zephyr	Install West and Dependencies	2026-02-02T16:51:00.1050395Z   Building wheel for docopt (pyproject.toml): started
build-zephyr	Install West and Dependencies	2026-02-02T16:51:00.3095385Z   Building wheel for docopt (pyproject.toml): finished with status 'done'
build-zephyr	Install West and Dependencies	2026-02-02T16:51:00.3101118Z   Created wheel for docopt: filename=docopt-0.6.2-py2.py3-none-any.whl size=13781 sha256=b72c9e7c7936f37b6300308fedd4ed44462a8289bac858732096a0ff6630888f
build-zephyr	Install West and Dependencies	2026-02-02T16:51:00.3102568Z   Stored in directory: /home/runner/.cache/pip/wheels/fc/ab/d4/5da2067ac95b36618c629a5f93f809425700506f72c9732fac
build-zephyr	Install West and Dependencies	2026-02-02T16:51:00.3121589Z Successfully built docopt
build-zephyr	Install West and Dependencies	2026-02-02T16:51:00.3438706Z Installing collected packages: docopt, typing-extensions, six, ruamel.yaml, rpds-py, PyYAML, packaging, colorama, attrs, referencing, python-dateutil, pykwalify, jsonschema-specifications, west, jsonschema
build-zephyr	Install West and Dependencies	2026-02-02T16:51:00.8484714Z 
build-zephyr	Install West and Dependencies	2026-02-02T16:51:00.8515419Z Successfully installed PyYAML-6.0.3 attrs-25.4.0 colorama-0.4.6 docopt-0.6.2 jsonschema-4.26.0 jsonschema-specifications-2025.9.1 packaging-26.0 pykwalify-1.8.0 python-dateutil-2.9.0.post0 referencing-0.37.0 rpds-py-0.30.0 ruamel.yaml-0.19.1 six-1.17.0 typing-extensions-4.15.0 west-1.5.0
build-zephyr	Install West and Dependencies	2026-02-02T16:51:00.9593305Z 
build-zephyr	Install West and Dependencies	2026-02-02T16:51:00.9594103Z [notice] A new release of pip is available: 25.3 -> 26.0
build-zephyr	Install West and Dependencies	2026-02-02T16:51:00.9594652Z [notice] To update, run: pip install --upgrade pip
build-zephyr	Install West and Dependencies	2026-02-02T16:51:05.1466857Z Collecting py-uds>=1.2.0
build-zephyr	Install West and Dependencies	2026-02-02T16:51:05.1796978Z   Downloading py_uds-3.1.1-py3-none-any.whl (172 kB)
build-zephyr	Install West and Dependencies	2026-02-02T16:51:05.2054392Z      ━━━━━━━━━━━━━━━━━━━━━━━━━━━━━━━━━━━━━━━ 172.1/172.1 kB 7.1 MB/s eta 0:00:00
build-zephyr	Install West and Dependencies	2026-02-02T16:51:05.2932851Z Collecting can-isotp>=1.8
build-zephyr	Install West and Dependencies	2026-02-02T16:51:05.3008854Z   Downloading can_isotp-2.0.7-py3-none-any.whl (34 kB)
build-zephyr	Install West and Dependencies	2026-02-02T16:51:05.3440516Z Collecting python-can>=4.0.0
build-zephyr	Install West and Dependencies	2026-02-02T16:51:05.3739780Z   Downloading python_can-4.6.1-py3-none-any.whl (276 kB)
build-zephyr	Install West and Dependencies	2026-02-02T16:51:05.3920646Z      ━━━━━━━━━━━━━━━━━━━━━━━━━━━━━━━━━━━━━━ 277.0/277.0 kB 17.1 MB/s eta 0:00:00
build-zephyr	Install West and Dependencies	2026-02-02T16:51:05.4409699Z Collecting jsonschema
build-zephyr	Install West and Dependencies	2026-02-02T16:51:05.4444275Z   Downloading jsonschema-4.26.0-py3-none-any.whl (90 kB)
build-zephyr	Install West and Dependencies	2026-02-02T16:51:05.4501843Z      ━━━━━━━━━━━━━━━━━━━━━━━━━━━━━━━━━━━━━━━━ 90.6/90.6 kB 21.7 MB/s eta 0:00:00
build-zephyr	Install West and Dependencies	2026-02-02T16:51:05.4920474Z Collecting west
build-zephyr	Install West and Dependencies	2026-02-02T16:51:05.4977062Z   Downloading west-1.5.0-py3-none-any.whl (106 kB)
build-zephyr	Install West and Dependencies	2026-02-02T16:51:05.5029767Z      ━━━━━━━━━━━━━━━━━━━━━━━━━━━━━━━━━━━━━━ 107.0/107.0 kB 31.8 MB/s eta 0:00:00
build-zephyr	Install West and Dependencies	2026-02-02T16:51:05.5496312Z Collecting aenum>=3.0.0
build-zephyr	Install West and Dependencies	2026-02-02T16:51:05.5542902Z   Downloading aenum-3.1.16-py3-none-any.whl (165 kB)
build-zephyr	Install West and Dependencies	2026-02-02T16:51:05.5613708Z      ━━━━━━━━━━━━━━━━━━━━━━━━━━━━━━━━━━━━━━ 165.6/165.6 kB 32.6 MB/s eta 0:00:00
build-zephyr	Install West and Dependencies	2026-02-02T16:51:05.6191805Z Collecting typing_extensions>=3.10.0.0
build-zephyr	Install West and Dependencies	2026-02-02T16:51:05.6228105Z   Downloading typing_extensions-4.15.0-py3-none-any.whl (44 kB)
build-zephyr	Install West and Dependencies	2026-02-02T16:51:05.6266302Z      ━━━━━━━━━━━━━━━━━━━━━━━━━━━━━━━━━━━━━━━━ 44.6/44.6 kB 19.8 MB/s eta 0:00:00
build-zephyr	Install West and Dependencies	2026-02-02T16:51:06.0062397Z Collecting wrapt~=1.10
build-zephyr	Install West and Dependencies	2026-02-02T16:51:06.0125175Z   Downloading wrapt-1.17.3-cp310-cp310-manylinux1_x86_64.manylinux_2_28_x86_64.manylinux_2_5_x86_64.whl (81 kB)
build-zephyr	Install West and Dependencies	2026-02-02T16:51:06.0168269Z      ━━━━━━━━━━━━━━━━━━━━━━━━━━━━━━━━━━━━━━━━ 82.0/82.0 kB 33.8 MB/s eta 0:00:00
build-zephyr	Install West and Dependencies	2026-02-02T16:51:06.0499279Z Collecting packaging>=23.1
build-zephyr	Install West and Dependencies	2026-02-02T16:51:06.0554435Z   Downloading packaging-26.0-py3-none-any.whl (74 kB)
build-zephyr	Install West and Dependencies	2026-02-02T16:51:06.0593247Z      ━━━━━━━━━━━━━━━━━━━━━━━━━━━━━━━━━━━━━━━━ 74.4/74.4 kB 33.7 MB/s eta 0:00:00
build-zephyr	Install West and Dependencies	2026-02-02T16:51:06.1078224Z Collecting attrs>=22.2.0
build-zephyr	Install West and Dependencies	2026-02-02T16:51:06.1115343Z   Downloading attrs-25.4.0-py3-none-any.whl (67 kB)
build-zephyr	Install West and Dependencies	2026-02-02T16:51:06.1154338Z      ━━━━━━━━━━━━━━━━━━━━━━━━━━━━━━━━━━━━━━━━ 67.6/67.6 kB 31.0 MB/s eta 0:00:00
build-zephyr	Install West and Dependencies	2026-02-02T16:51:06.1379048Z Collecting jsonschema-specifications>=2023.03.6
build-zephyr	Install West and Dependencies	2026-02-02T16:51:06.1415114Z   Downloading jsonschema_specifications-2025.9.1-py3-none-any.whl (18 kB)
build-zephyr	Install West and Dependencies	2026-02-02T16:51:06.8511642Z Collecting rpds-py>=0.25.0
build-zephyr	Install West and Dependencies	2026-02-02T16:51:06.8552189Z   Downloading rpds_py-0.30.0-cp310-cp310-manylinux_2_17_x86_64.manylinux2014_x86_64.whl (390 kB)
build-zephyr	Install West and Dependencies	2026-02-02T16:51:06.8660999Z      ━━━━━━━━━━━━━━━━━━━━━━━━━━━━━━━━━━━━━━ 390.5/390.5 kB 44.4 MB/s eta 0:00:00
build-zephyr	Install West and Dependencies	2026-02-02T16:51:06.9165116Z Collecting referencing>=0.28.4
build-zephyr	Install West and Dependencies	2026-02-02T16:51:06.9204932Z   Downloading referencing-0.37.0-py3-none-any.whl (26 kB)
build-zephyr	Install West and Dependencies	2026-02-02T16:51:06.9496776Z Collecting colorama
build-zephyr	Install West and Dependencies	2026-02-02T16:51:06.9562818Z   Downloading colorama-0.4.6-py2.py3-none-any.whl (25 kB)
build-zephyr	Install West and Dependencies	2026-02-02T16:51:07.0416306Z Collecting PyYAML>=5.1
build-zephyr	Install West and Dependencies	2026-02-02T16:51:07.0457215Z   Downloading pyyaml-6.0.3-cp310-cp310-manylinux2014_x86_64.manylinux_2_17_x86_64.manylinux_2_28_x86_64.whl (770 kB)
build-zephyr	Install West and Dependencies	2026-02-02T16:51:07.0628083Z      ━━━━━━━━━━━━━━━━━━━━━━━━━━━━━━━━━━━━━━ 770.3/770.3 kB 51.9 MB/s eta 0:00:00
build-zephyr	Install West and Dependencies	2026-02-02T16:51:07.0804439Z Collecting pykwalify
build-zephyr	Install West and Dependencies	2026-02-02T16:51:07.0847767Z   Downloading pykwalify-1.8.0-py2.py3-none-any.whl (24 kB)
build-zephyr	Install West and Dependencies	2026-02-02T16:51:07.1414756Z Collecting docopt>=0.6.2
build-zephyr	Install West and Dependencies	2026-02-02T16:51:07.1417321Z   Using cached docopt-0.6.2-py2.py3-none-any.whl
build-zephyr	Install West and Dependencies	2026-02-02T16:51:07.4667652Z Collecting ruamel.yaml>=0.16.0
build-zephyr	Install West and Dependencies	2026-02-02T16:51:07.4706768Z   Downloading ruamel_yaml-0.19.1-py3-none-any.whl (118 kB)
build-zephyr	Install West and Dependencies	2026-02-02T16:51:07.4754927Z      ━━━━━━━━━━━━━━━━━━━━━━━━━━━━━━━━━━━━━━ 118.1/118.1 kB 44.9 MB/s eta 0:00:00
build-zephyr	Install West and Dependencies	2026-02-02T16:51:07.4982387Z Collecting python-dateutil>=2.8.0
build-zephyr	Install West and Dependencies	2026-02-02T16:51:07.5020465Z   Downloading python_dateutil-2.9.0.post0-py2.py3-none-any.whl (229 kB)
build-zephyr	Install West and Dependencies	2026-02-02T16:51:07.5085461Z      ━━━━━━━━━━━━━━━━━━━━━━━━━━━━━━━━━━━━━━ 229.9/229.9 kB 51.5 MB/s eta 0:00:00
build-zephyr	Install West and Dependencies	2026-02-02T16:51:07.5338693Z Collecting six>=1.5
build-zephyr	Install West and Dependencies	2026-02-02T16:51:07.5374571Z   Downloading six-1.17.0-py2.py3-none-any.whl (11 kB)
build-zephyr	Install West and Dependencies	2026-02-02T16:51:07.6977144Z Installing collected packages: docopt, aenum, wrapt, typing_extensions, six, ruamel.yaml, rpds-py, PyYAML, packaging, colorama, can-isotp, attrs, referencing, python-dateutil, python-can, pykwalify, py-uds, jsonschema-specifications, west, jsonschema
build-zephyr	Install West and Dependencies	2026-02-02T16:51:08.6429059Z Successfully installed PyYAML-6.0.3 aenum-3.1.16 attrs-25.4.0 can-isotp-2.0.7 colorama-0.4.6 docopt-0.6.2 jsonschema-4.26.0 jsonschema-specifications-2025.9.1 packaging-26.0 py-uds-3.1.1 pykwalify-1.8.0 python-can-4.6.1 python-dateutil-2.9.0.post0 referencing-0.37.0 rpds-py-0.30.0 ruamel.yaml-0.19.1 six-1.17.0 typing_extensions-4.15.0 west-1.5.0 wrapt-1.17.3
build-zephyr	Install West and Dependencies	2026-02-02T16:51:08.7859004Z 
build-zephyr	Install West and Dependencies	2026-02-02T16:51:08.7859743Z [notice] A new release of pip is available: 23.0.1 -> 26.0
build-zephyr	Install West and Dependencies	2026-02-02T16:51:08.7860513Z [notice] To update, run: pip install --upgrade pip
build-zephyr	Initialize Zephyr	﻿2026-02-02T16:51:08.9135749Z ##[group]Run source .venv/bin/activate
build-zephyr	Initialize Zephyr	2026-02-02T16:51:08.9136088Z [36;1msource .venv/bin/activate[0m
build-zephyr	Initialize Zephyr	2026-02-02T16:51:08.9136546Z [36;1mwest init -m https://github.com/zephyrproject-rtos/zephyr --mr main zephyr-workspace[0m
build-zephyr	Initialize Zephyr	2026-02-02T16:51:08.9137035Z [36;1mcd zephyr-workspace[0m
build-zephyr	Initialize Zephyr	2026-02-02T16:51:08.9137285Z [36;1mwest update --narrow -o=--depth=1[0m
build-zephyr	Initialize Zephyr	2026-02-02T16:51:08.9137568Z [36;1mwest zephyr-export[0m
build-zephyr	Initialize Zephyr	2026-02-02T16:51:08.9168911Z shell: /usr/bin/bash -e {0}
build-zephyr	Initialize Zephyr	2026-02-02T16:51:08.9169142Z env:
build-zephyr	Initialize Zephyr	2026-02-02T16:51:08.9169394Z   pythonLocation: /opt/hostedtoolcache/Python/3.10.19/x64
build-zephyr	Initialize Zephyr	2026-02-02T16:51:08.9169813Z   PKG_CONFIG_PATH: /opt/hostedtoolcache/Python/3.10.19/x64/lib/pkgconfig
build-zephyr	Initialize Zephyr	2026-02-02T16:51:08.9170228Z   Python_ROOT_DIR: /opt/hostedtoolcache/Python/3.10.19/x64
build-zephyr	Initialize Zephyr	2026-02-02T16:51:08.9170596Z   Python2_ROOT_DIR: /opt/hostedtoolcache/Python/3.10.19/x64
build-zephyr	Initialize Zephyr	2026-02-02T16:51:08.9170956Z   Python3_ROOT_DIR: /opt/hostedtoolcache/Python/3.10.19/x64
build-zephyr	Initialize Zephyr	2026-02-02T16:51:08.9171326Z   LD_LIBRARY_PATH: /opt/hostedtoolcache/Python/3.10.19/x64/lib
build-zephyr	Initialize Zephyr	2026-02-02T16:51:08.9171664Z ##[endgroup]
build-zephyr	Initialize Zephyr	2026-02-02T16:51:09.0794244Z === Initializing in /home/runner/work/udslib/udslib/zephyr-workspace
build-zephyr	Initialize Zephyr	2026-02-02T16:51:09.0799885Z --- Cloning manifest repository from https://github.com/zephyrproject-rtos/zephyr, rev. main
build-zephyr	Initialize Zephyr	2026-02-02T16:51:09.0814458Z Cloning into '/home/runner/work/udslib/udslib/zephyr-workspace/.west/manifest-tmp'...
build-zephyr	Initialize Zephyr	2026-02-02T16:51:49.2325456Z Updating files:  28% (16028/56256)
build-zephyr	Initialize Zephyr	2026-02-02T16:51:49.2702089Z Updating files:  29% (16315/56256)
build-zephyr	Initialize Zephyr	2026-02-02T16:51:49.3119295Z Updating files:  30% (16877/56256)
build-zephyr	Initialize Zephyr	2026-02-02T16:51:49.3480258Z Updating files:  31% (17440/56256)
build-zephyr	Initialize Zephyr	2026-02-02T16:51:49.3794506Z Updating files:  32% (18002/56256)
build-zephyr	Initialize Zephyr	2026-02-02T16:51:49.4127964Z Updating files:  33% (18565/56256)
build-zephyr	Initialize Zephyr	2026-02-02T16:51:49.4438197Z Updating files:  34% (19128/56256)
build-zephyr	Initialize Zephyr	2026-02-02T16:51:49.4842949Z Updating files:  35% (19690/56256)
build-zephyr	Initialize Zephyr	2026-02-02T16:51:49.5273210Z Updating files:  36% (20253/56256)
build-zephyr	Initialize Zephyr	2026-02-02T16:51:49.5558795Z Updating files:  37% (20815/56256)
build-zephyr	Initialize Zephyr	2026-02-02T16:51:49.5801695Z Updating files:  38% (21378/56256)
build-zephyr	Initialize Zephyr	2026-02-02T16:51:49.6058725Z Updating files:  39% (21940/56256)
build-zephyr	Initialize Zephyr	2026-02-02T16:51:49.6276324Z Updating files:  40% (22503/56256)
build-zephyr	Initialize Zephyr	2026-02-02T16:51:49.6478428Z Updating files:  41% (23065/56256)
build-zephyr	Initialize Zephyr	2026-02-02T16:51:49.6685412Z Updating files:  42% (23628/56256)
build-zephyr	Initialize Zephyr	2026-02-02T16:51:49.6890312Z Updating files:  43% (24191/56256)
build-zephyr	Initialize Zephyr	2026-02-02T16:51:49.7110742Z Updating files:  44% (24753/56256)
build-zephyr	Initialize Zephyr	2026-02-02T16:51:49.7326081Z Updating files:  45% (25316/56256)
build-zephyr	Initialize Zephyr	2026-02-02T16:51:49.7533235Z Updating files:  46% (25878/56256)
build-zephyr	Initialize Zephyr	2026-02-02T16:51:49.7852706Z Updating files:  47% (26441/56256)
build-zephyr	Initialize Zephyr	2026-02-02T16:51:49.8249942Z Updating files:  48% (27003/56256)
build-zephyr	Initialize Zephyr	2026-02-02T16:51:49.8596522Z Updating files:  49% (27566/56256)
build-zephyr	Initialize Zephyr	2026-02-02T16:51:49.9038890Z Updating files:  50% (28128/56256)
build-zephyr	Initialize Zephyr	2026-02-02T16:51:49.9364448Z Updating files:  51% (28691/56256)
build-zephyr	Initialize Zephyr	2026-02-02T16:51:49.9654407Z Updating files:  52% (29254/56256)
build-zephyr	Initialize Zephyr	2026-02-02T16:51:49.9930945Z Updating files:  53% (29816/56256)
build-zephyr	Initialize Zephyr	2026-02-02T16:51:50.0232932Z Updating files:  54% (30379/56256)
build-zephyr	Initialize Zephyr	2026-02-02T16:51:50.0491536Z Updating files:  55% (30941/56256)
build-zephyr	Initialize Zephyr	2026-02-02T16:51:50.0710953Z Updating files:  56% (31504/56256)
build-zephyr	Initialize Zephyr	2026-02-02T16:51:50.0930440Z Updating files:  57% (32066/56256)
build-zephyr	Initialize Zephyr	2026-02-02T16:51:50.1166355Z Updating files:  58% (32629/56256)
build-zephyr	Initialize Zephyr	2026-02-02T16:51:50.1475325Z Updating files:  59% (33192/56256)
build-zephyr	Initialize Zephyr	2026-02-02T16:51:50.1717759Z Updating files:  60% (33754/56256)
build-zephyr	Initialize Zephyr	2026-02-02T16:51:50.1979755Z Updating files:  61% (34317/56256)
build-zephyr	Initialize Zephyr	2026-02-02T16:51:50.2133455Z Updating files:  62% (34879/56256)
build-zephyr	Initialize Zephyr	2026-02-02T16:51:50.2212021Z Updating files:  62% (35229/56256)
build-zephyr	Initialize Zephyr	2026-02-02T16:51:50.2474066Z Updating files:  63% (35442/56256)
build-zephyr	Initialize Zephyr	2026-02-02T16:51:50.2774175Z Updating files:  64% (36004/56256)
build-zephyr	Initialize Zephyr	2026-02-02T16:51:50.3164726Z Updating files:  65% (36567/56256)
build-zephyr	Initialize Zephyr	2026-02-02T16:51:50.3408360Z Updating files:  66% (37129/56256)
build-zephyr	Initialize Zephyr	2026-02-02T16:51:50.3639226Z Updating files:  67% (37692/56256)
build-zephyr	Initialize Zephyr	2026-02-02T16:51:50.3896202Z Updating files:  68% (38255/56256)
build-zephyr	Initialize Zephyr	2026-02-02T16:51:50.4290806Z Updating files:  69% (38817/56256)
build-zephyr	Initialize Zephyr	2026-02-02T16:51:50.4518123Z Updating files:  70% (39380/56256)
build-zephyr	Initialize Zephyr	2026-02-02T16:51:50.4731338Z Updating files:  71% (39942/56256)
build-zephyr	Initialize Zephyr	2026-02-02T16:51:50.4930880Z Updating files:  72% (40505/56256)
build-zephyr	Initialize Zephyr	2026-02-02T16:51:50.5403615Z Updating files:  73% (41067/56256)
build-zephyr	Initialize Zephyr	2026-02-02T16:51:50.5849850Z Updating files:  74% (41630/56256)
build-zephyr	Initialize Zephyr	2026-02-02T16:51:50.6291277Z Updating files:  75% (42192/56256)
build-zephyr	Initialize Zephyr	2026-02-02T16:51:50.6651373Z Updating files:  76% (42755/56256)
build-zephyr	Initialize Zephyr	2026-02-02T16:51:50.6934765Z Updating files:  77% (43318/56256)
build-zephyr	Initialize Zephyr	2026-02-02T16:51:50.7247013Z Updating files:  78% (43880/56256)
build-zephyr	Initialize Zephyr	2026-02-02T16:51:50.7499740Z Updating files:  79% (44443/56256)
build-zephyr	Initialize Zephyr	2026-02-02T16:51:50.7797501Z Updating files:  80% (45005/56256)
build-zephyr	Initialize Zephyr	2026-02-02T16:51:50.7990467Z Updating files:  81% (45568/56256)
build-zephyr	Initialize Zephyr	2026-02-02T16:51:50.8272040Z Updating files:  82% (46130/56256)
build-zephyr	Initialize Zephyr	2026-02-02T16:51:50.8522601Z Updating files:  83% (46693/56256)
build-zephyr	Initialize Zephyr	2026-02-02T16:51:50.8736873Z Updating files:  84% (47256/56256)
build-zephyr	Initialize Zephyr	2026-02-02T16:51:50.8971759Z Updating files:  85% (47818/56256)
build-zephyr	Initialize Zephyr	2026-02-02T16:51:50.9184565Z Updating files:  86% (48381/56256)
build-zephyr	Initialize Zephyr	2026-02-02T16:51:50.9381098Z Updating files:  87% (48943/56256)
build-zephyr	Initialize Zephyr	2026-02-02T16:51:50.9589700Z Updating files:  88% (49506/56256)
build-zephyr	Initialize Zephyr	2026-02-02T16:51:50.9792162Z Updating files:  89% (50068/56256)
build-zephyr	Initialize Zephyr	2026-02-02T16:51:51.0012376Z Updating files:  90% (50631/56256)
build-zephyr	Initialize Zephyr	2026-02-02T16:51:51.0270496Z Updating files:  91% (51193/56256)
build-zephyr	Initialize Zephyr	2026-02-02T16:51:51.0484824Z Updating files:  92% (51756/56256)
build-zephyr	Initialize Zephyr	2026-02-02T16:51:51.0714634Z Updating files:  93% (52319/56256)
build-zephyr	Initialize Zephyr	2026-02-02T16:51:51.1016624Z Updating files:  94% (52881/56256)
build-zephyr	Initialize Zephyr	2026-02-02T16:51:51.1758902Z Updating files:  95% (53444/56256)
build-zephyr	Initialize Zephyr	2026-02-02T16:51:51.2125498Z Updating files:  96% (54006/56256)
build-zephyr	Initialize Zephyr	2026-02-02T16:51:51.2133212Z Updating files:  97% (54569/56256)
build-zephyr	Initialize Zephyr	2026-02-02T16:51:51.2387431Z Updating files:  97% (54585/56256)
build-zephyr	Initialize Zephyr	2026-02-02T16:51:51.2658648Z Updating files:  98% (55131/56256)
build-zephyr	Initialize Zephyr	2026-02-02T16:51:51.2920893Z Updating files:  99% (55694/56256)
build-zephyr	Initialize Zephyr	2026-02-02T16:51:51.2921403Z Updating files: 100% (56256/56256)
build-zephyr	Initialize Zephyr	2026-02-02T16:51:51.2921793Z Updating files: 100% (56256/56256), done.
build-zephyr	Initialize Zephyr	2026-02-02T16:51:51.4213582Z --- setting manifest.path to zephyr
build-zephyr	Initialize Zephyr	2026-02-02T16:51:51.4224726Z === Initialized. Now run "west update" inside /home/runner/work/udslib/udslib/zephyr-workspace.
build-zephyr	Initialize Zephyr	2026-02-02T16:51:51.6868665Z === updating acpica (modules/lib/acpica):
build-zephyr	Initialize Zephyr	2026-02-02T16:51:51.6869222Z --- acpica: initializing
build-zephyr	Initialize Zephyr	2026-02-02T16:51:51.6917833Z Initialized empty Git repository in /home/runner/work/udslib/udslib/zephyr-workspace/modules/lib/acpica/.git/
build-zephyr	Initialize Zephyr	2026-02-02T16:51:51.6953199Z --- acpica: fetching, need revision 8d24867bc9c9d81c81eeac59391cda59333affd4
build-zephyr	Initialize Zephyr	2026-02-02T16:51:54.0869167Z From https://github.com/zephyrproject-rtos/acpica
build-zephyr	Initialize Zephyr	2026-02-02T16:51:54.0869811Z  * branch            8d24867bc9c9d81c81eeac59391cda59333affd4 -> FETCH_HEAD
build-zephyr	Initialize Zephyr	2026-02-02T16:51:54.2942583Z HEAD is now at 8d24867 Merge pull request #5 from dcpleung/kernel/mm_z_phys_map_unmap_rename
build-zephyr	Initialize Zephyr	2026-02-02T16:51:54.4479220Z HEAD is now at 8d24867 Merge pull request #5 from dcpleung/kernel/mm_z_phys_map_unmap_rename
build-zephyr	Initialize Zephyr	2026-02-02T16:51:54.4487799Z === updating cmsis (modules/hal/cmsis):
build-zephyr	Initialize Zephyr	2026-02-02T16:51:54.4488722Z --- cmsis: initializing
build-zephyr	Initialize Zephyr	2026-02-02T16:51:54.4526646Z Initialized empty Git repository in /home/runner/work/udslib/udslib/zephyr-workspace/modules/hal/cmsis/.git/
build-zephyr	Initialize Zephyr	2026-02-02T16:51:54.4562605Z --- cmsis: fetching, need revision 512cc7e895e8491696b61f7ba8066b4a182569b8
build-zephyr	Initialize Zephyr	2026-02-02T16:51:55.0095884Z From https://github.com/zephyrproject-rtos/cmsis
build-zephyr	Initialize Zephyr	2026-02-02T16:51:55.0096670Z  * branch            512cc7e895e8491696b61f7ba8066b4a182569b8 -> FETCH_HEAD
build-zephyr	Initialize Zephyr	2026-02-02T16:51:55.0343818Z HEAD is now at 512cc7e cmsis: pac_armv81.h missing
build-zephyr	Initialize Zephyr	2026-02-02T16:51:55.0494679Z HEAD is now at 512cc7e cmsis: pac_armv81.h missing
build-zephyr	Initialize Zephyr	2026-02-02T16:51:55.0501142Z === updating cmsis-dsp (modules/lib/cmsis-dsp):
build-zephyr	Initialize Zephyr	2026-02-02T16:51:55.0501774Z --- cmsis-dsp: initializing
build-zephyr	Initialize Zephyr	2026-02-02T16:51:55.0530840Z Initialized empty Git repository in /home/runner/work/udslib/udslib/zephyr-workspace/modules/lib/cmsis-dsp/.git/
build-zephyr	Initialize Zephyr	2026-02-02T16:51:55.0567337Z --- cmsis-dsp: fetching, need revision 97512610ec92058f0119450b9e743eeb7e95b5c8
build-zephyr	Initialize Zephyr	2026-02-02T16:51:57.0571428Z From https://github.com/zephyrproject-rtos/cmsis-dsp
build-zephyr	Initialize Zephyr	2026-02-02T16:51:57.0572301Z  * branch            97512610ec92058f0119450b9e743eeb7e95b5c8 -> FETCH_HEAD
build-zephyr	Initialize Zephyr	2026-02-02T16:51:57.4740426Z HEAD is now at 9751261 arm_biquad_cascade_df1_32x64_q31: asrl(val, -shift) -> lsll(val, shift) (#265)
build-zephyr	Initialize Zephyr	2026-02-02T16:51:57.7429588Z HEAD is now at 9751261 arm_biquad_cascade_df1_32x64_q31: asrl(val, -shift) -> lsll(val, shift) (#265)
build-zephyr	Initialize Zephyr	2026-02-02T16:51:57.7437908Z === updating cmsis-nn (modules/lib/cmsis-nn):
build-zephyr	Initialize Zephyr	2026-02-02T16:51:57.7438869Z --- cmsis-nn: initializing
build-zephyr	Initialize Zephyr	2026-02-02T16:51:57.7470696Z Initialized empty Git repository in /home/runner/work/udslib/udslib/zephyr-workspace/modules/lib/cmsis-nn/.git/
build-zephyr	Initialize Zephyr	2026-02-02T16:51:57.7507288Z --- cmsis-nn: fetching, need revision e9328d612ea3ea7d0d210d3ac16ea8667c01abdd
build-zephyr	Initialize Zephyr	2026-02-02T16:51:58.5903641Z From https://github.com/zephyrproject-rtos/cmsis-nn
build-zephyr	Initialize Zephyr	2026-02-02T16:51:58.5904615Z  * branch            e9328d612ea3ea7d0d210d3ac16ea8667c01abdd -> FETCH_HEAD
build-zephyr	Initialize Zephyr	2026-02-02T16:51:58.7112944Z HEAD is now at e9328d6 manifest: zephyr module file
build-zephyr	Initialize Zephyr	2026-02-02T16:51:58.7699255Z HEAD is now at e9328d6 manifest: zephyr module file
build-zephyr	Initialize Zephyr	2026-02-02T16:51:58.7706535Z === updating cmsis_6 (modules/hal/cmsis_6):
build-zephyr	Initialize Zephyr	2026-02-02T16:51:58.7707252Z --- cmsis_6: initializing
build-zephyr	Initialize Zephyr	2026-02-02T16:51:58.7738853Z Initialized empty Git repository in /home/runner/work/udslib/udslib/zephyr-workspace/modules/hal/cmsis_6/.git/
build-zephyr	Initialize Zephyr	2026-02-02T16:51:58.7775721Z --- cmsis_6: fetching, need revision 30a859f44ef8ab4dc8f84b03ed586fd16ccf9d74
build-zephyr	Initialize Zephyr	2026-02-02T16:51:59.6254551Z From https://github.com/zephyrproject-rtos/CMSIS_6
build-zephyr	Initialize Zephyr	2026-02-02T16:51:59.6255066Z  * branch            30a859f44ef8ab4dc8f84b03ed586fd16ccf9d74 -> FETCH_HEAD
build-zephyr	Initialize Zephyr	2026-02-02T16:51:59.7217525Z HEAD is now at 30a859f m-profile/gcc: Support picolibc startup mechanism (#246)
build-zephyr	Initialize Zephyr	2026-02-02T16:51:59.7848885Z HEAD is now at 30a859f m-profile/gcc: Support picolibc startup mechanism (#246)
build-zephyr	Initialize Zephyr	2026-02-02T16:51:59.7855755Z === updating edtt (tools/edtt):
build-zephyr	Initialize Zephyr	2026-02-02T16:51:59.7856606Z --- edtt: initializing
build-zephyr	Initialize Zephyr	2026-02-02T16:51:59.7887754Z Initialized empty Git repository in /home/runner/work/udslib/udslib/zephyr-workspace/tools/edtt/.git/
build-zephyr	Initialize Zephyr	2026-02-02T16:51:59.7923544Z --- edtt: fetching, need revision c282625e694f0b53ea53e13231ea6d2f49411768
build-zephyr	Initialize Zephyr	2026-02-02T16:52:00.3186180Z From https://github.com/zephyrproject-rtos/edtt
build-zephyr	Initialize Zephyr	2026-02-02T16:52:00.3186845Z  * branch            c282625e694f0b53ea53e13231ea6d2f49411768 -> FETCH_HEAD
build-zephyr	Initialize Zephyr	2026-02-02T16:52:00.3377487Z HEAD is now at c282625 Fix broken link in Readme.md
build-zephyr	Initialize Zephyr	2026-02-02T16:52:00.3477754Z HEAD is now at c282625 Fix broken link in Readme.md
build-zephyr	Initialize Zephyr	2026-02-02T16:52:00.3483781Z === updating fatfs (modules/fs/fatfs):
build-zephyr	Initialize Zephyr	2026-02-02T16:52:00.3484625Z --- fatfs: initializing
build-zephyr	Initialize Zephyr	2026-02-02T16:52:00.3514158Z Initialized empty Git repository in /home/runner/work/udslib/udslib/zephyr-workspace/modules/fs/fatfs/.git/
build-zephyr	Initialize Zephyr	2026-02-02T16:52:00.3548811Z --- fatfs: fetching, need revision f4ead3bf4a6dab3a07d7b5f5315795c073db568d
build-zephyr	Initialize Zephyr	2026-02-02T16:52:00.9788784Z From https://github.com/zephyrproject-rtos/fatfs
build-zephyr	Initialize Zephyr	2026-02-02T16:52:00.9789565Z  * branch            f4ead3bf4a6dab3a07d7b5f5315795c073db568d -> FETCH_HEAD
build-zephyr	Initialize Zephyr	2026-02-02T16:52:00.9991335Z HEAD is now at f4ead3b zephyr: Bring back accidentally removed disk access window alignment
build-zephyr	Initialize Zephyr	2026-02-02T16:52:01.0103445Z HEAD is now at f4ead3b zephyr: Bring back accidentally removed disk access window alignment
build-zephyr	Initialize Zephyr	2026-02-02T16:52:01.0109970Z === updating hal_adi (modules/hal/adi):
build-zephyr	Initialize Zephyr	2026-02-02T16:52:01.0110662Z --- hal_adi: initializing
build-zephyr	Initialize Zephyr	2026-02-02T16:52:01.0141049Z Initialized empty Git repository in /home/runner/work/udslib/udslib/zephyr-workspace/modules/hal/adi/.git/
build-zephyr	Initialize Zephyr	2026-02-02T16:52:01.0176215Z --- hal_adi: fetching, need revision 4a189d5d2d20267084d9066cd0c4548dd730f809
build-zephyr	Initialize Zephyr	2026-02-02T16:52:02.2539375Z From https://github.com/zephyrproject-rtos/hal_adi
build-zephyr	Initialize Zephyr	2026-02-02T16:52:02.2540132Z  * branch            4a189d5d2d20267084d9066cd0c4548dd730f809 -> FETCH_HEAD
build-zephyr	Initialize Zephyr	2026-02-02T16:52:02.3795042Z HEAD is now at 4a189d5 fix(PeriphDrivers): Don't memset past the end of usn. (#1460)
build-zephyr	Initialize Zephyr	2026-02-02T16:52:02.4845391Z HEAD is now at 4a189d5 fix(PeriphDrivers): Don't memset past the end of usn. (#1460)
build-zephyr	Initialize Zephyr	2026-02-02T16:52:02.4853114Z === updating hal_afbr (modules/hal/afbr):
build-zephyr	Initialize Zephyr	2026-02-02T16:52:02.4853675Z --- hal_afbr: initializing
build-zephyr	Initialize Zephyr	2026-02-02T16:52:02.4886557Z Initialized empty Git repository in /home/runner/work/udslib/udslib/zephyr-workspace/modules/hal/afbr/.git/
build-zephyr	Initialize Zephyr	2026-02-02T16:52:02.4921434Z --- hal_afbr: fetching, need revision 1abf6947457380934e27f92508ec5532ddedfc6d
build-zephyr	Initialize Zephyr	2026-02-02T16:52:02.9183631Z From https://github.com/zephyrproject-rtos/hal_afbr
build-zephyr	Initialize Zephyr	2026-02-02T16:52:02.9184426Z  * branch            1abf6947457380934e27f92508ec5532ddedfc6d -> FETCH_HEAD
build-zephyr	Initialize Zephyr	2026-02-02T16:52:02.9338645Z HEAD is now at 1abf694 blobs: Add pre-compiled library variants for FPU builds
build-zephyr	Initialize Zephyr	2026-02-02T16:52:02.9407669Z HEAD is now at 1abf694 blobs: Add pre-compiled library variants for FPU builds
build-zephyr	Initialize Zephyr	2026-02-02T16:52:02.9413374Z === updating hal_ambiq (modules/hal/ambiq):
build-zephyr	Initialize Zephyr	2026-02-02T16:52:02.9414549Z --- hal_ambiq: initializing
build-zephyr	Initialize Zephyr	2026-02-02T16:52:02.9443365Z Initialized empty Git repository in /home/runner/work/udslib/udslib/zephyr-workspace/modules/hal/ambiq/.git/
build-zephyr	Initialize Zephyr	2026-02-02T16:52:02.9478082Z --- hal_ambiq: fetching, need revision 5efc0228528a8adce5eae0d226fac85d2551eb3b
build-zephyr	Initialize Zephyr	2026-02-02T16:52:05.1329562Z From https://github.com/zephyrproject-rtos/hal_ambiq
build-zephyr	Initialize Zephyr	2026-02-02T16:52:05.1330427Z  * branch            5efc0228528a8adce5eae0d226fac85d2551eb3b -> FETCH_HEAD
build-zephyr	Initialize Zephyr	2026-02-02T16:52:05.3122196Z HEAD is now at 5efc022 Import Apollo510 HAL from AmbiqSuite SDK 5.1.0
build-zephyr	Initialize Zephyr	2026-02-02T16:52:05.5390279Z HEAD is now at 5efc022 Import Apollo510 HAL from AmbiqSuite SDK 5.1.0
build-zephyr	Initialize Zephyr	2026-02-02T16:52:05.5397479Z === updating hal_atmel (modules/hal/atmel):
build-zephyr	Initialize Zephyr	2026-02-02T16:52:05.5398237Z --- hal_atmel: initializing
build-zephyr	Initialize Zephyr	2026-02-02T16:52:05.5431958Z Initialized empty Git repository in /home/runner/work/udslib/udslib/zephyr-workspace/modules/hal/atmel/.git/
build-zephyr	Initialize Zephyr	2026-02-02T16:52:05.5470195Z --- hal_atmel: fetching, need revision 065e57c5013051c8b7f2256271349c6942bd9344
build-zephyr	Initialize Zephyr	2026-02-02T16:52:07.0387736Z From https://github.com/zephyrproject-rtos/hal_atmel
build-zephyr	Initialize Zephyr	2026-02-02T16:52:07.0388254Z  * branch            065e57c5013051c8b7f2256271349c6942bd9344 -> FETCH_HEAD
build-zephyr	Initialize Zephyr	2026-02-02T16:52:07.2507339Z HEAD is now at 065e57c asf: sam: include: sam4l: component: Update tc macros
build-zephyr	Initialize Zephyr	2026-02-02T16:52:07.4972973Z HEAD is now at 065e57c asf: sam: include: sam4l: component: Update tc macros
build-zephyr	Initialize Zephyr	2026-02-02T16:52:07.4981505Z === updating hal_bouffalolab (modules/hal/bouffalolab):
build-zephyr	Initialize Zephyr	2026-02-02T16:52:07.4982428Z --- hal_bouffalolab: initializing
build-zephyr	Initialize Zephyr	2026-02-02T16:52:07.5016833Z Initialized empty Git repository in /home/runner/work/udslib/udslib/zephyr-workspace/modules/hal/bouffalolab/.git/
build-zephyr	Initialize Zephyr	2026-02-02T16:52:07.5054074Z --- hal_bouffalolab: fetching, need revision 6236ecf4224ffb5fe1e3542c0380db951bb14540
build-zephyr	Initialize Zephyr	2026-02-02T16:52:08.4368038Z From https://github.com/zephyrproject-rtos/hal_bouffalolab
build-zephyr	Initialize Zephyr	2026-02-02T16:52:08.4368920Z  * branch            6236ecf4224ffb5fe1e3542c0380db951bb14540 -> FETCH_HEAD
build-zephyr	Initialize Zephyr	2026-02-02T16:52:08.4626204Z HEAD is now at 6236ecf bflb: Add ir regs for bl61x and bl70x
build-zephyr	Initialize Zephyr	2026-02-02T16:52:08.4810249Z HEAD is now at 6236ecf bflb: Add ir regs for bl61x and bl70x
build-zephyr	Initialize Zephyr	2026-02-02T16:52:08.4816788Z === updating hal_espressif (modules/hal/espressif):
build-zephyr	Initialize Zephyr	2026-02-02T16:52:08.4817402Z --- hal_espressif: initializing
build-zephyr	Initialize Zephyr	2026-02-02T16:52:08.4846883Z Initialized empty Git repository in /home/runner/work/udslib/udslib/zephyr-workspace/modules/hal/espressif/.git/
build-zephyr	Initialize Zephyr	2026-02-02T16:52:08.4881288Z --- hal_espressif: fetching, need revision 2e6348fd9534226fc0829915e0c15d780855a012
build-zephyr	Initialize Zephyr	2026-02-02T16:52:11.1213268Z From https://github.com/zephyrproject-rtos/hal_espressif
build-zephyr	Initialize Zephyr	2026-02-02T16:52:11.1213775Z  * branch            2e6348fd9534226fc0829915e0c15d780855a012 -> FETCH_HEAD
build-zephyr	Initialize Zephyr	2026-02-02T16:52:11.4911961Z HEAD is now at 2e6348f port: mcuboot: use upstream watchdog includes
build-zephyr	Initialize Zephyr	2026-02-02T16:52:11.7298082Z HEAD is now at 2e6348f port: mcuboot: use upstream watchdog includes
build-zephyr	Initialize Zephyr	2026-02-02T16:52:11.7306343Z === updating hal_ethos_u (modules/hal/ethos_u):
build-zephyr	Initialize Zephyr	2026-02-02T16:52:11.7307225Z --- hal_ethos_u: initializing
build-zephyr	Initialize Zephyr	2026-02-02T16:52:11.7346287Z Initialized empty Git repository in /home/runner/work/udslib/udslib/zephyr-workspace/modules/hal/ethos_u/.git/
build-zephyr	Initialize Zephyr	2026-02-02T16:52:11.7381179Z --- hal_ethos_u: fetching, need revision 03567073fe2b9802c0bd73f9534da6f8a03924d1
build-zephyr	Initialize Zephyr	2026-02-02T16:52:12.2130330Z From https://github.com/zephyrproject-rtos/hal_ethos_u
build-zephyr	Initialize Zephyr	2026-02-02T16:52:12.2131128Z  * branch            03567073fe2b9802c0bd73f9534da6f8a03924d1 -> FETCH_HEAD
build-zephyr	Initialize Zephyr	2026-02-02T16:52:12.2309585Z HEAD is now at 0356707 Clear interrupt properly in timeout case
build-zephyr	Initialize Zephyr	2026-02-02T16:52:12.2431458Z HEAD is now at 0356707 Clear interrupt properly in timeout case
build-zephyr	Initialize Zephyr	2026-02-02T16:52:12.2438020Z === updating hal_gigadevice (modules/hal/gigadevice):
build-zephyr	Initialize Zephyr	2026-02-02T16:52:12.2438694Z --- hal_gigadevice: initializing
build-zephyr	Initialize Zephyr	2026-02-02T16:52:12.2469660Z Initialized empty Git repository in /home/runner/work/udslib/udslib/zephyr-workspace/modules/hal/gigadevice/.git/
build-zephyr	Initialize Zephyr	2026-02-02T16:52:12.2504820Z --- hal_gigadevice: fetching, need revision ee0e31302c21b2a465dc303b3ced8c606c2167c8
build-zephyr	Initialize Zephyr	2026-02-02T16:52:13.1274477Z From https://github.com/zephyrproject-rtos/hal_gigadevice
build-zephyr	Initialize Zephyr	2026-02-02T16:52:13.1275154Z  * branch            ee0e31302c21b2a465dc303b3ced8c606c2167c8 -> FETCH_HEAD
build-zephyr	Initialize Zephyr	2026-02-02T16:52:13.1913153Z HEAD is now at ee0e313 hal: Fix for Zephyr's recent upgrade to CMSIS 6
build-zephyr	Initialize Zephyr	2026-02-02T16:52:13.2379584Z HEAD is now at ee0e313 hal: Fix for Zephyr's recent upgrade to CMSIS 6
build-zephyr	Initialize Zephyr	2026-02-02T16:52:13.2386851Z === updating hal_infineon (modules/hal/infineon):
build-zephyr	Initialize Zephyr	2026-02-02T16:52:13.2387634Z --- hal_infineon: initializing
build-zephyr	Initialize Zephyr	2026-02-02T16:52:13.2420414Z Initialized empty Git repository in /home/runner/work/udslib/udslib/zephyr-workspace/modules/hal/infineon/.git/
build-zephyr	Initialize Zephyr	2026-02-02T16:52:13.2458528Z --- hal_infineon: fetching, need revision 470f874ce432763a2b82cd322d0ff6efc89240cd
build-zephyr	Initialize Zephyr	2026-02-02T16:52:17.3311110Z From https://github.com/zephyrproject-rtos/hal_infineon
build-zephyr	Initialize Zephyr	2026-02-02T16:52:17.3311771Z  * branch            470f874ce432763a2b82cd322d0ff6efc89240cd -> FETCH_HEAD
build-zephyr	Initialize Zephyr	2026-02-02T16:52:17.8965663Z HEAD is now at 470f874 whd: Remove cyhal includes in Zephyr build
build-zephyr	Initialize Zephyr	2026-02-02T16:52:18.5642122Z HEAD is now at 470f874 whd: Remove cyhal includes in Zephyr build
build-zephyr	Initialize Zephyr	2026-02-02T16:52:18.5650612Z === updating hal_intel (modules/hal/intel):
build-zephyr	Initialize Zephyr	2026-02-02T16:52:18.5651565Z --- hal_intel: initializing
build-zephyr	Initialize Zephyr	2026-02-02T16:52:18.6207972Z Initialized empty Git repository in /home/runner/work/udslib/udslib/zephyr-workspace/modules/hal/intel/.git/
build-zephyr	Initialize Zephyr	2026-02-02T16:52:18.6244897Z --- hal_intel: fetching, need revision 82a33b2de29523d9ce572b3d0110a808665cd3ff
build-zephyr	Initialize Zephyr	2026-02-02T16:52:19.1564957Z From https://github.com/zephyrproject-rtos/hal_intel
build-zephyr	Initialize Zephyr	2026-02-02T16:52:19.1565458Z  * branch            82a33b2de29523d9ce572b3d0110a808665cd3ff -> FETCH_HEAD
build-zephyr	Initialize Zephyr	2026-02-02T16:52:19.1752758Z HEAD is now at 82a33b2 iut: Enable D0i3 and DMA in app overlay dts file
build-zephyr	Initialize Zephyr	2026-02-02T16:52:19.1848095Z HEAD is now at 82a33b2 iut: Enable D0i3 and DMA in app overlay dts file
build-zephyr	Initialize Zephyr	2026-02-02T16:52:19.1854524Z === updating hal_microchip (modules/hal/microchip):
build-zephyr	Initialize Zephyr	2026-02-02T16:52:19.1855469Z --- hal_microchip: initializing
build-zephyr	Initialize Zephyr	2026-02-02T16:52:19.1885220Z Initialized empty Git repository in /home/runner/work/udslib/udslib/zephyr-workspace/modules/hal/microchip/.git/
build-zephyr	Initialize Zephyr	2026-02-02T16:52:19.1920305Z --- hal_microchip: fetching, need revision dbbff4a054d5888c3e8a27096335197a1a8186ca
build-zephyr	Initialize Zephyr	2026-02-02T16:52:20.9492340Z From https://github.com/zephyrproject-rtos/hal_microchip
build-zephyr	Initialize Zephyr	2026-02-02T16:52:20.9492863Z  * branch            dbbff4a054d5888c3e8a27096335197a1a8186ca -> FETCH_HEAD
build-zephyr	Initialize Zephyr	2026-02-02T16:52:21.3334553Z HEAD is now at dbbff4a hal: microchip: pic32c: Update the portd for pic32cxsg
build-zephyr	Initialize Zephyr	2026-02-02T16:52:21.8959538Z HEAD is now at dbbff4a hal: microchip: pic32c: Update the portd for pic32cxsg
build-zephyr	Initialize Zephyr	2026-02-02T16:52:21.8968366Z === updating hal_nordic (modules/hal/nordic):
build-zephyr	Initialize Zephyr	2026-02-02T16:52:21.8969366Z --- hal_nordic: initializing
build-zephyr	Initialize Zephyr	2026-02-02T16:52:21.9010119Z Initialized empty Git repository in /home/runner/work/udslib/udslib/zephyr-workspace/modules/hal/nordic/.git/
build-zephyr	Initialize Zephyr	2026-02-02T16:52:21.9060185Z --- hal_nordic: fetching, need revision daad38f2e9f6c641849010d74fe02ea736d4d921
build-zephyr	Initialize Zephyr	2026-02-02T16:52:23.4044686Z From https://github.com/zephyrproject-rtos/hal_nordic
build-zephyr	Initialize Zephyr	2026-02-02T16:52:23.4045227Z  * branch            daad38f2e9f6c641849010d74fe02ea736d4d921 -> FETCH_HEAD
build-zephyr	Initialize Zephyr	2026-02-02T16:52:23.7994122Z HEAD is now at daad38f nrfx: samples: fix TWIM instance for TX-RX and TX-TX
build-zephyr	Initialize Zephyr	2026-02-02T16:52:24.4402231Z HEAD is now at daad38f nrfx: samples: fix TWIM instance for TX-RX and TX-TX
build-zephyr	Initialize Zephyr	2026-02-02T16:52:24.4409912Z === updating hal_nuvoton (modules/hal/nuvoton):
build-zephyr	Initialize Zephyr	2026-02-02T16:52:24.4410577Z --- hal_nuvoton: initializing
build-zephyr	Initialize Zephyr	2026-02-02T16:52:24.4442988Z Initialized empty Git repository in /home/runner/work/udslib/udslib/zephyr-workspace/modules/hal/nuvoton/.git/
build-zephyr	Initialize Zephyr	2026-02-02T16:52:24.4479673Z --- hal_nuvoton: fetching, need revision 8f1bf948a94cf59926ea7b686985e1d6c6f954c7
build-zephyr	Initialize Zephyr	2026-02-02T16:52:25.6364711Z From https://github.com/zephyrproject-rtos/hal_nuvoton
build-zephyr	Initialize Zephyr	2026-02-02T16:52:25.6365213Z  * branch            8f1bf948a94cf59926ea7b686985e1d6c6f954c7 -> FETCH_HEAD
build-zephyr	Initialize Zephyr	2026-02-02T16:52:25.7652759Z HEAD is now at 8f1bf94 hal: nuvoton: m55m1: removed SCB->VTOR setting in SystemInit
build-zephyr	Initialize Zephyr	2026-02-02T16:52:25.8881167Z HEAD is now at 8f1bf94 hal: nuvoton: m55m1: removed SCB->VTOR setting in SystemInit
build-zephyr	Initialize Zephyr	2026-02-02T16:52:25.8888225Z === updating hal_nxp (modules/hal/nxp):
build-zephyr	Initialize Zephyr	2026-02-02T16:52:25.8888915Z --- hal_nxp: initializing
build-zephyr	Initialize Zephyr	2026-02-02T16:52:25.8920330Z Initialized empty Git repository in /home/runner/work/udslib/udslib/zephyr-workspace/modules/hal/nxp/.git/
build-zephyr	Initialize Zephyr	2026-02-02T16:52:25.8957219Z --- hal_nxp: fetching, need revision 683b4077c6760ece043e55bb2d7dc9d1996c7ffd
build-zephyr	Initialize Zephyr	2026-02-02T16:52:38.5555540Z From https://github.com/zephyrproject-rtos/hal_nxp
build-zephyr	Initialize Zephyr	2026-02-02T16:52:38.5556160Z  * branch            683b4077c6760ece043e55bb2d7dc9d1996c7ffd -> FETCH_HEAD
build-zephyr	Initialize Zephyr	2026-02-02T16:52:40.6822842Z HEAD is now at 683b407 hal_nxp: mcux-sdk-ng: mcxa: add PWM WAITEN bitfield support
build-zephyr	Initialize Zephyr	2026-02-02T16:52:41.5126985Z HEAD is now at 683b407 hal_nxp: mcux-sdk-ng: mcxa: add PWM WAITEN bitfield support
build-zephyr	Initialize Zephyr	2026-02-02T16:52:41.5136690Z === updating hal_openisa (modules/hal/openisa):
build-zephyr	Initialize Zephyr	2026-02-02T16:52:41.5137414Z --- hal_openisa: initializing
build-zephyr	Initialize Zephyr	2026-02-02T16:52:41.5170944Z Initialized empty Git repository in /home/runner/work/udslib/udslib/zephyr-workspace/modules/hal/openisa/.git/
build-zephyr	Initialize Zephyr	2026-02-02T16:52:41.5206586Z --- hal_openisa: fetching, need revision eabd530a64d71de91d907bad257cd61aacf607bc
build-zephyr	Initialize Zephyr	2026-02-02T16:52:42.1067868Z From https://github.com/zephyrproject-rtos/hal_openisa
build-zephyr	Initialize Zephyr	2026-02-02T16:52:42.1068550Z  * branch            eabd530a64d71de91d907bad257cd61aacf607bc -> FETCH_HEAD
build-zephyr	Initialize Zephyr	2026-02-02T16:52:42.1381579Z HEAD is now at eabd530 fix-double-promotion in fsl_xcvr_trim
build-zephyr	Initialize Zephyr	2026-02-02T16:52:42.1621304Z HEAD is now at eabd530 fix-double-promotion in fsl_xcvr_trim
build-zephyr	Initialize Zephyr	2026-02-02T16:52:42.1627460Z === updating hal_quicklogic (modules/hal/quicklogic):
build-zephyr	Initialize Zephyr	2026-02-02T16:52:42.1628148Z --- hal_quicklogic: initializing
build-zephyr	Initialize Zephyr	2026-02-02T16:52:42.1658174Z Initialized empty Git repository in /home/runner/work/udslib/udslib/zephyr-workspace/modules/hal/quicklogic/.git/
build-zephyr	Initialize Zephyr	2026-02-02T16:52:42.1692851Z --- hal_quicklogic: fetching, need revision bad894440fe72c814864798c8e3a76d13edffb6c
build-zephyr	Initialize Zephyr	2026-02-02T16:52:42.6167338Z From https://github.com/zephyrproject-rtos/hal_quicklogic
build-zephyr	Initialize Zephyr	2026-02-02T16:52:42.6168325Z  * branch            bad894440fe72c814864798c8e3a76d13edffb6c -> FETCH_HEAD
build-zephyr	Initialize Zephyr	2026-02-02T16:52:42.6309222Z HEAD is now at bad8944 HAL: eoss3_dev: add missing `__cplusplus` handling
build-zephyr	Initialize Zephyr	2026-02-02T16:52:42.6372821Z HEAD is now at bad8944 HAL: eoss3_dev: add missing `__cplusplus` handling
build-zephyr	Initialize Zephyr	2026-02-02T16:52:42.6379155Z === updating hal_realtek (modules/hal/realtek):
build-zephyr	Initialize Zephyr	2026-02-02T16:52:42.6379882Z --- hal_realtek: initializing
build-zephyr	Initialize Zephyr	2026-02-02T16:52:42.6410931Z Initialized empty Git repository in /home/runner/work/udslib/udslib/zephyr-workspace/modules/hal/realtek/.git/
build-zephyr	Initialize Zephyr	2026-02-02T16:52:42.6446171Z --- hal_realtek: fetching, need revision 4f8703eb110220e3a98c7e883f672a575679b9e8
build-zephyr	Initialize Zephyr	2026-02-02T16:52:43.2136559Z From https://github.com/zephyrproject-rtos/hal_realtek
build-zephyr	Initialize Zephyr	2026-02-02T16:52:43.2137080Z  * branch            4f8703eb110220e3a98c7e883f672a575679b9e8 -> FETCH_HEAD
build-zephyr	Initialize Zephyr	2026-02-02T16:52:43.2489463Z HEAD is now at 4f8703e hal: realtek: add support for amebad
build-zephyr	Initialize Zephyr	2026-02-02T16:52:43.2683593Z HEAD is now at 4f8703e hal: realtek: add support for amebad
build-zephyr	Initialize Zephyr	2026-02-02T16:52:43.2690094Z === updating hal_renesas (modules/hal/renesas):
build-zephyr	Initialize Zephyr	2026-02-02T16:52:43.2690740Z --- hal_renesas: initializing
build-zephyr	Initialize Zephyr	2026-02-02T16:52:43.2721421Z Initialized empty Git repository in /home/runner/work/udslib/udslib/zephyr-workspace/modules/hal/renesas/.git/
build-zephyr	Initialize Zephyr	2026-02-02T16:52:43.2756788Z --- hal_renesas: fetching, need revision 14f3c2bdd307009eaf9520cdfda2cbabb81e8d10
build-zephyr	Initialize Zephyr	2026-02-02T16:52:45.6640288Z From https://github.com/zephyrproject-rtos/hal_renesas
build-zephyr	Initialize Zephyr	2026-02-02T16:52:45.6640923Z  * branch            14f3c2bdd307009eaf9520cdfda2cbabb81e8d10 -> FETCH_HEAD
build-zephyr	Initialize Zephyr	2026-02-02T16:52:46.1008780Z HEAD is now at 14f3c2b hal: renesas: ra: add portable patch to disable C-CACHE on CPU1/CM33
build-zephyr	Initialize Zephyr	2026-02-02T16:52:46.2422145Z HEAD is now at 14f3c2b hal: renesas: ra: add portable patch to disable C-CACHE on CPU1/CM33
build-zephyr	Initialize Zephyr	2026-02-02T16:52:46.2433433Z === updating hal_rpi_pico (modules/hal/rpi_pico):
build-zephyr	Initialize Zephyr	2026-02-02T16:52:46.2434811Z --- hal_rpi_pico: initializing
build-zephyr	Initialize Zephyr	2026-02-02T16:52:46.4350996Z Initialized empty Git repository in /home/runner/work/udslib/udslib/zephyr-workspace/modules/hal/rpi_pico/.git/
build-zephyr	Initialize Zephyr	2026-02-02T16:52:46.6023214Z --- hal_rpi_pico: fetching, need revision 562b41e10a1d8b1a761b253b107c5c6a84cf4535
build-zephyr	Initialize Zephyr	2026-02-02T16:52:47.6373434Z From https://github.com/zephyrproject-rtos/hal_rpi_pico
build-zephyr	Initialize Zephyr	2026-02-02T16:52:47.6374399Z  * branch            562b41e10a1d8b1a761b253b107c5c6a84cf4535 -> FETCH_HEAD
build-zephyr	Initialize Zephyr	2026-02-02T16:52:47.7937781Z HEAD is now at 562b41e Fixed the flash writing bug on RP2040 caused by `flash_cs_force`
build-zephyr	Initialize Zephyr	2026-02-02T16:52:47.8904533Z HEAD is now at 562b41e Fixed the flash writing bug on RP2040 caused by `flash_cs_force`
build-zephyr	Initialize Zephyr	2026-02-02T16:52:47.8914116Z === updating hal_sifli (modules/hal/sifli):
build-zephyr	Initialize Zephyr	2026-02-02T16:52:47.8915253Z --- hal_sifli: initializing
build-zephyr	Initialize Zephyr	2026-02-02T16:52:47.9841787Z Initialized empty Git repository in /home/runner/work/udslib/udslib/zephyr-workspace/modules/hal/sifli/.git/
build-zephyr	Initialize Zephyr	2026-02-02T16:52:48.0992434Z --- hal_sifli: fetching, need revision 86fa0e9433fda1a760e0077c19b8407ecceea2f9
build-zephyr	Initialize Zephyr	2026-02-02T16:52:48.9277721Z From https://github.com/zephyrproject-rtos/hal_sifli
build-zephyr	Initialize Zephyr	2026-02-02T16:52:48.9278564Z  * branch            86fa0e9433fda1a760e0077c19b8407ecceea2f9 -> FETCH_HEAD
build-zephyr	Initialize Zephyr	2026-02-02T16:52:48.9629876Z HEAD is now at 86fa0e9 Add options for no LCPU patch support.
build-zephyr	Initialize Zephyr	2026-02-02T16:52:48.9876070Z HEAD is now at 86fa0e9 Add options for no LCPU patch support.
build-zephyr	Initialize Zephyr	2026-02-02T16:52:48.9882536Z === updating hal_silabs (modules/hal/silabs):
build-zephyr	Initialize Zephyr	2026-02-02T16:52:48.9883266Z --- hal_silabs: initializing
build-zephyr	Initialize Zephyr	2026-02-02T16:52:48.9911737Z Initialized empty Git repository in /home/runner/work/udslib/udslib/zephyr-workspace/modules/hal/silabs/.git/
build-zephyr	Initialize Zephyr	2026-02-02T16:52:48.9947418Z --- hal_silabs: fetching, need revision 8a4c8d3572731757a0a8d9c66cda27bb9343b588
build-zephyr	Initialize Zephyr	2026-02-02T16:52:53.0365527Z From https://github.com/zephyrproject-rtos/hal_silabs
build-zephyr	Initialize Zephyr	2026-02-02T16:52:53.0366200Z  * branch            8a4c8d3572731757a0a8d9c66cda27bb9343b588 -> FETCH_HEAD
build-zephyr	Initialize Zephyr	2026-02-02T16:52:53.6126023Z HEAD is now at 8a4c8d3 wiseconnect: Ensure main CPU does not access to the flash
build-zephyr	Initialize Zephyr	2026-02-02T16:52:54.4841701Z HEAD is now at 8a4c8d3 wiseconnect: Ensure main CPU does not access to the flash
build-zephyr	Initialize Zephyr	2026-02-02T16:52:54.4849914Z === updating hal_st (modules/hal/st):
build-zephyr	Initialize Zephyr	2026-02-02T16:52:54.4850756Z --- hal_st: initializing
build-zephyr	Initialize Zephyr	2026-02-02T16:52:54.4884219Z Initialized empty Git repository in /home/runner/work/udslib/udslib/zephyr-workspace/modules/hal/st/.git/
build-zephyr	Initialize Zephyr	2026-02-02T16:52:54.4920104Z --- hal_st: fetching, need revision 6d963459acecfd2f9748ab506385a3188d8768f0
build-zephyr	Initialize Zephyr	2026-02-02T16:52:56.1668093Z From https://github.com/zephyrproject-rtos/hal_st
build-zephyr	Initialize Zephyr	2026-02-02T16:52:56.1669751Z  * branch            6d963459acecfd2f9748ab506385a3188d8768f0 -> FETCH_HEAD
build-zephyr	Initialize Zephyr	2026-02-02T16:52:56.2339387Z HEAD is now at 6d96345 Release STdC version v2.11.2
build-zephyr	Initialize Zephyr	2026-02-02T16:52:56.2910143Z HEAD is now at 6d96345 Release STdC version v2.11.2
build-zephyr	Initialize Zephyr	2026-02-02T16:52:56.2917395Z === updating hal_stm32 (modules/hal/stm32):
build-zephyr	Initialize Zephyr	2026-02-02T16:52:56.2918203Z --- hal_stm32: initializing
build-zephyr	Initialize Zephyr	2026-02-02T16:52:56.2951481Z Initialized empty Git repository in /home/runner/work/udslib/udslib/zephyr-workspace/modules/hal/stm32/.git/
build-zephyr	Initialize Zephyr	2026-02-02T16:52:56.2989779Z --- hal_stm32: fetching, need revision e05bb4707857ecf4344c29a9407aaa4227407546
build-zephyr	Initialize Zephyr	2026-02-02T16:53:16.5353659Z From https://github.com/zephyrproject-rtos/hal_stm32
build-zephyr	Initialize Zephyr	2026-02-02T16:53:16.5354610Z  * branch            e05bb4707857ecf4344c29a9407aaa4227407546 -> FETCH_HEAD
build-zephyr	Initialize Zephyr	2026-02-02T16:53:18.3119334Z HEAD is now at e05bb47 stm32cube: stm32wb0x: drivers: Fix HAL radio timer for WB07/WB05
build-zephyr	Initialize Zephyr	2026-02-02T16:53:18.7527002Z HEAD is now at e05bb47 stm32cube: stm32wb0x: drivers: Fix HAL radio timer for WB07/WB05
build-zephyr	Initialize Zephyr	2026-02-02T16:53:18.7535595Z === updating hal_tdk (modules/hal/tdk):
build-zephyr	Initialize Zephyr	2026-02-02T16:53:18.7536349Z --- hal_tdk: initializing
build-zephyr	Initialize Zephyr	2026-02-02T16:53:18.7569500Z Initialized empty Git repository in /home/runner/work/udslib/udslib/zephyr-workspace/modules/hal/tdk/.git/
build-zephyr	Initialize Zephyr	2026-02-02T16:53:18.7606837Z --- hal_tdk: fetching, need revision 60708f2c7bf078bc9cc3a7737ef955ec572c23e2
build-zephyr	Initialize Zephyr	2026-02-02T16:53:19.2480544Z From https://github.com/zephyrproject-rtos/hal_tdk
build-zephyr	Initialize Zephyr	2026-02-02T16:53:19.2481040Z  * branch            60708f2c7bf078bc9cc3a7737ef955ec572c23e2 -> FETCH_HEAD
build-zephyr	Initialize Zephyr	2026-02-02T16:53:19.2650921Z HEAD is now at 60708f2 Update Xian driver version to 3.3.0-test2 (#17)
build-zephyr	Initialize Zephyr	2026-02-02T16:53:19.2727970Z HEAD is now at 60708f2 Update Xian driver version to 3.3.0-test2 (#17)
build-zephyr	Initialize Zephyr	2026-02-02T16:53:19.2734849Z === updating hal_telink (modules/hal/telink):
build-zephyr	Initialize Zephyr	2026-02-02T16:53:19.2735205Z --- hal_telink: initializing
build-zephyr	Initialize Zephyr	2026-02-02T16:53:19.2764420Z Initialized empty Git repository in /home/runner/work/udslib/udslib/zephyr-workspace/modules/hal/telink/.git/
build-zephyr	Initialize Zephyr	2026-02-02T16:53:19.2801193Z --- hal_telink: fetching, need revision 4226c7fc17d5a34e557d026d428fc766191a0800
build-zephyr	Initialize Zephyr	2026-02-02T16:53:19.8425091Z From https://github.com/zephyrproject-rtos/hal_telink
build-zephyr	Initialize Zephyr	2026-02-02T16:53:19.8425749Z  * branch            4226c7fc17d5a34e557d026d428fc766191a0800 -> FETCH_HEAD
build-zephyr	Initialize Zephyr	2026-02-02T16:53:19.8637366Z HEAD is now at 4226c7f drivers: Disable BLE support
build-zephyr	Initialize Zephyr	2026-02-02T16:53:19.8734323Z HEAD is now at 4226c7f drivers: Disable BLE support
build-zephyr	Initialize Zephyr	2026-02-02T16:53:19.8740442Z === updating hal_ti (modules/hal/ti):
build-zephyr	Initialize Zephyr	2026-02-02T16:53:19.8741173Z --- hal_ti: initializing
build-zephyr	Initialize Zephyr	2026-02-02T16:53:19.8770929Z Initialized empty Git repository in /home/runner/work/udslib/udslib/zephyr-workspace/modules/hal/ti/.git/
build-zephyr	Initialize Zephyr	2026-02-02T16:53:19.8805673Z --- hal_ti: fetching, need revision b141deb61a34e257afa16381c5d25e2f3d56d5a5
build-zephyr	Initialize Zephyr	2026-02-02T16:53:21.3546895Z From https://github.com/zephyrproject-rtos/hal_ti
build-zephyr	Initialize Zephyr	2026-02-02T16:53:21.3547407Z  * branch            b141deb61a34e257afa16381c5d25e2f3d56d5a5 -> FETCH_HEAD
build-zephyr	Initialize Zephyr	2026-02-02T16:53:21.5235625Z HEAD is now at b141deb hal: ti: mspm0: fix unconditional directory inclusion
build-zephyr	Initialize Zephyr	2026-02-02T16:53:21.6664184Z HEAD is now at b141deb hal: ti: mspm0: fix unconditional directory inclusion
build-zephyr	Initialize Zephyr	2026-02-02T16:53:21.6671729Z === updating hal_wch (modules/hal/wch):
build-zephyr	Initialize Zephyr	2026-02-02T16:53:21.6672766Z --- hal_wch: initializing
build-zephyr	Initialize Zephyr	2026-02-02T16:53:21.6706926Z Initialized empty Git repository in /home/runner/work/udslib/udslib/zephyr-workspace/modules/hal/wch/.git/
build-zephyr	Initialize Zephyr	2026-02-02T16:53:21.6743341Z --- hal_wch: fetching, need revision 6dd313768b5f4cc69baeac4ce6e59f2038eb8ce5
build-zephyr	Initialize Zephyr	2026-02-02T16:53:22.1447234Z From https://github.com/zephyrproject-rtos/hal_wch
build-zephyr	Initialize Zephyr	2026-02-02T16:53:22.1447743Z  * branch            6dd313768b5f4cc69baeac4ce6e59f2038eb8ce5 -> FETCH_HEAD
build-zephyr	Initialize Zephyr	2026-02-02T16:53:22.1636055Z HEAD is now at 6dd3137 hal: wch: update the HAL to pull in CH32V00x support
build-zephyr	Initialize Zephyr	2026-02-02T16:53:22.1754735Z HEAD is now at 6dd3137 hal: wch: update the HAL to pull in CH32V00x support
build-zephyr	Initialize Zephyr	2026-02-02T16:53:22.1761235Z === updating hal_wurthelektronik (modules/hal/wurthelektronik):
build-zephyr	Initialize Zephyr	2026-02-02T16:53:22.1762134Z --- hal_wurthelektronik: initializing
build-zephyr	Initialize Zephyr	2026-02-02T16:53:22.1791708Z Initialized empty Git repository in /home/runner/work/udslib/udslib/zephyr-workspace/modules/hal/wurthelektronik/.git/
build-zephyr	Initialize Zephyr	2026-02-02T16:53:22.1827148Z --- hal_wurthelektronik: fetching, need revision 7c1297ea071d03289112eb24e789c89c7095c0a2
build-zephyr	Initialize Zephyr	2026-02-02T16:53:22.6154417Z From https://github.com/zephyrproject-rtos/hal_wurthelektronik
build-zephyr	Initialize Zephyr	2026-02-02T16:53:22.6154954Z  * branch            7c1297ea071d03289112eb24e789c89c7095c0a2 -> FETCH_HEAD
build-zephyr	Initialize Zephyr	2026-02-02T16:53:22.6310732Z HEAD is now at 7c1297e Remove warnings
build-zephyr	Initialize Zephyr	2026-02-02T16:53:22.6388653Z HEAD is now at 7c1297e Remove warnings
build-zephyr	Initialize Zephyr	2026-02-02T16:53:22.6395636Z === updating hal_xtensa (modules/hal/xtensa):
build-zephyr	Initialize Zephyr	2026-02-02T16:53:22.6396273Z --- hal_xtensa: initializing
build-zephyr	Initialize Zephyr	2026-02-02T16:53:22.6425231Z Initialized empty Git repository in /home/runner/work/udslib/udslib/zephyr-workspace/modules/hal/xtensa/.git/
build-zephyr	Initialize Zephyr	2026-02-02T16:53:22.6461109Z --- hal_xtensa: fetching, need revision 3cc9e3a9360be5c96c956dce84064b85439b6769
build-zephyr	Initialize Zephyr	2026-02-02T16:53:23.2255450Z From https://github.com/zephyrproject-rtos/hal_xtensa
build-zephyr	Initialize Zephyr	2026-02-02T16:53:23.2256246Z  * branch            3cc9e3a9360be5c96c956dce84064b85439b6769 -> FETCH_HEAD
build-zephyr	Initialize Zephyr	2026-02-02T16:53:23.2535194Z HEAD is now at 3cc9e3a zephyr: add SoC layer for intel_ace40
build-zephyr	Initialize Zephyr	2026-02-02T16:53:23.2705726Z HEAD is now at 3cc9e3a zephyr: add SoC layer for intel_ace40
build-zephyr	Initialize Zephyr	2026-02-02T16:53:23.2712778Z === updating hostap (modules/lib/hostap):
build-zephyr	Initialize Zephyr	2026-02-02T16:53:23.2713577Z --- hostap: initializing
build-zephyr	Initialize Zephyr	2026-02-02T16:53:23.2750948Z Initialized empty Git repository in /home/runner/work/udslib/udslib/zephyr-workspace/modules/lib/hostap/.git/
build-zephyr	Initialize Zephyr	2026-02-02T16:53:23.2788310Z --- hostap: fetching, need revision 7c5d886f4b1afd6d00192e346268f03f5f44354c
build-zephyr	Initialize Zephyr	2026-02-02T16:53:24.7008609Z From https://github.com/zephyrproject-rtos/hostap
build-zephyr	Initialize Zephyr	2026-02-02T16:53:24.9325347Z  * branch            7c5d886f4b1afd6d00192e346268f03f5f44354c -> FETCH_HEAD
build-zephyr	Initialize Zephyr	2026-02-02T16:53:24.9326553Z HEAD is now at 7c5d886 [noup] zephyr: fix DPP remain_on_channel wait timeout
build-zephyr	Initialize Zephyr	2026-02-02T16:53:25.0460049Z HEAD is now at 7c5d886 [noup] zephyr: fix DPP remain_on_channel wait timeout
build-zephyr	Initialize Zephyr	2026-02-02T16:53:25.0469761Z === updating liblc3 (modules/lib/liblc3):
build-zephyr	Initialize Zephyr	2026-02-02T16:53:25.0470861Z --- liblc3: initializing
build-zephyr	Initialize Zephyr	2026-02-02T16:53:25.0972874Z Initialized empty Git repository in /home/runner/work/udslib/udslib/zephyr-workspace/modules/lib/liblc3/.git/
build-zephyr	Initialize Zephyr	2026-02-02T16:53:25.1495385Z --- liblc3: fetching, need revision 48bbd3eacd36e99a57317a0a4867002e0b09e183
build-zephyr	Initialize Zephyr	2026-02-02T16:53:26.0882925Z From https://github.com/zephyrproject-rtos/liblc3
build-zephyr	Initialize Zephyr	2026-02-02T16:53:26.0884794Z  * branch            48bbd3eacd36e99a57317a0a4867002e0b09e183 -> FETCH_HEAD
build-zephyr	Initialize Zephyr	2026-02-02T16:53:26.1840365Z HEAD is now at 48bbd3e Rename lc3 python package to lc3py, and bump version to 1.1.2
build-zephyr	Initialize Zephyr	2026-02-02T16:53:26.2955467Z HEAD is now at 48bbd3e Rename lc3 python package to lc3py, and bump version to 1.1.2
build-zephyr	Initialize Zephyr	2026-02-02T16:53:26.2964867Z === updating libmctp (modules/lib/libmctp):
build-zephyr	Initialize Zephyr	2026-02-02T16:53:26.2965985Z --- libmctp: initializing
build-zephyr	Initialize Zephyr	2026-02-02T16:53:26.4426944Z Initialized empty Git repository in /home/runner/work/udslib/udslib/zephyr-workspace/modules/lib/libmctp/.git/
build-zephyr	Initialize Zephyr	2026-02-02T16:53:26.5404828Z --- libmctp: fetching, need revision b97860e78998551af99931ece149eeffc538bdb1
build-zephyr	Initialize Zephyr	2026-02-02T16:53:26.9770270Z From https://github.com/zephyrproject-rtos/libmctp
build-zephyr	Initialize Zephyr	2026-02-02T16:53:26.9771016Z  * branch            b97860e78998551af99931ece149eeffc538bdb1 -> FETCH_HEAD
build-zephyr	Initialize Zephyr	2026-02-02T16:53:26.9928888Z HEAD is now at b97860e build MCTP zephyr library only when CONFIG_MCTP is enabled
build-zephyr	Initialize Zephyr	2026-02-02T16:53:26.9996615Z HEAD is now at b97860e build MCTP zephyr library only when CONFIG_MCTP is enabled
build-zephyr	Initialize Zephyr	2026-02-02T16:53:27.0002316Z === updating libmetal (modules/hal/libmetal):
build-zephyr	Initialize Zephyr	2026-02-02T16:53:27.0003065Z --- libmetal: initializing
build-zephyr	Initialize Zephyr	2026-02-02T16:53:27.0033724Z Initialized empty Git repository in /home/runner/work/udslib/udslib/zephyr-workspace/modules/hal/libmetal/.git/
build-zephyr	Initialize Zephyr	2026-02-02T16:53:27.0071739Z --- libmetal: fetching, need revision 66e084293b2a7ced5a73fbd247deddba8915883a
build-zephyr	Initialize Zephyr	2026-02-02T16:53:27.4546059Z From https://github.com/zephyrproject-rtos/libmetal
build-zephyr	Initialize Zephyr	2026-02-02T16:53:27.4546575Z  * branch            66e084293b2a7ced5a73fbd247deddba8915883a -> FETCH_HEAD
build-zephyr	Initialize Zephyr	2026-02-02T16:53:27.4733453Z HEAD is now at 66e0842 lib: update libmetal to release v2025.10.0
build-zephyr	Initialize Zephyr	2026-02-02T16:53:27.4820384Z HEAD is now at 66e0842 lib: update libmetal to release v2025.10.0
build-zephyr	Initialize Zephyr	2026-02-02T16:53:27.4827104Z === updating libsbc (modules/lib/libsbc):
build-zephyr	Initialize Zephyr	2026-02-02T16:53:27.4827790Z --- libsbc: initializing
build-zephyr	Initialize Zephyr	2026-02-02T16:53:27.4859964Z Initialized empty Git repository in /home/runner/work/udslib/udslib/zephyr-workspace/modules/lib/libsbc/.git/
build-zephyr	Initialize Zephyr	2026-02-02T16:53:27.4897072Z --- libsbc: fetching, need revision 8e1beda02acb8972e29e6edbb423f7cafe16e445
build-zephyr	Initialize Zephyr	2026-02-02T16:53:27.9290706Z From https://github.com/zephyrproject-rtos/libsbc
build-zephyr	Initialize Zephyr	2026-02-02T16:53:27.9291513Z  * branch            8e1beda02acb8972e29e6edbb423f7cafe16e445 -> FETCH_HEAD
build-zephyr	Initialize Zephyr	2026-02-02T16:53:27.9447421Z HEAD is now at 8e1beda first version
build-zephyr	Initialize Zephyr	2026-02-02T16:53:27.9515894Z HEAD is now at 8e1beda first version
build-zephyr	Initialize Zephyr	2026-02-02T16:53:27.9521762Z === updating littlefs (modules/fs/littlefs):
build-zephyr	Initialize Zephyr	2026-02-02T16:53:27.9522451Z --- littlefs: initializing
build-zephyr	Initialize Zephyr	2026-02-02T16:53:27.9553601Z Initialized empty Git repository in /home/runner/work/udslib/udslib/zephyr-workspace/modules/fs/littlefs/.git/
build-zephyr	Initialize Zephyr	2026-02-02T16:53:27.9590299Z --- littlefs: fetching, need revision 8f5ca347843363882619d8f96c00d8dbd88a8e79
build-zephyr	Initialize Zephyr	2026-02-02T16:53:28.5290478Z From https://github.com/zephyrproject-rtos/littlefs
build-zephyr	Initialize Zephyr	2026-02-02T16:53:28.5291407Z  * branch            8f5ca347843363882619d8f96c00d8dbd88a8e79 -> FETCH_HEAD
build-zephyr	Initialize Zephyr	2026-02-02T16:53:28.5505941Z HEAD is now at 8f5ca34 Merge pull request #19 from mkaranki/update-to-v2.10.2
build-zephyr	Initialize Zephyr	2026-02-02T16:53:28.5619470Z HEAD is now at 8f5ca34 Merge pull request #19 from mkaranki/update-to-v2.10.2
build-zephyr	Initialize Zephyr	2026-02-02T16:53:28.5625606Z === updating lora-basics-modem (modules/lib/lora-basics-modem):
build-zephyr	Initialize Zephyr	2026-02-02T16:53:28.5626397Z --- lora-basics-modem: initializing
build-zephyr	Initialize Zephyr	2026-02-02T16:53:28.5657115Z Initialized empty Git repository in /home/runner/work/udslib/udslib/zephyr-workspace/modules/lib/lora-basics-modem/.git/
build-zephyr	Initialize Zephyr	2026-02-02T16:53:28.5693177Z --- lora-basics-modem: fetching, need revision a8ddc544043e72807cf7db532478e1dda734ae7c
build-zephyr	Initialize Zephyr	2026-02-02T16:53:29.7084069Z From https://github.com/zephyrproject-rtos/lora-basics-modem
build-zephyr	Initialize Zephyr	2026-02-02T16:53:29.7085196Z  * branch            a8ddc544043e72807cf7db532478e1dda734ae7c -> FETCH_HEAD
build-zephyr	Initialize Zephyr	2026-02-02T16:53:30.0314588Z HEAD is now at a8ddc54 Release v4.9.0
build-zephyr	Initialize Zephyr	2026-02-02T16:53:30.0634815Z HEAD is now at a8ddc54 Release v4.9.0
build-zephyr	Initialize Zephyr	2026-02-02T16:53:30.0642763Z === updating loramac-node (modules/lib/loramac-node):
build-zephyr	Initialize Zephyr	2026-02-02T16:53:30.0643625Z --- loramac-node: initializing
build-zephyr	Initialize Zephyr	2026-02-02T16:53:30.0677178Z Initialized empty Git repository in /home/runner/work/udslib/udslib/zephyr-workspace/modules/lib/loramac-node/.git/
build-zephyr	Initialize Zephyr	2026-02-02T16:53:30.0720003Z --- loramac-node: fetching, need revision fb00b383072518c918e2258b0916c996f2d4eebe
build-zephyr	Initialize Zephyr	2026-02-02T16:53:30.7336984Z From https://github.com/zephyrproject-rtos/loramac-node
build-zephyr	Initialize Zephyr	2026-02-02T16:53:30.7337782Z  * branch            fb00b383072518c918e2258b0916c996f2d4eebe -> FETCH_HEAD
build-zephyr	Initialize Zephyr	2026-02-02T16:53:30.8869605Z HEAD is now at fb00b38 zephyr: configure FragDecoder using Kconfig
build-zephyr	Initialize Zephyr	2026-02-02T16:53:31.0183009Z HEAD is now at fb00b38 zephyr: configure FragDecoder using Kconfig
build-zephyr	Initialize Zephyr	2026-02-02T16:53:31.0190686Z === updating lvgl (modules/lib/gui/lvgl):
build-zephyr	Initialize Zephyr	2026-02-02T16:53:31.0191294Z --- lvgl: initializing
build-zephyr	Initialize Zephyr	2026-02-02T16:53:31.0225125Z Initialized empty Git repository in /home/runner/work/udslib/udslib/zephyr-workspace/modules/lib/gui/lvgl/.git/
build-zephyr	Initialize Zephyr	2026-02-02T16:53:31.0264300Z --- lvgl: fetching, need revision 94ae6c0535aa6ac4b08a75f4ae2c3a08cacb5c41
build-zephyr	Initialize Zephyr	2026-02-02T16:53:41.8141196Z From https://github.com/zephyrproject-rtos/lvgl
build-zephyr	Initialize Zephyr	2026-02-02T16:53:41.8141829Z  * branch            94ae6c0535aa6ac4b08a75f4ae2c3a08cacb5c41 -> FETCH_HEAD
build-zephyr	Initialize Zephyr	2026-02-02T16:53:42.6202990Z HEAD is now at 94ae6c0 feat(canvas): add api to skip canvas invalidation when setting pixel (#9592)
build-zephyr	Initialize Zephyr	2026-02-02T16:53:42.9982181Z HEAD is now at 94ae6c0 feat(canvas): add api to skip canvas invalidation when setting pixel (#9592)
build-zephyr	Initialize Zephyr	2026-02-02T16:53:42.9991147Z === updating mbedtls (modules/crypto/mbedtls):
build-zephyr	Initialize Zephyr	2026-02-02T16:53:42.9991885Z --- mbedtls: initializing
build-zephyr	Initialize Zephyr	2026-02-02T16:53:43.0024561Z Initialized empty Git repository in /home/runner/work/udslib/udslib/zephyr-workspace/modules/crypto/mbedtls/.git/
build-zephyr	Initialize Zephyr	2026-02-02T16:53:43.0063210Z --- mbedtls: fetching, need revision c5b06d89c9c498d8fc8659ce31f7e53137b6270f
build-zephyr	Initialize Zephyr	2026-02-02T16:53:43.7925078Z From https://github.com/zephyrproject-rtos/mbedtls
build-zephyr	Initialize Zephyr	2026-02-02T16:53:43.7925604Z  * branch            c5b06d89c9c498d8fc8659ce31f7e53137b6270f -> FETCH_HEAD
build-zephyr	Initialize Zephyr	2026-02-02T16:53:43.9910219Z HEAD is now at c5b06d8 [zep noup] document the additional patches
build-zephyr	Initialize Zephyr	2026-02-02T16:53:44.1417513Z HEAD is now at c5b06d8 [zep noup] document the additional patches
build-zephyr	Initialize Zephyr	2026-02-02T16:53:44.1425501Z === updating mcuboot (bootloader/mcuboot):
build-zephyr	Initialize Zephyr	2026-02-02T16:53:44.1426368Z --- mcuboot: initializing
build-zephyr	Initialize Zephyr	2026-02-02T16:53:44.1459679Z Initialized empty Git repository in /home/runner/work/udslib/udslib/zephyr-workspace/bootloader/mcuboot/.git/
build-zephyr	Initialize Zephyr	2026-02-02T16:53:44.1497165Z --- mcuboot: fetching, need revision cb6e4ceaacd4dfe1e3cdeb92c7f5680f62967837
build-zephyr	Initialize Zephyr	2026-02-02T16:53:44.7982914Z From https://github.com/zephyrproject-rtos/mcuboot
build-zephyr	Initialize Zephyr	2026-02-02T16:53:44.7983448Z  * branch            cb6e4ceaacd4dfe1e3cdeb92c7f5680f62967837 -> FETCH_HEAD
build-zephyr	Initialize Zephyr	2026-02-02T16:53:44.8617428Z HEAD is now at cb6e4ce docs: release-notes: Add note on zephyr sysbuild rework
build-zephyr	Initialize Zephyr	2026-02-02T16:53:44.8925006Z HEAD is now at cb6e4ce docs: release-notes: Add note on zephyr sysbuild rework
build-zephyr	Initialize Zephyr	2026-02-02T16:53:44.8932151Z === updating mipi-sys-t (modules/debug/mipi-sys-t):
build-zephyr	Initialize Zephyr	2026-02-02T16:53:44.8932871Z --- mipi-sys-t: initializing
build-zephyr	Initialize Zephyr	2026-02-02T16:53:44.8967495Z Initialized empty Git repository in /home/runner/work/udslib/udslib/zephyr-workspace/modules/debug/mipi-sys-t/.git/
build-zephyr	Initialize Zephyr	2026-02-02T16:53:44.9007173Z --- mipi-sys-t: fetching, need revision 5a9d6055b62edc54566d6d0034d9daec91749b98
build-zephyr	Initialize Zephyr	2026-02-02T16:53:45.3903149Z From https://github.com/zephyrproject-rtos/mipi-sys-t
build-zephyr	Initialize Zephyr	2026-02-02T16:53:45.3903655Z  * branch            5a9d6055b62edc54566d6d0034d9daec91749b98 -> FETCH_HEAD
build-zephyr	Initialize Zephyr	2026-02-02T16:53:45.4109782Z HEAD is now at 5a9d605 MIPI support for IAR Compilers
build-zephyr	Initialize Zephyr	2026-02-02T16:53:45.4219341Z HEAD is now at 5a9d605 MIPI support for IAR Compilers
build-zephyr	Initialize Zephyr	2026-02-02T16:53:45.4226270Z === updating nanopb (modules/lib/nanopb):
build-zephyr	Initialize Zephyr	2026-02-02T16:53:45.4227098Z --- nanopb: initializing
build-zephyr	Initialize Zephyr	2026-02-02T16:53:45.4260135Z Initialized empty Git repository in /home/runner/work/udslib/udslib/zephyr-workspace/modules/lib/nanopb/.git/
build-zephyr	Initialize Zephyr	2026-02-02T16:53:45.4299126Z --- nanopb: fetching, need revision 5499fd4c9a478f8139eeb07a82c3b4468d6067f7
build-zephyr	Initialize Zephyr	2026-02-02T16:53:45.9684927Z From https://github.com/zephyrproject-rtos/nanopb
build-zephyr	Initialize Zephyr	2026-02-02T16:53:45.9685608Z  * branch            5499fd4c9a478f8139eeb07a82c3b4468d6067f7 -> FETCH_HEAD
build-zephyr	Initialize Zephyr	2026-02-02T16:53:46.0166288Z HEAD is now at 5499fd4 C++ descriptor size needs to be guarded
build-zephyr	Initialize Zephyr	2026-02-02T16:53:46.0276183Z HEAD is now at 5499fd4 C++ descriptor size needs to be guarded
build-zephyr	Initialize Zephyr	2026-02-02T16:53:46.0282300Z === updating net-tools (tools/net-tools):
build-zephyr	Initialize Zephyr	2026-02-02T16:53:46.0282974Z --- net-tools: initializing
build-zephyr	Initialize Zephyr	2026-02-02T16:53:46.0312879Z Initialized empty Git repository in /home/runner/work/udslib/udslib/zephyr-workspace/tools/net-tools/.git/
build-zephyr	Initialize Zephyr	2026-02-02T16:53:46.0349613Z --- net-tools: fetching, need revision 64d7acc661ae2772282570f21beab85d02f2f35c
build-zephyr	Initialize Zephyr	2026-02-02T16:53:46.6632502Z From https://github.com/zephyrproject-rtos/net-tools
build-zephyr	Initialize Zephyr	2026-02-02T16:53:46.6633298Z  * branch            64d7acc661ae2772282570f21beab85d02f2f35c -> FETCH_HEAD
build-zephyr	Initialize Zephyr	2026-02-02T16:53:46.7491844Z HEAD is now at 64d7acc net-setup: Remove the -eu option from bash
build-zephyr	Initialize Zephyr	2026-02-02T16:53:46.7974201Z HEAD is now at 64d7acc net-setup: Remove the -eu option from bash
build-zephyr	Initialize Zephyr	2026-02-02T16:53:46.7981691Z === updating nrf_hw_models (modules/bsim_hw_models/nrf_hw_models):
build-zephyr	Initialize Zephyr	2026-02-02T16:53:46.7982526Z --- nrf_hw_models: initializing
build-zephyr	Initialize Zephyr	2026-02-02T16:53:46.8019795Z Initialized empty Git repository in /home/runner/work/udslib/udslib/zephyr-workspace/modules/bsim_hw_models/nrf_hw_models/.git/
build-zephyr	Initialize Zephyr	2026-02-02T16:53:46.8058124Z --- nrf_hw_models: fetching, need revision cf40f6dc7fc441ee6848ea2e177c4522588c1b8c
build-zephyr	Initialize Zephyr	2026-02-02T16:53:47.3868337Z From https://github.com/zephyrproject-rtos/nrf_hw_models
build-zephyr	Initialize Zephyr	2026-02-02T16:53:47.3869192Z  * branch            cf40f6dc7fc441ee6848ea2e177c4522588c1b8c -> FETCH_HEAD
build-zephyr	Initialize Zephyr	2026-02-02T16:53:47.4138372Z HEAD is now at cf40f6d TIMER: Fix bug with trigger in less than 1us
build-zephyr	Initialize Zephyr	2026-02-02T16:53:47.4279307Z HEAD is now at cf40f6d TIMER: Fix bug with trigger in less than 1us
build-zephyr	Initialize Zephyr	2026-02-02T16:53:47.4285340Z === updating nrf_wifi (modules/lib/nrf_wifi):
build-zephyr	Initialize Zephyr	2026-02-02T16:53:47.4286033Z --- nrf_wifi: initializing
build-zephyr	Initialize Zephyr	2026-02-02T16:53:47.4317676Z Initialized empty Git repository in /home/runner/work/udslib/udslib/zephyr-workspace/modules/lib/nrf_wifi/.git/
build-zephyr	Initialize Zephyr	2026-02-02T16:53:47.4354193Z --- nrf_wifi: fetching, need revision 29afb11a512787bc68e2afd58c9dfde4bb4d5dc4
build-zephyr	Initialize Zephyr	2026-02-02T16:53:47.9596239Z From https://github.com/zephyrproject-rtos/nrf_wifi
build-zephyr	Initialize Zephyr	2026-02-02T16:53:47.9597067Z  * branch            29afb11a512787bc68e2afd58c9dfde4bb4d5dc4 -> FETCH_HEAD
build-zephyr	Initialize Zephyr	2026-02-02T16:53:47.9803479Z HEAD is now at 29afb11 Fix alignment of raw TX header
build-zephyr	Initialize Zephyr	2026-02-02T16:53:47.9904324Z HEAD is now at 29afb11 Fix alignment of raw TX header
build-zephyr	Initialize Zephyr	2026-02-02T16:53:47.9910316Z === updating open-amp (modules/lib/open-amp):
build-zephyr	Initialize Zephyr	2026-02-02T16:53:47.9911006Z --- open-amp: initializing
build-zephyr	Initialize Zephyr	2026-02-02T16:53:47.9940989Z Initialized empty Git repository in /home/runner/work/udslib/udslib/zephyr-workspace/modules/lib/open-amp/.git/
build-zephyr	Initialize Zephyr	2026-02-02T16:53:48.0098698Z --- open-amp: fetching, need revision 5efe7974f9546582e99f5a842a816ea4b65f5227
build-zephyr	Initialize Zephyr	2026-02-02T16:53:48.4864917Z From https://github.com/zephyrproject-rtos/open-amp
build-zephyr	Initialize Zephyr	2026-02-02T16:53:48.4865884Z  * branch            5efe7974f9546582e99f5a842a816ea4b65f5227 -> FETCH_HEAD
build-zephyr	Initialize Zephyr	2026-02-02T16:53:48.5050491Z HEAD is now at 5efe797 lib: update open-amp lib to release v2025.10.0
build-zephyr	Initialize Zephyr	2026-02-02T16:53:48.5124543Z HEAD is now at 5efe797 lib: update open-amp lib to release v2025.10.0
build-zephyr	Initialize Zephyr	2026-02-02T16:53:48.5130356Z === updating openthread (modules/lib/openthread):
build-zephyr	Initialize Zephyr	2026-02-02T16:53:48.5131073Z --- openthread: initializing
build-zephyr	Initialize Zephyr	2026-02-02T16:53:48.5160206Z Initialized empty Git repository in /home/runner/work/udslib/udslib/zephyr-workspace/modules/lib/openthread/.git/
build-zephyr	Initialize Zephyr	2026-02-02T16:53:48.5195633Z --- openthread: fetching, need revision 9a40380a47b2493cfcd172b362704581e9aef47f
build-zephyr	Initialize Zephyr	2026-02-02T16:53:50.0946758Z From https://github.com/zephyrproject-rtos/openthread
build-zephyr	Initialize Zephyr	2026-02-02T16:53:50.0947386Z  * branch            9a40380a47b2493cfcd172b362704581e9aef47f -> FETCH_HEAD
build-zephyr	Initialize Zephyr	2026-02-02T16:53:50.2633511Z HEAD is now at 9a40380 github-actions: bump github/codeql-action from 4.31.9 to 4.31.10 (#12312)
build-zephyr	Initialize Zephyr	2026-02-02T16:53:50.3808357Z HEAD is now at 9a40380 github-actions: bump github/codeql-action from 4.31.9 to 4.31.10 (#12312)
build-zephyr	Initialize Zephyr	2026-02-02T16:53:50.3817175Z === updating percepio (modules/debug/percepio):
build-zephyr	Initialize Zephyr	2026-02-02T16:53:50.3817875Z --- percepio: initializing
build-zephyr	Initialize Zephyr	2026-02-02T16:53:50.3850734Z Initialized empty Git repository in /home/runner/work/udslib/udslib/zephyr-workspace/modules/debug/percepio/.git/
build-zephyr	Initialize Zephyr	2026-02-02T16:53:50.3918135Z --- percepio: fetching, need revision 132ed87d617578a6cb70a2443f43e117c315e0f0
build-zephyr	Initialize Zephyr	2026-02-02T16:53:50.8908819Z From https://github.com/zephyrproject-rtos/percepio
build-zephyr	Initialize Zephyr	2026-02-02T16:53:50.8909668Z  * branch            132ed87d617578a6cb70a2443f43e117c315e0f0 -> FETCH_HEAD
build-zephyr	Initialize Zephyr	2026-02-02T16:53:50.9149889Z HEAD is now at 132ed87 zephyr: fix condvar_wait enter/exit arguments
build-zephyr	Initialize Zephyr	2026-02-02T16:53:50.9312110Z HEAD is now at 132ed87 zephyr: fix condvar_wait enter/exit arguments
build-zephyr	Initialize Zephyr	2026-02-02T16:53:50.9319147Z === updating picolibc (modules/lib/picolibc):
build-zephyr	Initialize Zephyr	2026-02-02T16:53:50.9319808Z --- picolibc: initializing
build-zephyr	Initialize Zephyr	2026-02-02T16:53:50.9353774Z Initialized empty Git repository in /home/runner/work/udslib/udslib/zephyr-workspace/modules/lib/picolibc/.git/
build-zephyr	Initialize Zephyr	2026-02-02T16:53:50.9392878Z --- picolibc: fetching, need revision ca8b6ebba5226a75545e57a140443168a26ba664
build-zephyr	Initialize Zephyr	2026-02-02T16:53:51.5892639Z From https://github.com/zephyrproject-rtos/picolibc
build-zephyr	Initialize Zephyr	2026-02-02T16:53:51.5893436Z  * branch            ca8b6ebba5226a75545e57a140443168a26ba664 -> FETCH_HEAD
build-zephyr	Initialize Zephyr	2026-02-02T16:53:51.8041470Z HEAD is now at ca8b6eb Remove '%s' from startfile spec when using complete path
build-zephyr	Initialize Zephyr	2026-02-02T16:53:51.9197532Z HEAD is now at ca8b6eb Remove '%s' from startfile spec when using complete path
build-zephyr	Initialize Zephyr	2026-02-02T16:53:51.9206358Z === updating psa-arch-tests (modules/tee/tf-m/psa-arch-tests):
build-zephyr	Initialize Zephyr	2026-02-02T16:53:51.9207093Z --- psa-arch-tests: initializing
build-zephyr	Initialize Zephyr	2026-02-02T16:53:51.9240650Z Initialized empty Git repository in /home/runner/work/udslib/udslib/zephyr-workspace/modules/tee/tf-m/psa-arch-tests/.git/
build-zephyr	Initialize Zephyr	2026-02-02T16:53:51.9277147Z --- psa-arch-tests: fetching, need revision d70b2c7072cedf0f14724211d2122ef07b98720c
build-zephyr	Initialize Zephyr	2026-02-02T16:53:52.6461222Z From https://github.com/zephyrproject-rtos/psa-arch-tests
build-zephyr	Initialize Zephyr	2026-02-02T16:53:52.6461886Z  * branch            d70b2c7072cedf0f14724211d2122ef07b98720c -> FETCH_HEAD
build-zephyr	Initialize Zephyr	2026-02-02T16:53:52.7330419Z HEAD is now at d70b2c7 [zep noup] psa-arch-tests: Allow overriding of toolchain file
build-zephyr	Initialize Zephyr	2026-02-02T16:53:52.7760458Z HEAD is now at d70b2c7 [zep noup] psa-arch-tests: Allow overriding of toolchain file
build-zephyr	Initialize Zephyr	2026-02-02T16:53:52.7768278Z === updating segger (modules/debug/segger):
build-zephyr	Initialize Zephyr	2026-02-02T16:53:52.7769273Z --- segger: initializing
build-zephyr	Initialize Zephyr	2026-02-02T16:53:52.7802165Z Initialized empty Git repository in /home/runner/work/udslib/udslib/zephyr-workspace/modules/debug/segger/.git/
build-zephyr	Initialize Zephyr	2026-02-02T16:53:52.7841190Z --- segger: fetching, need revision 50892fdbcf2f570e67baa72b8894a66b16946f72
build-zephyr	Initialize Zephyr	2026-02-02T16:53:53.2812800Z From https://github.com/zephyrproject-rtos/segger
build-zephyr	Initialize Zephyr	2026-02-02T16:53:53.2813465Z  * branch            50892fdbcf2f570e67baa72b8894a66b16946f72 -> FETCH_HEAD
build-zephyr	Initialize Zephyr	2026-02-02T16:53:53.2953673Z HEAD is now at 50892fd segger: debugmon: Rename DebugMon_Handler to z_arm_debug_monitor
build-zephyr	Initialize Zephyr	2026-02-02T16:53:53.3020971Z HEAD is now at 50892fd segger: debugmon: Rename DebugMon_Handler to z_arm_debug_monitor
build-zephyr	Initialize Zephyr	2026-02-02T16:53:53.3027228Z === updating tf-m-tests (modules/tee/tf-m/tf-m-tests):
build-zephyr	Initialize Zephyr	2026-02-02T16:53:53.3027869Z --- tf-m-tests: initializing
build-zephyr	Initialize Zephyr	2026-02-02T16:53:53.3058505Z Initialized empty Git repository in /home/runner/work/udslib/udslib/zephyr-workspace/modules/tee/tf-m/tf-m-tests/.git/
build-zephyr	Initialize Zephyr	2026-02-02T16:53:53.3094075Z --- tf-m-tests: fetching, need revision cde5b6ed540d3ff5a09564fded6b39b0a70ad3bf
build-zephyr	Initialize Zephyr	2026-02-02T16:53:53.8778671Z From https://github.com/zephyrproject-rtos/tf-m-tests
build-zephyr	Initialize Zephyr	2026-02-02T16:53:53.8779323Z  * branch            cde5b6ed540d3ff5a09564fded6b39b0a70ad3bf -> FETCH_HEAD
build-zephyr	Initialize Zephyr	2026-02-02T16:53:53.9431557Z HEAD is now at cde5b6e [zep noup] replace upstream readme
build-zephyr	Initialize Zephyr	2026-02-02T16:53:53.9900871Z HEAD is now at cde5b6e [zep noup] replace upstream readme
build-zephyr	Initialize Zephyr	2026-02-02T16:53:53.9908943Z === updating trusted-firmware-a (modules/tee/tf-a/trusted-firmware-a):
build-zephyr	Initialize Zephyr	2026-02-02T16:53:53.9909745Z --- trusted-firmware-a: initializing
build-zephyr	Initialize Zephyr	2026-02-02T16:53:53.9941608Z Initialized empty Git repository in /home/runner/work/udslib/udslib/zephyr-workspace/modules/tee/tf-a/trusted-firmware-a/.git/
build-zephyr	Initialize Zephyr	2026-02-02T16:53:53.9979226Z --- trusted-firmware-a: fetching, need revision 0a29cac8fe0f7bdb835b469d9ea11b8e17377a92
build-zephyr	Initialize Zephyr	2026-02-02T16:53:54.7990007Z From https://github.com/zephyrproject-rtos/trusted-firmware-a
build-zephyr	Initialize Zephyr	2026-02-02T16:53:54.7991079Z  * branch            0a29cac8fe0f7bdb835b469d9ea11b8e17377a92 -> FETCH_HEAD
build-zephyr	Initialize Zephyr	2026-02-02T16:53:55.1302648Z HEAD is now at 0a29cac Makefile: Make fiptool build out-of-tree
build-zephyr	Initialize Zephyr	2026-02-02T16:53:55.2006187Z HEAD is now at 0a29cac Makefile: Make fiptool build out-of-tree
build-zephyr	Initialize Zephyr	2026-02-02T16:53:55.2014568Z === updating trusted-firmware-m (modules/tee/tf-m/trusted-firmware-m):
build-zephyr	Initialize Zephyr	2026-02-02T16:53:55.2015552Z --- trusted-firmware-m: initializing
build-zephyr	Initialize Zephyr	2026-02-02T16:53:55.2048200Z Initialized empty Git repository in /home/runner/work/udslib/udslib/zephyr-workspace/modules/tee/tf-m/trusted-firmware-m/.git/
build-zephyr	Initialize Zephyr	2026-02-02T16:53:55.2086618Z --- trusted-firmware-m: fetching, need revision 6788687e013733d12f015b5d45b214019dea58f7
build-zephyr	Initialize Zephyr	2026-02-02T16:53:57.2588657Z From https://github.com/zephyrproject-rtos/trusted-firmware-m
build-zephyr	Initialize Zephyr	2026-02-02T16:53:57.2589285Z  * branch            6788687e013733d12f015b5d45b214019dea58f7 -> FETCH_HEAD
build-zephyr	Initialize Zephyr	2026-02-02T16:53:57.6744395Z HEAD is now at 6788687 [zep fromlist] platform: Macro usage fixed for frdmmcxn947
build-zephyr	Initialize Zephyr	2026-02-02T16:53:58.1879104Z HEAD is now at 6788687 [zep fromlist] platform: Macro usage fixed for frdmmcxn947
build-zephyr	Initialize Zephyr	2026-02-02T16:53:58.1906079Z === updating uoscore-uedhoc (modules/lib/uoscore-uedhoc):
build-zephyr	Initialize Zephyr	2026-02-02T16:53:58.1906802Z --- uoscore-uedhoc: initializing
build-zephyr	Initialize Zephyr	2026-02-02T16:53:58.1940779Z Initialized empty Git repository in /home/runner/work/udslib/udslib/zephyr-workspace/modules/lib/uoscore-uedhoc/.git/
build-zephyr	Initialize Zephyr	2026-02-02T16:53:58.1982035Z --- uoscore-uedhoc: fetching, need revision ac80c3bf2b88deec86d129654fbde09761582342
build-zephyr	Initialize Zephyr	2026-02-02T16:53:58.6988001Z From https://github.com/zephyrproject-rtos/uoscore-uedhoc
build-zephyr	Initialize Zephyr	2026-02-02T16:53:58.6988534Z  * branch            ac80c3bf2b88deec86d129654fbde09761582342 -> FETCH_HEAD
build-zephyr	Initialize Zephyr	2026-02-02T16:53:58.7267539Z HEAD is now at ac80c3b crypto: replace mbedtls_ecp_decompress() with new p256 based function
build-zephyr	Initialize Zephyr	2026-02-02T16:53:58.7416911Z HEAD is now at ac80c3b crypto: replace mbedtls_ecp_decompress() with new p256 based function
build-zephyr	Initialize Zephyr	2026-02-02T16:53:58.7422770Z === updating zcbor (modules/lib/zcbor):
build-zephyr	Initialize Zephyr	2026-02-02T16:53:58.7423421Z --- zcbor: initializing
build-zephyr	Initialize Zephyr	2026-02-02T16:53:58.7452250Z Initialized empty Git repository in /home/runner/work/udslib/udslib/zephyr-workspace/modules/lib/zcbor/.git/
build-zephyr	Initialize Zephyr	2026-02-02T16:53:58.7488178Z --- zcbor: fetching, need revision 9164bd18dcd88ff9d9ef98279501fc1093571017
build-zephyr	Initialize Zephyr	2026-02-02T16:53:59.2573645Z From https://github.com/zephyrproject-rtos/zcbor
build-zephyr	Initialize Zephyr	2026-02-02T16:53:59.2574504Z  * branch            9164bd18dcd88ff9d9ef98279501fc1093571017 -> FETCH_HEAD
build-zephyr	Initialize Zephyr	2026-02-02T16:53:59.2820761Z HEAD is now at 9164bd1 tests: Format platform in multiline
build-zephyr	Initialize Zephyr	2026-02-02T16:53:59.2945542Z HEAD is now at 9164bd1 tests: Format platform in multiline
build-zephyr	Initialize Zephyr	2026-02-02T16:53:59.5223272Z Zephyr (/home/runner/work/udslib/udslib/zephyr-workspace/zephyr/share/zephyr-package/cmake)
build-zephyr	Initialize Zephyr	2026-02-02T16:53:59.5224392Z has been added to the user package registry in:
build-zephyr	Initialize Zephyr	2026-02-02T16:53:59.5224879Z ~/.cmake/packages/Zephyr
build-zephyr	Initialize Zephyr	2026-02-02T16:53:59.5225119Z 
build-zephyr	Initialize Zephyr	2026-02-02T16:53:59.5265762Z ZephyrUnittest (/home/runner/work/udslib/udslib/zephyr-workspace/zephyr/share/zephyrunittest-package/cmake)
build-zephyr	Initialize Zephyr	2026-02-02T16:53:59.5266703Z has been added to the user package registry in:
build-zephyr	Initialize Zephyr	2026-02-02T16:53:59.5267038Z ~/.cmake/packages/ZephyrUnittest
build-zephyr	Initialize Zephyr	2026-02-02T16:53:59.5267205Z 
build-zephyr	Install Zephyr Python Dependencies	﻿2026-02-02T16:53:59.5483112Z ##[group]Run source .venv/bin/activate
build-zephyr	Install Zephyr Python Dependencies	2026-02-02T16:53:59.5483478Z [36;1msource .venv/bin/activate[0m
build-zephyr	Install Zephyr Python Dependencies	2026-02-02T16:53:59.5483843Z [36;1mpip install -r zephyr-workspace/zephyr/scripts/requirements.txt[0m
build-zephyr	Install Zephyr Python Dependencies	2026-02-02T16:53:59.5516154Z shell: /usr/bin/bash -e {0}
build-zephyr	Install Zephyr Python Dependencies	2026-02-02T16:53:59.5516397Z env:
build-zephyr	Install Zephyr Python Dependencies	2026-02-02T16:53:59.5516647Z   pythonLocation: /opt/hostedtoolcache/Python/3.10.19/x64
build-zephyr	Install Zephyr Python Dependencies	2026-02-02T16:53:59.5517087Z   PKG_CONFIG_PATH: /opt/hostedtoolcache/Python/3.10.19/x64/lib/pkgconfig
build-zephyr	Install Zephyr Python Dependencies	2026-02-02T16:53:59.5517501Z   Python_ROOT_DIR: /opt/hostedtoolcache/Python/3.10.19/x64
build-zephyr	Install Zephyr Python Dependencies	2026-02-02T16:53:59.5517870Z   Python2_ROOT_DIR: /opt/hostedtoolcache/Python/3.10.19/x64
build-zephyr	Install Zephyr Python Dependencies	2026-02-02T16:53:59.5518238Z   Python3_ROOT_DIR: /opt/hostedtoolcache/Python/3.10.19/x64
build-zephyr	Install Zephyr Python Dependencies	2026-02-02T16:53:59.5518614Z   LD_LIBRARY_PATH: /opt/hostedtoolcache/Python/3.10.19/x64/lib
build-zephyr	Install Zephyr Python Dependencies	2026-02-02T16:53:59.5518948Z ##[endgroup]
build-zephyr	Install Zephyr Python Dependencies	2026-02-02T16:53:59.9694078Z Ignoring windows-curses: markers 'sys_platform == "win32"' don't match your environment
build-zephyr	Install Zephyr Python Dependencies	2026-02-02T16:53:59.9699306Z Ignoring python-magic-bin: markers 'sys_platform == "win32"' don't match your environment
build-zephyr	Install Zephyr Python Dependencies	2026-02-02T16:54:00.0428304Z Collecting pyelftools>=0.29
build-zephyr	Install Zephyr Python Dependencies	2026-02-02T16:54:00.0752080Z   Downloading pyelftools-0.32-py3-none-any.whl (188 kB)
build-zephyr	Install Zephyr Python Dependencies	2026-02-02T16:54:00.1006877Z      ━━━━━━━━━━━━━━━━━━━━━━━━━━━━━━━━━━━━━━━ 188.5/188.5 kB 8.0 MB/s eta 0:00:00
build-zephyr	Install Zephyr Python Dependencies	2026-02-02T16:54:00.1034492Z Requirement already satisfied: PyYAML>=6.0 in ./.venv/lib/python3.10/site-packages (from -r zephyr-workspace/zephyr/scripts/requirements-base.txt (line 11)) (6.0.3)
build-zephyr	Install Zephyr Python Dependencies	2026-02-02T16:54:00.1039218Z Requirement already satisfied: pykwalify in ./.venv/lib/python3.10/site-packages (from -r zephyr-workspace/zephyr/scripts/requirements-base.txt (line 14)) (1.8.0)
build-zephyr	Install Zephyr Python Dependencies	2026-02-02T16:54:00.1043704Z Requirement already satisfied: jsonschema in ./.venv/lib/python3.10/site-packages (from -r zephyr-workspace/zephyr/scripts/requirements-base.txt (line 15)) (4.26.0)
build-zephyr	Install Zephyr Python Dependencies	2026-02-02T16:54:00.1254183Z Collecting canopen
build-zephyr	Install Zephyr Python Dependencies	2026-02-02T16:54:00.1296097Z   Downloading canopen-2.4.1-py3-none-any.whl (67 kB)
build-zephyr	Install Zephyr Python Dependencies	2026-02-02T16:54:00.1349569Z      ━━━━━━━━━━━━━━━━━━━━━━━━━━━━━━━━━━━━━━━━ 67.2/67.2 kB 18.3 MB/s eta 0:00:00
build-zephyr	Install Zephyr Python Dependencies	2026-02-02T16:54:00.1365824Z Requirement already satisfied: packaging in ./.venv/lib/python3.10/site-packages (from -r zephyr-workspace/zephyr/scripts/requirements-base.txt (line 19)) (26.0)
build-zephyr	Install Zephyr Python Dependencies	2026-02-02T16:54:00.1740412Z Collecting patool>=2.0.0
build-zephyr	Install Zephyr Python Dependencies	2026-02-02T16:54:00.1788688Z   Downloading patool-4.0.1-py2.py3-none-any.whl (86 kB)
build-zephyr	Install Zephyr Python Dependencies	2026-02-02T16:54:00.1836232Z      ━━━━━━━━━━━━━━━━━━━━━━━━━━━━━━━━━━━━━━━━ 86.5/86.5 kB 33.0 MB/s eta 0:00:00
build-zephyr	Install Zephyr Python Dependencies	2026-02-02T16:54:00.3676654Z Collecting psutil>=5.6.6
build-zephyr	Install Zephyr Python Dependencies	2026-02-02T16:54:00.3718405Z   Downloading psutil-7.2.2-cp36-abi3-manylinux2010_x86_64.manylinux_2_12_x86_64.manylinux_2_28_x86_64.whl (155 kB)
build-zephyr	Install Zephyr Python Dependencies	2026-02-02T16:54:00.3791073Z      ━━━━━━━━━━━━━━━━━━━━━━━━━━━━━━━━━━━━━━ 155.6/155.6 kB 30.5 MB/s eta 0:00:00
build-zephyr	Install Zephyr Python Dependencies	2026-02-02T16:54:00.4028987Z Collecting pylink-square
build-zephyr	Install Zephyr Python Dependencies	2026-02-02T16:54:00.4074225Z   Downloading pylink_square-2.0.0-py3-none-any.whl (86 kB)
build-zephyr	Install Zephyr Python Dependencies	2026-02-02T16:54:00.4117443Z      ━━━━━━━━━━━━━━━━━━━━━━━━━━━━━━━━━━━━━━━━ 86.9/86.9 kB 35.8 MB/s eta 0:00:00
build-zephyr	Install Zephyr Python Dependencies	2026-02-02T16:54:00.4276718Z Collecting pyserial
build-zephyr	Install Zephyr Python Dependencies	2026-02-02T16:54:00.4309270Z   Downloading pyserial-3.5-py2.py3-none-any.whl (90 kB)
build-zephyr	Install Zephyr Python Dependencies	2026-02-02T16:54:00.4361795Z      ━━━━━━━━━━━━━━━━━━━━━━━━━━━━━━━━━━━━━━━━ 90.6/90.6 kB 26.1 MB/s eta 0:00:00
build-zephyr	Install Zephyr Python Dependencies	2026-02-02T16:54:00.4829598Z Collecting requests>=2.32.4
build-zephyr	Install Zephyr Python Dependencies	2026-02-02T16:54:00.4868786Z   Downloading requests-2.32.5-py3-none-any.whl (64 kB)
build-zephyr	Install Zephyr Python Dependencies	2026-02-02T16:54:00.4911299Z      ━━━━━━━━━━━━━━━━━━━━━━━━━━━━━━━━━━━━━━━━ 64.7/64.7 kB 26.9 MB/s eta 0:00:00
build-zephyr	Install Zephyr Python Dependencies	2026-02-02T16:54:00.5203856Z Collecting semver
build-zephyr	Install Zephyr Python Dependencies	2026-02-02T16:54:00.5255324Z   Downloading semver-3.0.4-py3-none-any.whl (17 kB)
build-zephyr	Install Zephyr Python Dependencies	2026-02-02T16:54:00.6060140Z Collecting tqdm>=4.67.1
build-zephyr	Install Zephyr Python Dependencies	2026-02-02T16:54:00.6102141Z   Downloading tqdm-4.67.2-py3-none-any.whl (78 kB)
build-zephyr	Install Zephyr Python Dependencies	2026-02-02T16:54:00.6144350Z      ━━━━━━━━━━━━━━━━━━━━━━━━━━━━━━━━━━━━━━━━ 78.4/78.4 kB 34.2 MB/s eta 0:00:00
build-zephyr	Install Zephyr Python Dependencies	2026-02-02T16:54:00.6397076Z Collecting reuse>=6.0.0
build-zephyr	Install Zephyr Python Dependencies	2026-02-02T16:54:00.6444738Z   Downloading reuse-6.2.0.tar.gz (1.6 MB)
build-zephyr	Install Zephyr Python Dependencies	2026-02-02T16:54:00.6729913Z      ━━━━━━━━━━━━━━━━━━━━━━━━━━━━━━━━━━━━━━━━ 1.6/1.6 MB 61.9 MB/s eta 0:00:00
build-zephyr	Install Zephyr Python Dependencies	2026-02-02T16:54:00.7821764Z   Installing build dependencies: started
build-zephyr	Install Zephyr Python Dependencies	2026-02-02T16:54:01.7639770Z   Installing build dependencies: finished with status 'done'
build-zephyr	Install Zephyr Python Dependencies	2026-02-02T16:54:01.7648318Z   Getting requirements to build wheel: started
build-zephyr	Install Zephyr Python Dependencies	2026-02-02T16:54:01.8706894Z   Getting requirements to build wheel: finished with status 'done'
build-zephyr	Install Zephyr Python Dependencies	2026-02-02T16:54:01.8717006Z   Preparing metadata (pyproject.toml): started
build-zephyr	Install Zephyr Python Dependencies	2026-02-02T16:54:02.0514708Z   Preparing metadata (pyproject.toml): finished with status 'done'
build-zephyr	Install Zephyr Python Dependencies	2026-02-02T16:54:02.0728856Z Collecting anytree
build-zephyr	Install Zephyr Python Dependencies	2026-02-02T16:54:02.0765091Z   Downloading anytree-2.13.0-py3-none-any.whl (45 kB)
build-zephyr	Install Zephyr Python Dependencies	2026-02-02T16:54:02.0803654Z      ━━━━━━━━━━━━━━━━━━━━━━━━━━━━━━━━━━━━━━━━ 45.1/45.1 kB 21.5 MB/s eta 0:00:00
build-zephyr	Install Zephyr Python Dependencies	2026-02-02T16:54:02.1014179Z Collecting intelhex
build-zephyr	Install Zephyr Python Dependencies	2026-02-02T16:54:02.1052719Z   Downloading intelhex-2.3.0-py2.py3-none-any.whl (50 kB)
build-zephyr	Install Zephyr Python Dependencies	2026-02-02T16:54:02.1092738Z      ━━━━━━━━━━━━━━━━━━━━━━━━━━━━━━━━━━━━━━━━ 50.9/50.9 kB 23.2 MB/s eta 0:00:00
build-zephyr	Install Zephyr Python Dependencies	2026-02-02T16:54:02.1111890Z Requirement already satisfied: west>=0.14.0 in ./.venv/lib/python3.10/site-packages (from -r zephyr-workspace/zephyr/scripts/requirements-base.txt (line 37)) (1.5.0)
build-zephyr	Install Zephyr Python Dependencies	2026-02-02T16:54:02.1116906Z Requirement already satisfied: colorama in ./.venv/lib/python3.10/site-packages (from -r zephyr-workspace/zephyr/scripts/requirements-build-test.txt (line 7)) (0.4.6)
build-zephyr	Install Zephyr Python Dependencies	2026-02-02T16:54:02.1246613Z Collecting ply>=3.10
build-zephyr	Install Zephyr Python Dependencies	2026-02-02T16:54:02.1282617Z   Downloading ply-3.11-py2.py3-none-any.whl (49 kB)
build-zephyr	Install Zephyr Python Dependencies	2026-02-02T16:54:02.1321947Z      ━━━━━━━━━━━━━━━━━━━━━━━━━━━━━━━━━━━━━━━━ 49.6/49.6 kB 22.3 MB/s eta 0:00:00
build-zephyr	Install Zephyr Python Dependencies	2026-02-02T16:54:02.1564302Z Collecting gcovr>=6.0
build-zephyr	Install Zephyr Python Dependencies	2026-02-02T16:54:02.1632734Z   Downloading gcovr-8.6-py3-none-any.whl (254 kB)
build-zephyr	Install Zephyr Python Dependencies	2026-02-02T16:54:02.1696214Z      ━━━━━━━━━━━━━━━━━━━━━━━━━━━━━━━━━━━━━━ 254.6/254.6 kB 62.8 MB/s eta 0:00:00
build-zephyr	Install Zephyr Python Dependencies	2026-02-02T16:54:03.1508208Z Collecting coverage
build-zephyr	Install Zephyr Python Dependencies	2026-02-02T16:54:03.1550559Z   Downloading coverage-7.13.2-cp310-cp310-manylinux1_x86_64.manylinux_2_28_x86_64.manylinux_2_5_x86_64.whl (247 kB)
build-zephyr	Install Zephyr Python Dependencies	2026-02-02T16:54:03.1623473Z      ━━━━━━━━━━━━━━━━━━━━━━━━━━━━━━━━━━━━━━ 247.9/247.9 kB 48.5 MB/s eta 0:00:00
build-zephyr	Install Zephyr Python Dependencies	2026-02-02T16:54:03.2465389Z Collecting pytest
build-zephyr	Install Zephyr Python Dependencies	2026-02-02T16:54:03.2505533Z   Downloading pytest-9.0.2-py3-none-any.whl (374 kB)
build-zephyr	Install Zephyr Python Dependencies	2026-02-02T16:54:03.2576477Z      ━━━━━━━━━━━━━━━━━━━━━━━━━━━━━━━━━━━━━━ 374.8/374.8 kB 79.0 MB/s eta 0:00:00
build-zephyr	Install Zephyr Python Dependencies	2026-02-02T16:54:03.5101860Z Collecting mypy
build-zephyr	Install Zephyr Python Dependencies	2026-02-02T16:54:03.5146275Z   Downloading mypy-1.19.1-cp310-cp310-manylinux2014_x86_64.manylinux_2_17_x86_64.manylinux_2_28_x86_64.whl (13.5 MB)
build-zephyr	Install Zephyr Python Dependencies	2026-02-02T16:54:03.6303433Z      ━━━━━━━━━━━━━━━━━━━━━━━━━━━━━━━━━━━━━━━ 13.5/13.5 MB 117.1 MB/s eta 0:00:00
build-zephyr	Install Zephyr Python Dependencies	2026-02-02T16:54:03.6785850Z Collecting junitparser>=3.0.0
build-zephyr	Install Zephyr Python Dependencies	2026-02-02T16:54:03.6824122Z   Downloading junitparser-4.0.2-py3-none-any.whl (14 kB)
build-zephyr	Install Zephyr Python Dependencies	2026-02-02T16:54:03.7123119Z Collecting python-dotenv
build-zephyr	Install Zephyr Python Dependencies	2026-02-02T16:54:03.7162666Z   Downloading python_dotenv-1.2.1-py3-none-any.whl (21 kB)
build-zephyr	Install Zephyr Python Dependencies	2026-02-02T16:54:03.7595478Z Collecting pyocd>=0.36.0
build-zephyr	Install Zephyr Python Dependencies	2026-02-02T16:54:03.7642457Z   Downloading pyocd-0.42.0-py3-none-any.whl (14.6 MB)
build-zephyr	Install Zephyr Python Dependencies	2026-02-02T16:54:03.9850808Z      ━━━━━━━━━━━━━━━━━━━━━━━━━━━━━━━━━━━━━━━━ 14.6/14.6 MB 52.7 MB/s eta 0:00:00
build-zephyr	Install Zephyr Python Dependencies	2026-02-02T16:54:04.0178410Z Collecting tabulate
build-zephyr	Install Zephyr Python Dependencies	2026-02-02T16:54:04.0213589Z   Downloading tabulate-0.9.0-py3-none-any.whl (35 kB)
build-zephyr	Install Zephyr Python Dependencies	2026-02-02T16:54:04.0561096Z Collecting natsort
build-zephyr	Install Zephyr Python Dependencies	2026-02-02T16:54:04.0600242Z   Downloading natsort-8.4.0-py3-none-any.whl (38 kB)
build-zephyr	Install Zephyr Python Dependencies	2026-02-02T16:54:04.0789191Z Collecting cbor>=1.0.0
build-zephyr	Install Zephyr Python Dependencies	2026-02-02T16:54:04.0824592Z   Downloading cbor-1.0.0.tar.gz (20 kB)
build-zephyr	Install Zephyr Python Dependencies	2026-02-02T16:54:04.0884896Z   Preparing metadata (setup.py): started
build-zephyr	Install Zephyr Python Dependencies	2026-02-02T16:54:04.2560601Z   Preparing metadata (setup.py): finished with status 'done'
build-zephyr	Install Zephyr Python Dependencies	2026-02-02T16:54:04.2580151Z Requirement already satisfied: python-can>=4.3.0 in ./.venv/lib/python3.10/site-packages (from -r zephyr-workspace/zephyr/scripts/requirements-run-test.txt (line 19)) (4.6.1)
build-zephyr	Install Zephyr Python Dependencies	2026-02-02T16:54:04.2802558Z Collecting spdx-tools
build-zephyr	Install Zephyr Python Dependencies	2026-02-02T16:54:04.2854150Z   Downloading spdx_tools-0.8.3-py3-none-any.whl (285 kB)
build-zephyr	Install Zephyr Python Dependencies	2026-02-02T16:54:04.2914604Z      ━━━━━━━━━━━━━━━━━━━━━━━━━━━━━━━━━━━━━━ 285.4/285.4 kB 79.0 MB/s eta 0:00:00
build-zephyr	Install Zephyr Python Dependencies	2026-02-02T16:54:04.4543806Z Collecting opencv-python>=4.9.0.80
build-zephyr	Install Zephyr Python Dependencies	2026-02-02T16:54:04.4586560Z   Downloading opencv_python-4.13.0.90-cp37-abi3-manylinux_2_28_x86_64.whl (72.9 MB)
build-zephyr	Install Zephyr Python Dependencies	2026-02-02T16:54:05.0097165Z      ━━━━━━━━━━━━━━━━━━━━━━━━━━━━━━━━━━━━━━━━ 72.9/72.9 MB 47.8 MB/s eta 0:00:00
build-zephyr	Install Zephyr Python Dependencies	2026-02-02T16:54:05.5994619Z Collecting numpy>=1.26.4
build-zephyr	Install Zephyr Python Dependencies	2026-02-02T16:54:05.6041151Z   Downloading numpy-2.2.6-cp310-cp310-manylinux_2_17_x86_64.manylinux2014_x86_64.whl (16.8 MB)
build-zephyr	Install Zephyr Python Dependencies	2026-02-02T16:54:05.7240155Z      ━━━━━━━━━━━━━━━━━━━━━━━━━━━━━━━━━━━━━━━ 16.8/16.8 MB 119.4 MB/s eta 0:00:00
build-zephyr	Install Zephyr Python Dependencies	2026-02-02T16:54:05.7942211Z Collecting gitpython>=3.1.41
build-zephyr	Install Zephyr Python Dependencies	2026-02-02T16:54:05.7984511Z   Downloading gitpython-3.1.46-py3-none-any.whl (208 kB)
build-zephyr	Install Zephyr Python Dependencies	2026-02-02T16:54:05.8037591Z      ━━━━━━━━━━━━━━━━━━━━━━━━━━━━━━━━━━━━━━ 208.6/208.6 kB 68.9 MB/s eta 0:00:00
build-zephyr	Install Zephyr Python Dependencies	2026-02-02T16:54:05.8734737Z Collecting plotly
build-zephyr	Install Zephyr Python Dependencies	2026-02-02T16:54:05.8774924Z   Downloading plotly-6.5.2-py3-none-any.whl (9.9 MB)
build-zephyr	Install Zephyr Python Dependencies	2026-02-02T16:54:05.9475598Z      ━━━━━━━━━━━━━━━━━━━━━━━━━━━━━━━━━━━━━━━━ 9.9/9.9 MB 146.2 MB/s eta 0:00:00
build-zephyr	Install Zephyr Python Dependencies	2026-02-02T16:54:06.0040521Z Collecting gitlint-core
build-zephyr	Install Zephyr Python Dependencies	2026-02-02T16:54:06.0096075Z   Downloading gitlint_core-0.19.1-py3-none-any.whl (44 kB)
build-zephyr	Install Zephyr Python Dependencies	2026-02-02T16:54:06.0138719Z      ━━━━━━━━━━━━━━━━━━━━━━━━━━━━━━━━━━━━━━━━ 44.2/44.2 kB 18.0 MB/s eta 0:00:00
build-zephyr	Install Zephyr Python Dependencies	2026-02-02T16:54:06.0385479Z Collecting junit2html
build-zephyr	Install Zephyr Python Dependencies	2026-02-02T16:54:06.0436317Z   Downloading junit2html-31.0.5-py3-none-any.whl (21 kB)
build-zephyr	Install Zephyr Python Dependencies	2026-02-02T16:54:06.0647754Z Collecting lpc_checksum
build-zephyr	Install Zephyr Python Dependencies	2026-02-02T16:54:06.0695953Z   Downloading lpc_checksum-3.0.0-py3-none-any.whl (5.1 kB)
build-zephyr	Install Zephyr Python Dependencies	2026-02-02T16:54:06.1036273Z Collecting spsdk>=3.0.0
build-zephyr	Install Zephyr Python Dependencies	2026-02-02T16:54:06.1085846Z   Downloading spsdk-3.7.0-py3-none-any.whl (2.8 MB)
build-zephyr	Install Zephyr Python Dependencies	2026-02-02T16:54:06.1311444Z      ━━━━━━━━━━━━━━━━━━━━━━━━━━━━━━━━━━━━━━━━ 2.8/2.8 MB 139.8 MB/s eta 0:00:00
build-zephyr	Install Zephyr Python Dependencies	2026-02-02T16:54:06.5437768Z Collecting Pillow>=10.3.0
build-zephyr	Install Zephyr Python Dependencies	2026-02-02T16:54:06.5504584Z   Downloading pillow-12.1.0-cp310-cp310-manylinux_2_27_x86_64.manylinux_2_28_x86_64.whl (7.0 MB)
build-zephyr	Install Zephyr Python Dependencies	2026-02-02T16:54:06.6010464Z      ━━━━━━━━━━━━━━━━━━━━━━━━━━━━━━━━━━━━━━━━ 7.0/7.0 MB 145.7 MB/s eta 0:00:00
build-zephyr	Install Zephyr Python Dependencies	2026-02-02T16:54:06.6439505Z Collecting PyGithub
build-zephyr	Install Zephyr Python Dependencies	2026-02-02T16:54:06.6503696Z   Downloading pygithub-2.8.1-py3-none-any.whl (432 kB)
build-zephyr	Install Zephyr Python Dependencies	2026-02-02T16:54:06.6570234Z      ━━━━━━━━━━━━━━━━━━━━━━━━━━━━━━━━━━━━━ 432.7/432.7 kB 103.4 MB/s eta 0:00:00
build-zephyr	Install Zephyr Python Dependencies	2026-02-02T16:54:06.6947221Z Collecting graphviz
build-zephyr	Install Zephyr Python Dependencies	2026-02-02T16:54:06.6985247Z   Downloading graphviz-0.21-py3-none-any.whl (47 kB)
build-zephyr	Install Zephyr Python Dependencies	2026-02-02T16:54:06.7025216Z      ━━━━━━━━━━━━━━━━━━━━━━━━━━━━━━━━━━━━━━━━ 47.3/47.3 kB 21.3 MB/s eta 0:00:00
build-zephyr	Install Zephyr Python Dependencies	2026-02-02T16:54:06.8855015Z Collecting clang-format>=15.0.0
build-zephyr	Install Zephyr Python Dependencies	2026-02-02T16:54:06.8914320Z   Downloading clang_format-21.1.8-py2.py3-none-manylinux_2_27_x86_64.manylinux_2_28_x86_64.whl (1.8 MB)
build-zephyr	Install Zephyr Python Dependencies	2026-02-02T16:54:06.9085261Z      ━━━━━━━━━━━━━━━━━━━━━━━━━━━━━━━━━━━━━━━━ 1.8/1.8 MB 125.5 MB/s eta 0:00:00
build-zephyr	Install Zephyr Python Dependencies	2026-02-02T16:54:07.3959907Z Collecting lxml>=5.3.0
build-zephyr	Install Zephyr Python Dependencies	2026-02-02T16:54:07.4001585Z   Downloading lxml-6.0.2-cp310-cp310-manylinux_2_26_x86_64.manylinux_2_28_x86_64.whl (5.3 MB)
build-zephyr	Install Zephyr Python Dependencies	2026-02-02T16:54:07.4454854Z      ━━━━━━━━━━━━━━━━━━━━━━━━━━━━━━━━━━━━━━━━ 5.3/5.3 MB 127.6 MB/s eta 0:00:00
build-zephyr	Install Zephyr Python Dependencies	2026-02-02T16:54:07.5342894Z Collecting pylint>=3
build-zephyr	Install Zephyr Python Dependencies	2026-02-02T16:54:07.5490208Z   Downloading pylint-4.0.4-py3-none-any.whl (536 kB)
build-zephyr	Install Zephyr Python Dependencies	2026-02-02T16:54:07.5567313Z      ━━━━━━━━━━━━━━━━━━━━━━━━━━━━━━━━━━━━━ 536.4/536.4 kB 106.4 MB/s eta 0:00:00
build-zephyr	Install Zephyr Python Dependencies	2026-02-02T16:54:07.5818140Z Collecting python-magic
build-zephyr	Install Zephyr Python Dependencies	2026-02-02T16:54:07.5859562Z   Downloading python_magic-0.4.27-py2.py3-none-any.whl (13 kB)
build-zephyr	Install Zephyr Python Dependencies	2026-02-02T16:54:08.5615435Z Collecting ruff==0.14.2
build-zephyr	Install Zephyr Python Dependencies	2026-02-02T16:54:08.5676291Z   Downloading ruff-0.14.2-py3-none-manylinux_2_17_x86_64.manylinux2014_x86_64.whl (13.3 MB)
build-zephyr	Install Zephyr Python Dependencies	2026-02-02T16:54:08.7102440Z      ━━━━━━━━━━━━━━━━━━━━━━━━━━━━━━━━━━━━━━━━ 13.3/13.3 MB 82.9 MB/s eta 0:00:00
build-zephyr	Install Zephyr Python Dependencies	2026-02-02T16:54:08.7441992Z Collecting sphinx-lint
build-zephyr	Install Zephyr Python Dependencies	2026-02-02T16:54:08.7491245Z   Downloading sphinx_lint-1.0.2-py3-none-any.whl (20 kB)
build-zephyr	Install Zephyr Python Dependencies	2026-02-02T16:54:08.7857138Z Collecting unidiff
build-zephyr	Install Zephyr Python Dependencies	2026-02-02T16:54:08.7896368Z   Downloading unidiff-0.7.5-py2.py3-none-any.whl (14 kB)
build-zephyr	Install Zephyr Python Dependencies	2026-02-02T16:54:08.8193568Z Collecting vermin
build-zephyr	Install Zephyr Python Dependencies	2026-02-02T16:54:08.8275565Z   Downloading vermin-1.8.0-py3-none-any.whl (98 kB)
build-zephyr	Install Zephyr Python Dependencies	2026-02-02T16:54:08.8319296Z      ━━━━━━━━━━━━━━━━━━━━━━━━━━━━━━━━━━━━━━━━ 98.0/98.0 kB 41.3 MB/s eta 0:00:00
build-zephyr	Install Zephyr Python Dependencies	2026-02-02T16:54:08.8624565Z Collecting yamllint
build-zephyr	Install Zephyr Python Dependencies	2026-02-02T16:54:08.8662216Z   Downloading yamllint-1.38.0-py3-none-any.whl (68 kB)
build-zephyr	Install Zephyr Python Dependencies	2026-02-02T16:54:08.8704198Z      ━━━━━━━━━━━━━━━━━━━━━━━━━━━━━━━━━━━━━━━━ 68.9/68.9 kB 30.4 MB/s eta 0:00:00
build-zephyr	Install Zephyr Python Dependencies	2026-02-02T16:54:08.8793172Z Requirement already satisfied: python-dateutil>=2.8.0 in ./.venv/lib/python3.10/site-packages (from pykwalify->-r zephyr-workspace/zephyr/scripts/requirements-base.txt (line 14)) (2.9.0.post0)
build-zephyr	Install Zephyr Python Dependencies	2026-02-02T16:54:08.8800539Z Requirement already satisfied: docopt>=0.6.2 in ./.venv/lib/python3.10/site-packages (from pykwalify->-r zephyr-workspace/zephyr/scripts/requirements-base.txt (line 14)) (0.6.2)
build-zephyr	Install Zephyr Python Dependencies	2026-02-02T16:54:08.8808241Z Requirement already satisfied: ruamel.yaml>=0.16.0 in ./.venv/lib/python3.10/site-packages (from pykwalify->-r zephyr-workspace/zephyr/scripts/requirements-base.txt (line 14)) (0.19.1)
build-zephyr	Install Zephyr Python Dependencies	2026-02-02T16:54:08.8968869Z Requirement already satisfied: referencing>=0.28.4 in ./.venv/lib/python3.10/site-packages (from jsonschema->-r zephyr-workspace/zephyr/scripts/requirements-base.txt (line 15)) (0.37.0)
build-zephyr	Install Zephyr Python Dependencies	2026-02-02T16:54:08.8976908Z Requirement already satisfied: jsonschema-specifications>=2023.03.6 in ./.venv/lib/python3.10/site-packages (from jsonschema->-r zephyr-workspace/zephyr/scripts/requirements-base.txt (line 15)) (2025.9.1)
build-zephyr	Install Zephyr Python Dependencies	2026-02-02T16:54:08.8986312Z Requirement already satisfied: rpds-py>=0.25.0 in ./.venv/lib/python3.10/site-packages (from jsonschema->-r zephyr-workspace/zephyr/scripts/requirements-base.txt (line 15)) (0.30.0)
build-zephyr	Install Zephyr Python Dependencies	2026-02-02T16:54:08.8993320Z Requirement already satisfied: attrs>=22.2.0 in ./.venv/lib/python3.10/site-packages (from jsonschema->-r zephyr-workspace/zephyr/scripts/requirements-base.txt (line 15)) (25.4.0)
build-zephyr	Install Zephyr Python Dependencies	2026-02-02T16:54:08.9546611Z Requirement already satisfied: six in ./.venv/lib/python3.10/site-packages (from pylink-square->-r zephyr-workspace/zephyr/scripts/requirements-base.txt (line 22)) (1.17.0)
build-zephyr	Install Zephyr Python Dependencies	2026-02-02T16:54:08.9983357Z Collecting certifi>=2017.4.17
build-zephyr	Install Zephyr Python Dependencies	2026-02-02T16:54:09.0024981Z   Downloading certifi-2026.1.4-py3-none-any.whl (152 kB)
build-zephyr	Install Zephyr Python Dependencies	2026-02-02T16:54:09.0073469Z      ━━━━━━━━━━━━━━━━━━━━━━━━━━━━━━━━━━━━━━ 152.9/152.9 kB 58.8 MB/s eta 0:00:00
build-zephyr	Install Zephyr Python Dependencies	2026-02-02T16:54:09.0310895Z Collecting idna<4,>=2.5
build-zephyr	Install Zephyr Python Dependencies	2026-02-02T16:54:09.0350008Z   Downloading idna-3.11-py3-none-any.whl (71 kB)
build-zephyr	Install Zephyr Python Dependencies	2026-02-02T16:54:09.0392722Z      ━━━━━━━━━━━━━━━━━━━━━━━━━━━━━━━━━━━━━━━━ 71.0/71.0 kB 30.4 MB/s eta 0:00:00
build-zephyr	Install Zephyr Python Dependencies	2026-02-02T16:54:09.2407657Z Collecting charset_normalizer<4,>=2
build-zephyr	Install Zephyr Python Dependencies	2026-02-02T16:54:09.2451425Z   Downloading charset_normalizer-3.4.4-cp310-cp310-manylinux2014_x86_64.manylinux_2_17_x86_64.manylinux_2_28_x86_64.whl (153 kB)
build-zephyr	Install Zephyr Python Dependencies	2026-02-02T16:54:09.2502146Z      ━━━━━━━━━━━━━━━━━━━━━━━━━━━━━━━━━━━━━━ 153.6/153.6 kB 55.5 MB/s eta 0:00:00
build-zephyr	Install Zephyr Python Dependencies	2026-02-02T16:54:09.3123651Z Collecting urllib3<3,>=1.21.1
build-zephyr	Install Zephyr Python Dependencies	2026-02-02T16:54:09.3163832Z   Downloading urllib3-2.6.3-py3-none-any.whl (131 kB)
build-zephyr	Install Zephyr Python Dependencies	2026-02-02T16:54:09.3211095Z      ━━━━━━━━━━━━━━━━━━━━━━━━━━━━━━━━━━━━━━ 131.6/131.6 kB 53.2 MB/s eta 0:00:00
build-zephyr	Install Zephyr Python Dependencies	2026-02-02T16:54:09.3770143Z Collecting click>=8.1
build-zephyr	Install Zephyr Python Dependencies	2026-02-02T16:54:09.3815056Z   Downloading click-8.3.1-py3-none-any.whl (108 kB)
build-zephyr	Install Zephyr Python Dependencies	2026-02-02T16:54:09.3862651Z      ━━━━━━━━━━━━━━━━━━━━━━━━━━━━━━━━━━━━━━ 108.3/108.3 kB 42.2 MB/s eta 0:00:00
build-zephyr	Install Zephyr Python Dependencies	2026-02-02T16:54:09.4139836Z Collecting Jinja2>=3.0.0
build-zephyr	Install Zephyr Python Dependencies	2026-02-02T16:54:09.4175090Z   Downloading jinja2-3.1.6-py3-none-any.whl (134 kB)
build-zephyr	Install Zephyr Python Dependencies	2026-02-02T16:54:09.4220648Z      ━━━━━━━━━━━━━━━━━━━━━━━━━━━━━━━━━━━━━━ 134.9/134.9 kB 55.9 MB/s eta 0:00:00
build-zephyr	Install Zephyr Python Dependencies	2026-02-02T16:54:09.4642497Z Collecting tomlkit>=0.8
build-zephyr	Install Zephyr Python Dependencies	2026-02-02T16:54:09.4684747Z   Downloading tomlkit-0.14.0-py3-none-any.whl (39 kB)
build-zephyr	Install Zephyr Python Dependencies	2026-02-02T16:54:09.4934550Z Collecting python-debian>=0.1.48
build-zephyr	Install Zephyr Python Dependencies	2026-02-02T16:54:09.4980341Z   Downloading python_debian-1.0.1-py3-none-any.whl (137 kB)
build-zephyr	Install Zephyr Python Dependencies	2026-02-02T16:54:09.5029406Z      ━━━━━━━━━━━━━━━━━━━━━━━━━━━━━━━━━━━━━━ 137.5/137.5 kB 52.3 MB/s eta 0:00:00
build-zephyr	Install Zephyr Python Dependencies	2026-02-02T16:54:09.5332682Z Collecting license-expression>=21.6.14
build-zephyr	Install Zephyr Python Dependencies	2026-02-02T16:54:09.5372959Z   Downloading license_expression-30.4.4-py3-none-any.whl (120 kB)
build-zephyr	Install Zephyr Python Dependencies	2026-02-02T16:54:09.5420787Z      ━━━━━━━━━━━━━━━━━━━━━━━━━━━━━━━━━━━━━━ 120.6/120.6 kB 47.4 MB/s eta 0:00:00
build-zephyr	Install Zephyr Python Dependencies	2026-02-02T16:54:09.6139510Z Collecting tomli>=1.1.0
build-zephyr	Install Zephyr Python Dependencies	2026-02-02T16:54:09.6180999Z   Downloading tomli-2.4.0-py3-none-any.whl (14 kB)
build-zephyr	Install Zephyr Python Dependencies	2026-02-02T16:54:09.6492756Z Collecting colorlog
build-zephyr	Install Zephyr Python Dependencies	2026-02-02T16:54:09.6537509Z   Downloading colorlog-6.10.1-py3-none-any.whl (11 kB)
build-zephyr	Install Zephyr Python Dependencies	2026-02-02T16:54:09.6925897Z Collecting pygments>=2.13.0
build-zephyr	Install Zephyr Python Dependencies	2026-02-02T16:54:09.6964676Z   Downloading pygments-2.19.2-py3-none-any.whl (1.2 MB)
build-zephyr	Install Zephyr Python Dependencies	2026-02-02T16:54:09.7090977Z      ━━━━━━━━━━━━━━━━━━━━━━━━━━━━━━━━━━━━━━━━ 1.2/1.2 MB 119.9 MB/s eta 0:00:00
build-zephyr	Install Zephyr Python Dependencies	2026-02-02T16:54:09.7588166Z Collecting exceptiongroup>=1
build-zephyr	Install Zephyr Python Dependencies	2026-02-02T16:54:09.7627564Z   Downloading exceptiongroup-1.3.1-py3-none-any.whl (16 kB)
build-zephyr	Install Zephyr Python Dependencies	2026-02-02T16:54:09.7856272Z Collecting iniconfig>=1.0.1
build-zephyr	Install Zephyr Python Dependencies	2026-02-02T16:54:09.7893633Z   Downloading iniconfig-2.3.0-py3-none-any.whl (7.5 kB)
build-zephyr	Install Zephyr Python Dependencies	2026-02-02T16:54:09.8977236Z Collecting pluggy<2,>=1.5
build-zephyr	Install Zephyr Python Dependencies	2026-02-02T16:54:09.9017338Z   Downloading pluggy-1.6.0-py3-none-any.whl (20 kB)
build-zephyr	Install Zephyr Python Dependencies	2026-02-02T16:54:09.9165387Z Requirement already satisfied: typing_extensions>=4.6.0 in ./.venv/lib/python3.10/site-packages (from mypy->-r zephyr-workspace/zephyr/scripts/requirements-build-test.txt (line 18)) (4.15.0)
build-zephyr	Install Zephyr Python Dependencies	2026-02-02T16:54:09.9375597Z Collecting pathspec>=0.9.0
build-zephyr	Install Zephyr Python Dependencies	2026-02-02T16:54:09.9416380Z   Downloading pathspec-1.0.4-py3-none-any.whl (55 kB)
build-zephyr	Install Zephyr Python Dependencies	2026-02-02T16:54:09.9459490Z      ━━━━━━━━━━━━━━━━━━━━━━━━━━━━━━━━━━━━━━━━ 55.2/55.2 kB 21.5 MB/s eta 0:00:00
build-zephyr	Install Zephyr Python Dependencies	2026-02-02T16:54:09.9624951Z Collecting mypy_extensions>=1.0.0
build-zephyr	Install Zephyr Python Dependencies	2026-02-02T16:54:09.9659542Z   Downloading mypy_extensions-1.1.0-py3-none-any.whl (5.0 kB)
build-zephyr	Install Zephyr Python Dependencies	2026-02-02T16:54:10.2025783Z Collecting librt>=0.6.2
build-zephyr	Install Zephyr Python Dependencies	2026-02-02T16:54:10.2086221Z   Downloading librt-0.7.8-cp310-cp310-manylinux2014_x86_64.manylinux_2_17_x86_64.manylinux_2_28_x86_64.whl (186 kB)
build-zephyr	Install Zephyr Python Dependencies	2026-02-02T16:54:10.2139945Z      ━━━━━━━━━━━━━━━━━━━━━━━━━━━━━━━━━━━━━━ 186.7/186.7 kB 60.0 MB/s eta 0:00:00
build-zephyr	Install Zephyr Python Dependencies	2026-02-02T16:54:10.2604343Z Collecting pyusb<2.0,>=1.2.1
build-zephyr	Install Zephyr Python Dependencies	2026-02-02T16:54:10.2647625Z   Downloading pyusb-1.3.1-py3-none-any.whl (58 kB)
build-zephyr	Install Zephyr Python Dependencies	2026-02-02T16:54:10.2688181Z      ━━━━━━━━━━━━━━━━━━━━━━━━━━━━━━━━━━━━━━━━ 58.5/58.5 kB 26.1 MB/s eta 0:00:00
build-zephyr	Install Zephyr Python Dependencies	2026-02-02T16:54:10.2860593Z Collecting intervaltree<4.0,>=3.0.2
build-zephyr	Install Zephyr Python Dependencies	2026-02-02T16:54:10.2895242Z   Downloading intervaltree-3.2.1-py2.py3-none-any.whl (25 kB)
build-zephyr	Install Zephyr Python Dependencies	2026-02-02T16:54:10.3215909Z Collecting prettytable<4.0,>=2.0
build-zephyr	Install Zephyr Python Dependencies	2026-02-02T16:54:10.3256341Z   Downloading prettytable-3.17.0-py3-none-any.whl (34 kB)
build-zephyr	Install Zephyr Python Dependencies	2026-02-02T16:54:10.3987223Z Collecting capstone<6.0,>=5.0
build-zephyr	Install Zephyr Python Dependencies	2026-02-02T16:54:10.4034842Z   Downloading capstone-5.0.6-py3-none-manylinux_2_17_x86_64.manylinux2014_x86_64.whl (1.5 MB)
build-zephyr	Install Zephyr Python Dependencies	2026-02-02T16:54:10.4175695Z      ━━━━━━━━━━━━━━━━━━━━━━━━━━━━━━━━━━━━━━━━ 1.5/1.5 MB 126.7 MB/s eta 0:00:00
build-zephyr	Install Zephyr Python Dependencies	2026-02-02T16:54:10.4701588Z Collecting importlib_resources
build-zephyr	Install Zephyr Python Dependencies	2026-02-02T16:54:10.4742003Z   Downloading importlib_resources-6.5.2-py3-none-any.whl (37 kB)
build-zephyr	Install Zephyr Python Dependencies	2026-02-02T16:54:10.5518733Z Collecting importlib_metadata>=3.6
build-zephyr	Install Zephyr Python Dependencies	2026-02-02T16:54:10.5561379Z   Downloading importlib_metadata-8.7.1-py3-none-any.whl (27 kB)
build-zephyr	Install Zephyr Python Dependencies	2026-02-02T16:54:10.6870339Z Collecting libusb-package<2.0,>=1.0
build-zephyr	Install Zephyr Python Dependencies	2026-02-02T16:54:10.6918204Z   Downloading libusb_package-1.0.26.3-cp310-cp310-manylinux_2_17_x86_64.manylinux2014_x86_64.whl (70 kB)
build-zephyr	Install Zephyr Python Dependencies	2026-02-02T16:54:10.6961501Z      ━━━━━━━━━━━━━━━━━━━━━━━━━━━━━━━━━━━━━━━━ 70.7/70.7 kB 29.4 MB/s eta 0:00:00
build-zephyr	Install Zephyr Python Dependencies	2026-02-02T16:54:10.7067036Z Collecting pylink-square
build-zephyr	Install Zephyr Python Dependencies	2026-02-02T16:54:10.7111288Z   Downloading pylink_square-1.7.0-py2.py3-none-any.whl (86 kB)
build-zephyr	Install Zephyr Python Dependencies	2026-02-02T16:54:10.7152832Z      ━━━━━━━━━━━━━━━━━━━━━━━━━━━━━━━━━━━━━━━━ 86.9/86.9 kB 35.3 MB/s eta 0:00:00
build-zephyr	Install Zephyr Python Dependencies	2026-02-02T16:54:10.7822009Z Collecting lark<2.0,>=1.1.5
build-zephyr	Install Zephyr Python Dependencies	2026-02-02T16:54:10.7859395Z   Downloading lark-1.3.1-py3-none-any.whl (113 kB)
build-zephyr	Install Zephyr Python Dependencies	2026-02-02T16:54:10.7904451Z      ━━━━━━━━━━━━━━━━━━━━━━━━━━━━━━━━━━━━━━ 113.2/113.2 kB 50.0 MB/s eta 0:00:00
build-zephyr	Install Zephyr Python Dependencies	2026-02-02T16:54:10.8383371Z Collecting cmsis-pack-manager<1.0,>=0.5.2
build-zephyr	Install Zephyr Python Dependencies	2026-02-02T16:54:10.8435492Z   Downloading cmsis_pack_manager-0.6.0-py3-none-manylinux_2_17_x86_64.manylinux2014_x86_64.whl (3.7 MB)
build-zephyr	Install Zephyr Python Dependencies	2026-02-02T16:54:10.9013829Z      ━━━━━━━━━━━━━━━━━━━━━━━━━━━━━━━━━━━━━━━━ 3.7/3.7 MB 66.8 MB/s eta 0:00:00
build-zephyr	Install Zephyr Python Dependencies	2026-02-02T16:54:10.9529522Z Requirement already satisfied: wrapt~=1.10 in ./.venv/lib/python3.10/site-packages (from python-can>=4.3.0->-r zephyr-workspace/zephyr/scripts/requirements-run-test.txt (line 19)) (1.17.3)
build-zephyr	Install Zephyr Python Dependencies	2026-02-02T16:54:10.9854694Z Collecting xmltodict
build-zephyr	Install Zephyr Python Dependencies	2026-02-02T16:54:10.9893496Z   Downloading xmltodict-1.0.2-py3-none-any.whl (13 kB)
build-zephyr	Install Zephyr Python Dependencies	2026-02-02T16:54:11.0110709Z Collecting semantic-version
build-zephyr	Install Zephyr Python Dependencies	2026-02-02T16:54:11.0148718Z   Downloading semantic_version-2.10.0-py2.py3-none-any.whl (15 kB)
build-zephyr	Install Zephyr Python Dependencies	2026-02-02T16:54:11.0387506Z Collecting uritools
build-zephyr	Install Zephyr Python Dependencies	2026-02-02T16:54:11.0424453Z   Downloading uritools-6.0.1-py3-none-any.whl (10 kB)
build-zephyr	Install Zephyr Python Dependencies	2026-02-02T16:54:11.0674392Z Collecting rdflib
build-zephyr	Install Zephyr Python Dependencies	2026-02-02T16:54:11.0708305Z   Downloading rdflib-7.5.0-py3-none-any.whl (587 kB)
build-zephyr	Install Zephyr Python Dependencies	2026-02-02T16:54:11.0803750Z      ━━━━━━━━━━━━━━━━━━━━━━━━━━━━━━━━━━━━━━ 587.2/587.2 kB 86.7 MB/s eta 0:00:00
build-zephyr	Install Zephyr Python Dependencies	2026-02-02T16:54:11.1181163Z Collecting beartype
build-zephyr	Install Zephyr Python Dependencies	2026-02-02T16:54:11.1248270Z   Downloading beartype-0.22.9-py3-none-any.whl (1.3 MB)
build-zephyr	Install Zephyr Python Dependencies	2026-02-02T16:54:11.1380638Z      ━━━━━━━━━━━━━━━━━━━━━━━━━━━━━━━━━━━━━━━━ 1.3/1.3 MB 120.6 MB/s eta 0:00:00
build-zephyr	Install Zephyr Python Dependencies	2026-02-02T16:54:11.1959720Z Collecting gitdb<5,>=4.0.1
build-zephyr	Install Zephyr Python Dependencies	2026-02-02T16:54:11.2000641Z   Downloading gitdb-4.0.12-py3-none-any.whl (62 kB)
build-zephyr	Install Zephyr Python Dependencies	2026-02-02T16:54:11.2041094Z      ━━━━━━━━━━━━━━━━━━━━━━━━━━━━━━━━━━━━━━━━ 62.8/62.8 kB 28.8 MB/s eta 0:00:00
build-zephyr	Install Zephyr Python Dependencies	2026-02-02T16:54:11.3343631Z Collecting narwhals>=1.15.1
build-zephyr	Install Zephyr Python Dependencies	2026-02-02T16:54:11.3384559Z   Downloading narwhals-2.16.0-py3-none-any.whl (443 kB)
build-zephyr	Install Zephyr Python Dependencies	2026-02-02T16:54:11.3455383Z      ━━━━━━━━━━━━━━━━━━━━━━━━━━━━━━━━━━━━━━ 444.0/444.0 kB 96.9 MB/s eta 0:00:00
build-zephyr	Install Zephyr Python Dependencies	2026-02-02T16:54:11.3834839Z Collecting sh>=1.13.0
build-zephyr	Install Zephyr Python Dependencies	2026-02-02T16:54:11.3873638Z   Downloading sh-2.2.2-py3-none-any.whl (38 kB)
build-zephyr	Install Zephyr Python Dependencies	2026-02-02T16:54:11.4287290Z Collecting arrow>=1
build-zephyr	Install Zephyr Python Dependencies	2026-02-02T16:54:11.4376599Z   Downloading arrow-1.4.0-py3-none-any.whl (68 kB)
build-zephyr	Install Zephyr Python Dependencies	2026-02-02T16:54:11.4416856Z      ━━━━━━━━━━━━━━━━━━━━━━━━━━━━━━━━━━━━━━━━ 68.8/68.8 kB 31.9 MB/s eta 0:00:00
build-zephyr	Install Zephyr Python Dependencies	2026-02-02T16:54:11.5381487Z Collecting pyasn1<1,>=0.6
build-zephyr	Install Zephyr Python Dependencies	2026-02-02T16:54:11.5420503Z   Downloading pyasn1-0.6.2-py3-none-any.whl (83 kB)
build-zephyr	Install Zephyr Python Dependencies	2026-02-02T16:54:11.5461973Z      ━━━━━━━━━━━━━━━━━━━━━━━━━━━━━━━━━━━━━━━━ 83.4/83.4 kB 36.9 MB/s eta 0:00:00
build-zephyr	Install Zephyr Python Dependencies	2026-02-02T16:54:11.5781495Z Collecting asn1crypto<2,>=1.2
build-zephyr	Install Zephyr Python Dependencies	2026-02-02T16:54:11.5819198Z   Downloading asn1crypto-1.5.1-py2.py3-none-any.whl (105 kB)
build-zephyr	Install Zephyr Python Dependencies	2026-02-02T16:54:11.5863148Z      ━━━━━━━━━━━━━━━━━━━━━━━━━━━━━━━━━━━━━━ 105.0/105.0 kB 44.1 MB/s eta 0:00:00
build-zephyr	Install Zephyr Python Dependencies	2026-02-02T16:54:11.6084526Z Collecting fastjsonschema<3,>=2.15.1
build-zephyr	Install Zephyr Python Dependencies	2026-02-02T16:54:11.6120700Z   Downloading fastjsonschema-2.21.2-py3-none-any.whl (24 kB)
build-zephyr	Install Zephyr Python Dependencies	2026-02-02T16:54:11.6328250Z Collecting libuuu<2,>=1.5.239
build-zephyr	Install Zephyr Python Dependencies	2026-02-02T16:54:11.6389260Z   Downloading libuuu-1.5.243-py3-none-manylinux_2_28_x86_64.whl (9.3 MB)
build-zephyr	Install Zephyr Python Dependencies	2026-02-02T16:54:11.7179419Z      ━━━━━━━━━━━━━━━━━━━━━━━━━━━━━━━━━━━━━━━━ 9.3/9.3 MB 121.3 MB/s eta 0:00:00
build-zephyr	Install Zephyr Python Dependencies	2026-02-02T16:54:11.7387241Z Collecting click>=8.1
build-zephyr	Install Zephyr Python Dependencies	2026-02-02T16:54:11.7427144Z   Downloading click-8.2.1-py3-none-any.whl (102 kB)
build-zephyr	Install Zephyr Python Dependencies	2026-02-02T16:54:11.7468591Z      ━━━━━━━━━━━━━━━━━━━━━━━━━━━━━━━━━━━━━━ 102.2/102.2 kB 47.4 MB/s eta 0:00:00
build-zephyr	Install Zephyr Python Dependencies	2026-02-02T16:54:11.7934747Z Collecting bincopy<21,>=17.14.5
build-zephyr	Install Zephyr Python Dependencies	2026-02-02T16:54:11.7990428Z   Downloading bincopy-20.1.0-py3-none-any.whl (18 kB)
build-zephyr	Install Zephyr Python Dependencies	2026-02-02T16:54:11.8157374Z Collecting click-command-tree<2
build-zephyr	Install Zephyr Python Dependencies	2026-02-02T16:54:11.8203540Z   Downloading click_command_tree-1.2.0-1-py3-none-any.whl (3.8 kB)
build-zephyr	Install Zephyr Python Dependencies	2026-02-02T16:54:11.8568561Z Collecting platformdirs<5,>=3.9.1
build-zephyr	Install Zephyr Python Dependencies	2026-02-02T16:54:11.8604430Z   Downloading platformdirs-4.5.1-py3-none-any.whl (18 kB)
build-zephyr	Install Zephyr Python Dependencies	2026-02-02T16:54:11.8810101Z Collecting x690<2,>=1.0
build-zephyr	Install Zephyr Python Dependencies	2026-02-02T16:54:11.8857236Z   Downloading x690-1.0.0.post1-py3-none-any.whl (29 kB)
build-zephyr	Install Zephyr Python Dependencies	2026-02-02T16:54:11.9089875Z Collecting click-option-group<1,>=0.3.0
build-zephyr	Install Zephyr Python Dependencies	2026-02-02T16:54:11.9124338Z   Downloading click_option_group-0.5.9-py3-none-any.whl (11 kB)
build-zephyr	Install Zephyr Python Dependencies	2026-02-02T16:54:11.9277703Z Collecting spsdk-mcu-link<1,>=0.3.2
build-zephyr	Install Zephyr Python Dependencies	2026-02-02T16:54:11.9322277Z   Downloading spsdk_mcu_link-0.6.6.tar.gz (165 kB)
build-zephyr	Install Zephyr Python Dependencies	2026-02-02T16:54:11.9369494Z      ━━━━━━━━━━━━━━━━━━━━━━━━━━━━━━━━━━━━━━ 165.1/165.1 kB 66.7 MB/s eta 0:00:00
build-zephyr	Install Zephyr Python Dependencies	2026-02-02T16:54:11.9538205Z   Installing build dependencies: started
build-zephyr	Install Zephyr Python Dependencies	2026-02-02T16:54:13.8108271Z   Installing build dependencies: finished with status 'done'
build-zephyr	Install Zephyr Python Dependencies	2026-02-02T16:54:13.8114355Z   Getting requirements to build wheel: started
build-zephyr	Install Zephyr Python Dependencies	2026-02-02T16:54:14.0038081Z   Getting requirements to build wheel: finished with status 'done'
build-zephyr	Install Zephyr Python Dependencies	2026-02-02T16:54:14.0048530Z   Preparing metadata (pyproject.toml): started
build-zephyr	Install Zephyr Python Dependencies	2026-02-02T16:54:14.1953757Z   Preparing metadata (pyproject.toml): finished with status 'done'
build-zephyr	Install Zephyr Python Dependencies	2026-02-02T16:54:14.2103022Z Collecting crcmod<2
build-zephyr	Install Zephyr Python Dependencies	2026-02-02T16:54:14.2139303Z   Downloading crcmod-1.7.tar.gz (89 kB)
build-zephyr	Install Zephyr Python Dependencies	2026-02-02T16:54:14.2179924Z      ━━━━━━━━━━━━━━━━━━━━━━━━━━━━━━━━━━━━━━━━ 89.7/89.7 kB 42.2 MB/s eta 0:00:00
build-zephyr	Install Zephyr Python Dependencies	2026-02-02T16:54:14.2311286Z   Preparing metadata (setup.py): started
build-zephyr	Install Zephyr Python Dependencies	2026-02-02T16:54:14.3965179Z   Preparing metadata (setup.py): finished with status 'done'
build-zephyr	Install Zephyr Python Dependencies	2026-02-02T16:54:14.4236239Z Collecting bitstring<5,>=3.1
build-zephyr	Install Zephyr Python Dependencies	2026-02-02T16:54:14.4276775Z   Downloading bitstring-4.3.1-py3-none-any.whl (71 kB)
build-zephyr	Install Zephyr Python Dependencies	2026-02-02T16:54:14.4317461Z      ━━━━━━━━━━━━━━━━━━━━━━━━━━━━━━━━━━━━━━━━ 71.9/71.9 kB 33.1 MB/s eta 0:00:00
build-zephyr	Install Zephyr Python Dependencies	2026-02-02T16:54:14.4519522Z Collecting oscrypto<2
build-zephyr	Install Zephyr Python Dependencies	2026-02-02T16:54:14.4553681Z   Downloading oscrypto-1.3.0-py2.py3-none-any.whl (194 kB)
build-zephyr	Install Zephyr Python Dependencies	2026-02-02T16:54:14.4603262Z      ━━━━━━━━━━━━━━━━━━━━━━━━━━━━━━━━━━━━━━ 194.6/194.6 kB 69.1 MB/s eta 0:00:00
build-zephyr	Install Zephyr Python Dependencies	2026-02-02T16:54:14.4764743Z Collecting sly<1
build-zephyr	Install Zephyr Python Dependencies	2026-02-02T16:54:14.4802031Z   Downloading sly-0.5-py3-none-any.whl (28 kB)
build-zephyr	Install Zephyr Python Dependencies	2026-02-02T16:54:14.5018635Z Collecting deepmerge<3
build-zephyr	Install Zephyr Python Dependencies	2026-02-02T16:54:14.5064871Z   Downloading deepmerge-2.0-py3-none-any.whl (13 kB)
build-zephyr	Install Zephyr Python Dependencies	2026-02-02T16:54:14.5542647Z Collecting filelock<4,>=3
build-zephyr	Install Zephyr Python Dependencies	2026-02-02T16:54:14.5583684Z   Downloading filelock-3.20.3-py3-none-any.whl (16 kB)
build-zephyr	Install Zephyr Python Dependencies	2026-02-02T16:54:15.1203559Z Collecting cryptography<47,>=43.0.0
build-zephyr	Install Zephyr Python Dependencies	2026-02-02T16:54:15.1252407Z   Downloading cryptography-46.0.4-cp38-abi3-manylinux_2_34_x86_64.whl (4.5 MB)
build-zephyr	Install Zephyr Python Dependencies	2026-02-02T16:54:15.1591231Z      ━━━━━━━━━━━━━━━━━━━━━━━━━━━━━━━━━━━━━━━━ 4.5/4.5 MB 141.5 MB/s eta 0:00:00
build-zephyr	Install Zephyr Python Dependencies	2026-02-02T16:54:15.2504899Z Collecting ruamel.yaml.clib!=0.2.13,!=0.2.15,<1
build-zephyr	Install Zephyr Python Dependencies	2026-02-02T16:54:15.2578640Z   Downloading ruamel.yaml.clib-0.2.14-cp310-cp310-manylinux_2_17_x86_64.manylinux2014_x86_64.whl (721 kB)
build-zephyr	Install Zephyr Python Dependencies	2026-02-02T16:54:15.2661504Z      ━━━━━━━━━━━━━━━━━━━━━━━━━━━━━━━━━━━━━ 721.3/721.3 kB 122.1 MB/s eta 0:00:00
build-zephyr	Install Zephyr Python Dependencies	2026-02-02T16:54:15.2859771Z Collecting libusbsio<3,>=2.2.0
build-zephyr	Install Zephyr Python Dependencies	2026-02-02T16:54:15.2915994Z   Downloading libusbsio-2.2.0-py3-none-any.whl (271 kB)
build-zephyr	Install Zephyr Python Dependencies	2026-02-02T16:54:15.2968676Z      ━━━━━━━━━━━━━━━━━━━━━━━━━━━━━━━━━━━━━━ 271.5/271.5 kB 88.5 MB/s eta 0:00:00
build-zephyr	Install Zephyr Python Dependencies	2026-02-02T16:54:15.3371708Z Collecting spsdk-pyocd<1,>=0.2.0
build-zephyr	Install Zephyr Python Dependencies	2026-02-02T16:54:15.3416997Z   Downloading spsdk_pyocd-0.3.4.tar.gz (8.2 kB)
build-zephyr	Install Zephyr Python Dependencies	2026-02-02T16:54:15.3516075Z   Installing build dependencies: started
build-zephyr	Install Zephyr Python Dependencies	2026-02-02T16:54:17.1430494Z   Installing build dependencies: finished with status 'done'
build-zephyr	Install Zephyr Python Dependencies	2026-02-02T16:54:17.1436900Z   Getting requirements to build wheel: started
build-zephyr	Install Zephyr Python Dependencies	2026-02-02T16:54:17.3281800Z   Getting requirements to build wheel: finished with status 'done'
build-zephyr	Install Zephyr Python Dependencies	2026-02-02T16:54:17.3292310Z   Preparing metadata (pyproject.toml): started
build-zephyr	Install Zephyr Python Dependencies	2026-02-02T16:54:17.5138377Z   Preparing metadata (pyproject.toml): finished with status 'done'
build-zephyr	Install Zephyr Python Dependencies	2026-02-02T16:54:17.5301684Z Requirement already satisfied: setuptools<81,>75 in ./.venv/lib/python3.10/site-packages (from spsdk>=3.0.0->-r zephyr-workspace/zephyr/scripts/requirements-extras.txt (line 22)) (79.0.1)
build-zephyr	Install Zephyr Python Dependencies	2026-02-02T16:54:17.5948910Z Collecting setuptools_scm<10
build-zephyr	Install Zephyr Python Dependencies	2026-02-02T16:54:17.5991549Z   Downloading setuptools_scm-9.2.2-py3-none-any.whl (62 kB)
build-zephyr	Install Zephyr Python Dependencies	2026-02-02T16:54:17.6033612Z      ━━━━━━━━━━━━━━━━━━━━━━━━━━━━━━━━━━━━━━━━ 63.0/63.0 kB 26.1 MB/s eta 0:00:00
build-zephyr	Install Zephyr Python Dependencies	2026-02-02T16:54:17.6184583Z Collecting hexdump<4
build-zephyr	Install Zephyr Python Dependencies	2026-02-02T16:54:17.6222276Z   Downloading hexdump-3.3.zip (12 kB)
build-zephyr	Install Zephyr Python Dependencies	2026-02-02T16:54:17.6259272Z   Preparing metadata (setup.py): started
build-zephyr	Install Zephyr Python Dependencies	2026-02-02T16:54:17.7798176Z   Preparing metadata (setup.py): finished with status 'done'
build-zephyr	Install Zephyr Python Dependencies	2026-02-02T16:54:17.8403599Z Collecting pyjwt[crypto]>=2.4.0
build-zephyr	Install Zephyr Python Dependencies	2026-02-02T16:54:17.8442081Z   Downloading pyjwt-2.11.0-py3-none-any.whl (28 kB)
build-zephyr	Install Zephyr Python Dependencies	2026-02-02T16:54:17.9141206Z Collecting pynacl>=1.4.0
build-zephyr	Install Zephyr Python Dependencies	2026-02-02T16:54:17.9190984Z   Downloading pynacl-1.6.2-cp38-abi3-manylinux_2_34_x86_64.whl (1.4 MB)
build-zephyr	Install Zephyr Python Dependencies	2026-02-02T16:54:17.9320487Z      ━━━━━━━━━━━━━━━━━━━━━━━━━━━━━━━━━━━━━━━━ 1.4/1.4 MB 130.1 MB/s eta 0:00:00
build-zephyr	Install Zephyr Python Dependencies	2026-02-02T16:54:18.0147477Z Collecting dill>=0.2
build-zephyr	Install Zephyr Python Dependencies	2026-02-02T16:54:18.0188444Z   Downloading dill-0.4.1-py3-none-any.whl (120 kB)
build-zephyr	Install Zephyr Python Dependencies	2026-02-02T16:54:18.0244512Z      ━━━━━━━━━━━━━━━━━━━━━━━━━━━━━━━━━━━━━━ 120.0/120.0 kB 34.7 MB/s eta 0:00:00
build-zephyr	Install Zephyr Python Dependencies	2026-02-02T16:54:18.0416991Z Collecting mccabe<0.8,>=0.6
build-zephyr	Install Zephyr Python Dependencies	2026-02-02T16:54:18.0452308Z   Downloading mccabe-0.7.0-py2.py3-none-any.whl (7.3 kB)
build-zephyr	Install Zephyr Python Dependencies	2026-02-02T16:54:18.1402857Z Collecting astroid<=4.1.dev0,>=4.0.2
build-zephyr	Install Zephyr Python Dependencies	2026-02-02T16:54:18.1444315Z   Downloading astroid-4.0.3-py3-none-any.whl (276 kB)
build-zephyr	Install Zephyr Python Dependencies	2026-02-02T16:54:18.1583579Z      ━━━━━━━━━━━━━━━━━━━━━━━━━━━━━━━━━━━━━━ 276.4/276.4 kB 32.7 MB/s eta 0:00:00
build-zephyr	Install Zephyr Python Dependencies	2026-02-02T16:54:18.2352781Z Collecting isort!=5.13,<8,>=5
build-zephyr	Install Zephyr Python Dependencies	2026-02-02T16:54:18.2394257Z   Downloading isort-7.0.0-py3-none-any.whl (94 kB)
build-zephyr	Install Zephyr Python Dependencies	2026-02-02T16:54:18.2436609Z      ━━━━━━━━━━━━━━━━━━━━━━━━━━━━━━━━━━━━━━━━ 94.7/94.7 kB 42.3 MB/s eta 0:00:00
build-zephyr	Install Zephyr Python Dependencies	2026-02-02T16:54:18.2738114Z Collecting polib
build-zephyr	Install Zephyr Python Dependencies	2026-02-02T16:54:18.2773114Z   Downloading polib-1.2.0-py2.py3-none-any.whl (20 kB)
build-zephyr	Install Zephyr Python Dependencies	2026-02-02T16:54:19.1866357Z Collecting regex
build-zephyr	Install Zephyr Python Dependencies	2026-02-02T16:54:19.1905565Z   Downloading regex-2026.1.15-cp310-cp310-manylinux2014_x86_64.manylinux_2_17_x86_64.manylinux_2_28_x86_64.whl (791 kB)
build-zephyr	Install Zephyr Python Dependencies	2026-02-02T16:54:19.2011169Z      ━━━━━━━━━━━━━━━━━━━━━━━━━━━━━━━━━━━━━ 791.8/791.8 kB 103.6 MB/s eta 0:00:00
build-zephyr	Install Zephyr Python Dependencies	2026-02-02T16:54:19.2659698Z Collecting tzdata
build-zephyr	Install Zephyr Python Dependencies	2026-02-02T16:54:19.2699307Z   Downloading tzdata-2025.3-py2.py3-none-any.whl (348 kB)
build-zephyr	Install Zephyr Python Dependencies	2026-02-02T16:54:19.2761202Z      ━━━━━━━━━━━━━━━━━━━━━━━━━━━━━━━━━━━━━━ 348.5/348.5 kB 88.5 MB/s eta 0:00:00
build-zephyr	Install Zephyr Python Dependencies	2026-02-02T16:54:19.3434584Z Collecting humanfriendly
build-zephyr	Install Zephyr Python Dependencies	2026-02-02T16:54:19.3474574Z   Downloading humanfriendly-10.0-py2.py3-none-any.whl (86 kB)
build-zephyr	Install Zephyr Python Dependencies	2026-02-02T16:54:19.3517763Z      ━━━━━━━━━━━━━━━━━━━━━━━━━━━━━━━━━━━━━━━━ 86.8/86.8 kB 36.9 MB/s eta 0:00:00
build-zephyr	Install Zephyr Python Dependencies	2026-02-02T16:54:19.3682850Z Collecting argparse_addons>=0.4.0
build-zephyr	Install Zephyr Python Dependencies	2026-02-02T16:54:19.3718431Z   Downloading argparse_addons-0.12.0-py3-none-any.whl (3.3 kB)
build-zephyr	Install Zephyr Python Dependencies	2026-02-02T16:54:20.1682749Z Collecting bitarray<4.0,>=3.0.0
build-zephyr	Install Zephyr Python Dependencies	2026-02-02T16:54:20.1842229Z   Downloading bitarray-3.8.0-cp310-cp310-manylinux2014_x86_64.manylinux_2_17_x86_64.manylinux_2_28_x86_64.whl (329 kB)
build-zephyr	Install Zephyr Python Dependencies	2026-02-02T16:54:20.1908058Z      ━━━━━━━━━━━━━━━━━━━━━━━━━━━━━━━━━━━━━━ 329.1/329.1 kB 79.3 MB/s eta 0:00:00
build-zephyr	Install Zephyr Python Dependencies	2026-02-02T16:54:20.5114111Z Collecting cffi
build-zephyr	Install Zephyr Python Dependencies	2026-02-02T16:54:20.5172212Z   Downloading cffi-2.0.0-cp310-cp310-manylinux2014_x86_64.manylinux_2_17_x86_64.whl (216 kB)
build-zephyr	Install Zephyr Python Dependencies	2026-02-02T16:54:20.5227880Z      ━━━━━━━━━━━━━━━━━━━━━━━━━━━━━━━━━━━━━━ 216.5/216.5 kB 68.2 MB/s eta 0:00:00
build-zephyr	Install Zephyr Python Dependencies	2026-02-02T16:54:20.5396592Z Collecting appdirs<2.0,>=1.4
build-zephyr	Install Zephyr Python Dependencies	2026-02-02T16:54:20.5440474Z   Downloading appdirs-1.4.4-py2.py3-none-any.whl (9.6 kB)
build-zephyr	Install Zephyr Python Dependencies	2026-02-02T16:54:20.6592790Z Collecting smmap<6,>=3.0.1
build-zephyr	Install Zephyr Python Dependencies	2026-02-02T16:54:20.6628797Z   Downloading smmap-5.0.2-py3-none-any.whl (24 kB)
build-zephyr	Install Zephyr Python Dependencies	2026-02-02T16:54:20.7370603Z Collecting zipp>=3.20
build-zephyr	Install Zephyr Python Dependencies	2026-02-02T16:54:20.7409916Z   Downloading zipp-3.23.0-py3-none-any.whl (10 kB)
build-zephyr	Install Zephyr Python Dependencies	2026-02-02T16:54:20.7779920Z Collecting sortedcontainers
build-zephyr	Install Zephyr Python Dependencies	2026-02-02T16:54:20.7814995Z   Downloading sortedcontainers-2.4.0-py2.py3-none-any.whl (29 kB)
build-zephyr	Install Zephyr Python Dependencies	2026-02-02T16:54:20.9262500Z Collecting MarkupSafe>=2.0
build-zephyr	Install Zephyr Python Dependencies	2026-02-02T16:54:20.9303441Z   Downloading markupsafe-3.0.3-cp310-cp310-manylinux2014_x86_64.manylinux_2_17_x86_64.manylinux_2_28_x86_64.whl (20 kB)
build-zephyr	Install Zephyr Python Dependencies	2026-02-02T16:54:21.0188240Z Collecting boolean.py>=4.0
build-zephyr	Install Zephyr Python Dependencies	2026-02-02T16:54:21.0223634Z   Downloading boolean_py-5.0-py3-none-any.whl (26 kB)
build-zephyr	Install Zephyr Python Dependencies	2026-02-02T16:54:21.1461249Z Collecting wcwidth
build-zephyr	Install Zephyr Python Dependencies	2026-02-02T16:54:21.1500448Z   Downloading wcwidth-0.5.3-py3-none-any.whl (92 kB)
build-zephyr	Install Zephyr Python Dependencies	2026-02-02T16:54:21.1540877Z      ━━━━━━━━━━━━━━━━━━━━━━━━━━━━━━━━━━━━━━━━ 93.0/93.0 kB 43.9 MB/s eta 0:00:00
build-zephyr	Install Zephyr Python Dependencies	2026-02-02T16:54:21.4668947Z Collecting hidapi~=0.14.0.post2
build-zephyr	Install Zephyr Python Dependencies	2026-02-02T16:54:21.4716930Z   Downloading hidapi-0.14.0.post4-cp310-cp310-manylinux_2_17_x86_64.manylinux2014_x86_64.whl (1.0 MB)
build-zephyr	Install Zephyr Python Dependencies	2026-02-02T16:54:21.4842520Z      ━━━━━━━━━━━━━━━━━━━━━━━━━━━━━━━━━━━━━━━━ 1.0/1.0 MB 101.6 MB/s eta 0:00:00
build-zephyr	Install Zephyr Python Dependencies	2026-02-02T16:54:21.6323236Z Collecting wasmtime~=24.0.0
build-zephyr	Install Zephyr Python Dependencies	2026-02-02T16:54:21.6377351Z   Downloading wasmtime-24.0.0-py3-none-manylinux1_x86_64.whl (6.2 MB)
build-zephyr	Install Zephyr Python Dependencies	2026-02-02T16:54:21.6879930Z      ━━━━━━━━━━━━━━━━━━━━━━━━━━━━━━━━━━━━━━━━ 6.2/6.2 MB 129.3 MB/s eta 0:00:00
build-zephyr	Install Zephyr Python Dependencies	2026-02-02T16:54:21.7970183Z Collecting t61codec<2.0,>=1.0.1
build-zephyr	Install Zephyr Python Dependencies	2026-02-02T16:54:21.8006992Z   Downloading t61codec-1.0.1-py2.py3-none-any.whl (6.0 kB)
build-zephyr	Install Zephyr Python Dependencies	2026-02-02T16:54:21.9935397Z Collecting isodate<1.0.0,>=0.7.2
build-zephyr	Install Zephyr Python Dependencies	2026-02-02T16:54:21.9968658Z   Downloading isodate-0.7.2-py3-none-any.whl (22 kB)
build-zephyr	Install Zephyr Python Dependencies	2026-02-02T16:54:22.0520724Z Collecting pyparsing<4,>=2.1.0
build-zephyr	Install Zephyr Python Dependencies	2026-02-02T16:54:22.0563033Z   Downloading pyparsing-3.3.2-py3-none-any.whl (122 kB)
build-zephyr	Install Zephyr Python Dependencies	2026-02-02T16:54:22.0608088Z      ━━━━━━━━━━━━━━━━━━━━━━━━━━━━━━━━━━━━━━ 122.8/122.8 kB 52.1 MB/s eta 0:00:00
build-zephyr	Install Zephyr Python Dependencies	2026-02-02T16:54:22.1917106Z Collecting pycparser
build-zephyr	Install Zephyr Python Dependencies	2026-02-02T16:54:22.1951775Z   Downloading pycparser-3.0-py3-none-any.whl (48 kB)
build-zephyr	Install Zephyr Python Dependencies	2026-02-02T16:54:22.1988957Z      ━━━━━━━━━━━━━━━━━━━━━━━━━━━━━━━━━━━━━━━━ 48.2/48.2 kB 24.4 MB/s eta 0:00:00
build-zephyr	Install Zephyr Python Dependencies	2026-02-02T16:54:22.4521345Z Building wheels for collected packages: reuse, spsdk-mcu-link, spsdk-pyocd
build-zephyr	Install Zephyr Python Dependencies	2026-02-02T16:54:22.4530854Z   Building wheel for reuse (pyproject.toml): started
build-zephyr	Install Zephyr Python Dependencies	2026-02-02T16:54:22.7109984Z   Building wheel for reuse (pyproject.toml): finished with status 'done'
build-zephyr	Install Zephyr Python Dependencies	2026-02-02T16:54:22.7118951Z   Created wheel for reuse: filename=reuse-6.2.0-cp310-cp310-manylinux_2_39_x86_64.whl size=158935 sha256=edf46c78469282860f90637ecbbbb28dc16326e49b165b2c830a8d111d490d2c
build-zephyr	Install Zephyr Python Dependencies	2026-02-02T16:54:22.7120644Z   Stored in directory: /home/runner/.cache/pip/wheels/38/90/af/13a16588cc95a73c1c93ea2d64a41abb5dc3126a4bd80636cc
build-zephyr	Install Zephyr Python Dependencies	2026-02-02T16:54:22.7154964Z   Building wheel for spsdk-mcu-link (pyproject.toml): started
build-zephyr	Install Zephyr Python Dependencies	2026-02-02T16:54:22.9534705Z   Building wheel for spsdk-mcu-link (pyproject.toml): finished with status 'done'
build-zephyr	Install Zephyr Python Dependencies	2026-02-02T16:54:22.9542683Z   Created wheel for spsdk-mcu-link: filename=spsdk_mcu_link-0.6.6-py3-none-any.whl size=169579 sha256=0d89b97245e6703495762d78e329ef90d595672401d234450b7ee166a80041aa
build-zephyr	Install Zephyr Python Dependencies	2026-02-02T16:54:22.9544349Z   Stored in directory: /home/runner/.cache/pip/wheels/94/4d/1c/598fa9c744b867b3b49d3f0d027c4636ef8f0e0c04566ef12b
build-zephyr	Install Zephyr Python Dependencies	2026-02-02T16:54:22.9567822Z   Building wheel for spsdk-pyocd (pyproject.toml): started
build-zephyr	Install Zephyr Python Dependencies	2026-02-02T16:54:23.1736372Z   Building wheel for spsdk-pyocd (pyproject.toml): finished with status 'done'
build-zephyr	Install Zephyr Python Dependencies	2026-02-02T16:54:23.1741936Z   Created wheel for spsdk-pyocd: filename=spsdk_pyocd-0.3.4-py3-none-any.whl size=7411 sha256=dc5698bf790163f2e4b93c038758ba794712100bd56d6a610ef1802f60981edd
build-zephyr	Install Zephyr Python Dependencies	2026-02-02T16:54:23.1744119Z   Stored in directory: /home/runner/.cache/pip/wheels/9f/f0/e1/f795426df0686a5e98738cb919b6786eced4148df4d2591d05
build-zephyr	Install Zephyr Python Dependencies	2026-02-02T16:54:23.1760194Z Successfully built reuse spsdk-mcu-link spsdk-pyocd
build-zephyr	Install Zephyr Python Dependencies	2026-02-02T16:54:23.9017132Z Installing collected packages: unidiff, t61codec, sortedcontainers, sly, pyserial, pyelftools, polib, ply, intelhex, hexdump, fastjsonschema, crcmod, clang-format, cbor, boolean.py, bitarray, asn1crypto, appdirs, zipp, xmltodict, x690, wcwidth, vermin, urllib3, uritools, tzdata, tqdm, tomlkit, tomli, tabulate, smmap, sh, semver, semantic-version, ruff, ruamel.yaml.clib, regex, pyusb, python-magic, python-dotenv, pyparsing, pyjwt, pygments, pycparser, pyasn1, psutil, pluggy, platformdirs, Pillow, patool, pathspec, oscrypto, numpy, natsort, narwhals, mypy_extensions, mccabe, MarkupSafe, lxml, lpc_checksum, license-expression, libuuu, libusbsio, librt, lark, junitparser, isort, isodate, intervaltree, iniconfig, importlib_resources, idna, humanfriendly, hidapi, graphviz, filelock, exceptiongroup, dill, deepmerge, coverage, colorlog, click, charset_normalizer, certifi, capstone, bitstring, beartype, astroid, argparse_addons, anytree, yamllint, wasmtime, sphinx-lint, setuptools_scm, requests, rdflib, python-debian, pytest, pylint, pylink-square, prettytable, plotly, opencv-python, mypy, libusb-package, Jinja2, importlib_metadata, gitdb, click-option-group, click-command-tree, cffi, canopen, bincopy, arrow, spsdk-mcu-link, spdx-tools, reuse, pynacl, junit2html, gitpython, gitlint-core, gcovr, cryptography, cmsis-pack-manager, pyocd, spsdk-pyocd, PyGithub, spsdk
build-zephyr	Install Zephyr Python Dependencies	2026-02-02T16:54:24.1939882Z   DEPRECATION: hexdump is being installed using the legacy 'setup.py install' method, because it does not have a 'pyproject.toml' and the 'wheel' package is not installed. pip 23.1 will enforce this behaviour change. A possible replacement is to enable the '--use-pep517' option. Discussion can be found at https://github.com/pypa/pip/issues/8559
build-zephyr	Install Zephyr Python Dependencies	2026-02-02T16:54:24.1942111Z   Running setup.py install for hexdump: started
build-zephyr	Install Zephyr Python Dependencies	2026-02-02T16:54:24.4035418Z   Running setup.py install for hexdump: finished with status 'done'
build-zephyr	Install Zephyr Python Dependencies	2026-02-02T16:54:24.4215294Z   DEPRECATION: crcmod is being installed using the legacy 'setup.py install' method, because it does not have a 'pyproject.toml' and the 'wheel' package is not installed. pip 23.1 will enforce this behaviour change. A possible replacement is to enable the '--use-pep517' option. Discussion can be found at https://github.com/pypa/pip/issues/8559
build-zephyr	Install Zephyr Python Dependencies	2026-02-02T16:54:24.4217853Z   Running setup.py install for crcmod: started
build-zephyr	Install Zephyr Python Dependencies	2026-02-02T16:54:25.3942002Z   Running setup.py install for crcmod: finished with status 'done'
build-zephyr	Install Zephyr Python Dependencies	2026-02-02T16:54:25.4282329Z   DEPRECATION: cbor is being installed using the legacy 'setup.py install' method, because it does not have a 'pyproject.toml' and the 'wheel' package is not installed. pip 23.1 will enforce this behaviour change. A possible replacement is to enable the '--use-pep517' option. Discussion can be found at https://github.com/pypa/pip/issues/8559
build-zephyr	Install Zephyr Python Dependencies	2026-02-02T16:54:25.4286528Z   Running setup.py install for cbor: started
build-zephyr	Install Zephyr Python Dependencies	2026-02-02T16:54:26.0535793Z   Running setup.py install for cbor: finished with status 'done'
build-zephyr	Install Zephyr Python Dependencies	2026-02-02T16:54:41.2500346Z Successfully installed Jinja2-3.1.6 MarkupSafe-3.0.3 Pillow-12.1.0 PyGithub-2.8.1 anytree-2.13.0 appdirs-1.4.4 argparse_addons-0.12.0 arrow-1.4.0 asn1crypto-1.5.1 astroid-4.0.3 beartype-0.22.9 bincopy-20.1.0 bitarray-3.8.0 bitstring-4.3.1 boolean.py-5.0 canopen-2.4.1 capstone-5.0.6 cbor-1.0.0 certifi-2026.1.4 cffi-2.0.0 charset_normalizer-3.4.4 clang-format-21.1.8 click-8.2.1 click-command-tree-1.2.0 click-option-group-0.5.9 cmsis-pack-manager-0.6.0 colorlog-6.10.1 coverage-7.13.2 crcmod-1.7 cryptography-46.0.4 deepmerge-2.0 dill-0.4.1 exceptiongroup-1.3.1 fastjsonschema-2.21.2 filelock-3.20.3 gcovr-8.6 gitdb-4.0.12 gitlint-core-0.19.1 gitpython-3.1.46 graphviz-0.21 hexdump-3.3 hidapi-0.14.0.post4 humanfriendly-10.0 idna-3.11 importlib_metadata-8.7.1 importlib_resources-6.5.2 iniconfig-2.3.0 intelhex-2.3.0 intervaltree-3.2.1 isodate-0.7.2 isort-7.0.0 junit2html-31.0.5 junitparser-4.0.2 lark-1.3.1 librt-0.7.8 libusb-package-1.0.26.3 libusbsio-2.2.0 libuuu-1.5.243 license-expression-30.4.4 lpc_checksum-3.0.0 lxml-6.0.2 mccabe-0.7.0 mypy-1.19.1 mypy_extensions-1.1.0 narwhals-2.16.0 natsort-8.4.0 numpy-2.2.6 opencv-python-4.13.0.90 oscrypto-1.3.0 pathspec-1.0.4 patool-4.0.1 platformdirs-4.5.1 plotly-6.5.2 pluggy-1.6.0 ply-3.11 polib-1.2.0 prettytable-3.17.0 psutil-7.2.2 pyasn1-0.6.2 pycparser-3.0 pyelftools-0.32 pygments-2.19.2 pyjwt-2.11.0 pylink-square-1.7.0 pylint-4.0.4 pynacl-1.6.2 pyocd-0.42.0 pyparsing-3.3.2 pyserial-3.5 pytest-9.0.2 python-debian-1.0.1 python-dotenv-1.2.1 python-magic-0.4.27 pyusb-1.3.1 rdflib-7.5.0 regex-2026.1.15 requests-2.32.5 reuse-6.2.0 ruamel.yaml.clib-0.2.14 ruff-0.14.2 semantic-version-2.10.0 semver-3.0.4 setuptools_scm-9.2.2 sh-2.2.2 sly-0.5 smmap-5.0.2 sortedcontainers-2.4.0 spdx-tools-0.8.3 sphinx-lint-1.0.2 spsdk-3.7.0 spsdk-mcu-link-0.6.6 spsdk-pyocd-0.3.4 t61codec-1.0.1 tabulate-0.9.0 tomli-2.4.0 tomlkit-0.14.0 tqdm-4.67.2 tzdata-2025.3 unidiff-0.7.5 uritools-6.0.1 urllib3-2.6.3 vermin-1.8.0 wasmtime-24.0.0 wcwidth-0.5.3 x690-1.0.0.post1 xmltodict-1.0.2 yamllint-1.38.0 zipp-3.23.0
build-zephyr	Install Zephyr Python Dependencies	2026-02-02T16:54:41.2997242Z 
build-zephyr	Install Zephyr Python Dependencies	2026-02-02T16:54:41.2997801Z [notice] A new release of pip is available: 23.0.1 -> 26.0
build-zephyr	Install Zephyr Python Dependencies	2026-02-02T16:54:41.2998440Z [notice] To update, run: pip install --upgrade pip
build-zephyr	Build Zephyr Example	﻿2026-02-02T16:54:42.3309177Z ##[group]Run source .venv/bin/activate
build-zephyr	Build Zephyr Example	2026-02-02T16:54:42.3309791Z [36;1msource .venv/bin/activate[0m
build-zephyr	Build Zephyr Example	2026-02-02T16:54:42.3310474Z [36;1mexport ZEPHYR_BASE=$GITHUB_WORKSPACE/zephyr-workspace/zephyr[0m
build-zephyr	Build Zephyr Example	2026-02-02T16:54:42.3311243Z [36;1mexport ZEPHYR_SDK_INSTALL_DIR=/opt/zephyr-sdk[0m
build-zephyr	Build Zephyr Example	2026-02-02T16:54:42.3311882Z [36;1mexport ZEPHYR_MODULES=$GITHUB_WORKSPACE[0m
build-zephyr	Build Zephyr Example	2026-02-02T16:54:42.3312458Z [36;1mcd examples/zephyr_uds_server[0m
build-zephyr	Build Zephyr Example	2026-02-02T16:54:42.3312994Z [36;1mwest build -b native_sim[0m
build-zephyr	Build Zephyr Example	2026-02-02T16:54:42.3346756Z shell: /usr/bin/bash -e {0}
build-zephyr	Build Zephyr Example	2026-02-02T16:54:42.3347044Z env:
build-zephyr	Build Zephyr Example	2026-02-02T16:54:42.3347325Z   pythonLocation: /opt/hostedtoolcache/Python/3.10.19/x64
build-zephyr	Build Zephyr Example	2026-02-02T16:54:42.3347806Z   PKG_CONFIG_PATH: /opt/hostedtoolcache/Python/3.10.19/x64/lib/pkgconfig
build-zephyr	Build Zephyr Example	2026-02-02T16:54:42.3348467Z   Python_ROOT_DIR: /opt/hostedtoolcache/Python/3.10.19/x64
build-zephyr	Build Zephyr Example	2026-02-02T16:54:42.3348883Z   Python2_ROOT_DIR: /opt/hostedtoolcache/Python/3.10.19/x64
build-zephyr	Build Zephyr Example	2026-02-02T16:54:42.3349308Z   Python3_ROOT_DIR: /opt/hostedtoolcache/Python/3.10.19/x64
build-zephyr	Build Zephyr Example	2026-02-02T16:54:42.3349765Z   LD_LIBRARY_PATH: /opt/hostedtoolcache/Python/3.10.19/x64/lib
build-zephyr	Build Zephyr Example	2026-02-02T16:54:42.3350117Z ##[endgroup]
build-zephyr	Build Zephyr Example	2026-02-02T16:54:42.5538034Z -- west build: generating a build system
build-zephyr	Build Zephyr Example	2026-02-02T16:54:42.5695654Z Loading Zephyr default modules (Zephyr base).
build-zephyr	Build Zephyr Example	2026-02-02T16:54:42.5783574Z -- Application: /home/runner/work/udslib/udslib/examples/zephyr_uds_server
build-zephyr	Build Zephyr Example	2026-02-02T16:54:42.5784511Z -- CMake version: 3.31.6
build-zephyr	Build Zephyr Example	2026-02-02T16:54:42.7402117Z -- Found Python3: /home/runner/work/udslib/udslib/.venv/bin/python3 (found suitable version "3.10.19", minimum required is "3.10") found components: Interpreter
build-zephyr	Build Zephyr Example	2026-02-02T16:54:42.7589476Z -- Cache files will be written to: /home/runner/.cache/zephyr
build-zephyr	Build Zephyr Example	2026-02-02T16:54:42.8119828Z -- Zephyr version: 4.3.99 (/home/runner/work/udslib/udslib/zephyr-workspace/zephyr)
build-zephyr	Build Zephyr Example	2026-02-02T16:54:42.8730900Z -- Found west (found suitable version "1.5.0", minimum required is "0.14.0")
build-zephyr	Build Zephyr Example	2026-02-02T16:54:44.1748918Z -- Board: native_sim, qualifiers: native
build-zephyr	Build Zephyr Example	2026-02-02T16:54:45.2018197Z -- Found host-tools: zephyr 0.16.5 (/opt/zephyr-sdk)
build-zephyr	Build Zephyr Example	2026-02-02T16:54:45.2033036Z -- Found toolchain: host (gcc/ld)
build-zephyr	Build Zephyr Example	2026-02-02T16:54:45.2069021Z -- Could NOT find Dtc (missing: DTC) (Required is at least version "1.4.6")
build-zephyr	Build Zephyr Example	2026-02-02T16:54:45.2070073Z Hint: The project() command has not yet been called.  It sets up system-specific search paths.
build-zephyr	Build Zephyr Example	2026-02-02T16:54:45.2098551Z -- Found BOARD.dts: /home/runner/work/udslib/udslib/zephyr-workspace/zephyr/boards/native/native_sim/native_sim.dts
build-zephyr	Build Zephyr Example	2026-02-02T16:54:45.2100035Z -- Found devicetree overlay: /home/runner/work/udslib/udslib/examples/zephyr_uds_server/boards/native_sim.overlay
build-zephyr	Build Zephyr Example	2026-02-02T16:54:45.4835563Z -- Generated zephyr.dts: /home/runner/work/udslib/udslib/examples/zephyr_uds_server/build/zephyr/zephyr.dts
build-zephyr	Build Zephyr Example	2026-02-02T16:54:45.4836809Z -- Generated pickled edt: /home/runner/work/udslib/udslib/examples/zephyr_uds_server/build/zephyr/edt.pickle
build-zephyr	Build Zephyr Example	2026-02-02T16:54:45.5821359Z -- Generated devicetree_generated.h: /home/runner/work/udslib/udslib/examples/zephyr_uds_server/build/zephyr/include/generated/zephyr/devicetree_generated.h
build-zephyr	Build Zephyr Example	2026-02-02T16:54:48.1436041Z Parsing /home/runner/work/udslib/udslib/zephyr-workspace/zephyr/Kconfig
build-zephyr	Build Zephyr Example	2026-02-02T16:54:48.1437251Z Loaded configuration '/home/runner/work/udslib/udslib/zephyr-workspace/zephyr/boards/native/native_sim/native_sim_defconfig'
build-zephyr	Build Zephyr Example	2026-02-02T16:54:48.1438506Z Merged configuration '/home/runner/work/udslib/udslib/examples/zephyr_uds_server/prj.conf'
build-zephyr	Build Zephyr Example	2026-02-02T16:54:48.1439602Z Configuration saved to '/home/runner/work/udslib/udslib/examples/zephyr_uds_server/build/zephyr/.config'
build-zephyr	Build Zephyr Example	2026-02-02T16:54:48.1440921Z Kconfig header saved to '/home/runner/work/udslib/udslib/examples/zephyr_uds_server/build/zephyr/include/generated/zephyr/autoconf.h'
build-zephyr	Build Zephyr Example	2026-02-02T16:54:48.5450422Z -- Found GnuLd: /usr/bin/ld.bfd (found version "2.42")
build-zephyr	Build Zephyr Example	2026-02-02T16:54:48.7709868Z -- The C compiler identification is GNU 13.3.0
build-zephyr	Build Zephyr Example	2026-02-02T16:54:49.5787445Z -- The CXX compiler identification is GNU 13.3.0
build-zephyr	Build Zephyr Example	2026-02-02T16:54:49.6549320Z -- The ASM compiler identification is GNU
build-zephyr	Build Zephyr Example	2026-02-02T16:54:49.6565779Z -- Found assembler: /usr/bin/gcc
build-zephyr	Build Zephyr Example	2026-02-02T16:54:53.2238786Z -- Found gen_kobject_list: /home/runner/work/udslib/udslib/zephyr-workspace/zephyr/scripts/build/gen_kobject_list.py
build-zephyr	Build Zephyr Example	2026-02-02T16:54:53.2667460Z -- Configuring done (10.7s)
build-zephyr	Build Zephyr Example	2026-02-02T16:54:53.5669561Z -- Generating done (0.3s)
build-zephyr	Build Zephyr Example	2026-02-02T16:54:53.5675503Z -- Build files have been written to: /home/runner/work/udslib/udslib/examples/zephyr_uds_server/build
build-zephyr	Build Zephyr Example	2026-02-02T16:54:53.6176910Z -- west build: building application
build-zephyr	Build Zephyr Example	2026-02-02T16:54:53.6571152Z [1/109] Preparing syscall dependency handling
build-zephyr	Build Zephyr Example	2026-02-02T16:54:53.6983707Z 
build-zephyr	Build Zephyr Example	2026-02-02T16:54:53.6984768Z [2/109] Generating misc/generated/syscalls_subdirs.trigger
build-zephyr	Build Zephyr Example	2026-02-02T16:54:53.7072624Z [3/109] Generating include/generated/zephyr/version.h
build-zephyr	Build Zephyr Example	2026-02-02T16:54:53.7073505Z -- Zephyr version: 4.3.99 (/home/runner/work/udslib/udslib/zephyr-workspace/zephyr), build: v4.3.0-5245-gb4108b53f6d7
build-zephyr	Build Zephyr Example	2026-02-02T16:54:54.1256590Z [4/109] Generating misc/generated/syscalls.json, misc/generated/struct_tags.json
build-zephyr	Build Zephyr Example	2026-02-02T16:54:54.1672128Z [5/109] Generating include/generated/device-api-sections.ld, include/generated/device-api-sections.cmake
build-zephyr	Build Zephyr Example	2026-02-02T16:54:54.2192980Z [6/109] Generating include/generated/zephyr/syscall_dispatch.c, include/generated/zephyr/syscall_exports_llext.c, syscall_weakdefs_llext.c, include/generated/zephyr/syscall_list.h
build-zephyr	Build Zephyr Example	2026-02-02T16:54:54.2416671Z [7/109] Generating include/generated/zephyr/driver-validation.h
build-zephyr	Build Zephyr Example	2026-02-02T16:54:54.2499386Z [8/109] Generating include/generated/zephyr/kobj-types-enum.h, include/generated/zephyr/otype-to-str.h, include/generated/zephyr/otype-to-size.h
build-zephyr	Build Zephyr Example	2026-02-02T16:54:54.2641197Z [9/109] Building C object zephyr/CMakeFiles/offsets.dir/arch/posix/core/offsets/offsets.c.obj
build-zephyr	Build Zephyr Example	2026-02-02T16:54:54.2641932Z FAILED: [code=1] zephyr/CMakeFiles/offsets.dir/arch/posix/core/offsets/offsets.c.obj 
build-zephyr	Build Zephyr Example	2026-02-02T16:54:54.2653801Z /usr/bin/gcc -DKERNEL -DK_HEAP_MEM_POOL_SIZE=0 -D__ZEPHYR__=1 -I/home/runner/work/udslib/udslib/zephyr-workspace/zephyr/kernel/include -I/home/runner/work/udslib/udslib/zephyr-workspace/zephyr/arch/posix/include -I/home/runner/work/udslib/udslib/examples/zephyr_uds_server/build/zephyr/include/generated/zephyr -I/home/runner/work/udslib/udslib/zephyr-workspace/zephyr/include -I/home/runner/work/udslib/udslib/examples/zephyr_uds_server/build/zephyr/include/generated -I/home/runner/work/udslib/udslib/zephyr-workspace/zephyr/soc/native/inf_clock -I/home/runner/work/udslib/udslib/zephyr-workspace/zephyr/boards/native/native_sim -I/home/runner/work/udslib/udslib/zephyr-workspace/zephyr/scripts/native_simulator/common/src/include -I/home/runner/work/udslib/udslib/zephyr-workspace/zephyr/scripts/native_simulator/native/src/include -I/home/runner/work/udslib/udslib/zephyr/../include -I/home/runner/work/udslib/udslib/zephyr/../src/core -fno-strict-aliasing -Os -imacros /home/runner/work/udslib/udslib/examples/zephyr_uds_server/build/zephyr/include/generated/zephyr/autoconf.h -fno-common -g -gdwarf-4 -fdiagnostics-color=always -Wall -Wformat -Wformat-security -Wno-format-zero-length -Wdouble-promotion -Wno-pointer-sign -Wpointer-arith -Wexpansion-to-defined -Wno-unused-but-set-variable -Werror=implicit-int -fno-pic -fno-pie -fno-asynchronous-unwind-tables -fno-reorder-functions --param=min-pagesize=0 -fno-defer-pop -fmacro-prefix-map=/home/runner/work/udslib/udslib/examples/zephyr_uds_server=CMAKE_SOURCE_DIR -fmacro-prefix-map=/home/runner/work/udslib/udslib/zephyr-workspace/zephyr=ZEPHYR_BASE -fmacro-prefix-map=/home/runner/work/udslib/udslib/zephyr-workspace=WEST_TOPDIR -ffunction-sections -fdata-sections -m32 -msse2 -mfpmath=sse -fvisibility=hidden -fno-freestanding -std=c17 -fno-lto -MD -MT zephyr/CMakeFiles/offsets.dir/arch/posix/core/offsets/offsets.c.obj -MF zephyr/CMakeFiles/offsets.dir/arch/posix/core/offsets/offsets.c.obj.d -o zephyr/CMakeFiles/offsets.dir/arch/posix/core/offsets/offsets.c.obj -c /home/runner/work/udslib/udslib/zephyr-workspace/zephyr/arch/posix/core/offsets/offsets.c
build-zephyr	Build Zephyr Example	2026-02-02T16:54:54.2664757Z In file included from /usr/lib/gcc/x86_64-linux-gnu/13/include/stdint.h:9,
build-zephyr	Build Zephyr Example	2026-02-02T16:54:54.2665341Z                  from /home/runner/work/udslib/udslib/zephyr-workspace/zephyr/include/zephyr/types.h:11,
build-zephyr	Build Zephyr Example	2026-02-02T16:54:54.2666005Z                  from /home/runner/work/udslib/udslib/zephyr-workspace/zephyr/include/zephyr/kernel_includes.h:21,
build-zephyr	Build Zephyr Example	2026-02-02T16:54:54.2666662Z                  from /home/runner/work/udslib/udslib/zephyr-workspace/zephyr/include/zephyr/kernel.h:17,
build-zephyr	Build Zephyr Example	2026-02-02T16:54:54.2667327Z                  from /home/runner/work/udslib/udslib/zephyr-workspace/zephyr/arch/posix/core/offsets/offsets.c:26:
build-zephyr	Build Zephyr Example	2026-02-02T16:54:54.2667983Z /usr/include/stdint.h:26:10: fatal error: bits/libc-header-start.h: No such file or directory
build-zephyr	Build Zephyr Example	2026-02-02T16:54:54.2668649Z    26 | #include <bits/libc-header-start.h>
build-zephyr	Build Zephyr Example	2026-02-02T16:54:54.2668915Z       |          ^~~~~~~~~~~~~~~~~~~~~~~~~~
build-zephyr	Build Zephyr Example	2026-02-02T16:54:54.2669163Z compilation terminated.
build-zephyr	Build Zephyr Example	2026-02-02T16:54:54.2669404Z ninja: build stopped: subcommand failed.
build-zephyr	Build Zephyr Example	2026-02-02T16:54:54.2669987Z FATAL ERROR: command exited with status 1: /usr/local/bin/cmake --build /home/runner/work/udslib/udslib/examples/zephyr_uds_server/build
build-zephyr	Build Zephyr Example	2026-02-02T16:54:54.2856146Z ##[error]Process completed with exit code 1.
build-zephyr	Post Run actions/checkout@v4	﻿2026-02-02T16:54:54.2966679Z Post job cleanup.
build-zephyr	Post Run actions/checkout@v4	2026-02-02T16:54:54.3898414Z [command]/usr/bin/git version
build-zephyr	Post Run actions/checkout@v4	2026-02-02T16:54:54.3934147Z git version 2.52.0
build-zephyr	Post Run actions/checkout@v4	2026-02-02T16:54:54.3984852Z Temporarily overriding HOME='/home/runner/work/_temp/aef4800c-ee54-4ea2-bbbd-413191035296' before making global git config changes
build-zephyr	Post Run actions/checkout@v4	2026-02-02T16:54:54.3985736Z Adding repository directory to the temporary git global config as a safe directory
build-zephyr	Post Run actions/checkout@v4	2026-02-02T16:54:54.3990023Z [command]/usr/bin/git config --global --add safe.directory /home/runner/work/udslib/udslib
build-zephyr	Post Run actions/checkout@v4	2026-02-02T16:54:54.4025485Z [command]/usr/bin/git config --local --name-only --get-regexp core\.sshCommand
build-zephyr	Post Run actions/checkout@v4	2026-02-02T16:54:54.4058244Z [command]/usr/bin/git submodule foreach --recursive sh -c "git config --local --name-only --get-regexp 'core\.sshCommand' && git config --local --unset-all 'core.sshCommand' || :"
build-zephyr	Post Run actions/checkout@v4	2026-02-02T16:54:54.4268906Z fatal: No url found for submodule path 'external/iso14229' in .gitmodules
build-zephyr	Post Run actions/checkout@v4	2026-02-02T16:54:54.4308309Z ##[warning]The process '/usr/bin/git' failed with exit code 128
build-zephyr	Complete job	﻿2026-02-02T16:54:54.4392304Z Cleaning up orphan processes
coverage	Set up job	﻿2026-02-02T16:50:46.4431307Z Current runner version: '2.331.0'
coverage	Set up job	2026-02-02T16:50:46.4468674Z ##[group]Runner Image Provisioner
coverage	Set up job	2026-02-02T16:50:46.4469899Z Hosted Compute Agent
coverage	Set up job	2026-02-02T16:50:46.4470800Z Version: 20260123.484
coverage	Set up job	2026-02-02T16:50:46.4471774Z Commit: 6bd6555ca37d84114959e1c76d2c01448ff61c5d
coverage	Set up job	2026-02-02T16:50:46.4472985Z Build Date: 2026-01-23T19:41:17Z
coverage	Set up job	2026-02-02T16:50:46.4474197Z Worker ID: {26007b15-f88a-48b4-9bf8-d13a3cf0faea}
coverage	Set up job	2026-02-02T16:50:46.4475351Z Azure Region: eastus
coverage	Set up job	2026-02-02T16:50:46.4476096Z ##[endgroup]
coverage	Set up job	2026-02-02T16:50:46.4478638Z ##[group]Operating System
coverage	Set up job	2026-02-02T16:50:46.4479522Z Ubuntu
coverage	Set up job	2026-02-02T16:50:46.4480242Z 24.04.3
coverage	Set up job	2026-02-02T16:50:46.4480976Z LTS
coverage	Set up job	2026-02-02T16:50:46.4481770Z ##[endgroup]
coverage	Set up job	2026-02-02T16:50:46.4482683Z ##[group]Runner Image
coverage	Set up job	2026-02-02T16:50:46.4483707Z Image: ubuntu-24.04
coverage	Set up job	2026-02-02T16:50:46.4484548Z Version: 20260126.10.1
coverage	Set up job	2026-02-02T16:50:46.4486130Z Included Software: https://github.com/actions/runner-images/blob/ubuntu24/20260126.10/images/ubuntu/Ubuntu2404-Readme.md
coverage	Set up job	2026-02-02T16:50:46.4489081Z Image Release: https://github.com/actions/runner-images/releases/tag/ubuntu24%2F20260126.10
coverage	Set up job	2026-02-02T16:50:46.4490694Z ##[endgroup]
coverage	Set up job	2026-02-02T16:50:46.4492937Z ##[group]GITHUB_TOKEN Permissions
coverage	Set up job	2026-02-02T16:50:46.4496287Z Contents: read
coverage	Set up job	2026-02-02T16:50:46.4497122Z Metadata: read
coverage	Set up job	2026-02-02T16:50:46.4497964Z Packages: read
coverage	Set up job	2026-02-02T16:50:46.4498806Z ##[endgroup]
coverage	Set up job	2026-02-02T16:50:46.4501981Z Secret source: Actions
coverage	Set up job	2026-02-02T16:50:46.4503294Z Prepare workflow directory
coverage	Set up job	2026-02-02T16:50:46.5007826Z Prepare all required actions
coverage	Set up job	2026-02-02T16:50:46.5066142Z Getting action download info
coverage	Set up job	2026-02-02T16:50:46.8028866Z Download action repository 'actions/checkout@v4' (SHA:34e114876b0b11c390a56381ad16ebd13914f8d5)
coverage	Set up job	2026-02-02T16:50:46.9173296Z Download action repository 'actions/upload-artifact@v4' (SHA:ea165f8d65b6e75b540449e92b4886f43607fa02)
coverage	Set up job	2026-02-02T16:50:47.1468005Z Complete job name: coverage
coverage	Run actions/checkout@v4	﻿2026-02-02T16:50:47.2249934Z ##[group]Run actions/checkout@v4
coverage	Run actions/checkout@v4	2026-02-02T16:50:47.2250850Z with:
coverage	Run actions/checkout@v4	2026-02-02T16:50:47.2251306Z   repository: w1ne/udslib
coverage	Run actions/checkout@v4	2026-02-02T16:50:47.2252041Z   token: ***
coverage	Run actions/checkout@v4	2026-02-02T16:50:47.2252812Z   ssh-strict: true
coverage	Run actions/checkout@v4	2026-02-02T16:50:47.2253241Z   ssh-user: git
coverage	Run actions/checkout@v4	2026-02-02T16:50:47.2253692Z   persist-credentials: true
coverage	Run actions/checkout@v4	2026-02-02T16:50:47.2254131Z   clean: true
coverage	Run actions/checkout@v4	2026-02-02T16:50:47.2254536Z   sparse-checkout-cone-mode: true
coverage	Run actions/checkout@v4	2026-02-02T16:50:47.2255052Z   fetch-depth: 1
coverage	Run actions/checkout@v4	2026-02-02T16:50:47.2255486Z   fetch-tags: false
coverage	Run actions/checkout@v4	2026-02-02T16:50:47.2255940Z   show-progress: true
coverage	Run actions/checkout@v4	2026-02-02T16:50:47.2256387Z   lfs: false
coverage	Run actions/checkout@v4	2026-02-02T16:50:47.2256755Z   submodules: false
coverage	Run actions/checkout@v4	2026-02-02T16:50:47.2257149Z   set-safe-directory: true
coverage	Run actions/checkout@v4	2026-02-02T16:50:47.2257847Z ##[endgroup]
coverage	Run actions/checkout@v4	2026-02-02T16:50:47.3427339Z Syncing repository: w1ne/udslib
coverage	Run actions/checkout@v4	2026-02-02T16:50:47.3429239Z ##[group]Getting Git version info
coverage	Run actions/checkout@v4	2026-02-02T16:50:47.3429923Z Working directory is '/home/runner/work/udslib/udslib'
coverage	Run actions/checkout@v4	2026-02-02T16:50:47.3430864Z [command]/usr/bin/git version
coverage	Run actions/checkout@v4	2026-02-02T16:50:47.3503472Z git version 2.52.0
coverage	Run actions/checkout@v4	2026-02-02T16:50:47.3537158Z ##[endgroup]
coverage	Run actions/checkout@v4	2026-02-02T16:50:47.3556272Z Temporarily overriding HOME='/home/runner/work/_temp/ca12d610-bc5b-4e53-b972-f34790cd0615' before making global git config changes
coverage	Run actions/checkout@v4	2026-02-02T16:50:47.3558049Z Adding repository directory to the temporary git global config as a safe directory
coverage	Run actions/checkout@v4	2026-02-02T16:50:47.3562601Z [command]/usr/bin/git config --global --add safe.directory /home/runner/work/udslib/udslib
coverage	Run actions/checkout@v4	2026-02-02T16:50:47.3612546Z Deleting the contents of '/home/runner/work/udslib/udslib'
coverage	Run actions/checkout@v4	2026-02-02T16:50:47.3617026Z ##[group]Initializing the repository
coverage	Run actions/checkout@v4	2026-02-02T16:50:47.3621622Z [command]/usr/bin/git init /home/runner/work/udslib/udslib
coverage	Run actions/checkout@v4	2026-02-02T16:50:47.3738634Z hint: Using 'master' as the name for the initial branch. This default branch name
coverage	Run actions/checkout@v4	2026-02-02T16:50:47.3741333Z hint: will change to "main" in Git 3.0. To configure the initial branch name
coverage	Run actions/checkout@v4	2026-02-02T16:50:47.3743662Z hint: to use in all of your new repositories, which will suppress this warning,
coverage	Run actions/checkout@v4	2026-02-02T16:50:47.3744873Z hint: call:
coverage	Run actions/checkout@v4	2026-02-02T16:50:47.3745680Z hint:
coverage	Run actions/checkout@v4	2026-02-02T16:50:47.3746677Z hint: 	git config --global init.defaultBranch <name>
coverage	Run actions/checkout@v4	2026-02-02T16:50:47.3747460Z hint:
coverage	Run actions/checkout@v4	2026-02-02T16:50:47.3748635Z hint: Names commonly chosen instead of 'master' are 'main', 'trunk' and
coverage	Run actions/checkout@v4	2026-02-02T16:50:47.3749942Z hint: 'development'. The just-created branch can be renamed via this command:
coverage	Run actions/checkout@v4	2026-02-02T16:50:47.3750895Z hint:
coverage	Run actions/checkout@v4	2026-02-02T16:50:47.3751395Z hint: 	git branch -m <name>
coverage	Run actions/checkout@v4	2026-02-02T16:50:47.3751968Z hint:
coverage	Run actions/checkout@v4	2026-02-02T16:50:47.3752977Z hint: Disable this message with "git config set advice.defaultBranchName false"
coverage	Run actions/checkout@v4	2026-02-02T16:50:47.3754431Z Initialized empty Git repository in /home/runner/work/udslib/udslib/.git/
coverage	Run actions/checkout@v4	2026-02-02T16:50:47.3756589Z [command]/usr/bin/git remote add origin https://github.com/w1ne/udslib
coverage	Run actions/checkout@v4	2026-02-02T16:50:47.3796550Z ##[endgroup]
coverage	Run actions/checkout@v4	2026-02-02T16:50:47.3797464Z ##[group]Disabling automatic garbage collection
coverage	Run actions/checkout@v4	2026-02-02T16:50:47.3800984Z [command]/usr/bin/git config --local gc.auto 0
coverage	Run actions/checkout@v4	2026-02-02T16:50:47.3836403Z ##[endgroup]
coverage	Run actions/checkout@v4	2026-02-02T16:50:47.3837344Z ##[group]Setting up auth
coverage	Run actions/checkout@v4	2026-02-02T16:50:47.3843922Z [command]/usr/bin/git config --local --name-only --get-regexp core\.sshCommand
coverage	Run actions/checkout@v4	2026-02-02T16:50:47.3880673Z [command]/usr/bin/git submodule foreach --recursive sh -c "git config --local --name-only --get-regexp 'core\.sshCommand' && git config --local --unset-all 'core.sshCommand' || :"
coverage	Run actions/checkout@v4	2026-02-02T16:50:47.4270564Z [command]/usr/bin/git config --local --name-only --get-regexp http\.https\:\/\/github\.com\/\.extraheader
coverage	Run actions/checkout@v4	2026-02-02T16:50:47.4306706Z [command]/usr/bin/git submodule foreach --recursive sh -c "git config --local --name-only --get-regexp 'http\.https\:\/\/github\.com\/\.extraheader' && git config --local --unset-all 'http.https://github.com/.extraheader' || :"
coverage	Run actions/checkout@v4	2026-02-02T16:50:47.4553362Z [command]/usr/bin/git config --local --name-only --get-regexp ^includeIf\.gitdir:
coverage	Run actions/checkout@v4	2026-02-02T16:50:47.4597278Z [command]/usr/bin/git submodule foreach --recursive git config --local --show-origin --name-only --get-regexp remote.origin.url
coverage	Run actions/checkout@v4	2026-02-02T16:50:47.4863283Z [command]/usr/bin/git config --local http.https://github.com/.extraheader AUTHORIZATION: basic ***
coverage	Run actions/checkout@v4	2026-02-02T16:50:47.4899473Z ##[endgroup]
coverage	Run actions/checkout@v4	2026-02-02T16:50:47.4900738Z ##[group]Fetching the repository
coverage	Run actions/checkout@v4	2026-02-02T16:50:47.4910115Z [command]/usr/bin/git -c protocol.version=2 fetch --no-tags --prune --no-recurse-submodules --depth=1 origin +40d822c30f8dbeeed37cf7b979ab9a3ad8ce49cc:refs/remotes/pull/9/merge
coverage	Run actions/checkout@v4	2026-02-02T16:50:47.7364784Z From https://github.com/w1ne/udslib
coverage	Run actions/checkout@v4	2026-02-02T16:50:47.7366196Z  * [new ref]         40d822c30f8dbeeed37cf7b979ab9a3ad8ce49cc -> pull/9/merge
coverage	Run actions/checkout@v4	2026-02-02T16:50:47.7398112Z ##[endgroup]
coverage	Run actions/checkout@v4	2026-02-02T16:50:47.7398892Z ##[group]Determining the checkout info
coverage	Run actions/checkout@v4	2026-02-02T16:50:47.7400289Z ##[endgroup]
coverage	Run actions/checkout@v4	2026-02-02T16:50:47.7405781Z [command]/usr/bin/git sparse-checkout disable
coverage	Run actions/checkout@v4	2026-02-02T16:50:47.7446373Z [command]/usr/bin/git config --local --unset-all extensions.worktreeConfig
coverage	Run actions/checkout@v4	2026-02-02T16:50:47.7472267Z ##[group]Checking out the ref
coverage	Run actions/checkout@v4	2026-02-02T16:50:47.7476528Z [command]/usr/bin/git checkout --progress --force refs/remotes/pull/9/merge
coverage	Run actions/checkout@v4	2026-02-02T16:50:47.7639711Z Note: switching to 'refs/remotes/pull/9/merge'.
coverage	Run actions/checkout@v4	2026-02-02T16:50:47.7641276Z 
coverage	Run actions/checkout@v4	2026-02-02T16:50:47.7643865Z You are in 'detached HEAD' state. You can look around, make experimental
coverage	Run actions/checkout@v4	2026-02-02T16:50:47.7646803Z changes and commit them, and you can discard any commits you make in this
coverage	Run actions/checkout@v4	2026-02-02T16:50:47.7647889Z state without impacting any branches by switching back to a branch.
coverage	Run actions/checkout@v4	2026-02-02T16:50:47.7648756Z 
coverage	Run actions/checkout@v4	2026-02-02T16:50:47.7649439Z If you want to create a new branch to retain commits you create, you may
coverage	Run actions/checkout@v4	2026-02-02T16:50:47.7651024Z do so (now or later) by using -c with the switch command. Example:
coverage	Run actions/checkout@v4	2026-02-02T16:50:47.7651880Z 
coverage	Run actions/checkout@v4	2026-02-02T16:50:47.7652222Z   git switch -c <new-branch-name>
coverage	Run actions/checkout@v4	2026-02-02T16:50:47.7653002Z 
coverage	Run actions/checkout@v4	2026-02-02T16:50:47.7653304Z Or undo this operation with:
coverage	Run actions/checkout@v4	2026-02-02T16:50:47.7653639Z 
coverage	Run actions/checkout@v4	2026-02-02T16:50:47.7653869Z   git switch -
coverage	Run actions/checkout@v4	2026-02-02T16:50:47.7654112Z 
coverage	Run actions/checkout@v4	2026-02-02T16:50:47.7655033Z Turn off this advice by setting config variable advice.detachedHead to false
coverage	Run actions/checkout@v4	2026-02-02T16:50:47.7655926Z 
coverage	Run actions/checkout@v4	2026-02-02T16:50:47.7656967Z HEAD is now at 40d822c Merge 529a7bfb443f8cf7c537190e2bf5a8813c513789 into 1a98c832c59b49c4c6bd2187edbf784dd7b090c6
coverage	Run actions/checkout@v4	2026-02-02T16:50:47.7659818Z ##[endgroup]
coverage	Run actions/checkout@v4	2026-02-02T16:50:47.7660907Z [command]/usr/bin/git log -1 --format=%H
coverage	Run actions/checkout@v4	2026-02-02T16:50:47.7686020Z 40d822c30f8dbeeed37cf7b979ab9a3ad8ce49cc
coverage	Generate Coverage in Docker	﻿2026-02-02T16:50:47.7916099Z ##[group]Run ./scripts/docker_run.sh ./scripts/generate_coverage.sh
coverage	Generate Coverage in Docker	2026-02-02T16:50:47.7917334Z [36;1m./scripts/docker_run.sh ./scripts/generate_coverage.sh[0m
coverage	Generate Coverage in Docker	2026-02-02T16:50:47.7956867Z shell: /usr/bin/bash -e {0}
coverage	Generate Coverage in Docker	2026-02-02T16:50:47.7957516Z ##[endgroup]
coverage	Generate Coverage in Docker	2026-02-02T16:50:47.8072866Z === Building Docker Image ===
coverage	Generate Coverage in Docker	2026-02-02T16:50:48.4811372Z #0 building with "default" instance using docker driver
coverage	Generate Coverage in Docker	2026-02-02T16:50:48.4812610Z 
coverage	Generate Coverage in Docker	2026-02-02T16:50:48.4813085Z #1 [internal] load build definition from Dockerfile
coverage	Generate Coverage in Docker	2026-02-02T16:50:48.4814331Z #1 transferring dockerfile: 700B done
coverage	Generate Coverage in Docker	2026-02-02T16:50:48.4815306Z #1 DONE 0.0s
coverage	Generate Coverage in Docker	2026-02-02T16:50:48.4815700Z 
coverage	Generate Coverage in Docker	2026-02-02T16:50:48.4816229Z #2 [auth] library/ubuntu:pull token for registry-1.docker.io
coverage	Generate Coverage in Docker	2026-02-02T16:50:48.4817357Z #2 DONE 0.0s
coverage	Generate Coverage in Docker	2026-02-02T16:50:48.4817769Z 
coverage	Generate Coverage in Docker	2026-02-02T16:50:48.4818325Z #3 [internal] load metadata for docker.io/library/ubuntu:22.04
coverage	Generate Coverage in Docker	2026-02-02T16:50:48.6381933Z #3 DONE 0.4s
coverage	Generate Coverage in Docker	2026-02-02T16:50:48.7556525Z 
coverage	Generate Coverage in Docker	2026-02-02T16:50:48.7557390Z #4 [internal] load .dockerignore
coverage	Generate Coverage in Docker	2026-02-02T16:50:48.7558090Z #4 transferring context: 389B done
coverage	Generate Coverage in Docker	2026-02-02T16:50:48.7558543Z #4 DONE 0.0s
coverage	Generate Coverage in Docker	2026-02-02T16:50:48.7558778Z 
coverage	Generate Coverage in Docker	2026-02-02T16:50:48.7558937Z #5 [internal] load build context
coverage	Generate Coverage in Docker	2026-02-02T16:50:48.7559340Z #5 transferring context: 145B done
coverage	Generate Coverage in Docker	2026-02-02T16:50:48.7559708Z #5 DONE 0.0s
coverage	Generate Coverage in Docker	2026-02-02T16:50:48.7559900Z 
coverage	Generate Coverage in Docker	2026-02-02T16:50:48.7560526Z #6 [1/5] FROM docker.io/library/ubuntu:22.04@sha256:c7eb020043d8fc2ae0793fb35a37bff1cf33f156d4d4b12ccc7f3ef8706c38b1
coverage	Generate Coverage in Docker	2026-02-02T16:50:48.7562283Z #6 resolve docker.io/library/ubuntu:22.04@sha256:c7eb020043d8fc2ae0793fb35a37bff1cf33f156d4d4b12ccc7f3ef8706c38b1 done
coverage	Generate Coverage in Docker	2026-02-02T16:50:48.7563982Z #6 sha256:c7eb020043d8fc2ae0793fb35a37bff1cf33f156d4d4b12ccc7f3ef8706c38b1 6.69kB / 6.69kB done
coverage	Generate Coverage in Docker	2026-02-02T16:50:48.7565055Z #6 sha256:34577a83cd7a8f1e55f6eb173fd9bb70c16127a83d6bf06f56f6b1fff9e406b9 424B / 424B done
coverage	Generate Coverage in Docker	2026-02-02T16:50:48.7566063Z #6 sha256:65c77cbc27c2640de4c99ed5cfe6b689b192f81745a36032b50e2407b073ff22 2.30kB / 2.30kB done
coverage	Generate Coverage in Docker	2026-02-02T16:50:48.7567736Z #6 sha256:6f4ebca3e823b18dac366f72e537b1772bc3522a5c7ae299d6491fb17378410e 4.19MB / 29.54MB 0.1s
coverage	Generate Coverage in Docker	2026-02-02T16:50:48.8577094Z #6 sha256:6f4ebca3e823b18dac366f72e537b1772bc3522a5c7ae299d6491fb17378410e 10.49MB / 29.54MB 0.2s
coverage	Generate Coverage in Docker	2026-02-02T16:50:49.0548396Z #6 sha256:6f4ebca3e823b18dac366f72e537b1772bc3522a5c7ae299d6491fb17378410e 29.54MB / 29.54MB 0.4s done
coverage	Generate Coverage in Docker	2026-02-02T16:50:49.1687140Z #6 extracting sha256:6f4ebca3e823b18dac366f72e537b1772bc3522a5c7ae299d6491fb17378410e 0.1s
coverage	Generate Coverage in Docker	2026-02-02T16:50:50.1473849Z #6 extracting sha256:6f4ebca3e823b18dac366f72e537b1772bc3522a5c7ae299d6491fb17378410e 0.9s done
coverage	Generate Coverage in Docker	2026-02-02T16:50:50.1474731Z #6 DONE 1.3s
coverage	Generate Coverage in Docker	2026-02-02T16:50:50.1474935Z 
coverage	Generate Coverage in Docker	2026-02-02T16:50:50.1476034Z #7 [2/5] RUN apt-get update && apt-get install -y     build-essential     cmake     git     libcmocka-dev     lcov     cppcheck     clang-format     python3     python3-pip     pkg-config     wget     curl     && rm -rf /var/lib/apt/lists/*
coverage	Generate Coverage in Docker	2026-02-02T16:50:50.1737727Z #7 0.177 Get:1 http://security.ubuntu.com/ubuntu jammy-security InRelease [129 kB]
coverage	Generate Coverage in Docker	2026-02-02T16:50:50.3109609Z #7 0.259 Get:2 http://archive.ubuntu.com/ubuntu jammy InRelease [270 kB]
coverage	Generate Coverage in Docker	2026-02-02T16:50:50.3111605Z #7 0.314 Get:3 http://security.ubuntu.com/ubuntu jammy-security/multiverse amd64 Packages [62.6 kB]
coverage	Generate Coverage in Docker	2026-02-02T16:50:50.4169853Z #7 0.332 Get:4 http://archive.ubuntu.com/ubuntu jammy-updates InRelease [128 kB]
coverage	Generate Coverage in Docker	2026-02-02T16:50:50.4175336Z #7 0.338 Get:5 http://security.ubuntu.com/ubuntu jammy-security/main amd64 Packages [3640 kB]
coverage	Generate Coverage in Docker	2026-02-02T16:50:50.4177454Z #7 0.349 Get:6 http://archive.ubuntu.com/ubuntu jammy-backports InRelease [127 kB]
coverage	Generate Coverage in Docker	2026-02-02T16:50:50.4178519Z #7 0.405 Get:7 http://security.ubuntu.com/ubuntu jammy-security/universe amd64 Packages [1296 kB]
coverage	Generate Coverage in Docker	2026-02-02T16:50:50.4179543Z #7 0.412 Get:8 http://security.ubuntu.com/ubuntu jammy-security/restricted amd64 Packages [6288 kB]
coverage	Generate Coverage in Docker	2026-02-02T16:50:50.4181609Z #7 0.420 Get:9 http://archive.ubuntu.com/ubuntu jammy/main amd64 Packages [1792 kB]
coverage	Generate Coverage in Docker	2026-02-02T16:50:50.5612522Z #7 0.473 Get:10 http://archive.ubuntu.com/ubuntu jammy/restricted amd64 Packages [164 kB]
coverage	Generate Coverage in Docker	2026-02-02T16:50:50.5619747Z #7 0.474 Get:11 http://archive.ubuntu.com/ubuntu jammy/universe amd64 Packages [17.5 MB]
coverage	Generate Coverage in Docker	2026-02-02T16:50:50.5621592Z #7 0.564 Get:12 http://archive.ubuntu.com/ubuntu jammy/multiverse amd64 Packages [266 kB]
coverage	Generate Coverage in Docker	2026-02-02T16:50:50.7923012Z #7 0.579 Get:13 http://archive.ubuntu.com/ubuntu jammy-updates/main amd64 Packages [4009 kB]
coverage	Generate Coverage in Docker	2026-02-02T16:50:50.7924500Z #7 0.603 Get:14 http://archive.ubuntu.com/ubuntu jammy-updates/multiverse amd64 Packages [70.9 kB]
coverage	Generate Coverage in Docker	2026-02-02T16:50:50.7927646Z #7 0.604 Get:15 http://archive.ubuntu.com/ubuntu jammy-updates/universe amd64 Packages [1608 kB]
coverage	Generate Coverage in Docker	2026-02-02T16:50:50.7930141Z #7 0.613 Get:16 http://archive.ubuntu.com/ubuntu jammy-updates/restricted amd64 Packages [6597 kB]
coverage	Generate Coverage in Docker	2026-02-02T16:50:50.7932266Z #7 0.644 Get:17 http://archive.ubuntu.com/ubuntu jammy-backports/main amd64 Packages [83.9 kB]
coverage	Generate Coverage in Docker	2026-02-02T16:50:50.7934649Z #7 0.645 Get:18 http://archive.ubuntu.com/ubuntu jammy-backports/universe amd64 Packages [37.2 kB]
coverage	Generate Coverage in Docker	2026-02-02T16:50:51.8510064Z #7 1.854 Fetched 44.0 MB in 2s (25.9 MB/s)
coverage	Generate Coverage in Docker	2026-02-02T16:50:52.7720185Z #7 1.854 Reading package lists...
coverage	Generate Coverage in Docker	2026-02-02T16:50:53.7781339Z #7 2.825 Reading package lists...
coverage	Generate Coverage in Docker	2026-02-02T16:50:54.0420024Z #7 3.793 Building dependency tree...
coverage	Generate Coverage in Docker	2026-02-02T16:50:54.0420505Z #7 4.045 Reading state information...
coverage	Generate Coverage in Docker	2026-02-02T16:50:54.3159059Z #7 4.319 The following additional packages will be installed:
coverage	Generate Coverage in Docker	2026-02-02T16:50:54.3160440Z #7 4.319   binutils binutils-common binutils-x86-64-linux-gnu bzip2 ca-certificates
coverage	Generate Coverage in Docker	2026-02-02T16:50:54.3161692Z #7 4.319   clang-format-14 cmake-data cmocka-doc cpp cpp-11 dh-elpa-helper dirmngr
coverage	Generate Coverage in Docker	2026-02-02T16:50:54.3162863Z #7 4.319   dpkg-dev emacsen-common fakeroot fontconfig-config fonts-dejavu-core g++
coverage	Generate Coverage in Docker	2026-02-02T16:50:54.4689879Z #7 4.319   g++-11 gcc gcc-11 gcc-11-base git-man gnupg gnupg-l10n gnupg-utils gpg
coverage	Generate Coverage in Docker	2026-02-02T16:50:54.4690855Z #7 4.319   gpg-agent gpg-wks-client gpg-wks-server gpgconf gpgsm javascript-common less
coverage	Generate Coverage in Docker	2026-02-02T16:50:54.4691812Z #7 4.319   libalgorithm-diff-perl libalgorithm-diff-xs-perl libalgorithm-merge-perl
coverage	Generate Coverage in Docker	2026-02-02T16:50:54.4693255Z #7 4.319   libarchive13 libasan6 libassuan0 libatomic1 libbinutils libbrotli1 libbsd0
coverage	Generate Coverage in Docker	2026-02-02T16:50:54.4694078Z #7 4.319   libc-dev-bin libc-devtools libc6 libc6-dev libcbor0.8 libcc1-0
coverage	Generate Coverage in Docker	2026-02-02T16:50:54.4694888Z #7 4.319   libclang-cpp14 libcmocka0 libcommon-sense-perl libcrypt-dev libctf-nobfd0
coverage	Generate Coverage in Docker	2026-02-02T16:50:54.4695723Z #7 4.319   libctf0 libcurl3-gnutls libcurl4 libdeflate0 libdpkg-perl libedit2
coverage	Generate Coverage in Docker	2026-02-02T16:50:54.4696521Z #7 4.319   liberror-perl libexpat1 libexpat1-dev libfakeroot libfido2-1
coverage	Generate Coverage in Docker	2026-02-02T16:50:54.4697377Z #7 4.319   libfile-fcntllock-perl libfontconfig1 libfreetype6 libgcc-11-dev libgd-perl
coverage	Generate Coverage in Docker	2026-02-02T16:50:54.4698280Z #7 4.319   libgd3 libgdbm-compat4 libgdbm6 libglib2.0-0 libglib2.0-data libgomp1
coverage	Generate Coverage in Docker	2026-02-02T16:50:54.4699142Z #7 4.319   libicu70 libisl23 libitm1 libjbig0 libjpeg-turbo8 libjpeg8 libjs-jquery
coverage	Generate Coverage in Docker	2026-02-02T16:50:54.4700061Z #7 4.319   libjs-sphinxdoc libjs-underscore libjson-perl libjson-xs-perl libjsoncpp25
coverage	Generate Coverage in Docker	2026-02-02T16:50:54.4701001Z #7 4.319   libksba8 libldap-2.5-0 libldap-common libllvm14 liblocale-gettext-perl
coverage	Generate Coverage in Docker	2026-02-02T16:50:54.4701908Z #7 4.319   liblsan0 libmd0 libmpc3 libmpdec3 libmpfr6 libnghttp2-14 libnpth0 libnsl-dev
coverage	Generate Coverage in Docker	2026-02-02T16:50:54.4702987Z #7 4.319   libperl5.34 libperlio-gzip-perl libpng16-16 libpsl5 libpython3-dev
coverage	Generate Coverage in Docker	2026-02-02T16:50:54.4703867Z #7 4.319   libpython3-stdlib libpython3.10 libpython3.10-dev libpython3.10-minimal
coverage	Generate Coverage in Docker	2026-02-02T16:50:54.4705788Z #7 4.320   libpython3.10-stdlib libquadmath0 libreadline8 librhash0 librtmp1 libsasl2-2
coverage	Generate Coverage in Docker	2026-02-02T16:50:54.4706771Z #7 4.320   libsasl2-modules libsasl2-modules-db libsqlite3-0 libssh-4 libstdc++-11-dev
coverage	Generate Coverage in Docker	2026-02-02T16:50:54.4707705Z #7 4.320   libtiff5 libtinyxml2-9 libtirpc-dev libtsan0 libtypes-serialiser-perl
coverage	Generate Coverage in Docker	2026-02-02T16:50:54.4708580Z #7 4.320   libubsan1 libuv1 libwebp7 libx11-6 libx11-data libxau6 libxcb1 libxdmcp6
coverage	Generate Coverage in Docker	2026-02-02T16:50:54.4709768Z #7 4.320   libxext6 libxml2 libxmuu1 libxpm4 libz3-4 linux-libc-dev lto-disabled-list
coverage	Generate Coverage in Docker	2026-02-02T16:50:54.4710684Z #7 4.320   make manpages manpages-dev media-types netbase openssh-client openssl patch
coverage	Generate Coverage in Docker	2026-02-02T16:50:54.4711555Z #7 4.320   perl perl-modules-5.34 pinentry-curses publicsuffix python3-dev
coverage	Generate Coverage in Docker	2026-02-02T16:50:54.4712650Z #7 4.320   python3-distutils python3-lib2to3 python3-minimal python3-pkg-resources
coverage	Generate Coverage in Docker	2026-02-02T16:50:54.4713617Z #7 4.320   python3-pygments python3-setuptools python3-wheel python3.10 python3.10-dev
coverage	Generate Coverage in Docker	2026-02-02T16:50:54.4714585Z #7 4.320   python3.10-minimal readline-common rpcsvc-proto shared-mime-info ucf xauth
coverage	Generate Coverage in Docker	2026-02-02T16:50:54.4715298Z #7 4.321   xdg-user-dirs xz-utils zlib1g-dev
coverage	Generate Coverage in Docker	2026-02-02T16:50:54.4715754Z #7 4.322 Suggested packages:
coverage	Generate Coverage in Docker	2026-02-02T16:50:54.4716304Z #7 4.322   binutils-doc bzip2-doc cmake-doc ninja-build cmake-format cpp-doc
coverage	Generate Coverage in Docker	2026-02-02T16:50:54.4717134Z #7 4.322   gcc-11-locales cppcheck-gui clang clang-tidy dbus-user-session
coverage	Generate Coverage in Docker	2026-02-02T16:50:54.4717993Z #7 4.322   libpam-systemd pinentry-gnome3 tor debian-keyring g++-multilib
coverage	Generate Coverage in Docker	2026-02-02T16:50:54.4718844Z #7 4.322   g++-11-multilib gcc-11-doc gcc-multilib autoconf automake libtool flex bison
coverage	Generate Coverage in Docker	2026-02-02T16:50:54.4719631Z #7 4.322   gdb gcc-doc gcc-11-multilib gettext-base git-daemon-run
coverage	Generate Coverage in Docker	2026-02-02T16:50:54.4720309Z #7 4.322   | git-daemon-sysvinit git-doc git-email git-gui gitk gitweb git-cvs
coverage	Generate Coverage in Docker	2026-02-02T16:50:54.4721076Z #7 4.322   git-mediawiki git-svn parcimonie xloadimage scdaemon apache2 | lighttpd
coverage	Generate Coverage in Docker	2026-02-02T16:50:54.4721824Z #7 4.322   | httpd lrzip glibc-doc locales bzr libgd-tools gdbm-l10n
coverage	Generate Coverage in Docker	2026-02-02T16:50:54.4722733Z #7 4.322   libsasl2-modules-gssapi-mit | libsasl2-modules-gssapi-heimdal
coverage	Generate Coverage in Docker	2026-02-02T16:50:54.4723511Z #7 4.322   libsasl2-modules-ldap libsasl2-modules-otp libsasl2-modules-sql
coverage	Generate Coverage in Docker	2026-02-02T16:50:54.4724313Z #7 4.322   libstdc++-11-doc make-doc man-browser keychain libpam-ssh monkeysphere
coverage	Generate Coverage in Docker	2026-02-02T16:50:54.4725128Z #7 4.322   ssh-askpass ed diffutils-doc perl-doc libterm-readline-gnu-perl
coverage	Generate Coverage in Docker	2026-02-02T16:50:54.4725966Z #7 4.322   | libterm-readline-perl-perl libtap-harness-archive-perl pinentry-doc
coverage	Generate Coverage in Docker	2026-02-02T16:50:54.4726822Z #7 4.322   python3-doc python3-tk python3-venv python-pygments-doc ttf-bitstream-vera
coverage	Generate Coverage in Docker	2026-02-02T16:50:54.4727698Z #7 4.322   python-setuptools-doc python3.10-venv python3.10-doc binfmt-support
coverage	Generate Coverage in Docker	2026-02-02T16:50:54.4728328Z #7 4.322   readline-doc
coverage	Generate Coverage in Docker	2026-02-02T16:50:54.4728674Z #7 4.322 Recommended packages:
coverage	Generate Coverage in Docker	2026-02-02T16:50:54.4729048Z #7 4.322   libnss-nis libnss-nisplus
coverage	Generate Coverage in Docker	2026-02-02T16:50:54.6547706Z #7 4.658 The following NEW packages will be installed:
coverage	Generate Coverage in Docker	2026-02-02T16:50:54.6549034Z #7 4.658   binutils binutils-common binutils-x86-64-linux-gnu build-essential bzip2
coverage	Generate Coverage in Docker	2026-02-02T16:50:54.6550587Z #7 4.658   ca-certificates clang-format clang-format-14 cmake cmake-data cmocka-doc cpp
coverage	Generate Coverage in Docker	2026-02-02T16:50:54.6551953Z #7 4.658   cpp-11 cppcheck curl dh-elpa-helper dirmngr dpkg-dev emacsen-common fakeroot
coverage	Generate Coverage in Docker	2026-02-02T16:50:54.8085492Z #7 4.658   fontconfig-config fonts-dejavu-core g++ g++-11 gcc gcc-11 gcc-11-base git
coverage	Generate Coverage in Docker	2026-02-02T16:50:54.8086425Z #7 4.658   git-man gnupg gnupg-l10n gnupg-utils gpg gpg-agent gpg-wks-client
coverage	Generate Coverage in Docker	2026-02-02T16:50:54.8087078Z #7 4.658   gpg-wks-server gpgconf gpgsm javascript-common lcov less
coverage	Generate Coverage in Docker	2026-02-02T16:50:54.8087781Z #7 4.658   libalgorithm-diff-perl libalgorithm-diff-xs-perl libalgorithm-merge-perl
coverage	Generate Coverage in Docker	2026-02-02T16:50:54.8088552Z #7 4.658   libarchive13 libasan6 libassuan0 libatomic1 libbinutils libbrotli1 libbsd0
coverage	Generate Coverage in Docker	2026-02-02T16:50:54.8089280Z #7 4.658   libc-dev-bin libc-devtools libc6-dev libcbor0.8 libcc1-0 libclang-cpp14
coverage	Generate Coverage in Docker	2026-02-02T16:50:54.8090498Z #7 4.658   libcmocka-dev libcmocka0 libcommon-sense-perl libcrypt-dev libctf-nobfd0
coverage	Generate Coverage in Docker	2026-02-02T16:50:54.8091212Z #7 4.658   libctf0 libcurl3-gnutls libcurl4 libdeflate0 libdpkg-perl libedit2
coverage	Generate Coverage in Docker	2026-02-02T16:50:54.8091865Z #7 4.658   liberror-perl libexpat1 libexpat1-dev libfakeroot libfido2-1
coverage	Generate Coverage in Docker	2026-02-02T16:50:54.8092869Z #7 4.658   libfile-fcntllock-perl libfontconfig1 libfreetype6 libgcc-11-dev libgd-perl
coverage	Generate Coverage in Docker	2026-02-02T16:50:54.8093823Z #7 4.658   libgd3 libgdbm-compat4 libgdbm6 libglib2.0-0 libglib2.0-data libgomp1
coverage	Generate Coverage in Docker	2026-02-02T16:50:54.8094523Z #7 4.658   libicu70 libisl23 libitm1 libjbig0 libjpeg-turbo8 libjpeg8 libjs-jquery
coverage	Generate Coverage in Docker	2026-02-02T16:50:54.8095204Z #7 4.658   libjs-sphinxdoc libjs-underscore libjson-perl libjson-xs-perl libjsoncpp25
coverage	Generate Coverage in Docker	2026-02-02T16:50:54.8095887Z #7 4.658   libksba8 libldap-2.5-0 libldap-common libllvm14 liblocale-gettext-perl
coverage	Generate Coverage in Docker	2026-02-02T16:50:54.8096550Z #7 4.658   liblsan0 libmd0 libmpc3 libmpdec3 libmpfr6 libnghttp2-14 libnpth0 libnsl-dev
coverage	Generate Coverage in Docker	2026-02-02T16:50:54.8097214Z #7 4.658   libperl5.34 libperlio-gzip-perl libpng16-16 libpsl5 libpython3-dev
coverage	Generate Coverage in Docker	2026-02-02T16:50:54.8097846Z #7 4.658   libpython3-stdlib libpython3.10 libpython3.10-dev libpython3.10-minimal
coverage	Generate Coverage in Docker	2026-02-02T16:50:54.8098527Z #7 4.658   libpython3.10-stdlib libquadmath0 libreadline8 librhash0 librtmp1 libsasl2-2
coverage	Generate Coverage in Docker	2026-02-02T16:50:54.8099235Z #7 4.658   libsasl2-modules libsasl2-modules-db libsqlite3-0 libssh-4 libstdc++-11-dev
coverage	Generate Coverage in Docker	2026-02-02T16:50:54.8099917Z #7 4.658   libtiff5 libtinyxml2-9 libtirpc-dev libtsan0 libtypes-serialiser-perl
coverage	Generate Coverage in Docker	2026-02-02T16:50:54.8100574Z #7 4.658   libubsan1 libuv1 libwebp7 libx11-6 libx11-data libxau6 libxcb1 libxdmcp6
coverage	Generate Coverage in Docker	2026-02-02T16:50:54.8101225Z #7 4.659   libxext6 libxml2 libxmuu1 libxpm4 libz3-4 linux-libc-dev lto-disabled-list
coverage	Generate Coverage in Docker	2026-02-02T16:50:54.8101903Z #7 4.659   make manpages manpages-dev media-types netbase openssh-client openssl patch
coverage	Generate Coverage in Docker	2026-02-02T16:50:54.8102677Z #7 4.659   perl perl-modules-5.34 pinentry-curses pkg-config publicsuffix python3
coverage	Generate Coverage in Docker	2026-02-02T16:50:54.8103353Z #7 4.659   python3-dev python3-distutils python3-lib2to3 python3-minimal python3-pip
coverage	Generate Coverage in Docker	2026-02-02T16:50:54.8104054Z #7 4.659   python3-pkg-resources python3-pygments python3-setuptools python3-wheel
coverage	Generate Coverage in Docker	2026-02-02T16:50:54.8104707Z #7 4.659   python3.10 python3.10-dev python3.10-minimal readline-common rpcsvc-proto
coverage	Generate Coverage in Docker	2026-02-02T16:50:54.8105199Z #7 4.659   shared-mime-info ucf wget xauth xdg-user-dirs xz-utils zlib1g-dev
coverage	Generate Coverage in Docker	2026-02-02T16:50:54.8105616Z #7 4.660 The following packages will be upgraded:
coverage	Generate Coverage in Docker	2026-02-02T16:50:54.8105884Z #7 4.661   libc6
coverage	Generate Coverage in Docker	2026-02-02T16:50:54.9319846Z #7 4.935 1 upgraded, 184 newly installed, 0 to remove and 3 not upgraded.
coverage	Generate Coverage in Docker	2026-02-02T16:50:54.9320536Z #7 4.935 Need to get 177 MB of archives.
coverage	Generate Coverage in Docker	2026-02-02T16:50:54.9320992Z #7 4.935 After this operation, 665 MB of additional disk space will be used.
coverage	Generate Coverage in Docker	2026-02-02T16:50:54.9321765Z #7 4.935 Get:1 http://archive.ubuntu.com/ubuntu jammy-updates/main amd64 libc6 amd64 2.35-0ubuntu3.12 [3235 kB]
coverage	Generate Coverage in Docker	2026-02-02T16:50:55.6822268Z #7 5.685 Get:2 http://archive.ubuntu.com/ubuntu jammy/main amd64 liblocale-gettext-perl amd64 1.07-4build3 [17.1 kB]
coverage	Generate Coverage in Docker	2026-02-02T16:50:55.8430993Z #7 5.686 Get:3 http://archive.ubuntu.com/ubuntu jammy-updates/main amd64 libpython3.10-minimal amd64 3.10.12-1~22.04.13 [815 kB]
coverage	Generate Coverage in Docker	2026-02-02T16:50:55.8432622Z #7 5.700 Get:4 http://archive.ubuntu.com/ubuntu jammy-updates/main amd64 libexpat1 amd64 2.4.7-1ubuntu0.6 [92.1 kB]
coverage	Generate Coverage in Docker	2026-02-02T16:50:55.8433848Z #7 5.701 Get:5 http://archive.ubuntu.com/ubuntu jammy-updates/main amd64 python3.10-minimal amd64 3.10.12-1~22.04.13 [2272 kB]
coverage	Generate Coverage in Docker	2026-02-02T16:50:55.8435137Z #7 5.741 Get:6 http://archive.ubuntu.com/ubuntu jammy-updates/main amd64 python3-minimal amd64 3.10.6-1~22.04.1 [24.3 kB]
coverage	Generate Coverage in Docker	2026-02-02T16:50:55.8436109Z #7 5.742 Get:7 http://archive.ubuntu.com/ubuntu jammy/main amd64 media-types all 7.0.0 [25.5 kB]
coverage	Generate Coverage in Docker	2026-02-02T16:50:55.8436841Z #7 5.766 Get:8 http://archive.ubuntu.com/ubuntu jammy/main amd64 libmpdec3 amd64 2.5.1-2build2 [86.8 kB]
coverage	Generate Coverage in Docker	2026-02-02T16:50:55.8438059Z #7 5.767 Get:9 http://archive.ubuntu.com/ubuntu jammy/main amd64 readline-common all 8.1.2-1 [53.5 kB]
coverage	Generate Coverage in Docker	2026-02-02T16:50:55.8438864Z #7 5.767 Get:10 http://archive.ubuntu.com/ubuntu jammy/main amd64 libreadline8 amd64 8.1.2-1 [153 kB]
coverage	Generate Coverage in Docker	2026-02-02T16:50:55.8439725Z #7 5.770 Get:11 http://archive.ubuntu.com/ubuntu jammy-updates/main amd64 libsqlite3-0 amd64 3.37.2-2ubuntu0.5 [643 kB]
coverage	Generate Coverage in Docker	2026-02-02T16:50:55.8441086Z #7 5.846 Get:12 http://archive.ubuntu.com/ubuntu jammy-updates/main amd64 libpython3.10-stdlib amd64 3.10.12-1~22.04.13 [1850 kB]
coverage	Generate Coverage in Docker	2026-02-02T16:50:56.0185827Z #7 5.862 Get:13 http://archive.ubuntu.com/ubuntu jammy-updates/main amd64 python3.10 amd64 3.10.12-1~22.04.13 [508 kB]
coverage	Generate Coverage in Docker	2026-02-02T16:50:56.0187192Z #7 5.866 Get:14 http://archive.ubuntu.com/ubuntu jammy-updates/main amd64 libpython3-stdlib amd64 3.10.6-1~22.04.1 [6812 B]
coverage	Generate Coverage in Docker	2026-02-02T16:50:56.0188464Z #7 5.867 Get:15 http://archive.ubuntu.com/ubuntu jammy-updates/main amd64 python3 amd64 3.10.6-1~22.04.1 [22.8 kB]
coverage	Generate Coverage in Docker	2026-02-02T16:50:56.0189757Z #7 5.867 Get:16 http://archive.ubuntu.com/ubuntu jammy-updates/main amd64 perl-modules-5.34 all 5.34.0-3ubuntu1.5 [2977 kB]
coverage	Generate Coverage in Docker	2026-02-02T16:50:56.0190814Z #7 5.936 Get:17 http://archive.ubuntu.com/ubuntu jammy/main amd64 libgdbm6 amd64 1.23-1 [33.9 kB]
coverage	Generate Coverage in Docker	2026-02-02T16:50:56.0191815Z #7 5.937 Get:18 http://archive.ubuntu.com/ubuntu jammy/main amd64 libgdbm-compat4 amd64 1.23-1 [6606 B]
coverage	Generate Coverage in Docker	2026-02-02T16:50:56.0193152Z #7 5.938 Get:19 http://archive.ubuntu.com/ubuntu jammy-updates/main amd64 libperl5.34 amd64 5.34.0-3ubuntu1.5 [4797 kB]
coverage	Generate Coverage in Docker	2026-02-02T16:50:56.0194299Z #7 6.022 Get:20 http://archive.ubuntu.com/ubuntu jammy-updates/main amd64 perl amd64 5.34.0-3ubuntu1.5 [232 kB]
coverage	Generate Coverage in Docker	2026-02-02T16:50:56.2454291Z #7 6.023 Get:21 http://archive.ubuntu.com/ubuntu jammy-updates/main amd64 openssl amd64 3.0.2-0ubuntu1.21 [1184 kB]
coverage	Generate Coverage in Docker	2026-02-02T16:50:56.2455676Z #7 6.034 Get:22 http://archive.ubuntu.com/ubuntu jammy-updates/main amd64 ca-certificates all 20240203~22.04.1 [162 kB]
coverage	Generate Coverage in Docker	2026-02-02T16:50:56.2456991Z #7 6.035 Get:23 http://archive.ubuntu.com/ubuntu jammy-updates/main amd64 less amd64 590-1ubuntu0.22.04.3 [142 kB]
coverage	Generate Coverage in Docker	2026-02-02T16:50:56.2458472Z #7 6.036 Get:24 http://archive.ubuntu.com/ubuntu jammy/main amd64 libmd0 amd64 1.0.4-1build1 [23.0 kB]
coverage	Generate Coverage in Docker	2026-02-02T16:50:56.2459527Z #7 6.037 Get:25 http://archive.ubuntu.com/ubuntu jammy/main amd64 libbsd0 amd64 0.11.5-1 [44.8 kB]
coverage	Generate Coverage in Docker	2026-02-02T16:50:56.2460964Z #7 6.088 Get:26 http://archive.ubuntu.com/ubuntu jammy-updates/main amd64 libglib2.0-0 amd64 2.72.4-0ubuntu2.8 [1467 kB]
coverage	Generate Coverage in Docker	2026-02-02T16:50:56.2462173Z #7 6.098 Get:27 http://archive.ubuntu.com/ubuntu jammy-updates/main amd64 libglib2.0-data all 2.72.4-0ubuntu2.8 [5062 B]
coverage	Generate Coverage in Docker	2026-02-02T16:50:56.2463671Z #7 6.098 Get:28 http://archive.ubuntu.com/ubuntu jammy/main amd64 libicu70 amd64 70.1-2 [10.6 MB]
coverage	Generate Coverage in Docker	2026-02-02T16:50:56.2726503Z #7 6.276 Get:29 http://archive.ubuntu.com/ubuntu jammy-updates/main amd64 libxml2 amd64 2.9.13+dfsg-1ubuntu0.11 [765 kB]
coverage	Generate Coverage in Docker	2026-02-02T16:50:56.4356817Z #7 6.281 Get:30 http://archive.ubuntu.com/ubuntu jammy/main amd64 netbase all 6.3 [12.9 kB]
coverage	Generate Coverage in Docker	2026-02-02T16:50:56.4358327Z #7 6.281 Get:31 http://archive.ubuntu.com/ubuntu jammy-updates/main amd64 python3-pkg-resources all 59.6.0-1.2ubuntu0.22.04.3 [133 kB]
coverage	Generate Coverage in Docker	2026-02-02T16:50:56.4437493Z #7 6.282 Get:32 http://archive.ubuntu.com/ubuntu jammy/main amd64 shared-mime-info amd64 2.1-2 [454 kB]
coverage	Generate Coverage in Docker	2026-02-02T16:50:56.4438611Z #7 6.336 Get:33 http://archive.ubuntu.com/ubuntu jammy/main amd64 ucf all 3.0043 [56.1 kB]
coverage	Generate Coverage in Docker	2026-02-02T16:50:56.4439789Z #7 6.336 Get:34 http://archive.ubuntu.com/ubuntu jammy/main amd64 xdg-user-dirs amd64 0.17-2ubuntu4 [53.9 kB]
coverage	Generate Coverage in Docker	2026-02-02T16:50:56.4440949Z #7 6.337 Get:35 http://archive.ubuntu.com/ubuntu jammy/main amd64 libcbor0.8 amd64 0.8.0-2ubuntu1 [24.6 kB]
coverage	Generate Coverage in Docker	2026-02-02T16:50:56.4441903Z #7 6.338 Get:36 http://archive.ubuntu.com/ubuntu jammy/main amd64 libedit2 amd64 3.1-20210910-1build1 [96.8 kB]
coverage	Generate Coverage in Docker	2026-02-02T16:50:56.4442770Z #7 6.339 Get:37 http://archive.ubuntu.com/ubuntu jammy/main amd64 libfido2-1 amd64 1.10.0-1 [82.8 kB]
coverage	Generate Coverage in Docker	2026-02-02T16:50:56.4443446Z #7 6.358 Get:38 http://archive.ubuntu.com/ubuntu jammy-updates/main amd64 libnghttp2-14 amd64 1.43.0-1ubuntu0.2 [76.9 kB]
coverage	Generate Coverage in Docker	2026-02-02T16:50:56.4444419Z #7 6.439 Get:39 http://archive.ubuntu.com/ubuntu jammy-updates/main amd64 libpng16-16 amd64 1.6.37-3ubuntu0.3 [192 kB]
coverage	Generate Coverage in Docker	2026-02-02T16:50:56.5974306Z #7 6.441 Get:40 http://archive.ubuntu.com/ubuntu jammy/main amd64 libpsl5 amd64 0.21.0-1.2build2 [58.4 kB]
coverage	Generate Coverage in Docker	2026-02-02T16:50:56.5975866Z #7 6.442 Get:41 http://archive.ubuntu.com/ubuntu jammy-updates/main amd64 libuv1 amd64 1.43.0-1ubuntu0.1 [92.7 kB]
coverage	Generate Coverage in Docker	2026-02-02T16:50:56.5977669Z #7 6.443 Get:42 http://archive.ubuntu.com/ubuntu jammy/main amd64 libxau6 amd64 1:1.0.9-1build5 [7634 B]
coverage	Generate Coverage in Docker	2026-02-02T16:50:56.5978821Z #7 6.444 Get:43 http://archive.ubuntu.com/ubuntu jammy/main amd64 libxdmcp6 amd64 1:1.1.3-0ubuntu5 [10.9 kB]
coverage	Generate Coverage in Docker	2026-02-02T16:50:56.5979727Z #7 6.444 Get:44 http://archive.ubuntu.com/ubuntu jammy/main amd64 libxcb1 amd64 1.14-3ubuntu3 [49.0 kB]
coverage	Generate Coverage in Docker	2026-02-02T16:50:56.5980475Z #7 6.445 Get:45 http://archive.ubuntu.com/ubuntu jammy-updates/main amd64 libx11-data all 2:1.7.5-1ubuntu0.3 [120 kB]
coverage	Generate Coverage in Docker	2026-02-02T16:50:56.5981276Z #7 6.446 Get:46 http://archive.ubuntu.com/ubuntu jammy-updates/main amd64 libx11-6 amd64 2:1.7.5-1ubuntu0.3 [667 kB]
coverage	Generate Coverage in Docker	2026-02-02T16:50:56.5982019Z #7 6.457 Get:47 http://archive.ubuntu.com/ubuntu jammy/main amd64 libxext6 amd64 2:1.3.4-1build1 [31.8 kB]
coverage	Generate Coverage in Docker	2026-02-02T16:50:56.5982954Z #7 6.520 Get:48 http://archive.ubuntu.com/ubuntu jammy/main amd64 libxmuu1 amd64 2:1.1.3-3 [10.2 kB]
coverage	Generate Coverage in Docker	2026-02-02T16:50:56.5983643Z #7 6.601 Get:49 http://archive.ubuntu.com/ubuntu jammy/main amd64 manpages all 5.10-1ubuntu1 [1375 kB]
coverage	Generate Coverage in Docker	2026-02-02T16:50:56.7587406Z #7 6.629 Get:50 http://archive.ubuntu.com/ubuntu jammy-updates/main amd64 openssh-client amd64 1:8.9p1-3ubuntu0.13 [903 kB]
coverage	Generate Coverage in Docker	2026-02-02T16:50:56.7589612Z #7 6.642 Get:51 http://archive.ubuntu.com/ubuntu jammy/main amd64 publicsuffix all 20211207.1025-1 [129 kB]
coverage	Generate Coverage in Docker	2026-02-02T16:50:56.7591048Z #7 6.644 Get:52 http://archive.ubuntu.com/ubuntu jammy-updates/main amd64 wget amd64 1.21.2-2ubuntu1.1 [339 kB]
coverage	Generate Coverage in Docker	2026-02-02T16:50:56.7592042Z #7 6.651 Get:53 http://archive.ubuntu.com/ubuntu jammy/main amd64 xauth amd64 1:1.1-1build2 [27.5 kB]
coverage	Generate Coverage in Docker	2026-02-02T16:50:56.7593213Z #7 6.652 Get:54 http://archive.ubuntu.com/ubuntu jammy/main amd64 xz-utils amd64 5.2.5-2ubuntu1 [84.8 kB]
coverage	Generate Coverage in Docker	2026-02-02T16:50:56.7594223Z #7 6.653 Get:55 http://archive.ubuntu.com/ubuntu jammy-updates/main amd64 binutils-common amd64 2.38-4ubuntu2.12 [223 kB]
coverage	Generate Coverage in Docker	2026-02-02T16:50:56.7595294Z #7 6.657 Get:56 http://archive.ubuntu.com/ubuntu jammy-updates/main amd64 libbinutils amd64 2.38-4ubuntu2.12 [663 kB]
coverage	Generate Coverage in Docker	2026-02-02T16:50:56.7596351Z #7 6.670 Get:57 http://archive.ubuntu.com/ubuntu jammy-updates/main amd64 libctf-nobfd0 amd64 2.38-4ubuntu2.12 [108 kB]
coverage	Generate Coverage in Docker	2026-02-02T16:50:56.7597382Z #7 6.681 Get:58 http://archive.ubuntu.com/ubuntu jammy-updates/main amd64 libctf0 amd64 2.38-4ubuntu2.12 [103 kB]
coverage	Generate Coverage in Docker	2026-02-02T16:50:56.7598470Z #7 6.762 Get:59 http://archive.ubuntu.com/ubuntu jammy-updates/main amd64 binutils-x86-64-linux-gnu amd64 2.38-4ubuntu2.12 [2324 kB]
coverage	Generate Coverage in Docker	2026-02-02T16:50:56.8671656Z #7 6.797 Get:60 http://archive.ubuntu.com/ubuntu jammy-updates/main amd64 binutils amd64 2.38-4ubuntu2.12 [3184 B]
coverage	Generate Coverage in Docker	2026-02-02T16:50:56.8673349Z #7 6.797 Get:61 http://archive.ubuntu.com/ubuntu jammy-updates/main amd64 libc-dev-bin amd64 2.35-0ubuntu3.12 [20.3 kB]
coverage	Generate Coverage in Docker	2026-02-02T16:50:56.8674546Z #7 6.798 Get:62 http://archive.ubuntu.com/ubuntu jammy-updates/main amd64 linux-libc-dev amd64 5.15.0-168.178 [1310 kB]
coverage	Generate Coverage in Docker	2026-02-02T16:50:56.8675667Z #7 6.816 Get:63 http://archive.ubuntu.com/ubuntu jammy/main amd64 libcrypt-dev amd64 1:4.4.27-1 [112 kB]
coverage	Generate Coverage in Docker	2026-02-02T16:50:56.8676706Z #7 6.817 Get:64 http://archive.ubuntu.com/ubuntu jammy/main amd64 rpcsvc-proto amd64 1.4.2-0ubuntu6 [68.5 kB]
coverage	Generate Coverage in Docker	2026-02-02T16:50:56.8677824Z #7 6.818 Get:65 http://archive.ubuntu.com/ubuntu jammy-updates/main amd64 libtirpc-dev amd64 1.3.2-2ubuntu0.1 [192 kB]
coverage	Generate Coverage in Docker	2026-02-02T16:50:56.8678931Z #7 6.821 Get:66 http://archive.ubuntu.com/ubuntu jammy/main amd64 libnsl-dev amd64 1.3.0-2build2 [71.3 kB]
coverage	Generate Coverage in Docker	2026-02-02T16:50:56.8680337Z #7 6.822 Get:67 http://archive.ubuntu.com/ubuntu jammy-updates/main amd64 libc6-dev amd64 2.35-0ubuntu3.12 [2101 kB]
coverage	Generate Coverage in Docker	2026-02-02T16:50:56.8681536Z #7 6.870 Get:68 http://archive.ubuntu.com/ubuntu jammy-updates/main amd64 gcc-11-base amd64 11.4.0-1ubuntu1~22.04.2 [20.8 kB]
coverage	Generate Coverage in Docker	2026-02-02T16:50:57.1027852Z #7 6.923 Get:69 http://archive.ubuntu.com/ubuntu jammy/main amd64 libisl23 amd64 0.24-2build1 [727 kB]
coverage	Generate Coverage in Docker	2026-02-02T16:50:57.1029424Z #7 6.933 Get:70 http://archive.ubuntu.com/ubuntu jammy/main amd64 libmpfr6 amd64 4.1.0-3build3 [1425 kB]
coverage	Generate Coverage in Docker	2026-02-02T16:50:57.1030959Z #7 6.955 Get:71 http://archive.ubuntu.com/ubuntu jammy/main amd64 libmpc3 amd64 1.2.1-2build1 [46.9 kB]
coverage	Generate Coverage in Docker	2026-02-02T16:50:57.1031973Z #7 6.955 Get:72 http://archive.ubuntu.com/ubuntu jammy-updates/main amd64 cpp-11 amd64 11.4.0-1ubuntu1~22.04.2 [10.0 MB]
coverage	Generate Coverage in Docker	2026-02-02T16:50:57.1360138Z #7 7.139 Get:73 http://archive.ubuntu.com/ubuntu jammy/main amd64 cpp amd64 4:11.2.0-1ubuntu1 [27.7 kB]
coverage	Generate Coverage in Docker	2026-02-02T16:50:57.2534411Z #7 7.140 Get:74 http://archive.ubuntu.com/ubuntu jammy-updates/main amd64 libcc1-0 amd64 12.3.0-1ubuntu1~22.04.2 [48.3 kB]
coverage	Generate Coverage in Docker	2026-02-02T16:50:57.2537561Z #7 7.141 Get:75 http://archive.ubuntu.com/ubuntu jammy-updates/main amd64 libgomp1 amd64 12.3.0-1ubuntu1~22.04.2 [127 kB]
coverage	Generate Coverage in Docker	2026-02-02T16:50:57.2538713Z #7 7.142 Get:76 http://archive.ubuntu.com/ubuntu jammy-updates/main amd64 libitm1 amd64 12.3.0-1ubuntu1~22.04.2 [30.2 kB]
coverage	Generate Coverage in Docker	2026-02-02T16:50:57.2539852Z #7 7.143 Get:77 http://archive.ubuntu.com/ubuntu jammy-updates/main amd64 libatomic1 amd64 12.3.0-1ubuntu1~22.04.2 [10.4 kB]
coverage	Generate Coverage in Docker	2026-02-02T16:50:57.2540831Z #7 7.143 Get:78 http://archive.ubuntu.com/ubuntu jammy-updates/main amd64 libasan6 amd64 11.4.0-1ubuntu1~22.04.2 [2283 kB]
coverage	Generate Coverage in Docker	2026-02-02T16:50:57.2541729Z #7 7.191 Get:79 http://archive.ubuntu.com/ubuntu jammy-updates/main amd64 liblsan0 amd64 12.3.0-1ubuntu1~22.04.2 [1069 kB]
coverage	Generate Coverage in Docker	2026-02-02T16:50:57.2542851Z #7 7.208 Get:80 http://archive.ubuntu.com/ubuntu jammy-updates/main amd64 libtsan0 amd64 11.4.0-1ubuntu1~22.04.2 [2262 kB]
coverage	Generate Coverage in Docker	2026-02-02T16:50:57.2543781Z #7 7.256 Get:81 http://archive.ubuntu.com/ubuntu jammy-updates/main amd64 libubsan1 amd64 12.3.0-1ubuntu1~22.04.2 [976 kB]
coverage	Generate Coverage in Docker	2026-02-02T16:50:57.4890491Z #7 7.302 Get:82 http://archive.ubuntu.com/ubuntu jammy-updates/main amd64 libquadmath0 amd64 12.3.0-1ubuntu1~22.04.2 [154 kB]
coverage	Generate Coverage in Docker	2026-02-02T16:50:57.4892052Z #7 7.304 Get:83 http://archive.ubuntu.com/ubuntu jammy-updates/main amd64 libgcc-11-dev amd64 11.4.0-1ubuntu1~22.04.2 [2517 kB]
coverage	Generate Coverage in Docker	2026-02-02T16:50:57.4894018Z #7 7.342 Get:84 http://archive.ubuntu.com/ubuntu jammy-updates/main amd64 gcc-11 amd64 11.4.0-1ubuntu1~22.04.2 [20.1 MB]
coverage	Generate Coverage in Docker	2026-02-02T16:50:57.7258039Z #7 7.729 Get:85 http://archive.ubuntu.com/ubuntu jammy/main amd64 gcc amd64 4:11.2.0-1ubuntu1 [5112 B]
coverage	Generate Coverage in Docker	2026-02-02T16:50:57.9045234Z #7 7.729 Get:86 http://archive.ubuntu.com/ubuntu jammy-updates/main amd64 libstdc++-11-dev amd64 11.4.0-1ubuntu1~22.04.2 [2101 kB]
coverage	Generate Coverage in Docker	2026-02-02T16:50:57.9047335Z #7 7.757 Get:87 http://archive.ubuntu.com/ubuntu jammy-updates/main amd64 g++-11 amd64 11.4.0-1ubuntu1~22.04.2 [11.4 MB]
coverage	Generate Coverage in Docker	2026-02-02T16:50:57.9769708Z #7 7.980 Get:88 http://archive.ubuntu.com/ubuntu jammy/main amd64 g++ amd64 4:11.2.0-1ubuntu1 [1412 B]
coverage	Generate Coverage in Docker	2026-02-02T16:50:58.1484895Z #7 7.980 Get:89 http://archive.ubuntu.com/ubuntu jammy/main amd64 make amd64 4.3-4.1build1 [180 kB]
coverage	Generate Coverage in Docker	2026-02-02T16:50:58.1486225Z #7 7.982 Get:90 http://archive.ubuntu.com/ubuntu jammy-updates/main amd64 libdpkg-perl all 1.21.1ubuntu2.6 [237 kB]
coverage	Generate Coverage in Docker	2026-02-02T16:50:58.1488725Z #7 7.984 Get:91 http://archive.ubuntu.com/ubuntu jammy/main amd64 bzip2 amd64 1.0.8-5build1 [34.8 kB]
coverage	Generate Coverage in Docker	2026-02-02T16:50:58.1490257Z #7 7.985 Get:92 http://archive.ubuntu.com/ubuntu jammy/main amd64 patch amd64 2.7.6-7build2 [109 kB]
coverage	Generate Coverage in Docker	2026-02-02T16:50:58.1491084Z #7 7.986 Get:93 http://archive.ubuntu.com/ubuntu jammy/main amd64 lto-disabled-list all 24 [12.5 kB]
coverage	Generate Coverage in Docker	2026-02-02T16:50:58.1491972Z #7 7.987 Get:94 http://archive.ubuntu.com/ubuntu jammy-updates/main amd64 dpkg-dev all 1.21.1ubuntu2.6 [922 kB]
coverage	Generate Coverage in Docker	2026-02-02T16:50:58.1493064Z #7 8.001 Get:95 http://archive.ubuntu.com/ubuntu jammy/main amd64 build-essential amd64 12.9ubuntu3 [4744 B]
coverage	Generate Coverage in Docker	2026-02-02T16:50:58.1494276Z #7 8.001 Get:96 http://archive.ubuntu.com/ubuntu jammy-updates/main amd64 libllvm14 amd64 1:14.0.0-1ubuntu1.1 [24.0 MB]
coverage	Generate Coverage in Docker	2026-02-02T16:50:58.4567298Z #7 8.460 Get:97 http://archive.ubuntu.com/ubuntu jammy-updates/universe amd64 libclang-cpp14 amd64 1:14.0.0-1ubuntu1.1 [12.1 MB]
coverage	Generate Coverage in Docker	2026-02-02T16:50:58.6751997Z #7 8.678 Get:98 http://archive.ubuntu.com/ubuntu jammy-updates/universe amd64 clang-format-14 amd64 1:14.0.0-1ubuntu1.1 [50.8 kB]
coverage	Generate Coverage in Docker	2026-02-02T16:50:58.8352876Z #7 8.678 Get:99 http://archive.ubuntu.com/ubuntu jammy/universe amd64 clang-format amd64 1:14.0-55~exp2 [3694 B]
coverage	Generate Coverage in Docker	2026-02-02T16:50:58.8354022Z #7 8.679 Get:100 http://archive.ubuntu.com/ubuntu jammy-updates/main amd64 libarchive13 amd64 3.6.0-1ubuntu1.5 [368 kB]
coverage	Generate Coverage in Docker	2026-02-02T16:50:58.8355045Z #7 8.688 Get:101 http://archive.ubuntu.com/ubuntu jammy/main amd64 libbrotli1 amd64 1.0.9-2build6 [315 kB]
coverage	Generate Coverage in Docker	2026-02-02T16:50:58.9353135Z #7 8.938 Get:102 http://archive.ubuntu.com/ubuntu jammy-updates/main amd64 libsasl2-modules-db amd64 2.1.27+dfsg2-3ubuntu1.2 [20.5 kB]
coverage	Generate Coverage in Docker	2026-02-02T16:50:59.1049209Z #7 9.108 Get:103 http://archive.ubuntu.com/ubuntu jammy-updates/main amd64 libsasl2-2 amd64 2.1.27+dfsg2-3ubuntu1.2 [53.8 kB]
coverage	Generate Coverage in Docker	2026-02-02T16:50:59.2116794Z #7 9.215 Get:104 http://archive.ubuntu.com/ubuntu jammy-updates/main amd64 libldap-2.5-0 amd64 2.5.19+dfsg-0ubuntu0.22.04.1 [184 kB]
coverage	Generate Coverage in Docker	2026-02-02T16:50:59.3714242Z #7 9.375 Get:105 http://archive.ubuntu.com/ubuntu jammy/main amd64 librtmp1 amd64 2.4+20151223.gitfa8646d.1-2build4 [58.2 kB]
coverage	Generate Coverage in Docker	2026-02-02T16:50:59.5058363Z #7 9.398 Get:106 http://archive.ubuntu.com/ubuntu jammy-updates/main amd64 libssh-4 amd64 0.9.6-2ubuntu0.22.04.5 [187 kB]
coverage	Generate Coverage in Docker	2026-02-02T16:50:59.5059794Z #7 9.453 Get:107 http://archive.ubuntu.com/ubuntu jammy-updates/main amd64 libcurl4 amd64 7.81.0-1ubuntu1.21 [290 kB]
coverage	Generate Coverage in Docker	2026-02-02T16:50:59.5060911Z #7 9.509 Get:108 http://archive.ubuntu.com/ubuntu jammy/main amd64 libjsoncpp25 amd64 1.9.5-3 [80.0 kB]
coverage	Generate Coverage in Docker	2026-02-02T16:50:59.6560357Z #7 9.519 Get:109 http://archive.ubuntu.com/ubuntu jammy/main amd64 librhash0 amd64 1.4.2-1ubuntu1 [125 kB]
coverage	Generate Coverage in Docker	2026-02-02T16:50:59.6561416Z #7 9.535 Get:110 http://archive.ubuntu.com/ubuntu jammy/main amd64 dh-elpa-helper all 2.0.9ubuntu1 [7610 B]
coverage	Generate Coverage in Docker	2026-02-02T16:50:59.6562599Z #7 9.536 Get:111 http://archive.ubuntu.com/ubuntu jammy/main amd64 emacsen-common all 3.0.4 [14.9 kB]
coverage	Generate Coverage in Docker	2026-02-02T16:50:59.6563614Z #7 9.537 Get:112 http://archive.ubuntu.com/ubuntu jammy-updates/main amd64 cmake-data all 3.22.1-1ubuntu1.22.04.2 [1913 kB]
coverage	Generate Coverage in Docker	2026-02-02T16:50:59.6564738Z #7 9.659 Get:113 http://archive.ubuntu.com/ubuntu jammy-updates/main amd64 cmake amd64 3.22.1-1ubuntu1.22.04.2 [5010 kB]
coverage	Generate Coverage in Docker	2026-02-02T16:50:59.7730966Z #7 9.776 Get:114 http://archive.ubuntu.com/ubuntu jammy/universe amd64 libtinyxml2-9 amd64 9.0.0+dfsg-3 [32.5 kB]
coverage	Generate Coverage in Docker	2026-02-02T16:50:59.8825130Z #7 9.776 Get:115 http://archive.ubuntu.com/ubuntu jammy/universe amd64 libz3-4 amd64 4.8.12-1 [5766 kB]
coverage	Generate Coverage in Docker	2026-02-02T16:50:59.8827040Z #7 9.885 Get:116 http://archive.ubuntu.com/ubuntu jammy-updates/main amd64 python3-pygments all 2.11.2+dfsg-2ubuntu0.1 [750 kB]
coverage	Generate Coverage in Docker	2026-02-02T16:51:00.0153459Z #7 9.899 Get:117 http://archive.ubuntu.com/ubuntu jammy/universe amd64 cppcheck amd64 2.7-1 [2016 kB]
coverage	Generate Coverage in Docker	2026-02-02T16:51:00.0156341Z #7 9.935 Get:118 http://archive.ubuntu.com/ubuntu jammy-updates/main amd64 curl amd64 7.81.0-1ubuntu1.21 [194 kB]
coverage	Generate Coverage in Docker	2026-02-02T16:51:00.0157791Z #7 9.938 Get:119 http://archive.ubuntu.com/ubuntu jammy/main amd64 libassuan0 amd64 2.5.5-1build1 [38.2 kB]
coverage	Generate Coverage in Docker	2026-02-02T16:51:00.0159014Z #7 9.938 Get:120 http://archive.ubuntu.com/ubuntu jammy-updates/main amd64 gpgconf amd64 2.2.27-3ubuntu2.5 [94.3 kB]
coverage	Generate Coverage in Docker	2026-02-02T16:51:00.0160237Z #7 9.939 Get:121 http://archive.ubuntu.com/ubuntu jammy-updates/main amd64 libksba8 amd64 1.6.0-2ubuntu0.2 [119 kB]
coverage	Generate Coverage in Docker	2026-02-02T16:51:00.0161720Z #7 9.941 Get:122 http://archive.ubuntu.com/ubuntu jammy/main amd64 libnpth0 amd64 1.6-3build2 [8664 B]
coverage	Generate Coverage in Docker	2026-02-02T16:51:00.0163082Z #7 9.941 Get:123 http://archive.ubuntu.com/ubuntu jammy-updates/main amd64 dirmngr amd64 2.2.27-3ubuntu2.5 [293 kB]
coverage	Generate Coverage in Docker	2026-02-02T16:51:00.0164631Z #7 9.945 Get:124 http://archive.ubuntu.com/ubuntu jammy/main amd64 libfakeroot amd64 1.28-1ubuntu1 [31.5 kB]
coverage	Generate Coverage in Docker	2026-02-02T16:51:00.0165375Z #7 10.02 Get:125 http://archive.ubuntu.com/ubuntu jammy/main amd64 fakeroot amd64 1.28-1ubuntu1 [60.4 kB]
coverage	Generate Coverage in Docker	2026-02-02T16:51:00.1782777Z #7 10.02 Get:126 http://archive.ubuntu.com/ubuntu jammy/main amd64 fonts-dejavu-core all 2.37-2build1 [1041 kB]
coverage	Generate Coverage in Docker	2026-02-02T16:51:00.1784420Z #7 10.03 Get:127 http://archive.ubuntu.com/ubuntu jammy/main amd64 fontconfig-config all 2.13.1-4.2ubuntu5 [29.1 kB]
coverage	Generate Coverage in Docker	2026-02-02T16:51:00.1785610Z #7 10.10 Get:128 http://archive.ubuntu.com/ubuntu jammy-updates/main amd64 libcurl3-gnutls amd64 7.81.0-1ubuntu1.21 [284 kB]
coverage	Generate Coverage in Docker	2026-02-02T16:51:00.1786654Z #7 10.10 Get:129 http://archive.ubuntu.com/ubuntu jammy/main amd64 liberror-perl all 0.17029-1 [26.5 kB]
coverage	Generate Coverage in Docker	2026-02-02T16:51:00.1787684Z #7 10.10 Get:130 http://archive.ubuntu.com/ubuntu jammy-updates/main amd64 git-man all 1:2.34.1-1ubuntu1.15 [955 kB]
coverage	Generate Coverage in Docker	2026-02-02T16:51:00.1788712Z #7 10.11 Get:131 http://archive.ubuntu.com/ubuntu jammy-updates/main amd64 git amd64 1:2.34.1-1ubuntu1.15 [3166 kB]
coverage	Generate Coverage in Docker	2026-02-02T16:51:00.1789721Z #7 10.18 Get:132 http://archive.ubuntu.com/ubuntu jammy-updates/main amd64 gnupg-l10n all 2.2.27-3ubuntu2.5 [54.5 kB]
coverage	Generate Coverage in Docker	2026-02-02T16:51:00.3365267Z #7 10.18 Get:133 http://archive.ubuntu.com/ubuntu jammy-updates/main amd64 gnupg-utils amd64 2.2.27-3ubuntu2.5 [309 kB]
coverage	Generate Coverage in Docker	2026-02-02T16:51:00.3367802Z #7 10.18 Get:134 http://archive.ubuntu.com/ubuntu jammy-updates/main amd64 gpg amd64 2.2.27-3ubuntu2.5 [519 kB]
coverage	Generate Coverage in Docker	2026-02-02T16:51:00.3369258Z #7 10.19 Get:135 http://archive.ubuntu.com/ubuntu jammy/main amd64 pinentry-curses amd64 1.1.1-1build2 [34.4 kB]
coverage	Generate Coverage in Docker	2026-02-02T16:51:00.3370321Z #7 10.19 Get:136 http://archive.ubuntu.com/ubuntu jammy-updates/main amd64 gpg-agent amd64 2.2.27-3ubuntu2.5 [209 kB]
coverage	Generate Coverage in Docker	2026-02-02T16:51:00.3371221Z #7 10.19 Get:137 http://archive.ubuntu.com/ubuntu jammy-updates/main amd64 gpg-wks-client amd64 2.2.27-3ubuntu2.5 [62.7 kB]
coverage	Generate Coverage in Docker	2026-02-02T16:51:00.3373008Z #7 10.26 Get:138 http://archive.ubuntu.com/ubuntu jammy-updates/main amd64 gpg-wks-server amd64 2.2.27-3ubuntu2.5 [57.6 kB]
coverage	Generate Coverage in Docker	2026-02-02T16:51:00.3374734Z #7 10.26 Get:139 http://archive.ubuntu.com/ubuntu jammy-updates/main amd64 gpgsm amd64 2.2.27-3ubuntu2.5 [197 kB]
coverage	Generate Coverage in Docker	2026-02-02T16:51:00.3376077Z #7 10.26 Get:140 http://archive.ubuntu.com/ubuntu jammy-updates/main amd64 gnupg all 2.2.27-3ubuntu2.5 [315 kB]
coverage	Generate Coverage in Docker	2026-02-02T16:51:00.3377391Z #7 10.34 Get:141 http://archive.ubuntu.com/ubuntu jammy/main amd64 javascript-common all 11+nmu1 [5936 B]
coverage	Generate Coverage in Docker	2026-02-02T16:51:00.4974516Z #7 10.34 Get:142 http://archive.ubuntu.com/ubuntu jammy/main amd64 libjson-perl all 4.04000-1 [81.8 kB]
coverage	Generate Coverage in Docker	2026-02-02T16:51:00.4976624Z #7 10.34 Get:143 http://archive.ubuntu.com/ubuntu jammy/main amd64 libperlio-gzip-perl amd64 0.19-1build8 [14.9 kB]
coverage	Generate Coverage in Docker	2026-02-02T16:51:00.4978117Z #7 10.34 Get:144 http://archive.ubuntu.com/ubuntu jammy/universe amd64 lcov all 1.15-1 [99.5 kB]
coverage	Generate Coverage in Docker	2026-02-02T16:51:00.4979642Z #7 10.34 Get:145 http://archive.ubuntu.com/ubuntu jammy/main amd64 libalgorithm-diff-perl all 1.201-1 [41.8 kB]
coverage	Generate Coverage in Docker	2026-02-02T16:51:00.4981212Z #7 10.34 Get:146 http://archive.ubuntu.com/ubuntu jammy/main amd64 libalgorithm-diff-xs-perl amd64 0.04-6build3 [11.9 kB]
coverage	Generate Coverage in Docker	2026-02-02T16:51:00.4982821Z #7 10.34 Get:147 http://archive.ubuntu.com/ubuntu jammy/main amd64 libalgorithm-merge-perl all 0.08-3 [12.0 kB]
coverage	Generate Coverage in Docker	2026-02-02T16:51:00.4984242Z #7 10.42 Get:148 http://archive.ubuntu.com/ubuntu jammy-updates/main amd64 libfreetype6 amd64 2.11.1+dfsg-1ubuntu0.3 [388 kB]
coverage	Generate Coverage in Docker	2026-02-02T16:51:00.4985586Z #7 10.42 Get:149 http://archive.ubuntu.com/ubuntu jammy/main amd64 libfontconfig1 amd64 2.13.1-4.2ubuntu5 [131 kB]
coverage	Generate Coverage in Docker	2026-02-02T16:51:00.4986647Z #7 10.42 Get:150 http://archive.ubuntu.com/ubuntu jammy/main amd64 libjpeg-turbo8 amd64 2.1.2-0ubuntu1 [134 kB]
coverage	Generate Coverage in Docker	2026-02-02T16:51:00.4987956Z #7 10.50 Get:151 http://archive.ubuntu.com/ubuntu jammy/main amd64 libjpeg8 amd64 8c-2ubuntu10 [2264 B]
coverage	Generate Coverage in Docker	2026-02-02T16:51:00.6586638Z #7 10.50 Get:152 http://archive.ubuntu.com/ubuntu jammy/main amd64 libdeflate0 amd64 1.10-2 [70.9 kB]
coverage	Generate Coverage in Docker	2026-02-02T16:51:00.6590446Z #7 10.50 Get:153 http://archive.ubuntu.com/ubuntu jammy-updates/main amd64 libjbig0 amd64 2.1-3.1ubuntu0.22.04.1 [29.2 kB]
coverage	Generate Coverage in Docker	2026-02-02T16:51:00.6591777Z #7 10.50 Get:154 http://archive.ubuntu.com/ubuntu jammy-updates/main amd64 libwebp7 amd64 1.2.2-2ubuntu0.22.04.2 [206 kB]
coverage	Generate Coverage in Docker	2026-02-02T16:51:00.6593514Z #7 10.50 Get:155 http://archive.ubuntu.com/ubuntu jammy-updates/main amd64 libtiff5 amd64 4.3.0-6ubuntu0.12 [185 kB]
coverage	Generate Coverage in Docker	2026-02-02T16:51:00.6594946Z #7 10.51 Get:156 http://archive.ubuntu.com/ubuntu jammy-updates/main amd64 libxpm4 amd64 1:3.5.12-1ubuntu0.22.04.2 [36.7 kB]
coverage	Generate Coverage in Docker	2026-02-02T16:51:00.6596081Z #7 10.51 Get:157 http://archive.ubuntu.com/ubuntu jammy-updates/main amd64 libgd3 amd64 2.3.0-2ubuntu2.3 [129 kB]
coverage	Generate Coverage in Docker	2026-02-02T16:51:00.6596836Z #7 10.58 Get:158 http://archive.ubuntu.com/ubuntu jammy-updates/main amd64 libc-devtools amd64 2.35-0ubuntu3.12 [28.9 kB]
coverage	Generate Coverage in Docker	2026-02-02T16:51:00.6597567Z #7 10.58 Get:159 http://archive.ubuntu.com/ubuntu jammy/main amd64 libcommon-sense-perl amd64 3.75-2build1 [21.1 kB]
coverage	Generate Coverage in Docker	2026-02-02T16:51:00.6598312Z #7 10.58 Get:160 http://archive.ubuntu.com/ubuntu jammy-updates/main amd64 libexpat1-dev amd64 2.4.7-1ubuntu0.6 [148 kB]
coverage	Generate Coverage in Docker	2026-02-02T16:51:00.6599061Z #7 10.66 Get:161 http://archive.ubuntu.com/ubuntu jammy/main amd64 libfile-fcntllock-perl amd64 0.22-3build7 [33.9 kB]
coverage	Generate Coverage in Docker	2026-02-02T16:51:00.8367731Z #7 10.66 Get:162 http://archive.ubuntu.com/ubuntu jammy/main amd64 libjs-jquery all 3.6.0+dfsg+~3.5.13-1 [321 kB]
coverage	Generate Coverage in Docker	2026-02-02T16:51:00.8371750Z #7 10.66 Get:163 http://archive.ubuntu.com/ubuntu jammy/main amd64 libjs-underscore all 1.13.2~dfsg-2 [118 kB]
coverage	Generate Coverage in Docker	2026-02-02T16:51:00.8374675Z #7 10.67 Get:164 http://archive.ubuntu.com/ubuntu jammy/main amd64 libjs-sphinxdoc all 4.3.2-1 [139 kB]
coverage	Generate Coverage in Docker	2026-02-02T16:51:00.8376502Z #7 10.67 Get:165 http://archive.ubuntu.com/ubuntu jammy/main amd64 libtypes-serialiser-perl all 1.01-1 [11.6 kB]
coverage	Generate Coverage in Docker	2026-02-02T16:51:00.8378993Z #7 10.67 Get:166 http://archive.ubuntu.com/ubuntu jammy-updates/main amd64 libjson-xs-perl amd64 4.040-0ubuntu0.22.04.1 [87.0 kB]
coverage	Generate Coverage in Docker	2026-02-02T16:51:00.8379876Z #7 10.67 Get:167 http://archive.ubuntu.com/ubuntu jammy-updates/main amd64 libldap-common all 2.5.19+dfsg-0ubuntu0.22.04.1 [16.1 kB]
coverage	Generate Coverage in Docker	2026-02-02T16:51:00.8381142Z #7 10.74 Get:168 http://archive.ubuntu.com/ubuntu jammy-updates/main amd64 libpython3.10 amd64 3.10.12-1~22.04.13 [1949 kB]
coverage	Generate Coverage in Docker	2026-02-02T16:51:00.8382488Z #7 10.75 Get:169 http://archive.ubuntu.com/ubuntu jammy-updates/main amd64 zlib1g-dev amd64 1:1.2.11.dfsg-2ubuntu9.2 [164 kB]
coverage	Generate Coverage in Docker	2026-02-02T16:51:00.8383679Z #7 10.76 Get:170 http://archive.ubuntu.com/ubuntu jammy-updates/main amd64 libpython3.10-dev amd64 3.10.12-1~22.04.13 [4763 kB]
coverage	Generate Coverage in Docker	2026-02-02T16:51:00.8384428Z #7 10.84 Get:171 http://archive.ubuntu.com/ubuntu jammy-updates/main amd64 libpython3-dev amd64 3.10.6-1~22.04.1 [7064 B]
coverage	Generate Coverage in Docker	2026-02-02T16:51:00.9794430Z #7 10.84 Get:172 http://archive.ubuntu.com/ubuntu jammy-updates/main amd64 libsasl2-modules amd64 2.1.27+dfsg2-3ubuntu1.2 [68.8 kB]
coverage	Generate Coverage in Docker	2026-02-02T16:51:00.9796287Z #7 10.84 Get:173 http://archive.ubuntu.com/ubuntu jammy/main amd64 manpages-dev all 5.10-1ubuntu1 [2309 kB]
coverage	Generate Coverage in Docker	2026-02-02T16:51:00.9799476Z #7 10.92 Get:174 http://archive.ubuntu.com/ubuntu jammy/main amd64 pkg-config amd64 0.29.2-1ubuntu3 [48.2 kB]
coverage	Generate Coverage in Docker	2026-02-02T16:51:00.9801026Z #7 10.92 Get:175 http://archive.ubuntu.com/ubuntu jammy-updates/main amd64 python3.10-dev amd64 3.10.12-1~22.04.13 [508 kB]
coverage	Generate Coverage in Docker	2026-02-02T16:51:00.9802277Z #7 10.93 Get:176 http://archive.ubuntu.com/ubuntu jammy-updates/main amd64 python3-lib2to3 all 3.10.8-1~22.04 [77.6 kB]
coverage	Generate Coverage in Docker	2026-02-02T16:51:00.9803712Z #7 10.93 Get:177 http://archive.ubuntu.com/ubuntu jammy-updates/main amd64 python3-distutils all 3.10.8-1~22.04 [139 kB]
coverage	Generate Coverage in Docker	2026-02-02T16:51:00.9804698Z #7 10.93 Get:178 http://archive.ubuntu.com/ubuntu jammy-updates/main amd64 python3-dev amd64 3.10.6-1~22.04.1 [26.0 kB]
coverage	Generate Coverage in Docker	2026-02-02T16:51:00.9805503Z #7 10.93 Get:179 http://archive.ubuntu.com/ubuntu jammy-updates/main amd64 python3-setuptools all 59.6.0-1.2ubuntu0.22.04.3 [340 kB]
coverage	Generate Coverage in Docker	2026-02-02T16:51:00.9807377Z #7 10.98 Get:180 http://archive.ubuntu.com/ubuntu jammy-updates/universe amd64 python3-wheel all 0.37.1-2ubuntu0.22.04.1 [32.0 kB]
coverage	Generate Coverage in Docker	2026-02-02T16:51:01.1823834Z #7 10.98 Get:181 http://archive.ubuntu.com/ubuntu jammy-updates/universe amd64 python3-pip all 22.0.2+dfsg-1ubuntu0.7 [1306 kB]
coverage	Generate Coverage in Docker	2026-02-02T16:51:01.1825207Z #7 11.01 Get:182 http://archive.ubuntu.com/ubuntu jammy/universe amd64 cmocka-doc all 1.1.5-2 [84.2 kB]
coverage	Generate Coverage in Docker	2026-02-02T16:51:01.1826477Z #7 11.06 Get:183 http://archive.ubuntu.com/ubuntu jammy/universe amd64 libcmocka0 amd64 1.1.5-2 [21.1 kB]
coverage	Generate Coverage in Docker	2026-02-02T16:51:01.1827412Z #7 11.06 Get:184 http://archive.ubuntu.com/ubuntu jammy/universe amd64 libcmocka-dev amd64 1.1.5-2 [15.9 kB]
coverage	Generate Coverage in Docker	2026-02-02T16:51:01.1828361Z #7 11.06 Get:185 http://archive.ubuntu.com/ubuntu jammy/main amd64 libgd-perl amd64 2.76-2build1 [138 kB]
coverage	Generate Coverage in Docker	2026-02-02T16:51:01.1829572Z #7 11.19 debconf: delaying package configuration, since apt-utils is not installed
coverage	Generate Coverage in Docker	2026-02-02T16:51:01.3149411Z #7 11.22 Fetched 177 MB in 6s (27.8 MB/s)
coverage	Generate Coverage in Docker	2026-02-02T16:51:01.3149897Z #7 11.23 (Reading database ... 
coverage	Generate Coverage in Docker	2026-02-02T16:51:01.3150147Z (Reading database ... 5%
coverage	Generate Coverage in Docker	2026-02-02T16:51:01.3150359Z (Reading database ... 10%
coverage	Generate Coverage in Docker	2026-02-02T16:51:01.3150577Z (Reading database ... 15%
coverage	Generate Coverage in Docker	2026-02-02T16:51:01.3150765Z (Reading database ... 20%
coverage	Generate Coverage in Docker	2026-02-02T16:51:01.3150957Z (Reading database ... 25%
coverage	Generate Coverage in Docker	2026-02-02T16:51:01.3151142Z (Reading database ... 30%
coverage	Generate Coverage in Docker	2026-02-02T16:51:01.3151334Z (Reading database ... 35%
coverage	Generate Coverage in Docker	2026-02-02T16:51:01.3151548Z (Reading database ... 40%
coverage	Generate Coverage in Docker	2026-02-02T16:51:01.3151727Z (Reading database ... 45%
coverage	Generate Coverage in Docker	2026-02-02T16:51:01.3151916Z (Reading database ... 50%
coverage	Generate Coverage in Docker	2026-02-02T16:51:01.3152095Z (Reading database ... 55%
coverage	Generate Coverage in Docker	2026-02-02T16:51:01.3152282Z (Reading database ... 60%
coverage	Generate Coverage in Docker	2026-02-02T16:51:01.3152701Z (Reading database ... 65%
coverage	Generate Coverage in Docker	2026-02-02T16:51:01.3152896Z (Reading database ... 70%
coverage	Generate Coverage in Docker	2026-02-02T16:51:01.3153084Z (Reading database ... 75%
coverage	Generate Coverage in Docker	2026-02-02T16:51:01.3153272Z (Reading database ... 80%
coverage	Generate Coverage in Docker	2026-02-02T16:51:01.3153451Z (Reading database ... 85%
coverage	Generate Coverage in Docker	2026-02-02T16:51:01.3153648Z (Reading database ... 90%
coverage	Generate Coverage in Docker	2026-02-02T16:51:01.3153827Z (Reading database ... 95%
coverage	Generate Coverage in Docker	2026-02-02T16:51:01.3154017Z (Reading database ... 100%
coverage	Generate Coverage in Docker	2026-02-02T16:51:01.3154314Z (Reading database ... 4393 files and directories currently installed.)
coverage	Generate Coverage in Docker	2026-02-02T16:51:01.3154751Z #7 11.24 Preparing to unpack .../libc6_2.35-0ubuntu3.12_amd64.deb ...
coverage	Generate Coverage in Docker	2026-02-02T16:51:01.3155176Z #7 11.32 Unpacking libc6:amd64 (2.35-0ubuntu3.12) over (2.35-0ubuntu3.11) ...
coverage	Generate Coverage in Docker	2026-02-02T16:51:01.6551962Z #7 11.66 Setting up libc6:amd64 (2.35-0ubuntu3.12) ...
coverage	Generate Coverage in Docker	2026-02-02T16:51:02.7462623Z #7 12.75 Selecting previously unselected package liblocale-gettext-perl.
coverage	Generate Coverage in Docker	2026-02-02T16:51:02.8475278Z #7 12.75 (Reading database ... 
coverage	Generate Coverage in Docker	2026-02-02T16:51:02.8475776Z (Reading database ... 5%
coverage	Generate Coverage in Docker	2026-02-02T16:51:02.8476126Z (Reading database ... 10%
coverage	Generate Coverage in Docker	2026-02-02T16:51:02.8476362Z (Reading database ... 15%
coverage	Generate Coverage in Docker	2026-02-02T16:51:02.8476580Z (Reading database ... 20%
coverage	Generate Coverage in Docker	2026-02-02T16:51:02.8476801Z (Reading database ... 25%
coverage	Generate Coverage in Docker	2026-02-02T16:51:02.8477037Z (Reading database ... 30%
coverage	Generate Coverage in Docker	2026-02-02T16:51:02.8477237Z (Reading database ... 35%
coverage	Generate Coverage in Docker	2026-02-02T16:51:02.8477450Z (Reading database ... 40%
coverage	Generate Coverage in Docker	2026-02-02T16:51:02.8477653Z (Reading database ... 45%
coverage	Generate Coverage in Docker	2026-02-02T16:51:02.8477858Z (Reading database ... 50%
coverage	Generate Coverage in Docker	2026-02-02T16:51:02.8478059Z (Reading database ... 55%
coverage	Generate Coverage in Docker	2026-02-02T16:51:02.8478262Z (Reading database ... 60%
coverage	Generate Coverage in Docker	2026-02-02T16:51:02.8478459Z (Reading database ... 65%
coverage	Generate Coverage in Docker	2026-02-02T16:51:02.8478663Z (Reading database ... 70%
coverage	Generate Coverage in Docker	2026-02-02T16:51:02.8478875Z (Reading database ... 75%
coverage	Generate Coverage in Docker	2026-02-02T16:51:02.8479083Z (Reading database ... 80%
coverage	Generate Coverage in Docker	2026-02-02T16:51:02.8479293Z (Reading database ... 85%
coverage	Generate Coverage in Docker	2026-02-02T16:51:02.8479491Z (Reading database ... 90%
coverage	Generate Coverage in Docker	2026-02-02T16:51:02.8479693Z (Reading database ... 95%
coverage	Generate Coverage in Docker	2026-02-02T16:51:02.8479890Z (Reading database ... 100%
coverage	Generate Coverage in Docker	2026-02-02T16:51:02.8480211Z (Reading database ... 4393 files and directories currently installed.)
coverage	Generate Coverage in Docker	2026-02-02T16:51:02.8480720Z #7 12.75 Preparing to unpack .../liblocale-gettext-perl_1.07-4build3_amd64.deb ...
coverage	Generate Coverage in Docker	2026-02-02T16:51:02.8481891Z #7 12.76 Unpacking liblocale-gettext-perl (1.07-4build3) ...
coverage	Generate Coverage in Docker	2026-02-02T16:51:02.8482833Z #7 12.77 Selecting previously unselected package libpython3.10-minimal:amd64.
coverage	Generate Coverage in Docker	2026-02-02T16:51:02.8483745Z #7 12.77 Preparing to unpack .../libpython3.10-minimal_3.10.12-1~22.04.13_amd64.deb ...
coverage	Generate Coverage in Docker	2026-02-02T16:51:02.8484594Z #7 12.78 Unpacking libpython3.10-minimal:amd64 (3.10.12-1~22.04.13) ...
coverage	Generate Coverage in Docker	2026-02-02T16:51:02.8485324Z #7 12.85 Selecting previously unselected package libexpat1:amd64.
coverage	Generate Coverage in Docker	2026-02-02T16:51:03.0725552Z #7 12.85 Preparing to unpack .../libexpat1_2.4.7-1ubuntu0.6_amd64.deb ...
coverage	Generate Coverage in Docker	2026-02-02T16:51:03.0726379Z #7 12.85 Unpacking libexpat1:amd64 (2.4.7-1ubuntu0.6) ...
coverage	Generate Coverage in Docker	2026-02-02T16:51:03.0727064Z #7 12.87 Selecting previously unselected package python3.10-minimal.
coverage	Generate Coverage in Docker	2026-02-02T16:51:03.0727881Z #7 12.87 Preparing to unpack .../python3.10-minimal_3.10.12-1~22.04.13_amd64.deb ...
coverage	Generate Coverage in Docker	2026-02-02T16:51:03.0728640Z #7 12.88 Unpacking python3.10-minimal (3.10.12-1~22.04.13) ...
coverage	Generate Coverage in Docker	2026-02-02T16:51:03.0729365Z #7 12.92 Setting up libpython3.10-minimal:amd64 (3.10.12-1~22.04.13) ...
coverage	Generate Coverage in Docker	2026-02-02T16:51:03.0730004Z #7 12.92 Setting up libexpat1:amd64 (2.4.7-1ubuntu0.6) ...
coverage	Generate Coverage in Docker	2026-02-02T16:51:03.0730597Z #7 12.93 Setting up python3.10-minimal (3.10.12-1~22.04.13) ...
coverage	Generate Coverage in Docker	2026-02-02T16:51:03.5042508Z #7 13.51 Selecting previously unselected package python3-minimal.
coverage	Generate Coverage in Docker	2026-02-02T16:51:03.6044478Z #7 13.51 (Reading database ... 
coverage	Generate Coverage in Docker	2026-02-02T16:51:03.6044960Z (Reading database ... 5%
coverage	Generate Coverage in Docker	2026-02-02T16:51:03.6045345Z (Reading database ... 10%
coverage	Generate Coverage in Docker	2026-02-02T16:51:03.6045685Z (Reading database ... 15%
coverage	Generate Coverage in Docker	2026-02-02T16:51:03.6046026Z (Reading database ... 20%
coverage	Generate Coverage in Docker	2026-02-02T16:51:03.6046361Z (Reading database ... 25%
coverage	Generate Coverage in Docker	2026-02-02T16:51:03.6046680Z (Reading database ... 30%
coverage	Generate Coverage in Docker	2026-02-02T16:51:03.6047008Z (Reading database ... 35%
coverage	Generate Coverage in Docker	2026-02-02T16:51:03.6047334Z (Reading database ... 40%
coverage	Generate Coverage in Docker	2026-02-02T16:51:03.6047680Z (Reading database ... 45%
coverage	Generate Coverage in Docker	2026-02-02T16:51:03.6048113Z (Reading database ... 50%
coverage	Generate Coverage in Docker	2026-02-02T16:51:03.6048453Z (Reading database ... 55%
coverage	Generate Coverage in Docker	2026-02-02T16:51:03.6048792Z (Reading database ... 60%
coverage	Generate Coverage in Docker	2026-02-02T16:51:03.6049128Z (Reading database ... 65%
coverage	Generate Coverage in Docker	2026-02-02T16:51:03.6049467Z (Reading database ... 70%
coverage	Generate Coverage in Docker	2026-02-02T16:51:03.6049808Z (Reading database ... 75%
coverage	Generate Coverage in Docker	2026-02-02T16:51:03.6050135Z (Reading database ... 80%
coverage	Generate Coverage in Docker	2026-02-02T16:51:03.6050481Z (Reading database ... 85%
coverage	Generate Coverage in Docker	2026-02-02T16:51:03.6050815Z (Reading database ... 90%
coverage	Generate Coverage in Docker	2026-02-02T16:51:03.6051143Z (Reading database ... 95%
coverage	Generate Coverage in Docker	2026-02-02T16:51:03.6051505Z (Reading database ... 100%
coverage	Generate Coverage in Docker	2026-02-02T16:51:03.6052069Z (Reading database ... 4711 files and directories currently installed.)
coverage	Generate Coverage in Docker	2026-02-02T16:51:03.6053061Z #7 13.51 Preparing to unpack .../0-python3-minimal_3.10.6-1~22.04.1_amd64.deb ...
coverage	Generate Coverage in Docker	2026-02-02T16:51:03.6053716Z #7 13.51 Unpacking python3-minimal (3.10.6-1~22.04.1) ...
coverage	Generate Coverage in Docker	2026-02-02T16:51:03.6054293Z #7 13.53 Selecting previously unselected package media-types.
coverage	Generate Coverage in Docker	2026-02-02T16:51:03.6054909Z #7 13.53 Preparing to unpack .../1-media-types_7.0.0_all.deb ...
coverage	Generate Coverage in Docker	2026-02-02T16:51:03.6055432Z #7 13.53 Unpacking media-types (7.0.0) ...
coverage	Generate Coverage in Docker	2026-02-02T16:51:03.6055991Z #7 13.55 Selecting previously unselected package libmpdec3:amd64.
coverage	Generate Coverage in Docker	2026-02-02T16:51:03.6056664Z #7 13.55 Preparing to unpack .../2-libmpdec3_2.5.1-2build2_amd64.deb ...
coverage	Generate Coverage in Docker	2026-02-02T16:51:03.6057281Z #7 13.55 Unpacking libmpdec3:amd64 (2.5.1-2build2) ...
coverage	Generate Coverage in Docker	2026-02-02T16:51:03.6057871Z #7 13.57 Selecting previously unselected package readline-common.
coverage	Generate Coverage in Docker	2026-02-02T16:51:03.6058617Z #7 13.57 Preparing to unpack .../3-readline-common_8.1.2-1_all.deb ...
coverage	Generate Coverage in Docker	2026-02-02T16:51:03.6059242Z #7 13.57 Unpacking readline-common (8.1.2-1) ...
coverage	Generate Coverage in Docker	2026-02-02T16:51:03.6059833Z #7 13.59 Selecting previously unselected package libreadline8:amd64.
coverage	Generate Coverage in Docker	2026-02-02T16:51:03.6060351Z #7 13.59 Preparing to unpack .../4-libreadline8_8.1.2-1_amd64.deb ...
coverage	Generate Coverage in Docker	2026-02-02T16:51:03.6060735Z #7 13.59 Unpacking libreadline8:amd64 (8.1.2-1) ...
coverage	Generate Coverage in Docker	2026-02-02T16:51:03.6061297Z #7 13.61 Selecting previously unselected package libsqlite3-0:amd64.
coverage	Generate Coverage in Docker	2026-02-02T16:51:03.6061901Z #7 13.61 Preparing to unpack .../5-libsqlite3-0_3.37.2-2ubuntu0.5_amd64.deb ...
coverage	Generate Coverage in Docker	2026-02-02T16:51:03.6062883Z #7 13.61 Unpacking libsqlite3-0:amd64 (3.37.2-2ubuntu0.5) ...
coverage	Generate Coverage in Docker	2026-02-02T16:51:03.7164349Z #7 13.63 Selecting previously unselected package libpython3.10-stdlib:amd64.
coverage	Generate Coverage in Docker	2026-02-02T16:51:03.7165204Z #7 13.63 Preparing to unpack .../6-libpython3.10-stdlib_3.10.12-1~22.04.13_amd64.deb ...
coverage	Generate Coverage in Docker	2026-02-02T16:51:03.7165892Z #7 13.63 Unpacking libpython3.10-stdlib:amd64 (3.10.12-1~22.04.13) ...
coverage	Generate Coverage in Docker	2026-02-02T16:51:03.7166801Z #7 13.72 Selecting previously unselected package python3.10.
coverage	Generate Coverage in Docker	2026-02-02T16:51:03.8917123Z #7 13.72 Preparing to unpack .../7-python3.10_3.10.12-1~22.04.13_amd64.deb ...
coverage	Generate Coverage in Docker	2026-02-02T16:51:03.8917668Z #7 13.72 Unpacking python3.10 (3.10.12-1~22.04.13) ...
coverage	Generate Coverage in Docker	2026-02-02T16:51:03.8918104Z #7 13.74 Selecting previously unselected package libpython3-stdlib:amd64.
coverage	Generate Coverage in Docker	2026-02-02T16:51:03.8918637Z #7 13.74 Preparing to unpack .../8-libpython3-stdlib_3.10.6-1~22.04.1_amd64.deb ...
coverage	Generate Coverage in Docker	2026-02-02T16:51:03.8919116Z #7 13.74 Unpacking libpython3-stdlib:amd64 (3.10.6-1~22.04.1) ...
coverage	Generate Coverage in Docker	2026-02-02T16:51:03.8919546Z #7 13.76 Setting up python3-minimal (3.10.6-1~22.04.1) ...
coverage	Generate Coverage in Docker	2026-02-02T16:51:03.8919918Z #7 13.89 Selecting previously unselected package python3.
coverage	Generate Coverage in Docker	2026-02-02T16:51:04.0686017Z #7 13.89 (Reading database ... 
coverage	Generate Coverage in Docker	2026-02-02T16:51:04.0686544Z (Reading database ... 5%
coverage	Generate Coverage in Docker	2026-02-02T16:51:04.0686901Z (Reading database ... 10%
coverage	Generate Coverage in Docker	2026-02-02T16:51:04.0687208Z (Reading database ... 15%
coverage	Generate Coverage in Docker	2026-02-02T16:51:04.0687439Z (Reading database ... 20%
coverage	Generate Coverage in Docker	2026-02-02T16:51:04.0687679Z (Reading database ... 25%
coverage	Generate Coverage in Docker	2026-02-02T16:51:04.0687887Z (Reading database ... 30%
coverage	Generate Coverage in Docker	2026-02-02T16:51:04.0688094Z (Reading database ... 35%
coverage	Generate Coverage in Docker	2026-02-02T16:51:04.0688300Z (Reading database ... 40%
coverage	Generate Coverage in Docker	2026-02-02T16:51:04.0688498Z (Reading database ... 45%
coverage	Generate Coverage in Docker	2026-02-02T16:51:04.0688765Z (Reading database ... 50%
coverage	Generate Coverage in Docker	2026-02-02T16:51:04.0688991Z (Reading database ... 55%
coverage	Generate Coverage in Docker	2026-02-02T16:51:04.0689210Z (Reading database ... 60%
coverage	Generate Coverage in Docker	2026-02-02T16:51:04.0689420Z (Reading database ... 65%
coverage	Generate Coverage in Docker	2026-02-02T16:51:04.0689635Z (Reading database ... 70%
coverage	Generate Coverage in Docker	2026-02-02T16:51:04.0689856Z (Reading database ... 75%
coverage	Generate Coverage in Docker	2026-02-02T16:51:04.0690055Z (Reading database ... 80%
coverage	Generate Coverage in Docker	2026-02-02T16:51:04.0690259Z (Reading database ... 85%
coverage	Generate Coverage in Docker	2026-02-02T16:51:04.0690453Z (Reading database ... 90%
coverage	Generate Coverage in Docker	2026-02-02T16:51:04.0690654Z (Reading database ... 95%
coverage	Generate Coverage in Docker	2026-02-02T16:51:04.0690850Z (Reading database ... 100%
coverage	Generate Coverage in Docker	2026-02-02T16:51:04.0691166Z (Reading database ... 5141 files and directories currently installed.)
coverage	Generate Coverage in Docker	2026-02-02T16:51:04.0691631Z #7 13.90 Preparing to unpack .../000-python3_3.10.6-1~22.04.1_amd64.deb ...
coverage	Generate Coverage in Docker	2026-02-02T16:51:04.0692042Z #7 13.90 Unpacking python3 (3.10.6-1~22.04.1) ...
coverage	Generate Coverage in Docker	2026-02-02T16:51:04.0692659Z #7 13.92 Selecting previously unselected package perl-modules-5.34.
coverage	Generate Coverage in Docker	2026-02-02T16:51:04.0693143Z #7 13.92 Preparing to unpack .../001-perl-modules-5.34_5.34.0-3ubuntu1.5_all.deb ...
coverage	Generate Coverage in Docker	2026-02-02T16:51:04.0693588Z #7 13.92 Unpacking perl-modules-5.34 (5.34.0-3ubuntu1.5) ...
coverage	Generate Coverage in Docker	2026-02-02T16:51:04.2011413Z #7 14.20 Selecting previously unselected package libgdbm6:amd64.
coverage	Generate Coverage in Docker	2026-02-02T16:51:04.3896954Z #7 14.21 Preparing to unpack .../002-libgdbm6_1.23-1_amd64.deb ...
coverage	Generate Coverage in Docker	2026-02-02T16:51:04.3897758Z #7 14.21 Unpacking libgdbm6:amd64 (1.23-1) ...
coverage	Generate Coverage in Docker	2026-02-02T16:51:04.3898300Z #7 14.22 Selecting previously unselected package libgdbm-compat4:amd64.
coverage	Generate Coverage in Docker	2026-02-02T16:51:04.3898943Z #7 14.22 Preparing to unpack .../003-libgdbm-compat4_1.23-1_amd64.deb ...
coverage	Generate Coverage in Docker	2026-02-02T16:51:04.3899482Z #7 14.23 Unpacking libgdbm-compat4:amd64 (1.23-1) ...
coverage	Generate Coverage in Docker	2026-02-02T16:51:04.3899994Z #7 14.24 Selecting previously unselected package libperl5.34:amd64.
coverage	Generate Coverage in Docker	2026-02-02T16:51:04.3900655Z #7 14.24 Preparing to unpack .../004-libperl5.34_5.34.0-3ubuntu1.5_amd64.deb ...
coverage	Generate Coverage in Docker	2026-02-02T16:51:04.3901235Z #7 14.24 Unpacking libperl5.34:amd64 (5.34.0-3ubuntu1.5) ...
coverage	Generate Coverage in Docker	2026-02-02T16:51:04.4061972Z #7 14.41 Selecting previously unselected package perl.
coverage	Generate Coverage in Docker	2026-02-02T16:51:04.5247017Z #7 14.41 Preparing to unpack .../005-perl_5.34.0-3ubuntu1.5_amd64.deb ...
coverage	Generate Coverage in Docker	2026-02-02T16:51:04.5247567Z #7 14.42 Unpacking perl (5.34.0-3ubuntu1.5) ...
coverage	Generate Coverage in Docker	2026-02-02T16:51:04.5248230Z #7 14.44 Selecting previously unselected package openssl.
coverage	Generate Coverage in Docker	2026-02-02T16:51:04.5248649Z #7 14.44 Preparing to unpack .../006-openssl_3.0.2-0ubuntu1.21_amd64.deb ...
coverage	Generate Coverage in Docker	2026-02-02T16:51:04.5249045Z #7 14.45 Unpacking openssl (3.0.2-0ubuntu1.21) ...
coverage	Generate Coverage in Docker	2026-02-02T16:51:04.5249427Z #7 14.48 Selecting previously unselected package ca-certificates.
coverage	Generate Coverage in Docker	2026-02-02T16:51:04.5249884Z #7 14.48 Preparing to unpack .../007-ca-certificates_20240203~22.04.1_all.deb ...
coverage	Generate Coverage in Docker	2026-02-02T16:51:04.5250455Z #7 14.49 Unpacking ca-certificates (20240203~22.04.1) ...
coverage	Generate Coverage in Docker	2026-02-02T16:51:04.5250789Z #7 14.53 Selecting previously unselected package less.
coverage	Generate Coverage in Docker	2026-02-02T16:51:04.6277887Z #7 14.53 Preparing to unpack .../008-less_590-1ubuntu0.22.04.3_amd64.deb ...
coverage	Generate Coverage in Docker	2026-02-02T16:51:04.6278569Z #7 14.53 Unpacking less (590-1ubuntu0.22.04.3) ...
coverage	Generate Coverage in Docker	2026-02-02T16:51:04.6279079Z #7 14.55 Selecting previously unselected package libmd0:amd64.
coverage	Generate Coverage in Docker	2026-02-02T16:51:04.6279667Z #7 14.55 Preparing to unpack .../009-libmd0_1.0.4-1build1_amd64.deb ...
coverage	Generate Coverage in Docker	2026-02-02T16:51:04.6280218Z #7 14.55 Unpacking libmd0:amd64 (1.0.4-1build1) ...
coverage	Generate Coverage in Docker	2026-02-02T16:51:04.6280732Z #7 14.56 Selecting previously unselected package libbsd0:amd64.
coverage	Generate Coverage in Docker	2026-02-02T16:51:04.6281281Z #7 14.57 Preparing to unpack .../010-libbsd0_0.11.5-1_amd64.deb ...
coverage	Generate Coverage in Docker	2026-02-02T16:51:04.6281761Z #7 14.57 Unpacking libbsd0:amd64 (0.11.5-1) ...
coverage	Generate Coverage in Docker	2026-02-02T16:51:04.6282243Z #7 14.58 Selecting previously unselected package libglib2.0-0:amd64.
coverage	Generate Coverage in Docker	2026-02-02T16:51:04.6283049Z #7 14.58 Preparing to unpack .../011-libglib2.0-0_2.72.4-0ubuntu2.8_amd64.deb ...
coverage	Generate Coverage in Docker	2026-02-02T16:51:04.6283649Z #7 14.59 Unpacking libglib2.0-0:amd64 (2.72.4-0ubuntu2.8) ...
coverage	Generate Coverage in Docker	2026-02-02T16:51:04.6284165Z #7 14.62 Selecting previously unselected package libglib2.0-data.
coverage	Generate Coverage in Docker	2026-02-02T16:51:04.6284777Z #7 14.62 Preparing to unpack .../012-libglib2.0-data_2.72.4-0ubuntu2.8_all.deb ...
coverage	Generate Coverage in Docker	2026-02-02T16:51:04.6285351Z #7 14.62 Unpacking libglib2.0-data (2.72.4-0ubuntu2.8) ...
coverage	Generate Coverage in Docker	2026-02-02T16:51:04.6285864Z #7 14.63 Selecting previously unselected package libicu70:amd64.
coverage	Generate Coverage in Docker	2026-02-02T16:51:04.7573870Z #7 14.63 Preparing to unpack .../013-libicu70_70.1-2_amd64.deb ...
coverage	Generate Coverage in Docker	2026-02-02T16:51:04.7575186Z #7 14.63 Unpacking libicu70:amd64 (70.1-2) ...
coverage	Generate Coverage in Docker	2026-02-02T16:51:04.7575693Z #7 14.76 Selecting previously unselected package libxml2:amd64.
coverage	Generate Coverage in Docker	2026-02-02T16:51:04.8709682Z #7 14.76 Preparing to unpack .../014-libxml2_2.9.13+dfsg-1ubuntu0.11_amd64.deb ...
coverage	Generate Coverage in Docker	2026-02-02T16:51:04.8710493Z #7 14.76 Unpacking libxml2:amd64 (2.9.13+dfsg-1ubuntu0.11) ...
coverage	Generate Coverage in Docker	2026-02-02T16:51:04.8711092Z #7 14.79 Selecting previously unselected package netbase.
coverage	Generate Coverage in Docker	2026-02-02T16:51:04.8711609Z #7 14.79 Preparing to unpack .../015-netbase_6.3_all.deb ...
coverage	Generate Coverage in Docker	2026-02-02T16:51:04.8712060Z #7 14.79 Unpacking netbase (6.3) ...
coverage	Generate Coverage in Docker	2026-02-02T16:51:04.8712774Z #7 14.80 Selecting previously unselected package python3-pkg-resources.
coverage	Generate Coverage in Docker	2026-02-02T16:51:04.8713537Z #7 14.80 Preparing to unpack .../016-python3-pkg-resources_59.6.0-1.2ubuntu0.22.04.3_all.deb ...
coverage	Generate Coverage in Docker	2026-02-02T16:51:04.8714257Z #7 14.80 Unpacking python3-pkg-resources (59.6.0-1.2ubuntu0.22.04.3) ...
coverage	Generate Coverage in Docker	2026-02-02T16:51:04.8714870Z #7 14.82 Selecting previously unselected package shared-mime-info.
coverage	Generate Coverage in Docker	2026-02-02T16:51:04.8715514Z #7 14.82 Preparing to unpack .../017-shared-mime-info_2.1-2_amd64.deb ...
coverage	Generate Coverage in Docker	2026-02-02T16:51:04.8716025Z #7 14.82 Unpacking shared-mime-info (2.1-2) ...
coverage	Generate Coverage in Docker	2026-02-02T16:51:04.8716459Z #7 14.85 Selecting previously unselected package ucf.
coverage	Generate Coverage in Docker	2026-02-02T16:51:04.8716915Z #7 14.85 Preparing to unpack .../018-ucf_3.0043_all.deb ...
coverage	Generate Coverage in Docker	2026-02-02T16:51:04.8717351Z #7 14.85 Moving old data out of the way
coverage	Generate Coverage in Docker	2026-02-02T16:51:04.8717694Z #7 14.85 Unpacking ucf (3.0043) ...
coverage	Generate Coverage in Docker	2026-02-02T16:51:04.8718113Z #7 14.87 Selecting previously unselected package xdg-user-dirs.
coverage	Generate Coverage in Docker	2026-02-02T16:51:04.9802259Z #7 14.88 Preparing to unpack .../019-xdg-user-dirs_0.17-2ubuntu4_amd64.deb ...
coverage	Generate Coverage in Docker	2026-02-02T16:51:04.9803163Z #7 14.88 Unpacking xdg-user-dirs (0.17-2ubuntu4) ...
coverage	Generate Coverage in Docker	2026-02-02T16:51:04.9803726Z #7 14.93 Selecting previously unselected package libcbor0.8:amd64.
coverage	Generate Coverage in Docker	2026-02-02T16:51:04.9804370Z #7 14.93 Preparing to unpack .../020-libcbor0.8_0.8.0-2ubuntu1_amd64.deb ...
coverage	Generate Coverage in Docker	2026-02-02T16:51:04.9805301Z #7 14.93 Unpacking libcbor0.8:amd64 (0.8.0-2ubuntu1) ...
coverage	Generate Coverage in Docker	2026-02-02T16:51:04.9805843Z #7 14.95 Selecting previously unselected package libedit2:amd64.
coverage	Generate Coverage in Docker	2026-02-02T16:51:04.9806475Z #7 14.95 Preparing to unpack .../021-libedit2_3.1-20210910-1build1_amd64.deb ...
coverage	Generate Coverage in Docker	2026-02-02T16:51:04.9807074Z #7 14.95 Unpacking libedit2:amd64 (3.1-20210910-1build1) ...
coverage	Generate Coverage in Docker	2026-02-02T16:51:04.9807660Z #7 14.97 Selecting previously unselected package libfido2-1:amd64.
coverage	Generate Coverage in Docker	2026-02-02T16:51:04.9808458Z #7 14.97 Preparing to unpack .../022-libfido2-1_1.10.0-1_amd64.deb ...
coverage	Generate Coverage in Docker	2026-02-02T16:51:04.9808984Z #7 14.97 Unpacking libfido2-1:amd64 (1.10.0-1) ...
coverage	Generate Coverage in Docker	2026-02-02T16:51:04.9809534Z #7 14.98 Selecting previously unselected package libnghttp2-14:amd64.
coverage	Generate Coverage in Docker	2026-02-02T16:51:05.0905248Z #7 14.99 Preparing to unpack .../023-libnghttp2-14_1.43.0-1ubuntu0.2_amd64.deb ...
coverage	Generate Coverage in Docker	2026-02-02T16:51:05.0905888Z #7 14.99 Unpacking libnghttp2-14:amd64 (1.43.0-1ubuntu0.2) ...
coverage	Generate Coverage in Docker	2026-02-02T16:51:05.0906393Z #7 15.00 Selecting previously unselected package libpng16-16:amd64.
coverage	Generate Coverage in Docker	2026-02-02T16:51:05.0906932Z #7 15.00 Preparing to unpack .../024-libpng16-16_1.6.37-3ubuntu0.3_amd64.deb ...
coverage	Generate Coverage in Docker	2026-02-02T16:51:05.0907422Z #7 15.00 Unpacking libpng16-16:amd64 (1.6.37-3ubuntu0.3) ...
coverage	Generate Coverage in Docker	2026-02-02T16:51:05.0907840Z #7 15.02 Selecting previously unselected package libpsl5:amd64.
coverage	Generate Coverage in Docker	2026-02-02T16:51:05.0908314Z #7 15.02 Preparing to unpack .../025-libpsl5_0.21.0-1.2build2_amd64.deb ...
coverage	Generate Coverage in Docker	2026-02-02T16:51:05.0908769Z #7 15.02 Unpacking libpsl5:amd64 (0.21.0-1.2build2) ...
coverage	Generate Coverage in Docker	2026-02-02T16:51:05.0909176Z #7 15.04 Selecting previously unselected package libuv1:amd64.
coverage	Generate Coverage in Docker	2026-02-02T16:51:05.0909640Z #7 15.04 Preparing to unpack .../026-libuv1_1.43.0-1ubuntu0.1_amd64.deb ...
coverage	Generate Coverage in Docker	2026-02-02T16:51:05.0910083Z #7 15.04 Unpacking libuv1:amd64 (1.43.0-1ubuntu0.1) ...
coverage	Generate Coverage in Docker	2026-02-02T16:51:05.0910482Z #7 15.06 Selecting previously unselected package libxau6:amd64.
coverage	Generate Coverage in Docker	2026-02-02T16:51:05.0910951Z #7 15.06 Preparing to unpack .../027-libxau6_1%3a1.0.9-1build5_amd64.deb ...
coverage	Generate Coverage in Docker	2026-02-02T16:51:05.0911400Z #7 15.06 Unpacking libxau6:amd64 (1:1.0.9-1build5) ...
coverage	Generate Coverage in Docker	2026-02-02T16:51:05.0911806Z #7 15.08 Selecting previously unselected package libxdmcp6:amd64.
coverage	Generate Coverage in Docker	2026-02-02T16:51:05.0912499Z #7 15.08 Preparing to unpack .../028-libxdmcp6_1%3a1.1.3-0ubuntu5_amd64.deb ...
coverage	Generate Coverage in Docker	2026-02-02T16:51:05.0912969Z #7 15.08 Unpacking libxdmcp6:amd64 (1:1.1.3-0ubuntu5) ...
coverage	Generate Coverage in Docker	2026-02-02T16:51:05.0913378Z #7 15.09 Selecting previously unselected package libxcb1:amd64.
coverage	Generate Coverage in Docker	2026-02-02T16:51:05.1938450Z #7 15.10 Preparing to unpack .../029-libxcb1_1.14-3ubuntu3_amd64.deb ...
coverage	Generate Coverage in Docker	2026-02-02T16:51:05.1938931Z #7 15.10 Unpacking libxcb1:amd64 (1.14-3ubuntu3) ...
coverage	Generate Coverage in Docker	2026-02-02T16:51:05.1939310Z #7 15.11 Selecting previously unselected package libx11-data.
coverage	Generate Coverage in Docker	2026-02-02T16:51:05.1939762Z #7 15.11 Preparing to unpack .../030-libx11-data_2%3a1.7.5-1ubuntu0.3_all.deb ...
coverage	Generate Coverage in Docker	2026-02-02T16:51:05.1940187Z #7 15.12 Unpacking libx11-data (2:1.7.5-1ubuntu0.3) ...
coverage	Generate Coverage in Docker	2026-02-02T16:51:05.1940560Z #7 15.17 Selecting previously unselected package libx11-6:amd64.
coverage	Generate Coverage in Docker	2026-02-02T16:51:05.1941031Z #7 15.18 Preparing to unpack .../031-libx11-6_2%3a1.7.5-1ubuntu0.3_amd64.deb ...
coverage	Generate Coverage in Docker	2026-02-02T16:51:05.1941449Z #7 15.18 Unpacking libx11-6:amd64 (2:1.7.5-1ubuntu0.3) ...
coverage	Generate Coverage in Docker	2026-02-02T16:51:05.1941819Z #7 15.20 Selecting previously unselected package libxext6:amd64.
coverage	Generate Coverage in Docker	2026-02-02T16:51:05.3136889Z #7 15.20 Preparing to unpack .../032-libxext6_2%3a1.3.4-1build1_amd64.deb ...
coverage	Generate Coverage in Docker	2026-02-02T16:51:05.3137776Z #7 15.20 Unpacking libxext6:amd64 (2:1.3.4-1build1) ...
coverage	Generate Coverage in Docker	2026-02-02T16:51:05.3138541Z #7 15.22 Selecting previously unselected package libxmuu1:amd64.
coverage	Generate Coverage in Docker	2026-02-02T16:51:05.3139351Z #7 15.22 Preparing to unpack .../033-libxmuu1_2%3a1.1.3-3_amd64.deb ...
coverage	Generate Coverage in Docker	2026-02-02T16:51:05.3139946Z #7 15.22 Unpacking libxmuu1:amd64 (2:1.1.3-3) ...
coverage	Generate Coverage in Docker	2026-02-02T16:51:05.3140379Z #7 15.23 Selecting previously unselected package manpages.
coverage	Generate Coverage in Docker	2026-02-02T16:51:05.3140876Z #7 15.23 Preparing to unpack .../034-manpages_5.10-1ubuntu1_all.deb ...
coverage	Generate Coverage in Docker	2026-02-02T16:51:05.3141628Z #7 15.23 Unpacking manpages (5.10-1ubuntu1) ...
coverage	Generate Coverage in Docker	2026-02-02T16:51:05.3142059Z #7 15.32 Selecting previously unselected package openssh-client.
coverage	Generate Coverage in Docker	2026-02-02T16:51:05.4244373Z #7 15.32 Preparing to unpack .../035-openssh-client_1%3a8.9p1-3ubuntu0.13_amd64.deb ...
coverage	Generate Coverage in Docker	2026-02-02T16:51:05.4245148Z #7 15.32 Unpacking openssh-client (1:8.9p1-3ubuntu0.13) ...
coverage	Generate Coverage in Docker	2026-02-02T16:51:05.4245647Z #7 15.35 Selecting previously unselected package publicsuffix.
coverage	Generate Coverage in Docker	2026-02-02T16:51:05.4246109Z #7 15.35 Preparing to unpack .../036-publicsuffix_20211207.1025-1_all.deb ...
coverage	Generate Coverage in Docker	2026-02-02T16:51:05.4246896Z #7 15.36 Unpacking publicsuffix (20211207.1025-1) ...
coverage	Generate Coverage in Docker	2026-02-02T16:51:05.4247340Z #7 15.37 Selecting previously unselected package wget.
coverage	Generate Coverage in Docker	2026-02-02T16:51:05.4247734Z #7 15.37 Preparing to unpack .../037-wget_1.21.2-2ubuntu1.1_amd64.deb ...
coverage	Generate Coverage in Docker	2026-02-02T16:51:05.4248192Z #7 15.37 Unpacking wget (1.21.2-2ubuntu1.1) ...
coverage	Generate Coverage in Docker	2026-02-02T16:51:05.4248512Z #7 15.39 Selecting previously unselected package xauth.
coverage	Generate Coverage in Docker	2026-02-02T16:51:05.4248975Z #7 15.39 Preparing to unpack .../038-xauth_1%3a1.1-1build2_amd64.deb ...
coverage	Generate Coverage in Docker	2026-02-02T16:51:05.4249353Z #7 15.39 Unpacking xauth (1:1.1-1build2) ...
coverage	Generate Coverage in Docker	2026-02-02T16:51:05.4249756Z #7 15.41 Selecting previously unselected package xz-utils.
coverage	Generate Coverage in Docker	2026-02-02T16:51:05.4250152Z #7 15.41 Preparing to unpack .../039-xz-utils_5.2.5-2ubuntu1_amd64.deb ...
coverage	Generate Coverage in Docker	2026-02-02T16:51:05.4250615Z #7 15.41 Unpacking xz-utils (5.2.5-2ubuntu1) ...
coverage	Generate Coverage in Docker	2026-02-02T16:51:05.4250981Z #7 15.43 Selecting previously unselected package binutils-common:amd64.
coverage	Generate Coverage in Docker	2026-02-02T16:51:05.5867217Z #7 15.43 Preparing to unpack .../040-binutils-common_2.38-4ubuntu2.12_amd64.deb ...
coverage	Generate Coverage in Docker	2026-02-02T16:51:05.5867941Z #7 15.43 Unpacking binutils-common:amd64 (2.38-4ubuntu2.12) ...
coverage	Generate Coverage in Docker	2026-02-02T16:51:05.5868417Z #7 15.45 Selecting previously unselected package libbinutils:amd64.
coverage	Generate Coverage in Docker	2026-02-02T16:51:05.5868953Z #7 15.45 Preparing to unpack .../041-libbinutils_2.38-4ubuntu2.12_amd64.deb ...
coverage	Generate Coverage in Docker	2026-02-02T16:51:05.5869438Z #7 15.45 Unpacking libbinutils:amd64 (2.38-4ubuntu2.12) ...
coverage	Generate Coverage in Docker	2026-02-02T16:51:05.5869918Z #7 15.47 Selecting previously unselected package libctf-nobfd0:amd64.
coverage	Generate Coverage in Docker	2026-02-02T16:51:05.5870451Z #7 15.48 Preparing to unpack .../042-libctf-nobfd0_2.38-4ubuntu2.12_amd64.deb ...
coverage	Generate Coverage in Docker	2026-02-02T16:51:05.5871035Z #7 15.48 Unpacking libctf-nobfd0:amd64 (2.38-4ubuntu2.12) ...
coverage	Generate Coverage in Docker	2026-02-02T16:51:05.5871467Z #7 15.49 Selecting previously unselected package libctf0:amd64.
coverage	Generate Coverage in Docker	2026-02-02T16:51:05.5871942Z #7 15.49 Preparing to unpack .../043-libctf0_2.38-4ubuntu2.12_amd64.deb ...
coverage	Generate Coverage in Docker	2026-02-02T16:51:05.5872607Z #7 15.49 Unpacking libctf0:amd64 (2.38-4ubuntu2.12) ...
coverage	Generate Coverage in Docker	2026-02-02T16:51:05.5873077Z #7 15.51 Selecting previously unselected package binutils-x86-64-linux-gnu.
coverage	Generate Coverage in Docker	2026-02-02T16:51:05.5873689Z #7 15.51 Preparing to unpack .../044-binutils-x86-64-linux-gnu_2.38-4ubuntu2.12_amd64.deb ...
coverage	Generate Coverage in Docker	2026-02-02T16:51:05.5874257Z #7 15.51 Unpacking binutils-x86-64-linux-gnu (2.38-4ubuntu2.12) ...
coverage	Generate Coverage in Docker	2026-02-02T16:51:05.5874701Z #7 15.59 Selecting previously unselected package binutils.
coverage	Generate Coverage in Docker	2026-02-02T16:51:05.7742195Z #7 15.59 Preparing to unpack .../045-binutils_2.38-4ubuntu2.12_amd64.deb ...
coverage	Generate Coverage in Docker	2026-02-02T16:51:05.7743210Z #7 15.59 Unpacking binutils (2.38-4ubuntu2.12) ...
coverage	Generate Coverage in Docker	2026-02-02T16:51:05.7743819Z #7 15.61 Selecting previously unselected package libc-dev-bin.
coverage	Generate Coverage in Docker	2026-02-02T16:51:05.7744543Z #7 15.61 Preparing to unpack .../046-libc-dev-bin_2.35-0ubuntu3.12_amd64.deb ...
coverage	Generate Coverage in Docker	2026-02-02T16:51:05.7745260Z #7 15.61 Unpacking libc-dev-bin (2.35-0ubuntu3.12) ...
coverage	Generate Coverage in Docker	2026-02-02T16:51:05.7745909Z #7 15.62 Selecting previously unselected package linux-libc-dev:amd64.
coverage	Generate Coverage in Docker	2026-02-02T16:51:05.7746695Z #7 15.63 Preparing to unpack .../047-linux-libc-dev_5.15.0-168.178_amd64.deb ...
coverage	Generate Coverage in Docker	2026-02-02T16:51:05.7747393Z #7 15.63 Unpacking linux-libc-dev:amd64 (5.15.0-168.178) ...
coverage	Generate Coverage in Docker	2026-02-02T16:51:05.8194602Z #7 15.82 Selecting previously unselected package libcrypt-dev:amd64.
coverage	Generate Coverage in Docker	2026-02-02T16:51:06.0393652Z #7 15.82 Preparing to unpack .../048-libcrypt-dev_1%3a4.4.27-1_amd64.deb ...
coverage	Generate Coverage in Docker	2026-02-02T16:51:06.0394415Z #7 15.83 Unpacking libcrypt-dev:amd64 (1:4.4.27-1) ...
coverage	Generate Coverage in Docker	2026-02-02T16:51:06.0395346Z #7 15.84 Selecting previously unselected package rpcsvc-proto.
coverage	Generate Coverage in Docker	2026-02-02T16:51:06.0396048Z #7 15.84 Preparing to unpack .../049-rpcsvc-proto_1.4.2-0ubuntu6_amd64.deb ...
coverage	Generate Coverage in Docker	2026-02-02T16:51:06.0396642Z #7 15.84 Unpacking rpcsvc-proto (1.4.2-0ubuntu6) ...
coverage	Generate Coverage in Docker	2026-02-02T16:51:06.0397208Z #7 15.86 Selecting previously unselected package libtirpc-dev:amd64.
coverage	Generate Coverage in Docker	2026-02-02T16:51:06.0397875Z #7 15.86 Preparing to unpack .../050-libtirpc-dev_1.3.2-2ubuntu0.1_amd64.deb ...
coverage	Generate Coverage in Docker	2026-02-02T16:51:06.0398718Z #7 15.86 Unpacking libtirpc-dev:amd64 (1.3.2-2ubuntu0.1) ...
coverage	Generate Coverage in Docker	2026-02-02T16:51:06.0399280Z #7 15.89 Selecting previously unselected package libnsl-dev:amd64.
coverage	Generate Coverage in Docker	2026-02-02T16:51:06.0399882Z #7 15.89 Preparing to unpack .../051-libnsl-dev_1.3.0-2build2_amd64.deb ...
coverage	Generate Coverage in Docker	2026-02-02T16:51:06.0400442Z #7 15.89 Unpacking libnsl-dev:amd64 (1.3.0-2build2) ...
coverage	Generate Coverage in Docker	2026-02-02T16:51:06.0400958Z #7 15.91 Selecting previously unselected package libc6-dev:amd64.
coverage	Generate Coverage in Docker	2026-02-02T16:51:06.0401577Z #7 15.91 Preparing to unpack .../052-libc6-dev_2.35-0ubuntu3.12_amd64.deb ...
coverage	Generate Coverage in Docker	2026-02-02T16:51:06.0402158Z #7 15.91 Unpacking libc6-dev:amd64 (2.35-0ubuntu3.12) ...
coverage	Generate Coverage in Docker	2026-02-02T16:51:06.0402958Z #7 16.04 Selecting previously unselected package gcc-11-base:amd64.
coverage	Generate Coverage in Docker	2026-02-02T16:51:06.2629666Z #7 16.04 Preparing to unpack .../053-gcc-11-base_11.4.0-1ubuntu1~22.04.2_amd64.deb ...
coverage	Generate Coverage in Docker	2026-02-02T16:51:06.2630482Z #7 16.05 Unpacking gcc-11-base:amd64 (11.4.0-1ubuntu1~22.04.2) ...
coverage	Generate Coverage in Docker	2026-02-02T16:51:06.2631006Z #7 16.06 Selecting previously unselected package libisl23:amd64.
coverage	Generate Coverage in Docker	2026-02-02T16:51:06.2631562Z #7 16.06 Preparing to unpack .../054-libisl23_0.24-2build1_amd64.deb ...
coverage	Generate Coverage in Docker	2026-02-02T16:51:06.2632042Z #7 16.06 Unpacking libisl23:amd64 (0.24-2build1) ...
coverage	Generate Coverage in Docker	2026-02-02T16:51:06.2632727Z #7 16.09 Selecting previously unselected package libmpfr6:amd64.
coverage	Generate Coverage in Docker	2026-02-02T16:51:06.2633263Z #7 16.09 Preparing to unpack .../055-libmpfr6_4.1.0-3build3_amd64.deb ...
coverage	Generate Coverage in Docker	2026-02-02T16:51:06.2633739Z #7 16.09 Unpacking libmpfr6:amd64 (4.1.0-3build3) ...
coverage	Generate Coverage in Docker	2026-02-02T16:51:06.2634175Z #7 16.12 Selecting previously unselected package libmpc3:amd64.
coverage	Generate Coverage in Docker	2026-02-02T16:51:06.2634706Z #7 16.12 Preparing to unpack .../056-libmpc3_1.2.1-2build1_amd64.deb ...
coverage	Generate Coverage in Docker	2026-02-02T16:51:06.2635157Z #7 16.12 Unpacking libmpc3:amd64 (1.2.1-2build1) ...
coverage	Generate Coverage in Docker	2026-02-02T16:51:06.2635568Z #7 16.13 Selecting previously unselected package cpp-11.
coverage	Generate Coverage in Docker	2026-02-02T16:51:06.2636065Z #7 16.13 Preparing to unpack .../057-cpp-11_11.4.0-1ubuntu1~22.04.2_amd64.deb ...
coverage	Generate Coverage in Docker	2026-02-02T16:51:06.2636569Z #7 16.13 Unpacking cpp-11 (11.4.0-1ubuntu1~22.04.2) ...
coverage	Generate Coverage in Docker	2026-02-02T16:51:06.2636977Z #7 16.27 Selecting previously unselected package cpp.
coverage	Generate Coverage in Docker	2026-02-02T16:51:06.4037038Z #7 16.27 Preparing to unpack .../058-cpp_4%3a11.2.0-1ubuntu1_amd64.deb ...
coverage	Generate Coverage in Docker	2026-02-02T16:51:06.4037769Z #7 16.27 Unpacking cpp (4:11.2.0-1ubuntu1) ...
coverage	Generate Coverage in Docker	2026-02-02T16:51:06.4038288Z #7 16.29 Selecting previously unselected package libcc1-0:amd64.
coverage	Generate Coverage in Docker	2026-02-02T16:51:06.4038960Z #7 16.29 Preparing to unpack .../059-libcc1-0_12.3.0-1ubuntu1~22.04.2_amd64.deb ...
coverage	Generate Coverage in Docker	2026-02-02T16:51:06.4039637Z #7 16.29 Unpacking libcc1-0:amd64 (12.3.0-1ubuntu1~22.04.2) ...
coverage	Generate Coverage in Docker	2026-02-02T16:51:06.4040194Z #7 16.30 Selecting previously unselected package libgomp1:amd64.
coverage	Generate Coverage in Docker	2026-02-02T16:51:06.4040833Z #7 16.31 Preparing to unpack .../060-libgomp1_12.3.0-1ubuntu1~22.04.2_amd64.deb ...
coverage	Generate Coverage in Docker	2026-02-02T16:51:06.4041477Z #7 16.31 Unpacking libgomp1:amd64 (12.3.0-1ubuntu1~22.04.2) ...
coverage	Generate Coverage in Docker	2026-02-02T16:51:06.4042035Z #7 16.32 Selecting previously unselected package libitm1:amd64.
coverage	Generate Coverage in Docker	2026-02-02T16:51:06.4042811Z #7 16.32 Preparing to unpack .../061-libitm1_12.3.0-1ubuntu1~22.04.2_amd64.deb ...
coverage	Generate Coverage in Docker	2026-02-02T16:51:06.4043378Z #7 16.33 Unpacking libitm1:amd64 (12.3.0-1ubuntu1~22.04.2) ...
coverage	Generate Coverage in Docker	2026-02-02T16:51:06.4043885Z #7 16.34 Selecting previously unselected package libatomic1:amd64.
coverage	Generate Coverage in Docker	2026-02-02T16:51:06.4044493Z #7 16.34 Preparing to unpack .../062-libatomic1_12.3.0-1ubuntu1~22.04.2_amd64.deb ...
coverage	Generate Coverage in Docker	2026-02-02T16:51:06.4045088Z #7 16.34 Unpacking libatomic1:amd64 (12.3.0-1ubuntu1~22.04.2) ...
coverage	Generate Coverage in Docker	2026-02-02T16:51:06.4045607Z #7 16.36 Selecting previously unselected package libasan6:amd64.
coverage	Generate Coverage in Docker	2026-02-02T16:51:06.4046689Z #7 16.36 Preparing to unpack .../063-libasan6_11.4.0-1ubuntu1~22.04.2_amd64.deb ...
coverage	Generate Coverage in Docker	2026-02-02T16:51:06.4047257Z #7 16.36 Unpacking libasan6:amd64 (11.4.0-1ubuntu1~22.04.2) ...
coverage	Generate Coverage in Docker	2026-02-02T16:51:06.4047760Z #7 16.41 Selecting previously unselected package liblsan0:amd64.
coverage	Generate Coverage in Docker	2026-02-02T16:51:06.5082289Z #7 16.41 Preparing to unpack .../064-liblsan0_12.3.0-1ubuntu1~22.04.2_amd64.deb ...
coverage	Generate Coverage in Docker	2026-02-02T16:51:06.5083270Z #7 16.41 Unpacking liblsan0:amd64 (12.3.0-1ubuntu1~22.04.2) ...
coverage	Generate Coverage in Docker	2026-02-02T16:51:06.5084126Z #7 16.44 Selecting previously unselected package libtsan0:amd64.
coverage	Generate Coverage in Docker	2026-02-02T16:51:06.5084749Z #7 16.44 Preparing to unpack .../065-libtsan0_11.4.0-1ubuntu1~22.04.2_amd64.deb ...
coverage	Generate Coverage in Docker	2026-02-02T16:51:06.5085297Z #7 16.44 Unpacking libtsan0:amd64 (11.4.0-1ubuntu1~22.04.2) ...
coverage	Generate Coverage in Docker	2026-02-02T16:51:06.5085803Z #7 16.48 Selecting previously unselected package libubsan1:amd64.
coverage	Generate Coverage in Docker	2026-02-02T16:51:06.5086399Z #7 16.48 Preparing to unpack .../066-libubsan1_12.3.0-1ubuntu1~22.04.2_amd64.deb ...
coverage	Generate Coverage in Docker	2026-02-02T16:51:06.5086998Z #7 16.49 Unpacking libubsan1:amd64 (12.3.0-1ubuntu1~22.04.2) ...
coverage	Generate Coverage in Docker	2026-02-02T16:51:06.5087474Z #7 16.51 Selecting previously unselected package libquadmath0:amd64.
coverage	Generate Coverage in Docker	2026-02-02T16:51:06.6121387Z #7 16.51 Preparing to unpack .../067-libquadmath0_12.3.0-1ubuntu1~22.04.2_amd64.deb ...
coverage	Generate Coverage in Docker	2026-02-02T16:51:06.6122021Z #7 16.51 Unpacking libquadmath0:amd64 (12.3.0-1ubuntu1~22.04.2) ...
coverage	Generate Coverage in Docker	2026-02-02T16:51:06.6122703Z #7 16.53 Selecting previously unselected package libgcc-11-dev:amd64.
coverage	Generate Coverage in Docker	2026-02-02T16:51:06.6123252Z #7 16.53 Preparing to unpack .../068-libgcc-11-dev_11.4.0-1ubuntu1~22.04.2_amd64.deb ...
coverage	Generate Coverage in Docker	2026-02-02T16:51:06.6123759Z #7 16.53 Unpacking libgcc-11-dev:amd64 (11.4.0-1ubuntu1~22.04.2) ...
coverage	Generate Coverage in Docker	2026-02-02T16:51:06.6124162Z #7 16.62 Selecting previously unselected package gcc-11.
coverage	Generate Coverage in Docker	2026-02-02T16:51:06.7655210Z #7 16.62 Preparing to unpack .../069-gcc-11_11.4.0-1ubuntu1~22.04.2_amd64.deb ...
coverage	Generate Coverage in Docker	2026-02-02T16:51:06.7655920Z #7 16.62 Unpacking gcc-11 (11.4.0-1ubuntu1~22.04.2) ...
coverage	Generate Coverage in Docker	2026-02-02T16:51:06.8632008Z #7 16.87 Selecting previously unselected package gcc.
coverage	Generate Coverage in Docker	2026-02-02T16:51:07.0366423Z #7 16.87 Preparing to unpack .../070-gcc_4%3a11.2.0-1ubuntu1_amd64.deb ...
coverage	Generate Coverage in Docker	2026-02-02T16:51:07.0367178Z #7 16.87 Unpacking gcc (4:11.2.0-1ubuntu1) ...
coverage	Generate Coverage in Docker	2026-02-02T16:51:07.0367773Z #7 16.89 Selecting previously unselected package libstdc++-11-dev:amd64.
coverage	Generate Coverage in Docker	2026-02-02T16:51:07.0368534Z #7 16.89 Preparing to unpack .../071-libstdc++-11-dev_11.4.0-1ubuntu1~22.04.2_amd64.deb ...
coverage	Generate Coverage in Docker	2026-02-02T16:51:07.0369343Z #7 16.89 Unpacking libstdc++-11-dev:amd64 (11.4.0-1ubuntu1~22.04.2) ...
coverage	Generate Coverage in Docker	2026-02-02T16:51:07.0775438Z #7 17.08 Selecting previously unselected package g++-11.
coverage	Generate Coverage in Docker	2026-02-02T16:51:07.2309092Z #7 17.08 Preparing to unpack .../072-g++-11_11.4.0-1ubuntu1~22.04.2_amd64.deb ...
coverage	Generate Coverage in Docker	2026-02-02T16:51:07.2309852Z #7 17.08 Unpacking g++-11 (11.4.0-1ubuntu1~22.04.2) ...
coverage	Generate Coverage in Docker	2026-02-02T16:51:07.2320970Z #7 17.24 Selecting previously unselected package g++.
coverage	Generate Coverage in Docker	2026-02-02T16:51:07.3453654Z #7 17.24 Preparing to unpack .../073-g++_4%3a11.2.0-1ubuntu1_amd64.deb ...
coverage	Generate Coverage in Docker	2026-02-02T16:51:07.3454379Z #7 17.24 Unpacking g++ (4:11.2.0-1ubuntu1) ...
coverage	Generate Coverage in Docker	2026-02-02T16:51:07.3454870Z #7 17.25 Selecting previously unselected package make.
coverage	Generate Coverage in Docker	2026-02-02T16:51:07.3455453Z #7 17.25 Preparing to unpack .../074-make_4.3-4.1build1_amd64.deb ...
coverage	Generate Coverage in Docker	2026-02-02T16:51:07.3455983Z #7 17.26 Unpacking make (4.3-4.1build1) ...
coverage	Generate Coverage in Docker	2026-02-02T16:51:07.3456480Z #7 17.27 Selecting previously unselected package libdpkg-perl.
coverage	Generate Coverage in Docker	2026-02-02T16:51:07.3457115Z #7 17.27 Preparing to unpack .../075-libdpkg-perl_1.21.1ubuntu2.6_all.deb ...
coverage	Generate Coverage in Docker	2026-02-02T16:51:07.3457700Z #7 17.28 Unpacking libdpkg-perl (1.21.1ubuntu2.6) ...
coverage	Generate Coverage in Docker	2026-02-02T16:51:07.3458176Z #7 17.31 Selecting previously unselected package bzip2.
coverage	Generate Coverage in Docker	2026-02-02T16:51:07.3458709Z #7 17.31 Preparing to unpack .../076-bzip2_1.0.8-5build1_amd64.deb ...
coverage	Generate Coverage in Docker	2026-02-02T16:51:07.3459214Z #7 17.31 Unpacking bzip2 (1.0.8-5build1) ...
coverage	Generate Coverage in Docker	2026-02-02T16:51:07.3459653Z #7 17.33 Selecting previously unselected package patch.
coverage	Generate Coverage in Docker	2026-02-02T16:51:07.3460521Z #7 17.33 Preparing to unpack .../077-patch_2.7.6-7build2_amd64.deb ...
coverage	Generate Coverage in Docker	2026-02-02T16:51:07.3461009Z #7 17.33 Unpacking patch (2.7.6-7build2) ...
coverage	Generate Coverage in Docker	2026-02-02T16:51:07.3461492Z #7 17.35 Selecting previously unselected package lto-disabled-list.
coverage	Generate Coverage in Docker	2026-02-02T16:51:07.5758760Z #7 17.35 Preparing to unpack .../078-lto-disabled-list_24_all.deb ...
coverage	Generate Coverage in Docker	2026-02-02T16:51:07.5759467Z #7 17.35 Unpacking lto-disabled-list (24) ...
coverage	Generate Coverage in Docker	2026-02-02T16:51:07.5759912Z #7 17.37 Selecting previously unselected package dpkg-dev.
coverage	Generate Coverage in Docker	2026-02-02T16:51:07.5760781Z #7 17.37 Preparing to unpack .../079-dpkg-dev_1.21.1ubuntu2.6_all.deb ...
coverage	Generate Coverage in Docker	2026-02-02T16:51:07.5761274Z #7 17.37 Unpacking dpkg-dev (1.21.1ubuntu2.6) ...
coverage	Generate Coverage in Docker	2026-02-02T16:51:07.5761724Z #7 17.41 Selecting previously unselected package build-essential.
coverage	Generate Coverage in Docker	2026-02-02T16:51:07.5762282Z #7 17.41 Preparing to unpack .../080-build-essential_12.9ubuntu3_amd64.deb ...
coverage	Generate Coverage in Docker	2026-02-02T16:51:07.5763065Z #7 17.41 Unpacking build-essential (12.9ubuntu3) ...
coverage	Generate Coverage in Docker	2026-02-02T16:51:07.5763514Z #7 17.43 Selecting previously unselected package libllvm14:amd64.
coverage	Generate Coverage in Docker	2026-02-02T16:51:07.5764344Z #7 17.43 Preparing to unpack .../081-libllvm14_1%3a14.0.0-1ubuntu1.1_amd64.deb ...
coverage	Generate Coverage in Docker	2026-02-02T16:51:07.5765102Z #7 17.43 Unpacking libllvm14:amd64 (1:14.0.0-1ubuntu1.1) ...
coverage	Generate Coverage in Docker	2026-02-02T16:51:07.8480890Z #7 17.85 Selecting previously unselected package libclang-cpp14.
coverage	Generate Coverage in Docker	2026-02-02T16:51:08.0016626Z #7 17.85 Preparing to unpack .../082-libclang-cpp14_1%3a14.0.0-1ubuntu1.1_amd64.deb ...
coverage	Generate Coverage in Docker	2026-02-02T16:51:08.0017563Z #7 17.85 Unpacking libclang-cpp14 (1:14.0.0-1ubuntu1.1) ...
coverage	Generate Coverage in Docker	2026-02-02T16:51:08.0516113Z #7 18.05 Selecting previously unselected package clang-format-14.
coverage	Generate Coverage in Docker	2026-02-02T16:51:08.1600244Z #7 18.06 Preparing to unpack .../083-clang-format-14_1%3a14.0.0-1ubuntu1.1_amd64.deb ...
coverage	Generate Coverage in Docker	2026-02-02T16:51:08.1601241Z #7 18.06 Unpacking clang-format-14 (1:14.0.0-1ubuntu1.1) ...
coverage	Generate Coverage in Docker	2026-02-02T16:51:08.1601790Z #7 18.08 Selecting previously unselected package clang-format:amd64.
coverage	Generate Coverage in Docker	2026-02-02T16:51:08.1602585Z #7 18.09 Preparing to unpack .../084-clang-format_1%3a14.0-55~exp2_amd64.deb ...
coverage	Generate Coverage in Docker	2026-02-02T16:51:08.1603146Z #7 18.09 Unpacking clang-format:amd64 (1:14.0-55~exp2) ...
coverage	Generate Coverage in Docker	2026-02-02T16:51:08.1603633Z #7 18.10 Selecting previously unselected package libarchive13:amd64.
coverage	Generate Coverage in Docker	2026-02-02T16:51:08.1604200Z #7 18.10 Preparing to unpack .../085-libarchive13_3.6.0-1ubuntu1.5_amd64.deb ...
coverage	Generate Coverage in Docker	2026-02-02T16:51:08.1604727Z #7 18.10 Unpacking libarchive13:amd64 (3.6.0-1ubuntu1.5) ...
coverage	Generate Coverage in Docker	2026-02-02T16:51:08.1605206Z #7 18.13 Selecting previously unselected package libbrotli1:amd64.
coverage	Generate Coverage in Docker	2026-02-02T16:51:08.1605779Z #7 18.13 Preparing to unpack .../086-libbrotli1_1.0.9-2build6_amd64.deb ...
coverage	Generate Coverage in Docker	2026-02-02T16:51:08.1606286Z #7 18.13 Unpacking libbrotli1:amd64 (1.0.9-2build6) ...
coverage	Generate Coverage in Docker	2026-02-02T16:51:08.1606789Z #7 18.15 Selecting previously unselected package libsasl2-modules-db:amd64.
coverage	Generate Coverage in Docker	2026-02-02T16:51:08.1607465Z #7 18.15 Preparing to unpack .../087-libsasl2-modules-db_2.1.27+dfsg2-3ubuntu1.2_amd64.deb ...
coverage	Generate Coverage in Docker	2026-02-02T16:51:08.1608250Z #7 18.15 Unpacking libsasl2-modules-db:amd64 (2.1.27+dfsg2-3ubuntu1.2) ...
coverage	Generate Coverage in Docker	2026-02-02T16:51:08.1608806Z #7 18.16 Selecting previously unselected package libsasl2-2:amd64.
coverage	Generate Coverage in Docker	2026-02-02T16:51:08.2754118Z #7 18.16 Preparing to unpack .../088-libsasl2-2_2.1.27+dfsg2-3ubuntu1.2_amd64.deb ...
coverage	Generate Coverage in Docker	2026-02-02T16:51:08.2754991Z #7 18.17 Unpacking libsasl2-2:amd64 (2.1.27+dfsg2-3ubuntu1.2) ...
coverage	Generate Coverage in Docker	2026-02-02T16:51:08.2755468Z #7 18.18 Selecting previously unselected package libldap-2.5-0:amd64.
coverage	Generate Coverage in Docker	2026-02-02T16:51:08.2756040Z #7 18.18 Preparing to unpack .../089-libldap-2.5-0_2.5.19+dfsg-0ubuntu0.22.04.1_amd64.deb ...
coverage	Generate Coverage in Docker	2026-02-02T16:51:08.2756676Z #7 18.19 Unpacking libldap-2.5-0:amd64 (2.5.19+dfsg-0ubuntu0.22.04.1) ...
coverage	Generate Coverage in Docker	2026-02-02T16:51:08.2757175Z #7 18.20 Selecting previously unselected package librtmp1:amd64.
coverage	Generate Coverage in Docker	2026-02-02T16:51:08.2757733Z #7 18.20 Preparing to unpack .../090-librtmp1_2.4+20151223.gitfa8646d.1-2build4_amd64.deb ...
coverage	Generate Coverage in Docker	2026-02-02T16:51:08.2758313Z #7 18.21 Unpacking librtmp1:amd64 (2.4+20151223.gitfa8646d.1-2build4) ...
coverage	Generate Coverage in Docker	2026-02-02T16:51:08.2758791Z #7 18.22 Selecting previously unselected package libssh-4:amd64.
coverage	Generate Coverage in Docker	2026-02-02T16:51:08.2759584Z #7 18.22 Preparing to unpack .../091-libssh-4_0.9.6-2ubuntu0.22.04.5_amd64.deb ...
coverage	Generate Coverage in Docker	2026-02-02T16:51:08.2760080Z #7 18.22 Unpacking libssh-4:amd64 (0.9.6-2ubuntu0.22.04.5) ...
coverage	Generate Coverage in Docker	2026-02-02T16:51:08.2760506Z #7 18.24 Selecting previously unselected package libcurl4:amd64.
coverage	Generate Coverage in Docker	2026-02-02T16:51:08.2760990Z #7 18.24 Preparing to unpack .../092-libcurl4_7.81.0-1ubuntu1.21_amd64.deb ...
coverage	Generate Coverage in Docker	2026-02-02T16:51:08.2761454Z #7 18.24 Unpacking libcurl4:amd64 (7.81.0-1ubuntu1.21) ...
coverage	Generate Coverage in Docker	2026-02-02T16:51:08.2762083Z #7 18.26 Selecting previously unselected package libjsoncpp25:amd64.
coverage	Generate Coverage in Docker	2026-02-02T16:51:08.2763182Z #7 18.26 Preparing to unpack .../093-libjsoncpp25_1.9.5-3_amd64.deb ...
coverage	Generate Coverage in Docker	2026-02-02T16:51:08.2763713Z #7 18.26 Unpacking libjsoncpp25:amd64 (1.9.5-3) ...
coverage	Generate Coverage in Docker	2026-02-02T16:51:08.2764130Z #7 18.28 Selecting previously unselected package librhash0:amd64.
coverage	Generate Coverage in Docker	2026-02-02T16:51:08.4982099Z #7 18.28 Preparing to unpack .../094-librhash0_1.4.2-1ubuntu1_amd64.deb ...
coverage	Generate Coverage in Docker	2026-02-02T16:51:08.4983239Z #7 18.28 Unpacking librhash0:amd64 (1.4.2-1ubuntu1) ...
coverage	Generate Coverage in Docker	2026-02-02T16:51:08.4983989Z #7 18.30 Selecting previously unselected package dh-elpa-helper.
coverage	Generate Coverage in Docker	2026-02-02T16:51:08.4984964Z #7 18.30 Preparing to unpack .../095-dh-elpa-helper_2.0.9ubuntu1_all.deb ...
coverage	Generate Coverage in Docker	2026-02-02T16:51:08.4985848Z #7 18.30 Unpacking dh-elpa-helper (2.0.9ubuntu1) ...
coverage	Generate Coverage in Docker	2026-02-02T16:51:08.4986636Z #7 18.31 Selecting previously unselected package emacsen-common.
coverage	Generate Coverage in Docker	2026-02-02T16:51:08.4987536Z #7 18.32 Preparing to unpack .../096-emacsen-common_3.0.4_all.deb ...
coverage	Generate Coverage in Docker	2026-02-02T16:51:08.4988170Z #7 18.32 Unpacking emacsen-common (3.0.4) ...
coverage	Generate Coverage in Docker	2026-02-02T16:51:08.4988619Z #7 18.34 Selecting previously unselected package cmake-data.
coverage	Generate Coverage in Docker	2026-02-02T16:51:08.4989200Z #7 18.35 Preparing to unpack .../097-cmake-data_3.22.1-1ubuntu1.22.04.2_all.deb ...
coverage	Generate Coverage in Docker	2026-02-02T16:51:08.4989786Z #7 18.35 Unpacking cmake-data (3.22.1-1ubuntu1.22.04.2) ...
coverage	Generate Coverage in Docker	2026-02-02T16:51:08.9065404Z #7 18.91 Selecting previously unselected package cmake.
coverage	Generate Coverage in Docker	2026-02-02T16:51:09.0138913Z #7 18.91 Preparing to unpack .../098-cmake_3.22.1-1ubuntu1.22.04.2_amd64.deb ...
coverage	Generate Coverage in Docker	2026-02-02T16:51:09.0139626Z #7 18.91 Unpacking cmake (3.22.1-1ubuntu1.22.04.2) ...
coverage	Generate Coverage in Docker	2026-02-02T16:51:09.0140238Z #7 19.00 Selecting previously unselected package libtinyxml2-9:amd64.
coverage	Generate Coverage in Docker	2026-02-02T16:51:09.0140813Z #7 19.00 Preparing to unpack .../099-libtinyxml2-9_9.0.0+dfsg-3_amd64.deb ...
coverage	Generate Coverage in Docker	2026-02-02T16:51:09.0141327Z #7 19.00 Unpacking libtinyxml2-9:amd64 (9.0.0+dfsg-3) ...
coverage	Generate Coverage in Docker	2026-02-02T16:51:09.0141811Z #7 19.02 Selecting previously unselected package libz3-4:amd64.
coverage	Generate Coverage in Docker	2026-02-02T16:51:09.1594453Z #7 19.02 Preparing to unpack .../100-libz3-4_4.8.12-1_amd64.deb ...
coverage	Generate Coverage in Docker	2026-02-02T16:51:09.1595095Z #7 19.02 Unpacking libz3-4:amd64 (4.8.12-1) ...
coverage	Generate Coverage in Docker	2026-02-02T16:51:09.1595646Z #7 19.09 Selecting previously unselected package python3-pygments.
coverage	Generate Coverage in Docker	2026-02-02T16:51:09.1596392Z #7 19.09 Preparing to unpack .../101-python3-pygments_2.11.2+dfsg-2ubuntu0.1_all.deb ...
coverage	Generate Coverage in Docker	2026-02-02T16:51:09.1597113Z #7 19.09 Unpacking python3-pygments (2.11.2+dfsg-2ubuntu0.1) ...
coverage	Generate Coverage in Docker	2026-02-02T16:51:09.1597724Z #7 19.16 Selecting previously unselected package cppcheck.
coverage	Generate Coverage in Docker	2026-02-02T16:51:09.2597039Z #7 19.16 Preparing to unpack .../102-cppcheck_2.7-1_amd64.deb ...
coverage	Generate Coverage in Docker	2026-02-02T16:51:09.2597689Z #7 19.17 Unpacking cppcheck (2.7-1) ...
coverage	Generate Coverage in Docker	2026-02-02T16:51:09.2598175Z #7 19.22 Selecting previously unselected package curl.
coverage	Generate Coverage in Docker	2026-02-02T16:51:09.2598794Z #7 19.23 Preparing to unpack .../103-curl_7.81.0-1ubuntu1.21_amd64.deb ...
coverage	Generate Coverage in Docker	2026-02-02T16:51:09.2599375Z #7 19.23 Unpacking curl (7.81.0-1ubuntu1.21) ...
coverage	Generate Coverage in Docker	2026-02-02T16:51:09.2600004Z #7 19.24 Selecting previously unselected package libassuan0:amd64.
coverage	Generate Coverage in Docker	2026-02-02T16:51:09.2600597Z #7 19.25 Preparing to unpack .../104-libassuan0_2.5.5-1build1_amd64.deb ...
coverage	Generate Coverage in Docker	2026-02-02T16:51:09.2601102Z #7 19.25 Unpacking libassuan0:amd64 (2.5.5-1build1) ...
coverage	Generate Coverage in Docker	2026-02-02T16:51:09.2601451Z #7 19.26 Selecting previously unselected package gpgconf.
coverage	Generate Coverage in Docker	2026-02-02T16:51:09.2601841Z #7 19.26 Preparing to unpack .../105-gpgconf_2.2.27-3ubuntu2.5_amd64.deb ...
coverage	Generate Coverage in Docker	2026-02-02T16:51:09.2603203Z #7 19.26 Unpacking gpgconf (2.2.27-3ubuntu2.5) ...
coverage	Generate Coverage in Docker	2026-02-02T16:51:09.3657185Z #7 19.28 Selecting previously unselected package libksba8:amd64.
coverage	Generate Coverage in Docker	2026-02-02T16:51:09.3657949Z #7 19.28 Preparing to unpack .../106-libksba8_1.6.0-2ubuntu0.2_amd64.deb ...
coverage	Generate Coverage in Docker	2026-02-02T16:51:09.3658565Z #7 19.28 Unpacking libksba8:amd64 (1.6.0-2ubuntu0.2) ...
coverage	Generate Coverage in Docker	2026-02-02T16:51:09.3659101Z #7 19.30 Selecting previously unselected package libnpth0:amd64.
coverage	Generate Coverage in Docker	2026-02-02T16:51:09.3659708Z #7 19.30 Preparing to unpack .../107-libnpth0_1.6-3build2_amd64.deb ...
coverage	Generate Coverage in Docker	2026-02-02T16:51:09.3660697Z #7 19.30 Unpacking libnpth0:amd64 (1.6-3build2) ...
coverage	Generate Coverage in Docker	2026-02-02T16:51:09.3661281Z #7 19.32 Selecting previously unselected package dirmngr.
coverage	Generate Coverage in Docker	2026-02-02T16:51:09.3661863Z #7 19.32 Preparing to unpack .../108-dirmngr_2.2.27-3ubuntu2.5_amd64.deb ...
coverage	Generate Coverage in Docker	2026-02-02T16:51:09.3662533Z #7 19.33 Unpacking dirmngr (2.2.27-3ubuntu2.5) ...
coverage	Generate Coverage in Docker	2026-02-02T16:51:09.3662917Z #7 19.35 Selecting previously unselected package libfakeroot:amd64.
coverage	Generate Coverage in Docker	2026-02-02T16:51:09.3663481Z #7 19.35 Preparing to unpack .../109-libfakeroot_1.28-1ubuntu1_amd64.deb ...
coverage	Generate Coverage in Docker	2026-02-02T16:51:09.3663893Z #7 19.35 Unpacking libfakeroot:amd64 (1.28-1ubuntu1) ...
coverage	Generate Coverage in Docker	2026-02-02T16:51:09.3664324Z #7 19.37 Selecting previously unselected package fakeroot.
coverage	Generate Coverage in Docker	2026-02-02T16:51:09.4713321Z #7 19.37 Preparing to unpack .../110-fakeroot_1.28-1ubuntu1_amd64.deb ...
coverage	Generate Coverage in Docker	2026-02-02T16:51:09.4714031Z #7 19.37 Unpacking fakeroot (1.28-1ubuntu1) ...
coverage	Generate Coverage in Docker	2026-02-02T16:51:09.4714673Z #7 19.39 Selecting previously unselected package fonts-dejavu-core.
coverage	Generate Coverage in Docker	2026-02-02T16:51:09.4715426Z #7 19.39 Preparing to unpack .../111-fonts-dejavu-core_2.37-2build1_all.deb ...
coverage	Generate Coverage in Docker	2026-02-02T16:51:09.4715955Z #7 19.39 Unpacking fonts-dejavu-core (2.37-2build1) ...
coverage	Generate Coverage in Docker	2026-02-02T16:51:09.4716370Z #7 19.47 Selecting previously unselected package fontconfig-config.
coverage	Generate Coverage in Docker	2026-02-02T16:51:09.6901054Z #7 19.48 Preparing to unpack .../112-fontconfig-config_2.13.1-4.2ubuntu5_all.deb ...
coverage	Generate Coverage in Docker	2026-02-02T16:51:09.6901914Z #7 19.48 Unpacking fontconfig-config (2.13.1-4.2ubuntu5) ...
coverage	Generate Coverage in Docker	2026-02-02T16:51:09.6902823Z #7 19.50 Selecting previously unselected package libcurl3-gnutls:amd64.
coverage	Generate Coverage in Docker	2026-02-02T16:51:09.6903638Z #7 19.50 Preparing to unpack .../113-libcurl3-gnutls_7.81.0-1ubuntu1.21_amd64.deb ...
coverage	Generate Coverage in Docker	2026-02-02T16:51:09.6904304Z #7 19.50 Unpacking libcurl3-gnutls:amd64 (7.81.0-1ubuntu1.21) ...
coverage	Generate Coverage in Docker	2026-02-02T16:51:09.6904757Z #7 19.52 Selecting previously unselected package liberror-perl.
coverage	Generate Coverage in Docker	2026-02-02T16:51:09.6905232Z #7 19.52 Preparing to unpack .../114-liberror-perl_0.17029-1_all.deb ...
coverage	Generate Coverage in Docker	2026-02-02T16:51:09.6905650Z #7 19.52 Unpacking liberror-perl (0.17029-1) ...
coverage	Generate Coverage in Docker	2026-02-02T16:51:09.6906009Z #7 19.54 Selecting previously unselected package git-man.
coverage	Generate Coverage in Docker	2026-02-02T16:51:09.6906455Z #7 19.54 Preparing to unpack .../115-git-man_1%3a2.34.1-1ubuntu1.15_all.deb ...
coverage	Generate Coverage in Docker	2026-02-02T16:51:09.6906878Z #7 19.54 Unpacking git-man (1:2.34.1-1ubuntu1.15) ...
coverage	Generate Coverage in Docker	2026-02-02T16:51:09.6907220Z #7 19.56 Selecting previously unselected package git.
coverage	Generate Coverage in Docker	2026-02-02T16:51:09.6907621Z #7 19.57 Preparing to unpack .../116-git_1%3a2.34.1-1ubuntu1.15_amd64.deb ...
coverage	Generate Coverage in Docker	2026-02-02T16:51:09.6908029Z #7 19.57 Unpacking git (1:2.34.1-1ubuntu1.15) ...
coverage	Generate Coverage in Docker	2026-02-02T16:51:09.6908377Z #7 19.69 Selecting previously unselected package gnupg-l10n.
coverage	Generate Coverage in Docker	2026-02-02T16:51:09.7942271Z #7 19.70 Preparing to unpack .../117-gnupg-l10n_2.2.27-3ubuntu2.5_all.deb ...
coverage	Generate Coverage in Docker	2026-02-02T16:51:09.7943453Z #7 19.70 Unpacking gnupg-l10n (2.2.27-3ubuntu2.5) ...
coverage	Generate Coverage in Docker	2026-02-02T16:51:09.7943875Z #7 19.72 Selecting previously unselected package gnupg-utils.
coverage	Generate Coverage in Docker	2026-02-02T16:51:09.7944486Z #7 19.72 Preparing to unpack .../118-gnupg-utils_2.2.27-3ubuntu2.5_amd64.deb ...
coverage	Generate Coverage in Docker	2026-02-02T16:51:09.7945053Z #7 19.72 Unpacking gnupg-utils (2.2.27-3ubuntu2.5) ...
coverage	Generate Coverage in Docker	2026-02-02T16:51:09.7945456Z #7 19.74 Selecting previously unselected package gpg.
coverage	Generate Coverage in Docker	2026-02-02T16:51:09.7945975Z #7 19.74 Preparing to unpack .../119-gpg_2.2.27-3ubuntu2.5_amd64.deb ...
coverage	Generate Coverage in Docker	2026-02-02T16:51:09.7946391Z #7 19.74 Unpacking gpg (2.2.27-3ubuntu2.5) ...
coverage	Generate Coverage in Docker	2026-02-02T16:51:09.7946877Z #7 19.76 Selecting previously unselected package pinentry-curses.
coverage	Generate Coverage in Docker	2026-02-02T16:51:09.7947742Z #7 19.76 Preparing to unpack .../120-pinentry-curses_1.1.1-1build2_amd64.deb ...
coverage	Generate Coverage in Docker	2026-02-02T16:51:09.7948299Z #7 19.76 Unpacking pinentry-curses (1.1.1-1build2) ...
coverage	Generate Coverage in Docker	2026-02-02T16:51:09.7948696Z #7 19.78 Selecting previously unselected package gpg-agent.
coverage	Generate Coverage in Docker	2026-02-02T16:51:09.7949257Z #7 19.78 Preparing to unpack .../121-gpg-agent_2.2.27-3ubuntu2.5_amd64.deb ...
coverage	Generate Coverage in Docker	2026-02-02T16:51:09.7949711Z #7 19.78 Unpacking gpg-agent (2.2.27-3ubuntu2.5) ...
coverage	Generate Coverage in Docker	2026-02-02T16:51:09.7950360Z #7 19.80 Selecting previously unselected package gpg-wks-client.
coverage	Generate Coverage in Docker	2026-02-02T16:51:09.8943105Z #7 19.80 Preparing to unpack .../122-gpg-wks-client_2.2.27-3ubuntu2.5_amd64.deb ...
coverage	Generate Coverage in Docker	2026-02-02T16:51:09.8943696Z #7 19.80 Unpacking gpg-wks-client (2.2.27-3ubuntu2.5) ...
coverage	Generate Coverage in Docker	2026-02-02T16:51:09.8944115Z #7 19.81 Selecting previously unselected package gpg-wks-server.
coverage	Generate Coverage in Docker	2026-02-02T16:51:09.8944610Z #7 19.82 Preparing to unpack .../123-gpg-wks-server_2.2.27-3ubuntu2.5_amd64.deb ...
coverage	Generate Coverage in Docker	2026-02-02T16:51:09.8945075Z #7 19.82 Unpacking gpg-wks-server (2.2.27-3ubuntu2.5) ...
coverage	Generate Coverage in Docker	2026-02-02T16:51:09.8945476Z #7 19.83 Selecting previously unselected package gpgsm.
coverage	Generate Coverage in Docker	2026-02-02T16:51:09.8945883Z #7 19.83 Preparing to unpack .../124-gpgsm_2.2.27-3ubuntu2.5_amd64.deb ...
coverage	Generate Coverage in Docker	2026-02-02T16:51:09.8946285Z #7 19.83 Unpacking gpgsm (2.2.27-3ubuntu2.5) ...
coverage	Generate Coverage in Docker	2026-02-02T16:51:09.8946623Z #7 19.85 Selecting previously unselected package gnupg.
coverage	Generate Coverage in Docker	2026-02-02T16:51:09.8947027Z #7 19.85 Preparing to unpack .../125-gnupg_2.2.27-3ubuntu2.5_all.deb ...
coverage	Generate Coverage in Docker	2026-02-02T16:51:09.8947426Z #7 19.85 Unpacking gnupg (2.2.27-3ubuntu2.5) ...
coverage	Generate Coverage in Docker	2026-02-02T16:51:09.8947786Z #7 19.87 Selecting previously unselected package javascript-common.
coverage	Generate Coverage in Docker	2026-02-02T16:51:09.8948221Z #7 19.87 Preparing to unpack .../126-javascript-common_11+nmu1_all.deb ...
coverage	Generate Coverage in Docker	2026-02-02T16:51:09.8948600Z #7 19.88 Unpacking javascript-common (11+nmu1) ...
coverage	Generate Coverage in Docker	2026-02-02T16:51:09.8948954Z #7 19.89 Selecting previously unselected package libjson-perl.
coverage	Generate Coverage in Docker	2026-02-02T16:51:09.8949359Z #7 19.90 Preparing to unpack .../127-libjson-perl_4.04000-1_all.deb ...
coverage	Generate Coverage in Docker	2026-02-02T16:51:09.8949729Z #7 19.90 Unpacking libjson-perl (4.04000-1) ...
coverage	Generate Coverage in Docker	2026-02-02T16:51:09.9988295Z #7 19.91 Selecting previously unselected package libperlio-gzip-perl.
coverage	Generate Coverage in Docker	2026-02-02T16:51:09.9989153Z #7 19.92 Preparing to unpack .../128-libperlio-gzip-perl_0.19-1build8_amd64.deb ...
coverage	Generate Coverage in Docker	2026-02-02T16:51:09.9989825Z #7 19.92 Unpacking libperlio-gzip-perl (0.19-1build8) ...
coverage	Generate Coverage in Docker	2026-02-02T16:51:09.9990377Z #7 19.93 Selecting previously unselected package lcov.
coverage	Generate Coverage in Docker	2026-02-02T16:51:09.9990914Z #7 19.93 Preparing to unpack .../129-lcov_1.15-1_all.deb ...
coverage	Generate Coverage in Docker	2026-02-02T16:51:09.9991367Z #7 19.93 Unpacking lcov (1.15-1) ...
coverage	Generate Coverage in Docker	2026-02-02T16:51:09.9991881Z #7 19.95 Selecting previously unselected package libalgorithm-diff-perl.
coverage	Generate Coverage in Docker	2026-02-02T16:51:09.9992778Z #7 19.95 Preparing to unpack .../130-libalgorithm-diff-perl_1.201-1_all.deb ...
coverage	Generate Coverage in Docker	2026-02-02T16:51:09.9993395Z #7 19.95 Unpacking libalgorithm-diff-perl (1.201-1) ...
coverage	Generate Coverage in Docker	2026-02-02T16:51:09.9994001Z #7 19.97 Selecting previously unselected package libalgorithm-diff-xs-perl.
coverage	Generate Coverage in Docker	2026-02-02T16:51:09.9994758Z #7 19.97 Preparing to unpack .../131-libalgorithm-diff-xs-perl_0.04-6build3_amd64.deb ...
coverage	Generate Coverage in Docker	2026-02-02T16:51:09.9995419Z #7 19.97 Unpacking libalgorithm-diff-xs-perl (0.04-6build3) ...
coverage	Generate Coverage in Docker	2026-02-02T16:51:09.9996018Z #7 19.98 Selecting previously unselected package libalgorithm-merge-perl.
coverage	Generate Coverage in Docker	2026-02-02T16:51:09.9996661Z #7 19.99 Preparing to unpack .../132-libalgorithm-merge-perl_0.08-3_all.deb ...
coverage	Generate Coverage in Docker	2026-02-02T16:51:09.9997226Z #7 19.99 Unpacking libalgorithm-merge-perl (0.08-3) ...
coverage	Generate Coverage in Docker	2026-02-02T16:51:09.9997761Z #7 20.00 Selecting previously unselected package libfreetype6:amd64.
coverage	Generate Coverage in Docker	2026-02-02T16:51:10.1103145Z #7 20.00 Preparing to unpack .../133-libfreetype6_2.11.1+dfsg-1ubuntu0.3_amd64.deb ...
coverage	Generate Coverage in Docker	2026-02-02T16:51:10.1104108Z #7 20.01 Unpacking libfreetype6:amd64 (2.11.1+dfsg-1ubuntu0.3) ...
coverage	Generate Coverage in Docker	2026-02-02T16:51:10.1104877Z #7 20.02 Selecting previously unselected package libfontconfig1:amd64.
coverage	Generate Coverage in Docker	2026-02-02T16:51:10.1105767Z #7 20.02 Preparing to unpack .../134-libfontconfig1_2.13.1-4.2ubuntu5_amd64.deb ...
coverage	Generate Coverage in Docker	2026-02-02T16:51:10.1106646Z #7 20.03 Unpacking libfontconfig1:amd64 (2.13.1-4.2ubuntu5) ...
coverage	Generate Coverage in Docker	2026-02-02T16:51:10.1107131Z #7 20.04 Selecting previously unselected package libjpeg-turbo8:amd64.
coverage	Generate Coverage in Docker	2026-02-02T16:51:10.1107670Z #7 20.04 Preparing to unpack .../135-libjpeg-turbo8_2.1.2-0ubuntu1_amd64.deb ...
coverage	Generate Coverage in Docker	2026-02-02T16:51:10.1108152Z #7 20.04 Unpacking libjpeg-turbo8:amd64 (2.1.2-0ubuntu1) ...
coverage	Generate Coverage in Docker	2026-02-02T16:51:10.1108590Z #7 20.06 Selecting previously unselected package libjpeg8:amd64.
coverage	Generate Coverage in Docker	2026-02-02T16:51:10.1109212Z #7 20.06 Preparing to unpack .../136-libjpeg8_8c-2ubuntu10_amd64.deb ...
coverage	Generate Coverage in Docker	2026-02-02T16:51:10.1109643Z #7 20.06 Unpacking libjpeg8:amd64 (8c-2ubuntu10) ...
coverage	Generate Coverage in Docker	2026-02-02T16:51:10.1110069Z #7 20.08 Selecting previously unselected package libdeflate0:amd64.
coverage	Generate Coverage in Docker	2026-02-02T16:51:10.1110536Z #7 20.08 Preparing to unpack .../137-libdeflate0_1.10-2_amd64.deb ...
coverage	Generate Coverage in Docker	2026-02-02T16:51:10.1110953Z #7 20.08 Unpacking libdeflate0:amd64 (1.10-2) ...
coverage	Generate Coverage in Docker	2026-02-02T16:51:10.1111343Z #7 20.10 Selecting previously unselected package libjbig0:amd64.
coverage	Generate Coverage in Docker	2026-02-02T16:51:10.1111810Z #7 20.10 Preparing to unpack .../138-libjbig0_2.1-3.1ubuntu0.22.04.1_amd64.deb ...
coverage	Generate Coverage in Docker	2026-02-02T16:51:10.1112244Z #7 20.10 Unpacking libjbig0:amd64 (2.1-3.1ubuntu0.22.04.1) ...
coverage	Generate Coverage in Docker	2026-02-02T16:51:10.1112818Z #7 20.11 Selecting previously unselected package libwebp7:amd64.
coverage	Generate Coverage in Docker	2026-02-02T16:51:10.2228378Z #7 20.12 Preparing to unpack .../139-libwebp7_1.2.2-2ubuntu0.22.04.2_amd64.deb ...
coverage	Generate Coverage in Docker	2026-02-02T16:51:10.2229212Z #7 20.12 Unpacking libwebp7:amd64 (1.2.2-2ubuntu0.22.04.2) ...
coverage	Generate Coverage in Docker	2026-02-02T16:51:10.2229863Z #7 20.13 Selecting previously unselected package libtiff5:amd64.
coverage	Generate Coverage in Docker	2026-02-02T16:51:10.2230542Z #7 20.14 Preparing to unpack .../140-libtiff5_4.3.0-6ubuntu0.12_amd64.deb ...
coverage	Generate Coverage in Docker	2026-02-02T16:51:10.2231186Z #7 20.14 Unpacking libtiff5:amd64 (4.3.0-6ubuntu0.12) ...
coverage	Generate Coverage in Docker	2026-02-02T16:51:10.2231767Z #7 20.15 Selecting previously unselected package libxpm4:amd64.
coverage	Generate Coverage in Docker	2026-02-02T16:51:10.2232256Z #7 20.15 Preparing to unpack .../141-libxpm4_1%3a3.5.12-1ubuntu0.22.04.2_amd64.deb ...
coverage	Generate Coverage in Docker	2026-02-02T16:51:10.2232935Z #7 20.16 Unpacking libxpm4:amd64 (1:3.5.12-1ubuntu0.22.04.2) ...
coverage	Generate Coverage in Docker	2026-02-02T16:51:10.2233345Z #7 20.17 Selecting previously unselected package libgd3:amd64.
coverage	Generate Coverage in Docker	2026-02-02T16:51:10.2233777Z #7 20.17 Preparing to unpack .../142-libgd3_2.3.0-2ubuntu2.3_amd64.deb ...
coverage	Generate Coverage in Docker	2026-02-02T16:51:10.2234179Z #7 20.18 Unpacking libgd3:amd64 (2.3.0-2ubuntu2.3) ...
coverage	Generate Coverage in Docker	2026-02-02T16:51:10.2234555Z #7 20.19 Selecting previously unselected package libc-devtools.
coverage	Generate Coverage in Docker	2026-02-02T16:51:10.2235019Z #7 20.19 Preparing to unpack .../143-libc-devtools_2.35-0ubuntu3.12_amd64.deb ...
coverage	Generate Coverage in Docker	2026-02-02T16:51:10.2235551Z #7 20.19 Unpacking libc-devtools (2.35-0ubuntu3.12) ...
coverage	Generate Coverage in Docker	2026-02-02T16:51:10.2254832Z #7 20.21 Selecting previously unselected package libcommon-sense-perl:amd64.
coverage	Generate Coverage in Docker	2026-02-02T16:51:10.2255385Z #7 20.21 Preparing to unpack .../144-libcommon-sense-perl_3.75-2build1_amd64.deb ...
coverage	Generate Coverage in Docker	2026-02-02T16:51:10.2255837Z #7 20.21 Unpacking libcommon-sense-perl:amd64 (3.75-2build1) ...
coverage	Generate Coverage in Docker	2026-02-02T16:51:10.2256258Z #7 20.23 Selecting previously unselected package libexpat1-dev:amd64.
coverage	Generate Coverage in Docker	2026-02-02T16:51:10.3276302Z #7 20.23 Preparing to unpack .../145-libexpat1-dev_2.4.7-1ubuntu0.6_amd64.deb ...
coverage	Generate Coverage in Docker	2026-02-02T16:51:10.3277100Z #7 20.23 Unpacking libexpat1-dev:amd64 (2.4.7-1ubuntu0.6) ...
coverage	Generate Coverage in Docker	2026-02-02T16:51:10.3277789Z #7 20.25 Selecting previously unselected package libfile-fcntllock-perl.
coverage	Generate Coverage in Docker	2026-02-02T16:51:10.3278575Z #7 20.25 Preparing to unpack .../146-libfile-fcntllock-perl_0.22-3build7_amd64.deb ...
coverage	Generate Coverage in Docker	2026-02-02T16:51:10.3279339Z #7 20.25 Unpacking libfile-fcntllock-perl (0.22-3build7) ...
coverage	Generate Coverage in Docker	2026-02-02T16:51:10.3279931Z #7 20.27 Selecting previously unselected package libjs-jquery.
coverage	Generate Coverage in Docker	2026-02-02T16:51:10.3280592Z #7 20.27 Preparing to unpack .../147-libjs-jquery_3.6.0+dfsg+~3.5.13-1_all.deb ...
coverage	Generate Coverage in Docker	2026-02-02T16:51:10.3281225Z #7 20.28 Unpacking libjs-jquery (3.6.0+dfsg+~3.5.13-1) ...
coverage	Generate Coverage in Docker	2026-02-02T16:51:10.3281804Z #7 20.29 Selecting previously unselected package libjs-underscore.
coverage	Generate Coverage in Docker	2026-02-02T16:51:10.3282636Z #7 20.30 Preparing to unpack .../148-libjs-underscore_1.13.2~dfsg-2_all.deb ...
coverage	Generate Coverage in Docker	2026-02-02T16:51:10.3283510Z #7 20.30 Unpacking libjs-underscore (1.13.2~dfsg-2) ...
coverage	Generate Coverage in Docker	2026-02-02T16:51:10.3284050Z #7 20.31 Selecting previously unselected package libjs-sphinxdoc.
coverage	Generate Coverage in Docker	2026-02-02T16:51:10.3284648Z #7 20.31 Preparing to unpack .../149-libjs-sphinxdoc_4.3.2-1_all.deb ...
coverage	Generate Coverage in Docker	2026-02-02T16:51:10.3285163Z #7 20.32 Unpacking libjs-sphinxdoc (4.3.2-1) ...
coverage	Generate Coverage in Docker	2026-02-02T16:51:10.3285718Z #7 20.33 Selecting previously unselected package libtypes-serialiser-perl.
coverage	Generate Coverage in Docker	2026-02-02T16:51:10.4386460Z #7 20.33 Preparing to unpack .../150-libtypes-serialiser-perl_1.01-1_all.deb ...
coverage	Generate Coverage in Docker	2026-02-02T16:51:10.4387286Z #7 20.33 Unpacking libtypes-serialiser-perl (1.01-1) ...
coverage	Generate Coverage in Docker	2026-02-02T16:51:10.4387709Z #7 20.35 Selecting previously unselected package libjson-xs-perl.
coverage	Generate Coverage in Docker	2026-02-02T16:51:10.4388184Z #7 20.35 Preparing to unpack .../151-libjson-xs-perl_4.040-0ubuntu0.22.04.1_amd64.deb ...
coverage	Generate Coverage in Docker	2026-02-02T16:51:10.4388651Z #7 20.35 Unpacking libjson-xs-perl (4.040-0ubuntu0.22.04.1) ...
coverage	Generate Coverage in Docker	2026-02-02T16:51:10.4389050Z #7 20.37 Selecting previously unselected package libldap-common.
coverage	Generate Coverage in Docker	2026-02-02T16:51:10.4389520Z #7 20.37 Preparing to unpack .../152-libldap-common_2.5.19+dfsg-0ubuntu0.22.04.1_all.deb ...
coverage	Generate Coverage in Docker	2026-02-02T16:51:10.4389993Z #7 20.37 Unpacking libldap-common (2.5.19+dfsg-0ubuntu0.22.04.1) ...
coverage	Generate Coverage in Docker	2026-02-02T16:51:10.4390402Z #7 20.38 Selecting previously unselected package libpython3.10:amd64.
coverage	Generate Coverage in Docker	2026-02-02T16:51:10.4390837Z #7 20.39 Preparing to unpack .../153-libpython3.10_3.10.12-1~22.04.13_amd64.deb ...
coverage	Generate Coverage in Docker	2026-02-02T16:51:10.4391253Z #7 20.39 Unpacking libpython3.10:amd64 (3.10.12-1~22.04.13) ...
coverage	Generate Coverage in Docker	2026-02-02T16:51:10.4391622Z #7 20.42 Selecting previously unselected package zlib1g-dev:amd64.
coverage	Generate Coverage in Docker	2026-02-02T16:51:10.4392064Z #7 20.43 Preparing to unpack .../154-zlib1g-dev_1%3a1.2.11.dfsg-2ubuntu9.2_amd64.deb ...
coverage	Generate Coverage in Docker	2026-02-02T16:51:10.4392798Z #7 20.43 Unpacking zlib1g-dev:amd64 (1:1.2.11.dfsg-2ubuntu9.2) ...
coverage	Generate Coverage in Docker	2026-02-02T16:51:10.4393223Z #7 20.44 Selecting previously unselected package libpython3.10-dev:amd64.
coverage	Generate Coverage in Docker	2026-02-02T16:51:10.5554097Z #7 20.44 Preparing to unpack .../155-libpython3.10-dev_3.10.12-1~22.04.13_amd64.deb ...
coverage	Generate Coverage in Docker	2026-02-02T16:51:10.5554937Z #7 20.44 Unpacking libpython3.10-dev:amd64 (3.10.12-1~22.04.13) ...
coverage	Generate Coverage in Docker	2026-02-02T16:51:10.5555609Z #7 20.56 Selecting previously unselected package libpython3-dev:amd64.
coverage	Generate Coverage in Docker	2026-02-02T16:51:10.7493383Z #7 20.56 Preparing to unpack .../156-libpython3-dev_3.10.6-1~22.04.1_amd64.deb ...
coverage	Generate Coverage in Docker	2026-02-02T16:51:10.7494036Z #7 20.56 Unpacking libpython3-dev:amd64 (3.10.6-1~22.04.1) ...
coverage	Generate Coverage in Docker	2026-02-02T16:51:10.7494613Z #7 20.58 Selecting previously unselected package libsasl2-modules:amd64.
coverage	Generate Coverage in Docker	2026-02-02T16:51:10.7495264Z #7 20.58 Preparing to unpack .../157-libsasl2-modules_2.1.27+dfsg2-3ubuntu1.2_amd64.deb ...
coverage	Generate Coverage in Docker	2026-02-02T16:51:10.7495897Z #7 20.58 Unpacking libsasl2-modules:amd64 (2.1.27+dfsg2-3ubuntu1.2) ...
coverage	Generate Coverage in Docker	2026-02-02T16:51:10.7496412Z #7 20.60 Selecting previously unselected package manpages-dev.
coverage	Generate Coverage in Docker	2026-02-02T16:51:10.7496932Z #7 20.60 Preparing to unpack .../158-manpages-dev_5.10-1ubuntu1_all.deb ...
coverage	Generate Coverage in Docker	2026-02-02T16:51:10.7497432Z #7 20.60 Unpacking manpages-dev (5.10-1ubuntu1) ...
coverage	Generate Coverage in Docker	2026-02-02T16:51:10.8069363Z #7 20.81 Selecting previously unselected package pkg-config.
coverage	Generate Coverage in Docker	2026-02-02T16:51:10.9201107Z #7 20.81 Preparing to unpack .../159-pkg-config_0.29.2-1ubuntu3_amd64.deb ...
coverage	Generate Coverage in Docker	2026-02-02T16:51:10.9201810Z #7 20.81 Unpacking pkg-config (0.29.2-1ubuntu3) ...
coverage	Generate Coverage in Docker	2026-02-02T16:51:10.9202540Z #7 20.83 Selecting previously unselected package python3.10-dev.
coverage	Generate Coverage in Docker	2026-02-02T16:51:10.9203280Z #7 20.83 Preparing to unpack .../160-python3.10-dev_3.10.12-1~22.04.13_amd64.deb ...
coverage	Generate Coverage in Docker	2026-02-02T16:51:10.9203948Z #7 20.83 Unpacking python3.10-dev (3.10.12-1~22.04.13) ...
coverage	Generate Coverage in Docker	2026-02-02T16:51:10.9204520Z #7 20.85 Selecting previously unselected package python3-lib2to3.
coverage	Generate Coverage in Docker	2026-02-02T16:51:10.9205170Z #7 20.85 Preparing to unpack .../161-python3-lib2to3_3.10.8-1~22.04_all.deb ...
coverage	Generate Coverage in Docker	2026-02-02T16:51:10.9205781Z #7 20.85 Unpacking python3-lib2to3 (3.10.8-1~22.04) ...
coverage	Generate Coverage in Docker	2026-02-02T16:51:10.9206326Z #7 20.89 Selecting previously unselected package python3-distutils.
coverage	Generate Coverage in Docker	2026-02-02T16:51:10.9207282Z #7 20.89 Preparing to unpack .../162-python3-distutils_3.10.8-1~22.04_all.deb ...
coverage	Generate Coverage in Docker	2026-02-02T16:51:10.9207874Z #7 20.89 Unpacking python3-distutils (3.10.8-1~22.04) ...
coverage	Generate Coverage in Docker	2026-02-02T16:51:10.9208386Z #7 20.92 Selecting previously unselected package python3-dev.
coverage	Generate Coverage in Docker	2026-02-02T16:51:11.1370359Z #7 20.93 Preparing to unpack .../163-python3-dev_3.10.6-1~22.04.1_amd64.deb ...
coverage	Generate Coverage in Docker	2026-02-02T16:51:11.1370916Z #7 20.93 Unpacking python3-dev (3.10.6-1~22.04.1) ...
coverage	Generate Coverage in Docker	2026-02-02T16:51:11.1371599Z #7 20.94 Selecting previously unselected package python3-setuptools.
coverage	Generate Coverage in Docker	2026-02-02T16:51:11.1372136Z #7 20.94 Preparing to unpack .../164-python3-setuptools_59.6.0-1.2ubuntu0.22.04.3_all.deb ...
coverage	Generate Coverage in Docker	2026-02-02T16:51:11.1372913Z #7 20.94 Unpacking python3-setuptools (59.6.0-1.2ubuntu0.22.04.3) ...
coverage	Generate Coverage in Docker	2026-02-02T16:51:11.1373349Z #7 20.98 Selecting previously unselected package python3-wheel.
coverage	Generate Coverage in Docker	2026-02-02T16:51:11.1373805Z #7 20.99 Preparing to unpack .../165-python3-wheel_0.37.1-2ubuntu0.22.04.1_all.deb ...
coverage	Generate Coverage in Docker	2026-02-02T16:51:11.1374268Z #7 20.99 Unpacking python3-wheel (0.37.1-2ubuntu0.22.04.1) ...
coverage	Generate Coverage in Docker	2026-02-02T16:51:11.1374641Z #7 21.01 Selecting previously unselected package python3-pip.
coverage	Generate Coverage in Docker	2026-02-02T16:51:11.1375081Z #7 21.01 Preparing to unpack .../166-python3-pip_22.0.2+dfsg-1ubuntu0.7_all.deb ...
coverage	Generate Coverage in Docker	2026-02-02T16:51:11.1375517Z #7 21.01 Unpacking python3-pip (22.0.2+dfsg-1ubuntu0.7) ...
coverage	Generate Coverage in Docker	2026-02-02T16:51:11.1375872Z #7 21.14 Selecting previously unselected package cmocka-doc.
coverage	Generate Coverage in Docker	2026-02-02T16:51:11.2434758Z #7 21.14 Preparing to unpack .../167-cmocka-doc_1.1.5-2_all.deb ...
coverage	Generate Coverage in Docker	2026-02-02T16:51:11.2435493Z #7 21.15 Unpacking cmocka-doc (1.1.5-2) ...
coverage	Generate Coverage in Docker	2026-02-02T16:51:11.2435931Z #7 21.18 Selecting previously unselected package libcmocka0:amd64.
coverage	Generate Coverage in Docker	2026-02-02T16:51:11.2436393Z #7 21.18 Preparing to unpack .../168-libcmocka0_1.1.5-2_amd64.deb ...
coverage	Generate Coverage in Docker	2026-02-02T16:51:11.2436902Z #7 21.19 Unpacking libcmocka0:amd64 (1.1.5-2) ...
coverage	Generate Coverage in Docker	2026-02-02T16:51:11.2437384Z #7 21.20 Selecting previously unselected package libcmocka-dev:amd64.
coverage	Generate Coverage in Docker	2026-02-02T16:51:11.2438022Z #7 21.20 Preparing to unpack .../169-libcmocka-dev_1.1.5-2_amd64.deb ...
coverage	Generate Coverage in Docker	2026-02-02T16:51:11.2438436Z #7 21.20 Unpacking libcmocka-dev:amd64 (1.1.5-2) ...
coverage	Generate Coverage in Docker	2026-02-02T16:51:11.2438813Z #7 21.22 Selecting previously unselected package libgd-perl.
coverage	Generate Coverage in Docker	2026-02-02T16:51:11.2439257Z #7 21.22 Preparing to unpack .../170-libgd-perl_2.76-2build1_amd64.deb ...
coverage	Generate Coverage in Docker	2026-02-02T16:51:11.2439661Z #7 21.22 Unpacking libgd-perl (2.76-2build1) ...
coverage	Generate Coverage in Docker	2026-02-02T16:51:11.2440034Z #7 21.25 Setting up libksba8:amd64 (1.6.0-2ubuntu0.2) ...
coverage	Generate Coverage in Docker	2026-02-02T16:51:11.3445368Z #7 21.25 Setting up media-types (7.0.0) ...
coverage	Generate Coverage in Docker	2026-02-02T16:51:11.3446029Z #7 21.25 Setting up javascript-common (11+nmu1) ...
coverage	Generate Coverage in Docker	2026-02-02T16:51:11.3446639Z #7 21.27 Setting up gcc-11-base:amd64 (11.4.0-1ubuntu1~22.04.2) ...
coverage	Generate Coverage in Docker	2026-02-02T16:51:11.3447272Z #7 21.27 Setting up libxau6:amd64 (1:1.0.9-1build5) ...
coverage	Generate Coverage in Docker	2026-02-02T16:51:11.3447854Z #7 21.28 Setting up lto-disabled-list (24) ...
coverage	Generate Coverage in Docker	2026-02-02T16:51:11.3448264Z #7 21.28 Setting up libpsl5:amd64 (0.21.0-1.2build2) ...
coverage	Generate Coverage in Docker	2026-02-02T16:51:11.3448660Z #7 21.28 Setting up wget (1.21.2-2ubuntu1.1) ...
coverage	Generate Coverage in Docker	2026-02-02T16:51:11.3449139Z #7 21.28 Setting up xdg-user-dirs (0.17-2ubuntu4) ...
coverage	Generate Coverage in Docker	2026-02-02T16:51:11.3449533Z #7 21.29 Setting up libglib2.0-0:amd64 (2.72.4-0ubuntu2.8) ...
coverage	Generate Coverage in Docker	2026-02-02T16:51:11.3450006Z #7 21.30 No schema files found: doing nothing.
coverage	Generate Coverage in Docker	2026-02-02T16:51:11.3450535Z #7 21.30 Setting up manpages (5.10-1ubuntu1) ...
coverage	Generate Coverage in Docker	2026-02-02T16:51:11.3451122Z #7 21.30 Setting up libcbor0.8:amd64 (0.8.0-2ubuntu1) ...
coverage	Generate Coverage in Docker	2026-02-02T16:51:11.3451819Z #7 21.31 Setting up libbrotli1:amd64 (1.0.9-2build6) ...
coverage	Generate Coverage in Docker	2026-02-02T16:51:11.3452641Z #7 21.31 Setting up libsqlite3-0:amd64 (3.37.2-2ubuntu0.5) ...
coverage	Generate Coverage in Docker	2026-02-02T16:51:11.3453289Z #7 21.31 Setting up libsasl2-modules:amd64 (2.1.27+dfsg2-3ubuntu1.2) ...
coverage	Generate Coverage in Docker	2026-02-02T16:51:11.3453871Z #7 21.32 Setting up binutils-common:amd64 (2.38-4ubuntu2.12) ...
coverage	Generate Coverage in Docker	2026-02-02T16:51:11.3454307Z #7 21.32 Setting up libnghttp2-14:amd64 (1.43.0-1ubuntu0.2) ...
coverage	Generate Coverage in Docker	2026-02-02T16:51:11.3457141Z #7 21.32 Setting up libdeflate0:amd64 (1.10-2) ...
coverage	Generate Coverage in Docker	2026-02-02T16:51:11.3457622Z #7 21.33 Setting up less (590-1ubuntu0.22.04.3) ...
coverage	Generate Coverage in Docker	2026-02-02T16:51:11.3457953Z #7 21.33 Setting up linux-libc-dev:amd64 (5.15.0-168.178) ...
coverage	Generate Coverage in Docker	2026-02-02T16:51:11.3458490Z #7 21.34 Setting up libctf-nobfd0:amd64 (2.38-4ubuntu2.12) ...
coverage	Generate Coverage in Docker	2026-02-02T16:51:11.3459063Z #7 21.34 Setting up libnpth0:amd64 (1.6-3build2) ...
coverage	Generate Coverage in Docker	2026-02-02T16:51:11.3459611Z #7 21.34 Setting up libassuan0:amd64 (2.5.5-1build1) ...
coverage	Generate Coverage in Docker	2026-02-02T16:51:11.3460461Z #7 21.35 Setting up libgomp1:amd64 (12.3.0-1ubuntu1~22.04.2) ...
coverage	Generate Coverage in Docker	2026-02-02T16:51:11.3460884Z #7 21.35 Setting up perl-modules-5.34 (5.34.0-3ubuntu1.5) ...
coverage	Generate Coverage in Docker	2026-02-02T16:51:11.4471564Z #7 21.35 Setting up bzip2 (1.0.8-5build1) ...
coverage	Generate Coverage in Docker	2026-02-02T16:51:11.4472672Z #7 21.35 Setting up libldap-common (2.5.19+dfsg-0ubuntu0.22.04.1) ...
coverage	Generate Coverage in Docker	2026-02-02T16:51:11.4473182Z #7 21.36 Setting up libjbig0:amd64 (2.1-3.1ubuntu0.22.04.1) ...
coverage	Generate Coverage in Docker	2026-02-02T16:51:11.4473688Z #7 21.36 Setting up libfakeroot:amd64 (1.28-1ubuntu1) ...
coverage	Generate Coverage in Docker	2026-02-02T16:51:11.4474080Z #7 21.37 Setting up libasan6:amd64 (11.4.0-1ubuntu1~22.04.2) ...
coverage	Generate Coverage in Docker	2026-02-02T16:51:11.4474510Z #7 21.37 Setting up libcmocka0:amd64 (1.1.5-2) ...
coverage	Generate Coverage in Docker	2026-02-02T16:51:11.4475129Z #7 21.37 Setting up libsasl2-modules-db:amd64 (2.1.27+dfsg2-3ubuntu1.2) ...
coverage	Generate Coverage in Docker	2026-02-02T16:51:11.4475774Z #7 21.37 Setting up fakeroot (1.28-1ubuntu1) ...
coverage	Generate Coverage in Docker	2026-02-02T16:51:11.4476288Z #7 21.38 update-alternatives: using /usr/bin/fakeroot-sysv to provide /usr/bin/fakeroot (fakeroot) in auto mode
coverage	Generate Coverage in Docker	2026-02-02T16:51:11.4477292Z #7 21.38 update-alternatives: warning: skip creation of /usr/share/man/man1/fakeroot.1.gz because associated file /usr/share/man/man1/fakeroot-sysv.1.gz (of link group fakeroot) doesn't exist
coverage	Generate Coverage in Docker	2026-02-02T16:51:11.4478514Z #7 21.38 update-alternatives: warning: skip creation of /usr/share/man/man1/faked.1.gz because associated file /usr/share/man/man1/faked-sysv.1.gz (of link group fakeroot) doesn't exist
coverage	Generate Coverage in Docker	2026-02-02T16:51:11.4480166Z #7 21.38 update-alternatives: warning: skip creation of /usr/share/man/es/man1/fakeroot.1.gz because associated file /usr/share/man/es/man1/fakeroot-sysv.1.gz (of link group fakeroot) doesn't exist
coverage	Generate Coverage in Docker	2026-02-02T16:51:11.4482041Z #7 21.38 update-alternatives: warning: skip creation of /usr/share/man/es/man1/faked.1.gz because associated file /usr/share/man/es/man1/faked-sysv.1.gz (of link group fakeroot) doesn't exist
coverage	Generate Coverage in Docker	2026-02-02T16:51:11.4483716Z #7 21.38 update-alternatives: warning: skip creation of /usr/share/man/fr/man1/fakeroot.1.gz because associated file /usr/share/man/fr/man1/fakeroot-sysv.1.gz (of link group fakeroot) doesn't exist
coverage	Generate Coverage in Docker	2026-02-02T16:51:11.4484932Z #7 21.38 update-alternatives: warning: skip creation of /usr/share/man/fr/man1/faked.1.gz because associated file /usr/share/man/fr/man1/faked-sysv.1.gz (of link group fakeroot) doesn't exist
coverage	Generate Coverage in Docker	2026-02-02T16:51:11.4486263Z #7 21.38 update-alternatives: warning: skip creation of /usr/share/man/sv/man1/fakeroot.1.gz because associated file /usr/share/man/sv/man1/fakeroot-sysv.1.gz (of link group fakeroot) doesn't exist
coverage	Generate Coverage in Docker	2026-02-02T16:51:11.4488074Z #7 21.38 update-alternatives: warning: skip creation of /usr/share/man/sv/man1/faked.1.gz because associated file /usr/share/man/sv/man1/faked-sysv.1.gz (of link group fakeroot) doesn't exist
coverage	Generate Coverage in Docker	2026-02-02T16:51:11.4488826Z #7 21.38 Setting up libz3-4:amd64 (4.8.12-1) ...
coverage	Generate Coverage in Docker	2026-02-02T16:51:11.4489260Z #7 21.38 Setting up libglib2.0-data (2.72.4-0ubuntu2.8) ...
coverage	Generate Coverage in Docker	2026-02-02T16:51:11.4489682Z #7 21.39 Setting up libtirpc-dev:amd64 (1.3.2-2ubuntu0.1) ...
coverage	Generate Coverage in Docker	2026-02-02T16:51:11.4490215Z #7 21.39 Setting up libuv1:amd64 (1.43.0-1ubuntu0.1) ...
coverage	Generate Coverage in Docker	2026-02-02T16:51:11.4490762Z #7 21.39 Setting up rpcsvc-proto (1.4.2-0ubuntu6) ...
coverage	Generate Coverage in Docker	2026-02-02T16:51:11.4491296Z #7 21.39 Setting up emacsen-common (3.0.4) ...
coverage	Generate Coverage in Docker	2026-02-02T16:51:11.4491837Z #7 21.42 Setting up libx11-data (2:1.7.5-1ubuntu0.3) ...
coverage	Generate Coverage in Docker	2026-02-02T16:51:11.4492188Z #7 21.42 Setting up make (4.3-4.1build1) ...
coverage	Generate Coverage in Docker	2026-02-02T16:51:11.4492688Z #7 21.43 Setting up libmpfr6:amd64 (4.1.0-3build3) ...
coverage	Generate Coverage in Docker	2026-02-02T16:51:11.4492985Z #7 21.43 Setting up gnupg-l10n (2.2.27-3ubuntu2.5) ...
coverage	Generate Coverage in Docker	2026-02-02T16:51:11.4493565Z #7 21.43 Setting up librtmp1:amd64 (2.4+20151223.gitfa8646d.1-2build4) ...
coverage	Generate Coverage in Docker	2026-02-02T16:51:11.4494076Z #7 21.44 Setting up dh-elpa-helper (2.0.9ubuntu1) ...
coverage	Generate Coverage in Docker	2026-02-02T16:51:11.4494623Z #7 21.44 Setting up xz-utils (5.2.5-2ubuntu1) ...
coverage	Generate Coverage in Docker	2026-02-02T16:51:11.4495037Z #7 21.44 update-alternatives: using /usr/bin/xz to provide /usr/bin/lzma (lzma) in auto mode
coverage	Generate Coverage in Docker	2026-02-02T16:51:11.4495977Z #7 21.44 update-alternatives: warning: skip creation of /usr/share/man/man1/lzma.1.gz because associated file /usr/share/man/man1/xz.1.gz (of link group lzma) doesn't exist
coverage	Generate Coverage in Docker	2026-02-02T16:51:11.4497856Z #7 21.44 update-alternatives: warning: skip creation of /usr/share/man/man1/unlzma.1.gz because associated file /usr/share/man/man1/unxz.1.gz (of link group lzma) doesn't exist
coverage	Generate Coverage in Docker	2026-02-02T16:51:11.4499133Z #7 21.44 update-alternatives: warning: skip creation of /usr/share/man/man1/lzcat.1.gz because associated file /usr/share/man/man1/xzcat.1.gz (of link group lzma) doesn't exist
coverage	Generate Coverage in Docker	2026-02-02T16:51:11.4500719Z #7 21.44 update-alternatives: warning: skip creation of /usr/share/man/man1/lzmore.1.gz because associated file /usr/share/man/man1/xzmore.1.gz (of link group lzma) doesn't exist
coverage	Generate Coverage in Docker	2026-02-02T16:51:11.4502888Z #7 21.44 update-alternatives: warning: skip creation of /usr/share/man/man1/lzless.1.gz because associated file /usr/share/man/man1/xzless.1.gz (of link group lzma) doesn't exist
coverage	Generate Coverage in Docker	2026-02-02T16:51:11.4504765Z #7 21.44 update-alternatives: warning: skip creation of /usr/share/man/man1/lzdiff.1.gz because associated file /usr/share/man/man1/xzdiff.1.gz (of link group lzma) doesn't exist
coverage	Generate Coverage in Docker	2026-02-02T16:51:11.4506028Z #7 21.44 update-alternatives: warning: skip creation of /usr/share/man/man1/lzcmp.1.gz because associated file /usr/share/man/man1/xzcmp.1.gz (of link group lzma) doesn't exist
coverage	Generate Coverage in Docker	2026-02-02T16:51:11.4507704Z #7 21.44 update-alternatives: warning: skip creation of /usr/share/man/man1/lzgrep.1.gz because associated file /usr/share/man/man1/xzgrep.1.gz (of link group lzma) doesn't exist
coverage	Generate Coverage in Docker	2026-02-02T16:51:11.4509049Z #7 21.44 update-alternatives: warning: skip creation of /usr/share/man/man1/lzegrep.1.gz because associated file /usr/share/man/man1/xzegrep.1.gz (of link group lzma) doesn't exist
coverage	Generate Coverage in Docker	2026-02-02T16:51:11.4510441Z #7 21.44 update-alternatives: warning: skip creation of /usr/share/man/man1/lzfgrep.1.gz because associated file /usr/share/man/man1/xzfgrep.1.gz (of link group lzma) doesn't exist
coverage	Generate Coverage in Docker	2026-02-02T16:51:11.4511854Z #7 21.45 Setting up libquadmath0:amd64 (12.3.0-1ubuntu1~22.04.2) ...
coverage	Generate Coverage in Docker	2026-02-02T16:51:11.4512516Z #7 21.45 Setting up libpng16-16:amd64 (1.6.37-3ubuntu0.3) ...
coverage	Generate Coverage in Docker	2026-02-02T16:51:11.5539332Z #7 21.45 Setting up libmpc3:amd64 (1.2.1-2build1) ...
coverage	Generate Coverage in Docker	2026-02-02T16:51:11.5539843Z #7 21.46 Setting up libatomic1:amd64 (12.3.0-1ubuntu1~22.04.2) ...
coverage	Generate Coverage in Docker	2026-02-02T16:51:11.5540273Z #7 21.46 Setting up libtinyxml2-9:amd64 (9.0.0+dfsg-3) ...
coverage	Generate Coverage in Docker	2026-02-02T16:51:11.5540807Z #7 21.46 Setting up patch (2.7.6-7build2) ...
coverage	Generate Coverage in Docker	2026-02-02T16:51:11.5541130Z #7 21.47 Setting up libjsoncpp25:amd64 (1.9.5-3) ...
coverage	Generate Coverage in Docker	2026-02-02T16:51:11.5541602Z #7 21.47 Setting up fonts-dejavu-core (2.37-2build1) ...
coverage	Generate Coverage in Docker	2026-02-02T16:51:11.5541925Z #7 21.48 Setting up ucf (3.0043) ...
coverage	Generate Coverage in Docker	2026-02-02T16:51:11.5542571Z #7 21.56 Setting up libcmocka-dev:amd64 (1.1.5-2) ...
coverage	Generate Coverage in Docker	2026-02-02T16:51:11.6630390Z #7 21.56 Setting up libjpeg-turbo8:amd64 (2.1.2-0ubuntu1) ...
coverage	Generate Coverage in Docker	2026-02-02T16:51:11.6631047Z #7 21.56 Setting up libsasl2-2:amd64 (2.1.27+dfsg2-3ubuntu1.2) ...
coverage	Generate Coverage in Docker	2026-02-02T16:51:11.6631565Z #7 21.57 Setting up libssh-4:amd64 (0.9.6-2ubuntu0.22.04.5) ...
coverage	Generate Coverage in Docker	2026-02-02T16:51:11.6632072Z #7 21.57 Setting up libwebp7:amd64 (1.2.2-2ubuntu0.22.04.2) ...
coverage	Generate Coverage in Docker	2026-02-02T16:51:11.6632727Z #7 21.57 Setting up libubsan1:amd64 (12.3.0-1ubuntu1~22.04.2) ...
coverage	Generate Coverage in Docker	2026-02-02T16:51:11.6633167Z #7 21.57 Setting up libmd0:amd64 (1.0.4-1build1) ...
coverage	Generate Coverage in Docker	2026-02-02T16:51:11.6633627Z #7 21.58 Setting up libnsl-dev:amd64 (1.3.0-2build2) ...
coverage	Generate Coverage in Docker	2026-02-02T16:51:11.6634027Z #7 21.58 Setting up librhash0:amd64 (1.4.2-1ubuntu1) ...
coverage	Generate Coverage in Docker	2026-02-02T16:51:11.6634465Z #7 21.58 Setting up libcrypt-dev:amd64 (1:4.4.27-1) ...
coverage	Generate Coverage in Docker	2026-02-02T16:51:11.6635288Z #7 21.59 Setting up libmpdec3:amd64 (2.5.1-2build2) ...
coverage	Generate Coverage in Docker	2026-02-02T16:51:11.6635838Z #7 21.59 Setting up git-man (1:2.34.1-1ubuntu1.15) ...
coverage	Generate Coverage in Docker	2026-02-02T16:51:11.6636175Z #7 21.59 Setting up netbase (6.3) ...
coverage	Generate Coverage in Docker	2026-02-02T16:51:11.6636552Z #7 21.60 Setting up cmake-data (3.22.1-1ubuntu1.22.04.2) ...
coverage	Generate Coverage in Docker	2026-02-02T16:51:11.6636992Z #7 21.63 Setting up libjs-jquery (3.6.0+dfsg+~3.5.13-1) ...
coverage	Generate Coverage in Docker	2026-02-02T16:51:11.6637653Z #7 21.64 Setting up libbinutils:amd64 (2.38-4ubuntu2.12) ...
coverage	Generate Coverage in Docker	2026-02-02T16:51:11.6638032Z #7 21.64 Setting up libfido2-1:amd64 (1.10.0-1) ...
coverage	Generate Coverage in Docker	2026-02-02T16:51:11.6638481Z #7 21.65 Setting up libisl23:amd64 (0.24-2build1) ...
coverage	Generate Coverage in Docker	2026-02-02T16:51:11.6638847Z #7 21.65 Setting up libc-dev-bin (2.35-0ubuntu3.12) ...
coverage	Generate Coverage in Docker	2026-02-02T16:51:11.6639281Z #7 21.65 Setting up openssl (3.0.2-0ubuntu1.21) ...
coverage	Generate Coverage in Docker	2026-02-02T16:51:11.6639618Z #7 21.67 Setting up libbsd0:amd64 (0.11.5-1) ...
coverage	Generate Coverage in Docker	2026-02-02T16:51:11.7631601Z #7 21.67 Setting up readline-common (8.1.2-1) ...
coverage	Generate Coverage in Docker	2026-02-02T16:51:11.7632728Z #7 21.67 Setting up publicsuffix (20211207.1025-1) ...
coverage	Generate Coverage in Docker	2026-02-02T16:51:11.7633519Z #7 21.68 Setting up libcc1-0:amd64 (12.3.0-1ubuntu1~22.04.2) ...
coverage	Generate Coverage in Docker	2026-02-02T16:51:11.7634261Z #7 21.68 Setting up liblocale-gettext-perl (1.07-4build3) ...
coverage	Generate Coverage in Docker	2026-02-02T16:51:11.7634899Z #7 21.68 Setting up liblsan0:amd64 (12.3.0-1ubuntu1~22.04.2) ...
coverage	Generate Coverage in Docker	2026-02-02T16:51:11.7635403Z #7 21.68 Setting up libitm1:amd64 (12.3.0-1ubuntu1~22.04.2) ...
coverage	Generate Coverage in Docker	2026-02-02T16:51:11.7636058Z #7 21.69 Setting up libgdbm6:amd64 (1.23-1) ...
coverage	Generate Coverage in Docker	2026-02-02T16:51:11.7636764Z #7 21.69 Setting up libjs-underscore (1.13.2~dfsg-2) ...
coverage	Generate Coverage in Docker	2026-02-02T16:51:11.7637473Z #7 21.69 Setting up libicu70:amd64 (70.1-2) ...
coverage	Generate Coverage in Docker	2026-02-02T16:51:11.7638092Z #7 21.70 Setting up libtsan0:amd64 (11.4.0-1ubuntu1~22.04.2) ...
coverage	Generate Coverage in Docker	2026-02-02T16:51:11.7638726Z #7 21.70 Setting up libctf0:amd64 (2.38-4ubuntu2.12) ...
coverage	Generate Coverage in Docker	2026-02-02T16:51:11.7639266Z #7 21.70 Setting up libjpeg8:amd64 (8c-2ubuntu10) ...
coverage	Generate Coverage in Docker	2026-02-02T16:51:11.7639714Z #7 21.70 Setting up pinentry-curses (1.1.1-1build2) ...
coverage	Generate Coverage in Docker	2026-02-02T16:51:11.7640279Z #7 21.71 Setting up cpp-11 (11.4.0-1ubuntu1~22.04.2) ...
coverage	Generate Coverage in Docker	2026-02-02T16:51:11.7640708Z #7 21.71 Setting up manpages-dev (5.10-1ubuntu1) ...
coverage	Generate Coverage in Docker	2026-02-02T16:51:11.7641146Z #7 21.71 Setting up libxdmcp6:amd64 (1:1.1.3-0ubuntu5) ...
coverage	Generate Coverage in Docker	2026-02-02T16:51:11.7641833Z #7 21.72 Setting up libxcb1:amd64 (1.14-3ubuntu3) ...
coverage	Generate Coverage in Docker	2026-02-02T16:51:11.7642694Z #7 21.72 Setting up fontconfig-config (2.13.1-4.2ubuntu5) ...
coverage	Generate Coverage in Docker	2026-02-02T16:51:11.7643106Z #7 21.76 Setting up libedit2:amd64 (3.1-20210910-1build1) ...
coverage	Generate Coverage in Docker	2026-02-02T16:51:11.7643408Z #7 21.76 Setting up libreadline8:amd64 (8.1.2-1) ...
coverage	Generate Coverage in Docker	2026-02-02T16:51:11.7643872Z #7 21.76 Setting up libldap-2.5-0:amd64 (2.5.19+dfsg-0ubuntu0.22.04.1) ...
coverage	Generate Coverage in Docker	2026-02-02T16:51:11.7644392Z #7 21.77 Setting up libpython3.10-stdlib:amd64 (3.10.12-1~22.04.13) ...
coverage	Generate Coverage in Docker	2026-02-02T16:51:11.9164040Z #7 21.77 Setting up ca-certificates (20240203~22.04.1) ...
coverage	Generate Coverage in Docker	2026-02-02T16:51:12.2032851Z #7 22.21 Updating certificates in /etc/ssl/certs...
coverage	Generate Coverage in Docker	2026-02-02T16:51:12.7515720Z #7 22.75 146 added, 0 removed; done.
coverage	Generate Coverage in Docker	2026-02-02T16:51:12.9740252Z #7 22.77 Setting up libfreetype6:amd64 (2.11.1+dfsg-1ubuntu0.3) ...
coverage	Generate Coverage in Docker	2026-02-02T16:51:12.9741090Z #7 22.77 Setting up libgdbm-compat4:amd64 (1.23-1) ...
coverage	Generate Coverage in Docker	2026-02-02T16:51:12.9741686Z #7 22.77 Setting up libjs-sphinxdoc (4.3.2-1) ...
coverage	Generate Coverage in Docker	2026-02-02T16:51:12.9742198Z #7 22.78 Setting up cmocka-doc (1.1.5-2) ...
coverage	Generate Coverage in Docker	2026-02-02T16:51:12.9743038Z #7 22.78 Setting up libgcc-11-dev:amd64 (11.4.0-1ubuntu1~22.04.2) ...
coverage	Generate Coverage in Docker	2026-02-02T16:51:12.9743700Z #7 22.78 Setting up cpp (4:11.2.0-1ubuntu1) ...
coverage	Generate Coverage in Docker	2026-02-02T16:51:12.9744224Z #7 22.79 Setting up gpgconf (2.2.27-3ubuntu2.5) ...
coverage	Generate Coverage in Docker	2026-02-02T16:51:12.9744796Z #7 22.79 Setting up libcurl4:amd64 (7.81.0-1ubuntu1.21) ...
coverage	Generate Coverage in Docker	2026-02-02T16:51:12.9745394Z #7 22.79 Setting up libc6-dev:amd64 (2.35-0ubuntu3.12) ...
coverage	Generate Coverage in Docker	2026-02-02T16:51:12.9745989Z #7 22.80 Setting up libx11-6:amd64 (2:1.7.5-1ubuntu0.3) ...
coverage	Generate Coverage in Docker	2026-02-02T16:51:12.9746553Z #7 22.80 Setting up libtiff5:amd64 (4.3.0-6ubuntu0.12) ...
coverage	Generate Coverage in Docker	2026-02-02T16:51:12.9747612Z #7 22.80 Setting up curl (7.81.0-1ubuntu1.21) ...
coverage	Generate Coverage in Docker	2026-02-02T16:51:12.9748191Z #7 22.80 Setting up libfontconfig1:amd64 (2.13.1-4.2ubuntu5) ...
coverage	Generate Coverage in Docker	2026-02-02T16:51:12.9748866Z #7 22.81 Setting up libxml2:amd64 (2.9.13+dfsg-1ubuntu0.11) ...
coverage	Generate Coverage in Docker	2026-02-02T16:51:12.9749451Z #7 22.81 Setting up libxmuu1:amd64 (2:1.1.3-3) ...
coverage	Generate Coverage in Docker	2026-02-02T16:51:12.9749954Z #7 22.81 Setting up gpg (2.2.27-3ubuntu2.5) ...
coverage	Generate Coverage in Docker	2026-02-02T16:51:12.9750544Z #7 22.81 Setting up libpython3-stdlib:amd64 (3.10.6-1~22.04.1) ...
coverage	Generate Coverage in Docker	2026-02-02T16:51:12.9751687Z #7 22.82 Setting up gnupg-utils (2.2.27-3ubuntu2.5) ...
coverage	Generate Coverage in Docker	2026-02-02T16:51:12.9752550Z #7 22.82 Setting up binutils-x86-64-linux-gnu (2.38-4ubuntu2.12) ...
coverage	Generate Coverage in Docker	2026-02-02T16:51:12.9753245Z #7 22.82 Setting up libpython3.10:amd64 (3.10.12-1~22.04.13) ...
coverage	Generate Coverage in Docker	2026-02-02T16:51:12.9753872Z #7 22.82 Setting up libperl5.34:amd64 (5.34.0-3ubuntu1.5) ...
coverage	Generate Coverage in Docker	2026-02-02T16:51:12.9754448Z #7 22.83 Setting up gpg-agent (2.2.27-3ubuntu2.5) ...
coverage	Generate Coverage in Docker	2026-02-02T16:51:13.2526205Z #7 23.26 Setting up python3.10 (3.10.12-1~22.04.13) ...
coverage	Generate Coverage in Docker	2026-02-02T16:51:13.8217787Z #7 23.82 Setting up libxpm4:amd64 (1:3.5.12-1ubuntu0.22.04.2) ...
coverage	Generate Coverage in Docker	2026-02-02T16:51:13.9776511Z #7 23.83 Setting up libarchive13:amd64 (3.6.0-1ubuntu1.5) ...
coverage	Generate Coverage in Docker	2026-02-02T16:51:13.9777423Z #7 23.83 Setting up openssh-client (1:8.9p1-3ubuntu0.13) ...
coverage	Generate Coverage in Docker	2026-02-02T16:51:13.9778456Z #7 23.88 update-alternatives: using /usr/bin/ssh to provide /usr/bin/rsh (rsh) in auto mode
coverage	Generate Coverage in Docker	2026-02-02T16:51:13.9779899Z #7 23.88 update-alternatives: warning: skip creation of /usr/share/man/man1/rsh.1.gz because associated file /usr/share/man/man1/ssh.1.gz (of link group rsh) doesn't exist
coverage	Generate Coverage in Docker	2026-02-02T16:51:13.9781441Z #7 23.88 update-alternatives: using /usr/bin/slogin to provide /usr/bin/rlogin (rlogin) in auto mode
coverage	Generate Coverage in Docker	2026-02-02T16:51:13.9783049Z #7 23.88 update-alternatives: warning: skip creation of /usr/share/man/man1/rlogin.1.gz because associated file /usr/share/man/man1/slogin.1.gz (of link group rlogin) doesn't exist
coverage	Generate Coverage in Docker	2026-02-02T16:51:13.9784404Z #7 23.88 update-alternatives: using /usr/bin/scp to provide /usr/bin/rcp (rcp) in auto mode
coverage	Generate Coverage in Docker	2026-02-02T16:51:13.9785523Z #7 23.88 update-alternatives: warning: skip creation of /usr/share/man/man1/rcp.1.gz because associated file /usr/share/man/man1/scp.1.gz (of link group rcp) doesn't exist
coverage	Generate Coverage in Docker	2026-02-02T16:51:13.9786501Z #7 23.89 Setting up gpgsm (2.2.27-3ubuntu2.5) ...
coverage	Generate Coverage in Docker	2026-02-02T16:51:13.9786822Z #7 23.89 Setting up libxext6:amd64 (2:1.3.4-1build1) ...
coverage	Generate Coverage in Docker	2026-02-02T16:51:13.9787335Z #7 23.90 Setting up libcurl3-gnutls:amd64 (7.81.0-1ubuntu1.21) ...
coverage	Generate Coverage in Docker	2026-02-02T16:51:13.9787724Z #7 23.90 Setting up python3 (3.10.6-1~22.04.1) ...
coverage	Generate Coverage in Docker	2026-02-02T16:51:13.9788018Z #7 23.98 Setting up binutils (2.38-4ubuntu2.12) ...
coverage	Generate Coverage in Docker	2026-02-02T16:51:14.0988643Z #7 23.98 Setting up dirmngr (2.2.27-3ubuntu2.5) ...
coverage	Generate Coverage in Docker	2026-02-02T16:51:14.0989558Z #7 24.10 Setting up perl (5.34.0-3ubuntu1.5) ...
coverage	Generate Coverage in Docker	2026-02-02T16:51:14.2619702Z #7 24.11 Setting up libexpat1-dev:amd64 (2.4.7-1ubuntu0.6) ...
coverage	Generate Coverage in Docker	2026-02-02T16:51:14.2620277Z #7 24.11 Setting up shared-mime-info (2.1-2) ...
coverage	Generate Coverage in Docker	2026-02-02T16:51:14.8031528Z #7 24.81 Setting up libgd3:amd64 (2.3.0-2ubuntu2.3) ...
coverage	Generate Coverage in Docker	2026-02-02T16:51:14.9279526Z #7 24.81 Setting up libdpkg-perl (1.21.1ubuntu2.6) ...
coverage	Generate Coverage in Docker	2026-02-02T16:51:14.9280257Z #7 24.81 Setting up libstdc++-11-dev:amd64 (11.4.0-1ubuntu1~22.04.2) ...
coverage	Generate Coverage in Docker	2026-02-02T16:51:14.9280656Z #7 24.82 Setting up gpg-wks-server (2.2.27-3ubuntu2.5) ...
coverage	Generate Coverage in Docker	2026-02-02T16:51:14.9281047Z #7 24.82 Setting up zlib1g-dev:amd64 (1:1.2.11.dfsg-2ubuntu9.2) ...
coverage	Generate Coverage in Docker	2026-02-02T16:51:14.9281567Z #7 24.82 Setting up libllvm14:amd64 (1:14.0.0-1ubuntu1.1) ...
coverage	Generate Coverage in Docker	2026-02-02T16:51:14.9281920Z #7 24.82 Setting up gcc-11 (11.4.0-1ubuntu1~22.04.2) ...
coverage	Generate Coverage in Docker	2026-02-02T16:51:14.9282203Z #7 24.83 Setting up xauth (1:1.1-1build2) ...
coverage	Generate Coverage in Docker	2026-02-02T16:51:14.9282829Z #7 24.83 Setting up libjson-perl (4.04000-1) ...
coverage	Generate Coverage in Docker	2026-02-02T16:51:14.9283128Z #7 24.83 Setting up cmake (3.22.1-1ubuntu1.22.04.2) ...
coverage	Generate Coverage in Docker	2026-02-02T16:51:14.9283433Z #7 24.85 Setting up python3-lib2to3 (3.10.8-1~22.04) ...
coverage	Generate Coverage in Docker	2026-02-02T16:51:14.9283873Z #7 24.93 Setting up libperlio-gzip-perl (0.19-1build8) ...
coverage	Generate Coverage in Docker	2026-02-02T16:51:15.0843671Z #7 24.93 Setting up libc-devtools (2.35-0ubuntu3.12) ...
coverage	Generate Coverage in Docker	2026-02-02T16:51:15.0844307Z #7 24.94 Setting up python3-pkg-resources (59.6.0-1.2ubuntu0.22.04.3) ...
coverage	Generate Coverage in Docker	2026-02-02T16:51:15.0850580Z #7 25.09 Setting up python3-distutils (3.10.8-1~22.04) ...
coverage	Generate Coverage in Docker	2026-02-02T16:51:15.1904774Z #7 25.19 Setting up python3-setuptools (59.6.0-1.2ubuntu0.22.04.3) ...
coverage	Generate Coverage in Docker	2026-02-02T16:51:15.4724229Z #7 25.48 Setting up gpg-wks-client (2.2.27-3ubuntu2.5) ...
coverage	Generate Coverage in Docker	2026-02-02T16:51:15.5983154Z #7 25.48 Setting up g++-11 (11.4.0-1ubuntu1~22.04.2) ...
coverage	Generate Coverage in Docker	2026-02-02T16:51:15.5983763Z #7 25.48 Setting up libfile-fcntllock-perl (0.22-3build7) ...
coverage	Generate Coverage in Docker	2026-02-02T16:51:15.5984162Z #7 25.48 Setting up libalgorithm-diff-perl (1.201-1) ...
coverage	Generate Coverage in Docker	2026-02-02T16:51:15.5984653Z #7 25.49 Setting up libcommon-sense-perl:amd64 (3.75-2build1) ...
coverage	Generate Coverage in Docker	2026-02-02T16:51:15.5985048Z #7 25.49 Setting up python3-wheel (0.37.1-2ubuntu0.22.04.1) ...
coverage	Generate Coverage in Docker	2026-02-02T16:51:15.5985488Z #7 25.60 Setting up gcc (4:11.2.0-1ubuntu1) ...
coverage	Generate Coverage in Docker	2026-02-02T16:51:15.7683902Z #7 25.61 Setting up dpkg-dev (1.21.1ubuntu2.6) ...
coverage	Generate Coverage in Docker	2026-02-02T16:51:15.7684674Z #7 25.62 Setting up liberror-perl (0.17029-1) ...
coverage	Generate Coverage in Docker	2026-02-02T16:51:15.7685204Z #7 25.62 Setting up libgd-perl (2.76-2build1) ...
coverage	Generate Coverage in Docker	2026-02-02T16:51:15.7685641Z #7 25.62 Setting up python3-pygments (2.11.2+dfsg-2ubuntu0.1) ...
coverage	Generate Coverage in Docker	2026-02-02T16:51:16.1126217Z #7 26.12 Setting up pkg-config (0.29.2-1ubuntu3) ...
coverage	Generate Coverage in Docker	2026-02-02T16:51:16.3113860Z #7 26.15 Setting up libpython3.10-dev:amd64 (3.10.12-1~22.04.13) ...
coverage	Generate Coverage in Docker	2026-02-02T16:51:16.3114565Z #7 26.15 Setting up libclang-cpp14 (1:14.0.0-1ubuntu1.1) ...
coverage	Generate Coverage in Docker	2026-02-02T16:51:16.3114994Z #7 26.16 Setting up git (1:2.34.1-1ubuntu1.15) ...
coverage	Generate Coverage in Docker	2026-02-02T16:51:16.3115416Z #7 26.16 Setting up python3-pip (22.0.2+dfsg-1ubuntu0.7) ...
coverage	Generate Coverage in Docker	2026-02-02T16:51:17.0942075Z #7 27.10 Setting up cppcheck (2.7-1) ...
coverage	Generate Coverage in Docker	2026-02-02T16:51:17.3275168Z #7 27.10 Setting up python3.10-dev (3.10.12-1~22.04.13) ...
coverage	Generate Coverage in Docker	2026-02-02T16:51:17.3275895Z #7 27.10 Setting up libtypes-serialiser-perl (1.01-1) ...
coverage	Generate Coverage in Docker	2026-02-02T16:51:17.3276476Z #7 27.11 Setting up g++ (4:11.2.0-1ubuntu1) ...
coverage	Generate Coverage in Docker	2026-02-02T16:51:17.3277016Z #7 27.12 update-alternatives: using /usr/bin/g++ to provide /usr/bin/c++ (c++) in auto mode
coverage	Generate Coverage in Docker	2026-02-02T16:51:17.3278047Z #7 27.12 update-alternatives: warning: skip creation of /usr/share/man/man1/c++.1.gz because associated file /usr/share/man/man1/g++.1.gz (of link group c++) doesn't exist
coverage	Generate Coverage in Docker	2026-02-02T16:51:17.3279270Z #7 27.12 Setting up gnupg (2.2.27-3ubuntu2.5) ...
coverage	Generate Coverage in Docker	2026-02-02T16:51:17.3279861Z #7 27.13 Setting up build-essential (12.9ubuntu3) ...
coverage	Generate Coverage in Docker	2026-02-02T16:51:17.3280382Z #7 27.13 Setting up clang-format-14 (1:14.0.0-1ubuntu1.1) ...
coverage	Generate Coverage in Docker	2026-02-02T16:51:17.3280810Z #7 27.13 Setting up libalgorithm-diff-xs-perl (0.04-6build3) ...
coverage	Generate Coverage in Docker	2026-02-02T16:51:17.3281240Z #7 27.14 Setting up libalgorithm-merge-perl (0.08-3) ...
coverage	Generate Coverage in Docker	2026-02-02T16:51:17.3281650Z #7 27.14 Setting up libjson-xs-perl (4.040-0ubuntu0.22.04.1) ...
coverage	Generate Coverage in Docker	2026-02-02T16:51:17.3282058Z #7 27.14 Setting up clang-format:amd64 (1:14.0-55~exp2) ...
coverage	Generate Coverage in Docker	2026-02-02T16:51:17.3282854Z #7 27.15 Setting up libpython3-dev:amd64 (3.10.6-1~22.04.1) ...
coverage	Generate Coverage in Docker	2026-02-02T16:51:17.3283426Z #7 27.15 Setting up lcov (1.15-1) ...
coverage	Generate Coverage in Docker	2026-02-02T16:51:17.3283978Z #7 27.15 Setting up python3-dev (3.10.6-1~22.04.1) ...
coverage	Generate Coverage in Docker	2026-02-02T16:51:17.3284615Z #7 27.15 Processing triggers for libc-bin (2.35-0ubuntu3.11) ...
coverage	Generate Coverage in Docker	2026-02-02T16:51:17.3285456Z #7 27.17 Processing triggers for ca-certificates (20240203~22.04.1) ...
coverage	Generate Coverage in Docker	2026-02-02T16:51:17.3286169Z #7 27.18 Updating certificates in /etc/ssl/certs...
coverage	Generate Coverage in Docker	2026-02-02T16:51:17.6043760Z #7 27.61 0 added, 0 removed; done.
coverage	Generate Coverage in Docker	2026-02-02T16:51:17.6045059Z #7 27.61 Running hooks in /etc/ca-certificates/update.d...
coverage	Generate Coverage in Docker	2026-02-02T16:51:17.7557753Z #7 27.61 done.
coverage	Generate Coverage in Docker	2026-02-02T16:51:19.1001737Z #7 DONE 29.1s
coverage	Generate Coverage in Docker	2026-02-02T16:51:19.2647447Z 
coverage	Generate Coverage in Docker	2026-02-02T16:51:19.2648225Z #8 [3/5] COPY scripts/requirements.txt /tmp/requirements.txt
coverage	Generate Coverage in Docker	2026-02-02T16:51:19.2648834Z #8 DONE 0.0s
coverage	Generate Coverage in Docker	2026-02-02T16:51:19.2649012Z 
coverage	Generate Coverage in Docker	2026-02-02T16:51:19.2649221Z #9 [4/5] RUN pip3 install -r /tmp/requirements.txt
coverage	Generate Coverage in Docker	2026-02-02T16:51:19.6366260Z #9 0.522 Collecting py-uds>=1.2.0
coverage	Generate Coverage in Docker	2026-02-02T16:51:19.7752027Z #9 0.565   Downloading py_uds-3.1.1-py3-none-any.whl (172 kB)
coverage	Generate Coverage in Docker	2026-02-02T16:51:19.7753686Z #9 0.589      ━━━━━━━━━━━━━━━━━━━━━━━━━━━━━━━━━━━━━━━ 172.1/172.1 KB 8.2 MB/s eta 0:00:00
coverage	Generate Coverage in Docker	2026-02-02T16:51:19.7754271Z #9 0.612 Collecting can-isotp>=1.8
coverage	Generate Coverage in Docker	2026-02-02T16:51:19.7754769Z #9 0.618   Downloading can_isotp-2.0.7-py3-none-any.whl (34 kB)
coverage	Generate Coverage in Docker	2026-02-02T16:51:19.7755343Z #9 0.661 Collecting python-can>=4.0.0
coverage	Generate Coverage in Docker	2026-02-02T16:51:19.8994978Z #9 0.669   Downloading python_can-4.6.1-py3-none-any.whl (276 kB)
coverage	Generate Coverage in Docker	2026-02-02T16:51:19.8996553Z #9 0.678      ━━━━━━━━━━━━━━━━━━━━━━━━━━━━━━━━━━━━━━ 277.0/277.0 KB 43.1 MB/s eta 0:00:00
coverage	Generate Coverage in Docker	2026-02-02T16:51:19.8997148Z #9 0.731 Collecting jsonschema
coverage	Generate Coverage in Docker	2026-02-02T16:51:19.8997678Z #9 0.737   Downloading jsonschema-4.26.0-py3-none-any.whl (90 kB)
coverage	Generate Coverage in Docker	2026-02-02T16:51:19.8998519Z #9 0.742      ━━━━━━━━━━━━━━━━━━━━━━━━━━━━━━━━━━━━━━━━ 90.6/90.6 KB 32.9 MB/s eta 0:00:00
coverage	Generate Coverage in Docker	2026-02-02T16:51:19.8999100Z #9 0.785 Collecting west
coverage	Generate Coverage in Docker	2026-02-02T16:51:20.0293851Z #9 0.793   Downloading west-1.5.0-py3-none-any.whl (106 kB)
coverage	Generate Coverage in Docker	2026-02-02T16:51:20.0294999Z #9 0.797      ━━━━━━━━━━━━━━━━━━━━━━━━━━━━━━━━━━━━━━ 107.0/107.0 KB 46.3 MB/s eta 0:00:00
coverage	Generate Coverage in Docker	2026-02-02T16:51:20.0295575Z #9 0.851 Collecting aenum>=3.0.0
coverage	Generate Coverage in Docker	2026-02-02T16:51:20.0296082Z #9 0.856   Downloading aenum-3.1.16-py3-none-any.whl (165 kB)
coverage	Generate Coverage in Docker	2026-02-02T16:51:20.0296914Z #9 0.862      ━━━━━━━━━━━━━━━━━━━━━━━━━━━━━━━━━━━━━━ 165.6/165.6 KB 47.6 MB/s eta 0:00:00
coverage	Generate Coverage in Docker	2026-02-02T16:51:20.0297481Z #9 0.915 Collecting packaging>=23.1
coverage	Generate Coverage in Docker	2026-02-02T16:51:20.2310386Z #9 0.919   Downloading packaging-26.0-py3-none-any.whl (74 kB)
coverage	Generate Coverage in Docker	2026-02-02T16:51:20.2311487Z #9 0.923      ━━━━━━━━━━━━━━━━━━━━━━━━━━━━━━━━━━━━━━━━ 74.4/74.4 KB 37.3 MB/s eta 0:00:00
coverage	Generate Coverage in Docker	2026-02-02T16:51:20.2312025Z #9 0.957 Collecting typing_extensions>=3.10.0.0
coverage	Generate Coverage in Docker	2026-02-02T16:51:20.2312931Z #9 0.962   Downloading typing_extensions-4.15.0-py3-none-any.whl (44 kB)
coverage	Generate Coverage in Docker	2026-02-02T16:51:20.2313838Z #9 0.966      ━━━━━━━━━━━━━━━━━━━━━━━━━━━━━━━━━━━━━━━━ 44.6/44.6 KB 18.7 MB/s eta 0:00:00
coverage	Generate Coverage in Docker	2026-02-02T16:51:20.4463827Z #9 1.332 Collecting wrapt~=1.10
coverage	Generate Coverage in Docker	2026-02-02T16:51:20.6552150Z #9 1.337   Downloading wrapt-1.17.3-cp310-cp310-manylinux1_x86_64.manylinux_2_28_x86_64.manylinux_2_5_x86_64.whl (81 kB)
coverage	Generate Coverage in Docker	2026-02-02T16:51:20.6554289Z #9 1.341      ━━━━━━━━━━━━━━━━━━━━━━━━━━━━━━━━━━━━━━━━ 82.0/82.0 KB 30.1 MB/s eta 0:00:00
coverage	Generate Coverage in Docker	2026-02-02T16:51:20.6555020Z #9 1.386 Collecting jsonschema-specifications>=2023.03.6
coverage	Generate Coverage in Docker	2026-02-02T16:51:20.6555653Z #9 1.390   Downloading jsonschema_specifications-2025.9.1-py3-none-any.whl (18 kB)
coverage	Generate Coverage in Docker	2026-02-02T16:51:21.1840796Z #9 2.070 Collecting rpds-py>=0.25.0
coverage	Generate Coverage in Docker	2026-02-02T16:51:21.2841847Z #9 2.074   Downloading rpds_py-0.30.0-cp310-cp310-manylinux_2_17_x86_64.manylinux2014_x86_64.whl (390 kB)
coverage	Generate Coverage in Docker	2026-02-02T16:51:21.2843515Z #9 2.085      ━━━━━━━━━━━━━━━━━━━━━━━━━━━━━━━━━━━━━━ 390.5/390.5 KB 48.7 MB/s eta 0:00:00
coverage	Generate Coverage in Docker	2026-02-02T16:51:21.2844132Z #9 2.135 Collecting referencing>=0.28.4
coverage	Generate Coverage in Docker	2026-02-02T16:51:21.2844705Z #9 2.140   Downloading referencing-0.37.0-py3-none-any.whl (26 kB)
coverage	Generate Coverage in Docker	2026-02-02T16:51:21.2845300Z #9 2.170 Collecting attrs>=22.2.0
coverage	Generate Coverage in Docker	2026-02-02T16:51:21.3857627Z #9 2.174   Downloading attrs-25.4.0-py3-none-any.whl (67 kB)
coverage	Generate Coverage in Docker	2026-02-02T16:51:21.3858809Z #9 2.178      ━━━━━━━━━━━━━━━━━━━━━━━━━━━━━━━━━━━━━━━━ 67.6/67.6 KB 29.5 MB/s eta 0:00:00
coverage	Generate Coverage in Docker	2026-02-02T16:51:21.3859303Z #9 2.267 Collecting PyYAML>=5.1
coverage	Generate Coverage in Docker	2026-02-02T16:51:21.3860033Z #9 2.271   Downloading pyyaml-6.0.3-cp310-cp310-manylinux2014_x86_64.manylinux_2_17_x86_64.manylinux_2_28_x86_64.whl (770 kB)
coverage	Generate Coverage in Docker	2026-02-02T16:51:21.5224577Z #9 2.283      ━━━━━━━━━━━━━━━━━━━━━━━━━━━━━━━━━━━━━━ 770.3/770.3 KB 86.3 MB/s eta 0:00:00
coverage	Generate Coverage in Docker	2026-02-02T16:51:21.5225235Z #9 2.300 Collecting pykwalify
coverage	Generate Coverage in Docker	2026-02-02T16:51:21.5225770Z #9 2.306   Downloading pykwalify-1.8.0-py2.py3-none-any.whl (24 kB)
coverage	Generate Coverage in Docker	2026-02-02T16:51:21.5226356Z #9 2.335 Collecting colorama
coverage	Generate Coverage in Docker	2026-02-02T16:51:21.5226874Z #9 2.341   Downloading colorama-0.4.6-py2.py3-none-any.whl (25 kB)
coverage	Generate Coverage in Docker	2026-02-02T16:51:21.5227447Z #9 2.408 Collecting python-dateutil>=2.8.0
coverage	Generate Coverage in Docker	2026-02-02T16:51:21.7171168Z #9 2.414   Downloading python_dateutil-2.9.0.post0-py2.py3-none-any.whl (229 kB)
coverage	Generate Coverage in Docker	2026-02-02T16:51:21.7173675Z #9 2.419      ━━━━━━━━━━━━━━━━━━━━━━━━━━━━━━━━━━━━━━ 229.9/229.9 KB 73.9 MB/s eta 0:00:00
coverage	Generate Coverage in Docker	2026-02-02T16:51:21.7174248Z #9 2.438 Collecting docopt>=0.6.2
coverage	Generate Coverage in Docker	2026-02-02T16:51:21.7174667Z #9 2.443   Downloading docopt-0.6.2.tar.gz (25 kB)
coverage	Generate Coverage in Docker	2026-02-02T16:51:21.7175164Z #9 2.452   Preparing metadata (setup.py): started
coverage	Generate Coverage in Docker	2026-02-02T16:51:21.7215613Z #9 2.607   Preparing metadata (setup.py): finished with status 'done'
coverage	Generate Coverage in Docker	2026-02-02T16:51:22.0171046Z #9 2.903 Collecting ruamel.yaml>=0.16.0
coverage	Generate Coverage in Docker	2026-02-02T16:51:22.2255566Z #9 2.907   Downloading ruamel_yaml-0.19.1-py3-none-any.whl (118 kB)
coverage	Generate Coverage in Docker	2026-02-02T16:51:22.2256906Z #9 2.912      ━━━━━━━━━━━━━━━━━━━━━━━━━━━━━━━━━━━━━━ 118.1/118.1 KB 45.2 MB/s eta 0:00:00
coverage	Generate Coverage in Docker	2026-02-02T16:51:22.2257524Z #9 2.939 Collecting six>=1.5
coverage	Generate Coverage in Docker	2026-02-02T16:51:22.2258020Z #9 2.943   Downloading six-1.17.0-py2.py3-none-any.whl (11 kB)
coverage	Generate Coverage in Docker	2026-02-02T16:51:22.2258604Z #9 2.960 Building wheels for collected packages: docopt
coverage	Generate Coverage in Docker	2026-02-02T16:51:22.2259114Z #9 2.961   Building wheel for docopt (setup.py): started
coverage	Generate Coverage in Docker	2026-02-02T16:51:22.2493701Z #9 3.135   Building wheel for docopt (setup.py): finished with status 'done'
coverage	Generate Coverage in Docker	2026-02-02T16:51:22.4715596Z #9 3.135   Created wheel for docopt: filename=docopt-0.6.2-py2.py3-none-any.whl size=13723 sha256=3c069353f1ba6576266a6aedb88d708854ee38c3701c3ed06efb55c014923db3
coverage	Generate Coverage in Docker	2026-02-02T16:51:22.4717346Z #9 3.136   Stored in directory: /root/.cache/pip/wheels/fc/ab/d4/5da2067ac95b36618c629a5f93f809425700506f72c9732fac
coverage	Generate Coverage in Docker	2026-02-02T16:51:22.4718312Z #9 3.138 Successfully built docopt
coverage	Generate Coverage in Docker	2026-02-02T16:51:22.4720184Z #9 3.207 Installing collected packages: docopt, aenum, wrapt, typing_extensions, six, ruamel.yaml, rpds-py, PyYAML, packaging, colorama, can-isotp, attrs, referencing, python-dateutil, python-can, pykwalify, py-uds, jsonschema-specifications, west, jsonschema
coverage	Generate Coverage in Docker	2026-02-02T16:51:23.2113623Z #9 4.097 Successfully installed PyYAML-6.0.3 aenum-3.1.16 attrs-25.4.0 can-isotp-2.0.7 colorama-0.4.6 docopt-0.6.2 jsonschema-4.26.0 jsonschema-specifications-2025.9.1 packaging-26.0 py-uds-3.1.1 pykwalify-1.8.0 python-can-4.6.1 python-dateutil-2.9.0.post0 referencing-0.37.0 rpds-py-0.30.0 ruamel.yaml-0.19.1 six-1.17.0 typing_extensions-4.15.0 west-1.5.0 wrapt-1.17.3
coverage	Generate Coverage in Docker	2026-02-02T16:51:23.3616956Z #9 4.097 WARNING: Running pip as the 'root' user can result in broken permissions and conflicting behaviour with the system package manager. It is recommended to use a virtual environment instead: https://pip.pypa.io/warnings/venv
coverage	Generate Coverage in Docker	2026-02-02T16:51:23.4871019Z #9 DONE 4.4s
coverage	Generate Coverage in Docker	2026-02-02T16:51:23.6513757Z 
coverage	Generate Coverage in Docker	2026-02-02T16:51:23.6515223Z #10 [5/5] WORKDIR /app
coverage	Generate Coverage in Docker	2026-02-02T16:51:23.6515864Z #10 DONE 0.0s
coverage	Generate Coverage in Docker	2026-02-02T16:51:23.6516086Z 
coverage	Generate Coverage in Docker	2026-02-02T16:51:23.6516232Z #11 exporting to image
coverage	Generate Coverage in Docker	2026-02-02T16:51:23.6516582Z #11 exporting layers
coverage	Generate Coverage in Docker	2026-02-02T16:51:26.5446787Z #11 exporting layers 3.0s done
coverage	Generate Coverage in Docker	2026-02-02T16:51:26.5618096Z #11 writing image sha256:8e421b85684bfb7f855b6248bd9c6a6c9df4fc3bdf8f45db2f696b29a6426b32 done
coverage	Generate Coverage in Docker	2026-02-02T16:51:26.5619423Z #11 naming to docker.io/library/udslib-test-env done
coverage	Generate Coverage in Docker	2026-02-02T16:51:26.5620096Z #11 DONE 3.0s
coverage	Generate Coverage in Docker	2026-02-02T16:51:26.5669427Z === Running Custom Command in Docker: ./scripts/generate_coverage.sh ===
coverage	Generate Coverage in Docker	2026-02-02T16:51:26.7393357Z === Initializing Coverage Build ===
coverage	Generate Coverage in Docker	2026-02-02T16:51:26.7928529Z -- The C compiler identification is GNU 11.4.0
coverage	Generate Coverage in Docker	2026-02-02T16:51:26.8009775Z -- Detecting C compiler ABI info
coverage	Generate Coverage in Docker	2026-02-02T16:51:26.8622430Z -- Detecting C compiler ABI info - done
coverage	Generate Coverage in Docker	2026-02-02T16:51:26.8691259Z -- Check for working C compiler: /usr/bin/cc - skipped
coverage	Generate Coverage in Docker	2026-02-02T16:51:26.8694723Z -- Detecting C compile features
coverage	Generate Coverage in Docker	2026-02-02T16:51:26.8699210Z -- Detecting C compile features - done
coverage	Generate Coverage in Docker	2026-02-02T16:51:26.8752047Z -- Found PkgConfig: /usr/bin/pkg-config (found version "0.29.2") 
coverage	Generate Coverage in Docker	2026-02-02T16:51:26.8757944Z -- Checking for module 'cmocka'
coverage	Generate Coverage in Docker	2026-02-02T16:51:26.8856954Z --   Found cmocka, version 1.1.5
coverage	Generate Coverage in Docker	2026-02-02T16:51:26.9113639Z -- Configuring done
coverage	Generate Coverage in Docker	2026-02-02T16:51:26.9579086Z -- Generating done
coverage	Generate Coverage in Docker	2026-02-02T16:51:26.9614656Z -- Build files have been written to: /app/build_coverage
coverage	Generate Coverage in Docker	2026-02-02T16:51:27.0094792Z [  2%] Building C object CMakeFiles/uds.dir/src/core/uds_core.c.o
coverage	Generate Coverage in Docker	2026-02-02T16:51:27.0095626Z [  2%] Building C object CMakeFiles/uds.dir/src/services/uds_service_session.c.o
coverage	Generate Coverage in Docker	2026-02-02T16:51:27.0096410Z [  4%] Building C object CMakeFiles/uds.dir/src/services/uds_service_data.c.o
coverage	Generate Coverage in Docker	2026-02-02T16:51:27.0097208Z [  4%] Building C object CMakeFiles/uds.dir/src/services/uds_service_security.c.o
coverage	Generate Coverage in Docker	2026-02-02T16:51:27.0463398Z [  5%] Building C object CMakeFiles/uds.dir/src/services/uds_service_maintenance.c.o
coverage	Generate Coverage in Docker	2026-02-02T16:51:27.0478301Z [  6%] Building C object CMakeFiles/uds.dir/src/services/uds_service_flash.c.o
coverage	Generate Coverage in Docker	2026-02-02T16:51:27.0513606Z [  7%] Building C object CMakeFiles/uds.dir/src/services/uds_service_mem.c.o
coverage	Generate Coverage in Docker	2026-02-02T16:51:27.0778432Z [  8%] Building C object CMakeFiles/uds.dir/src/transport/uds_tp_isotp.c.o
coverage	Generate Coverage in Docker	2026-02-02T16:51:27.1116168Z [  9%] Linking C static library libuds.a
coverage	Generate Coverage in Docker	2026-02-02T16:51:27.1414265Z [  9%] Built target uds
coverage	Generate Coverage in Docker	2026-02-02T16:51:27.1645862Z [ 12%] Building C object tests/CMakeFiles/test_core.dir/test_core.c.o
coverage	Generate Coverage in Docker	2026-02-02T16:51:27.1646730Z [ 12%] Building C object examples/host_sim/CMakeFiles/uds_host_sim.dir/main.c.o
coverage	Generate Coverage in Docker	2026-02-02T16:51:27.1647572Z [ 12%] Building C object tests/CMakeFiles/test_service_10.dir/unit/test_service_10.c.o
coverage	Generate Coverage in Docker	2026-02-02T16:51:27.1665011Z [ 13%] Building C object tests/CMakeFiles/test_service_22.dir/unit/test_service_22.c.o
coverage	Generate Coverage in Docker	2026-02-02T16:51:27.2071600Z [ 15%] Building C object tests/CMakeFiles/test_service_22.dir/unit/test_helpers.c.o
coverage	Generate Coverage in Docker	2026-02-02T16:51:27.2073255Z [ 15%] Building C object tests/CMakeFiles/test_service_10.dir/unit/test_helpers.c.o
coverage	Generate Coverage in Docker	2026-02-02T16:51:27.2127233Z [ 16%] Building C object tests/CMakeFiles/test_core.dir/unit/test_helpers.c.o
coverage	Generate Coverage in Docker	2026-02-02T16:51:27.2345488Z [ 17%] Linking C executable uds_host_sim
coverage	Generate Coverage in Docker	2026-02-02T16:51:27.2464472Z [ 19%] Linking C executable test_service_10
coverage	Generate Coverage in Docker	2026-02-02T16:51:27.2465717Z [ 19%] Linking C executable test_service_22
coverage	Generate Coverage in Docker	2026-02-02T16:51:27.2499719Z [ 20%] Linking C executable test_core
coverage	Generate Coverage in Docker	2026-02-02T16:51:27.2862991Z [ 20%] Built target uds_host_sim
coverage	Generate Coverage in Docker	2026-02-02T16:51:27.2979535Z [ 20%] Built target test_service_22
coverage	Generate Coverage in Docker	2026-02-02T16:51:27.2980312Z [ 20%] Built target test_service_10
coverage	Generate Coverage in Docker	2026-02-02T16:51:27.3001915Z [ 20%] Built target test_core
coverage	Generate Coverage in Docker	2026-02-02T16:51:27.3114373Z [ 20%] Building C object tests/CMakeFiles/test_service_27.dir/unit/test_service_27.c.o
coverage	Generate Coverage in Docker	2026-02-02T16:51:27.3245925Z [ 23%] Building C object tests/CMakeFiles/test_service_11.dir/unit/test_service_11.c.o
coverage	Generate Coverage in Docker	2026-02-02T16:51:27.3247005Z [ 23%] Building C object tests/CMakeFiles/test_service_28.dir/unit/test_service_28.c.o
coverage	Generate Coverage in Docker	2026-02-02T16:51:27.3247909Z [ 23%] Building C object tests/CMakeFiles/test_service_3E.dir/unit/test_service_3E.c.o
coverage	Generate Coverage in Docker	2026-02-02T16:51:27.3628754Z [ 24%] Building C object tests/CMakeFiles/test_service_27.dir/unit/test_helpers.c.o
coverage	Generate Coverage in Docker	2026-02-02T16:51:27.3648348Z [ 25%] Building C object tests/CMakeFiles/test_service_3E.dir/unit/test_helpers.c.o
coverage	Generate Coverage in Docker	2026-02-02T16:51:27.3669609Z [ 26%] Building C object tests/CMakeFiles/test_service_11.dir/unit/test_helpers.c.o
coverage	Generate Coverage in Docker	2026-02-02T16:51:27.3709272Z [ 27%] Building C object tests/CMakeFiles/test_service_28.dir/unit/test_helpers.c.o
coverage	Generate Coverage in Docker	2026-02-02T16:51:27.4020050Z [ 28%] Linking C executable test_service_3E
coverage	Generate Coverage in Docker	2026-02-02T16:51:27.4020922Z [ 28%] Linking C executable test_service_27
coverage	Generate Coverage in Docker	2026-02-02T16:51:27.4048064Z [ 29%] Linking C executable test_service_11
coverage	Generate Coverage in Docker	2026-02-02T16:51:27.4096323Z [ 30%] Linking C executable test_service_28
coverage	Generate Coverage in Docker	2026-02-02T16:51:27.4509598Z [ 30%] Built target test_service_3E
coverage	Generate Coverage in Docker	2026-02-02T16:51:27.4522747Z [ 30%] Built target test_service_27
coverage	Generate Coverage in Docker	2026-02-02T16:51:27.4556337Z [ 30%] Built target test_service_11
coverage	Generate Coverage in Docker	2026-02-02T16:51:27.4601843Z [ 30%] Built target test_service_28
coverage	Generate Coverage in Docker	2026-02-02T16:51:27.4784748Z [ 31%] Building C object tests/CMakeFiles/test_service_did.dir/unit/test_service_did.c.o
coverage	Generate Coverage in Docker	2026-02-02T16:51:27.4789755Z [ 32%] Building C object tests/CMakeFiles/test_timing.dir/unit/test_timing.c.o
coverage	Generate Coverage in Docker	2026-02-02T16:51:27.4811329Z [ 33%] Building C object tests/CMakeFiles/test_service_29.dir/unit/test_service_29.c.o
coverage	Generate Coverage in Docker	2026-02-02T16:51:27.4888310Z [ 34%] Building C object tests/CMakeFiles/test_service_dtc.dir/unit/test_service_dtc.c.o
coverage	Generate Coverage in Docker	2026-02-02T16:51:27.5254934Z [ 35%] Building C object tests/CMakeFiles/test_timing.dir/unit/test_helpers.c.o
coverage	Generate Coverage in Docker	2026-02-02T16:51:27.5284841Z [ 36%] Building C object tests/CMakeFiles/test_service_29.dir/unit/test_helpers.c.o
coverage	Generate Coverage in Docker	2026-02-02T16:51:27.5384749Z [ 37%] Building C object tests/CMakeFiles/test_service_dtc.dir/unit/test_helpers.c.o
coverage	Generate Coverage in Docker	2026-02-02T16:51:27.5403347Z [ 38%] Building C object tests/CMakeFiles/test_service_did.dir/unit/test_helpers.c.o
coverage	Generate Coverage in Docker	2026-02-02T16:51:27.5696080Z [ 38%] Linking C executable test_timing
coverage	Generate Coverage in Docker	2026-02-02T16:51:27.5696838Z [ 39%] Linking C executable test_service_29
coverage	Generate Coverage in Docker	2026-02-02T16:51:27.5793051Z [ 40%] Linking C executable test_service_dtc
coverage	Generate Coverage in Docker	2026-02-02T16:51:27.5798313Z [ 41%] Linking C executable test_service_did
coverage	Generate Coverage in Docker	2026-02-02T16:51:27.6204760Z [ 41%] Built target test_service_29
coverage	Generate Coverage in Docker	2026-02-02T16:51:27.6205665Z [ 41%] Built target test_timing
coverage	Generate Coverage in Docker	2026-02-02T16:51:27.6313431Z [ 41%] Built target test_service_did
coverage	Generate Coverage in Docker	2026-02-02T16:51:27.6314271Z [ 41%] Built target test_service_dtc
coverage	Generate Coverage in Docker	2026-02-02T16:51:27.6441009Z [ 42%] Building C object tests/CMakeFiles/test_service_flash.dir/unit/test_service_flash.c.o
coverage	Generate Coverage in Docker	2026-02-02T16:51:27.6454615Z [ 43%] Building C object tests/CMakeFiles/test_service_mem.dir/unit/test_service_mem.c.o
coverage	Generate Coverage in Docker	2026-02-02T16:51:27.6584520Z [ 44%] Building C object tests/CMakeFiles/test_osal.dir/unit/test_osal.c.o
coverage	Generate Coverage in Docker	2026-02-02T16:51:27.6586161Z [ 44%] Building C object tests/CMakeFiles/test_endian.dir/unit/test_endian.c.o
coverage	Generate Coverage in Docker	2026-02-02T16:51:27.6909530Z [ 45%] Building C object tests/CMakeFiles/test_service_flash.dir/unit/test_helpers.c.o
coverage	Generate Coverage in Docker	2026-02-02T16:51:27.6963306Z [ 46%] Building C object tests/CMakeFiles/test_service_mem.dir/unit/test_helpers.c.o
coverage	Generate Coverage in Docker	2026-02-02T16:51:27.6997210Z [ 48%] Building C object tests/CMakeFiles/test_endian.dir/unit/test_helpers.c.o
coverage	Generate Coverage in Docker	2026-02-02T16:51:27.6998732Z [ 47%] Building C object tests/CMakeFiles/test_osal.dir/unit/test_helpers.c.o
coverage	Generate Coverage in Docker	2026-02-02T16:51:27.7346280Z [ 49%] Linking C executable test_service_flash
coverage	Generate Coverage in Docker	2026-02-02T16:51:27.7348819Z [ 50%] Linking C executable test_service_mem
coverage	Generate Coverage in Docker	2026-02-02T16:51:27.7377746Z [ 51%] Linking C executable test_osal
coverage	Generate Coverage in Docker	2026-02-02T16:51:27.7382853Z [ 52%] Linking C executable test_endian
coverage	Generate Coverage in Docker	2026-02-02T16:51:27.7871665Z [ 52%] Built target test_endian
coverage	Generate Coverage in Docker	2026-02-02T16:51:27.7872637Z [ 52%] Built target test_service_mem
coverage	Generate Coverage in Docker	2026-02-02T16:51:27.7874997Z [ 52%] Built target test_service_flash
coverage	Generate Coverage in Docker	2026-02-02T16:51:27.7881847Z [ 52%] Built target test_osal
coverage	Generate Coverage in Docker	2026-02-02T16:51:27.8135600Z [ 56%] Building C object tests/CMakeFiles/test_fuzz_core.dir/unit/test_fuzz_core.c.o
coverage	Generate Coverage in Docker	2026-02-02T16:51:27.8136696Z [ 56%] Building C object tests/CMakeFiles/test_service_negative.dir/unit/test_service_negative.c.o
coverage	Generate Coverage in Docker	2026-02-02T16:51:27.8137916Z [ 56%] Building C object tests/CMakeFiles/test_tp_flow_control.dir/unit/test_tp_flow_control.c.o
coverage	Generate Coverage in Docker	2026-02-02T16:51:27.8138918Z [ 56%] Building C object tests/CMakeFiles/test_transport.dir/unit/test_transport.c.o
coverage	Generate Coverage in Docker	2026-02-02T16:51:27.8377616Z /app/tests/unit/test_fuzz_core.c: In function 'test_fuzz_memory_read':
coverage	Generate Coverage in Docker	2026-02-02T16:51:27.8383159Z /app/tests/unit/test_fuzz_core.c:93:13: warning: variable 'req' set but not used [-Wunused-but-set-variable]
coverage	Generate Coverage in Docker	2026-02-02T16:51:27.8384032Z    93 |     uint8_t req[MAX_PACKET_LEN];
coverage	Generate Coverage in Docker	2026-02-02T16:51:27.8384457Z       |             ^~~
coverage	Generate Coverage in Docker	2026-02-02T16:51:27.8384964Z /app/tests/unit/test_fuzz_core.c: In function 'test_overflow_checks':
coverage	Generate Coverage in Docker	2026-02-02T16:51:27.8385938Z /app/tests/unit/test_fuzz_core.c:127:41: warning: unused parameter 'state' [-Wunused-parameter]
coverage	Generate Coverage in Docker	2026-02-02T16:51:27.8386773Z   127 | static void test_overflow_checks(void **state)
coverage	Generate Coverage in Docker	2026-02-02T16:51:27.8387285Z       |                                  ~~~~~~~^~~~~
coverage	Generate Coverage in Docker	2026-02-02T16:51:27.8394419Z At top level:
coverage	Generate Coverage in Docker	2026-02-02T16:51:27.8399947Z /app/tests/unit/test_fuzz_core.c:87:13: warning: 'test_fuzz_memory_read' defined but not used [-Wunused-function]
coverage	Generate Coverage in Docker	2026-02-02T16:51:27.8405296Z    87 | static void test_fuzz_memory_read(void **state)
coverage	Generate Coverage in Docker	2026-02-02T16:51:27.8406189Z       |             ^~~~~~~~~~~~~~~~~~~~~
coverage	Generate Coverage in Docker	2026-02-02T16:51:27.8406999Z /app/tests/unit/test_fuzz_core.c:16:13: warning: 'test_fuzz_input' defined but not used [-Wunused-function]
coverage	Generate Coverage in Docker	2026-02-02T16:51:27.8407878Z    16 | static void test_fuzz_input(void **state)
coverage	Generate Coverage in Docker	2026-02-02T16:51:27.8408337Z       |             ^~~~~~~~~~~~~~~
coverage	Generate Coverage in Docker	2026-02-02T16:51:27.8594687Z [ 57%] Building C object tests/CMakeFiles/test_service_negative.dir/unit/test_helpers.c.o
coverage	Generate Coverage in Docker	2026-02-02T16:51:27.8614544Z [ 58%] Building C object tests/CMakeFiles/test_tp_flow_control.dir/unit/test_helpers.c.o
coverage	Generate Coverage in Docker	2026-02-02T16:51:27.8623644Z [ 59%] Building C object tests/CMakeFiles/test_transport.dir/unit/test_helpers.c.o
coverage	Generate Coverage in Docker	2026-02-02T16:51:27.8697633Z [ 60%] Building C object tests/CMakeFiles/test_fuzz_core.dir/unit/test_helpers.c.o
coverage	Generate Coverage in Docker	2026-02-02T16:51:27.8993386Z [ 62%] Linking C executable test_tp_flow_control
coverage	Generate Coverage in Docker	2026-02-02T16:51:27.8994135Z [ 62%] Linking C executable test_service_negative
coverage	Generate Coverage in Docker	2026-02-02T16:51:27.9000242Z [ 63%] Linking C executable test_transport
coverage	Generate Coverage in Docker	2026-02-02T16:51:27.9101071Z [ 64%] Linking C executable test_fuzz_core
coverage	Generate Coverage in Docker	2026-02-02T16:51:27.9486758Z [ 64%] Built target test_service_negative
coverage	Generate Coverage in Docker	2026-02-02T16:51:27.9487709Z [ 64%] Built target test_tp_flow_control
coverage	Generate Coverage in Docker	2026-02-02T16:51:27.9494301Z [ 64%] Built target test_transport
coverage	Generate Coverage in Docker	2026-02-02T16:51:27.9604168Z [ 64%] Built target test_fuzz_core
coverage	Generate Coverage in Docker	2026-02-02T16:51:27.9706819Z [ 65%] Building C object tests/CMakeFiles/test_nrc_priority.dir/unit/test_nrc_priority.c.o
coverage	Generate Coverage in Docker	2026-02-02T16:51:27.9724351Z [ 66%] Building C object tests/CMakeFiles/test_concurrency.dir/unit/test_concurrency.c.o
coverage	Generate Coverage in Docker	2026-02-02T16:51:27.9726951Z [ 67%] Building C object tests/CMakeFiles/test_service_2E.dir/unit/test_service_2E.c.o
coverage	Generate Coverage in Docker	2026-02-02T16:51:27.9844253Z [ 68%] Building C object tests/CMakeFiles/test_safety_gate.dir/unit/test_safety_gate.c.o
coverage	Generate Coverage in Docker	2026-02-02T16:51:27.9883726Z /app/tests/unit/test_concurrency.c: In function 'mock_tp_send':
coverage	Generate Coverage in Docker	2026-02-02T16:51:27.9885263Z /app/tests/unit/test_concurrency.c:12:41: warning: unused parameter 'ctx' [-Wunused-parameter]
coverage	Generate Coverage in Docker	2026-02-02T16:51:27.9886344Z    12 | static int mock_tp_send(struct uds_ctx *ctx, const uint8_t *data, uint16_t len)
coverage	Generate Coverage in Docker	2026-02-02T16:51:27.9887039Z       |                         ~~~~~~~~~~~~~~~~^~~
coverage	Generate Coverage in Docker	2026-02-02T16:51:28.0019200Z /app/tests/unit/test_safety_gate.c:40:6: warning: missing initializer for field 'sub_mask' of 'uds_service_entry_t' [-Wmissing-field-initializers]
coverage	Generate Coverage in Docker	2026-02-02T16:51:28.0022664Z    40 |      mock_service_handler}, /* Dummy logic for 0x11 to avoid calling real one */
coverage	Generate Coverage in Docker	2026-02-02T16:51:28.0023410Z       |      ^~~~~~~~~~~~~~~~~~~~
coverage	Generate Coverage in Docker	2026-02-02T16:51:28.0023900Z In file included from /app/include/uds/uds_core.h:13,
coverage	Generate Coverage in Docker	2026-02-02T16:51:28.0024470Z                  from /app/tests/unit/test_safety_gate.c:8:
coverage	Generate Coverage in Docker	2026-02-02T16:51:28.0025139Z /app/include/uds/uds_config.h:134:20: note: 'sub_mask' declared here
coverage	Generate Coverage in Docker	2026-02-02T16:51:28.0026217Z   134 |     const uint8_t *sub_mask; /**< Optional bitmask of supported 7-bit subfunctions (16 bytes) */
coverage	Generate Coverage in Docker	2026-02-02T16:51:28.0027002Z       |                    ^~~~~~~~
coverage	Generate Coverage in Docker	2026-02-02T16:51:28.0028008Z /app/tests/unit/test_safety_gate.c:41:5: warning: missing initializer for field 'sub_mask' of 'uds_service_entry_t' [-Wmissing-field-initializers]
coverage	Generate Coverage in Docker	2026-02-02T16:51:28.0029142Z    41 |     {0xA0, 1, UDS_SESSION_ALL, 0, mock_service_handler},
coverage	Generate Coverage in Docker	2026-02-02T16:51:28.0029647Z       |     ^
coverage	Generate Coverage in Docker	2026-02-02T16:51:28.0030264Z In file included from /app/include/uds/uds_core.h:13,
coverage	Generate Coverage in Docker	2026-02-02T16:51:28.0031193Z                  from /app/tests/unit/test_safety_gate.c:8:
coverage	Generate Coverage in Docker	2026-02-02T16:51:28.0041099Z /app/include/uds/uds_config.h:134:20: note: 'sub_mask' declared here
coverage	Generate Coverage in Docker	2026-02-02T16:51:28.0042525Z   134 |     const uint8_t *sub_mask; /**< Optional bitmask of supported 7-bit subfunctions (16 bytes) */
coverage	Generate Coverage in Docker	2026-02-02T16:51:28.0045880Z       |                    ^~~~~~~~
coverage	Generate Coverage in Docker	2026-02-02T16:51:28.0047250Z /app/tests/unit/test_safety_gate.c: In function 'setup':
coverage	Generate Coverage in Docker	2026-02-02T16:51:28.0048376Z /app/tests/unit/test_safety_gate.c:50:25: warning: unused parameter 'state' [-Wunused-parameter]
coverage	Generate Coverage in Docker	2026-02-02T16:51:28.0049456Z    50 | static int setup(void **state)
coverage	Generate Coverage in Docker	2026-02-02T16:51:28.0049894Z       |                  ~~~~~~~^~~~~
coverage	Generate Coverage in Docker	2026-02-02T16:51:28.0050449Z /app/tests/unit/test_safety_gate.c: In function 'test_safety_check_passes':
coverage	Generate Coverage in Docker	2026-02-02T16:51:28.0051313Z /app/tests/unit/test_safety_gate.c:92:13: warning: unused variable 'req' [-Wunused-variable]
coverage	Generate Coverage in Docker	2026-02-02T16:51:28.0052048Z    92 |     uint8_t req[] = {0x11, 0x01};
coverage	Generate Coverage in Docker	2026-02-02T16:51:28.0052889Z       |             ^~~
coverage	Generate Coverage in Docker	2026-02-02T16:51:28.0053579Z /app/tests/unit/test_safety_gate.c: At top level:
coverage	Generate Coverage in Docker	2026-02-02T16:51:28.0054689Z /app/tests/unit/test_safety_gate.c:119:5: warning: missing initializer for field 'sub_mask' of 'uds_service_entry_t' [-Wmissing-field-initializers]
coverage	Generate Coverage in Docker	2026-02-02T16:51:28.0055844Z   119 |     {0x11, 1, UDS_SESSION_ALL, 0, mock_service_handler_full},
coverage	Generate Coverage in Docker	2026-02-02T16:51:28.0056357Z       |     ^
coverage	Generate Coverage in Docker	2026-02-02T16:51:28.0056734Z In file included from /app/include/uds/uds_core.h:13,
coverage	Generate Coverage in Docker	2026-02-02T16:51:28.0057286Z                  from /app/tests/unit/test_safety_gate.c:8:
coverage	Generate Coverage in Docker	2026-02-02T16:51:28.0057944Z /app/include/uds/uds_config.h:134:20: note: 'sub_mask' declared here
coverage	Generate Coverage in Docker	2026-02-02T16:51:28.0058765Z   134 |     const uint8_t *sub_mask; /**< Optional bitmask of supported 7-bit subfunctions (16 bytes) */
coverage	Generate Coverage in Docker	2026-02-02T16:51:28.0059509Z       |                    ^~~~~~~~
coverage	Generate Coverage in Docker	2026-02-02T16:51:28.0060450Z /app/tests/unit/test_safety_gate.c:120:5: warning: missing initializer for field 'sub_mask' of 'uds_service_entry_t' [-Wmissing-field-initializers]
coverage	Generate Coverage in Docker	2026-02-02T16:51:28.0061652Z   120 |     {0xA0, 1, UDS_SESSION_ALL, 0, mock_service_handler_full},
coverage	Generate Coverage in Docker	2026-02-02T16:51:28.0062160Z       |     ^
coverage	Generate Coverage in Docker	2026-02-02T16:51:28.0062797Z In file included from /app/include/uds/uds_core.h:13,
coverage	Generate Coverage in Docker	2026-02-02T16:51:28.0063363Z                  from /app/tests/unit/test_safety_gate.c:8:
coverage	Generate Coverage in Docker	2026-02-02T16:51:28.0063992Z /app/include/uds/uds_config.h:134:20: note: 'sub_mask' declared here
coverage	Generate Coverage in Docker	2026-02-02T16:51:28.0064908Z   134 |     const uint8_t *sub_mask; /**< Optional bitmask of supported 7-bit subfunctions (16 bytes) */
coverage	Generate Coverage in Docker	2026-02-02T16:51:28.0065617Z       |                    ^~~~~~~~
coverage	Generate Coverage in Docker	2026-02-02T16:51:28.0066122Z /app/tests/unit/test_safety_gate.c: In function 'setup_full':
coverage	Generate Coverage in Docker	2026-02-02T16:51:28.0066973Z /app/tests/unit/test_safety_gate.c:123:30: warning: unused parameter 'state' [-Wunused-parameter]
coverage	Generate Coverage in Docker	2026-02-02T16:51:28.0067751Z   123 | static int setup_full(void **state)
coverage	Generate Coverage in Docker	2026-02-02T16:51:28.0068159Z       |                       ~~~~~~~^~~~~
coverage	Generate Coverage in Docker	2026-02-02T16:51:28.0068667Z /app/tests/unit/test_safety_gate.c: In function 'test_pass':
coverage	Generate Coverage in Docker	2026-02-02T16:51:28.0069492Z /app/tests/unit/test_safety_gate.c:134:30: warning: unused parameter 'state' [-Wunused-parameter]
coverage	Generate Coverage in Docker	2026-02-02T16:51:28.0070245Z   134 | static void test_pass(void **state)
coverage	Generate Coverage in Docker	2026-02-02T16:51:28.0070656Z       |                       ~~~~~~~^~~~~
coverage	Generate Coverage in Docker	2026-02-02T16:51:28.0085747Z At top level:
coverage	Generate Coverage in Docker	2026-02-02T16:51:28.0086536Z /app/tests/unit/test_safety_gate.c:88:13: warning: 'test_safety_check_passes' defined but not used [-Wunused-function]
coverage	Generate Coverage in Docker	2026-02-02T16:51:28.0087492Z    88 | static void test_safety_check_passes(void **state)
coverage	Generate Coverage in Docker	2026-02-02T16:51:28.0087970Z       |             ^~~~~~~~~~~~~~~~~~~~~~~~
coverage	Generate Coverage in Docker	2026-02-02T16:51:28.0088666Z /app/tests/unit/test_safety_gate.c:50:12: warning: 'setup' defined but not used [-Wunused-function]
coverage	Generate Coverage in Docker	2026-02-02T16:51:28.0089396Z    50 | static int setup(void **state)
coverage	Generate Coverage in Docker	2026-02-02T16:51:28.0089766Z       |            ^~~~~
coverage	Generate Coverage in Docker	2026-02-02T16:51:28.0200311Z [ 71%] Building C object tests/CMakeFiles/test_concurrency.dir/unit/test_helpers.c.o
coverage	Generate Coverage in Docker	2026-02-02T16:51:28.0201296Z [ 71%] Building C object tests/CMakeFiles/test_service_2E.dir/unit/test_helpers.c.o
coverage	Generate Coverage in Docker	2026-02-02T16:51:28.0202940Z [ 71%] Building C object tests/CMakeFiles/test_nrc_priority.dir/unit/test_helpers.c.o
coverage	Generate Coverage in Docker	2026-02-02T16:51:28.0359770Z [ 72%] Building C object tests/CMakeFiles/test_safety_gate.dir/unit/test_helpers.c.o
coverage	Generate Coverage in Docker	2026-02-02T16:51:28.0589350Z [ 74%] Linking C executable test_concurrency
coverage	Generate Coverage in Docker	2026-02-02T16:51:28.0591975Z [ 75%] Linking C executable test_nrc_priority
coverage	Generate Coverage in Docker	2026-02-02T16:51:28.0595215Z [ 74%] Linking C executable test_service_2E
coverage	Generate Coverage in Docker	2026-02-02T16:51:28.0789287Z [ 76%] Linking C executable test_safety_gate
coverage	Generate Coverage in Docker	2026-02-02T16:51:28.1104386Z [ 76%] Built target test_nrc_priority
coverage	Generate Coverage in Docker	2026-02-02T16:51:28.1105341Z [ 76%] Built target test_service_2E
coverage	Generate Coverage in Docker	2026-02-02T16:51:28.1105905Z [ 76%] Built target test_concurrency
coverage	Generate Coverage in Docker	2026-02-02T16:51:28.1315553Z [ 76%] Built target test_safety_gate
coverage	Generate Coverage in Docker	2026-02-02T16:51:28.1365914Z [ 77%] Building C object tests/CMakeFiles/test_async.dir/unit/test_async.c.o
coverage	Generate Coverage in Docker	2026-02-02T16:51:28.1367313Z [ 77%] Building C object tests/CMakeFiles/test_nvm_persistence.dir/unit/test_nvm_persistence.c.o
coverage	Generate Coverage in Docker	2026-02-02T16:51:28.1369044Z [ 78%] Building C object tests/CMakeFiles/test_compliance_suppress.dir/unit/test_compliance_suppress.c.o
coverage	Generate Coverage in Docker	2026-02-02T16:51:28.1441969Z [ 79%] Building C object tests/CMakeFiles/test_async.dir/unit/test_helpers.c.o
coverage	Generate Coverage in Docker	2026-02-02T16:51:28.1533757Z /app/tests/unit/test_async.c: In function 'mock_tp_send':
coverage	Generate Coverage in Docker	2026-02-02T16:51:28.1536177Z /app/tests/unit/test_nvm_persistence.c: In function 'mock_nvm_save':
coverage	Generate Coverage in Docker	2026-02-02T16:51:28.1537127Z /app/tests/unit/test_nvm_persistence.c:17:42: warning: unused parameter 'ctx' [-Wunused-parameter]
coverage	Generate Coverage in Docker	2026-02-02T16:51:28.1538551Z    17 | static int mock_nvm_save(struct uds_ctx *ctx, const uint8_t *state, uint16_t len)
coverage	Generate Coverage in Docker	2026-02-02T16:51:28.1539249Z       |                          ~~~~~~~~~~~~~~~~^~~
coverage	Generate Coverage in Docker	2026-02-02T16:51:28.1539881Z /app/tests/unit/test_nvm_persistence.c: In function 'mock_nvm_load':
coverage	Generate Coverage in Docker	2026-02-02T16:51:28.1540798Z /app/tests/unit/test_nvm_persistence.c:28:42: warning: unused parameter 'ctx' [-Wunused-parameter]
coverage	Generate Coverage in Docker	2026-02-02T16:51:28.1541799Z    28 | static int mock_nvm_load(struct uds_ctx *ctx, uint8_t *state, uint16_t len)
coverage	Generate Coverage in Docker	2026-02-02T16:51:28.1542716Z       |                          ~~~~~~~~~~~~~~~~^~~
coverage	Generate Coverage in Docker	2026-02-02T16:51:28.1543528Z /app/tests/unit/test_async.c:24:41: warning: unused parameter 'ctx' [-Wunused-parameter]
coverage	Generate Coverage in Docker	2026-02-02T16:51:28.1544513Z    24 | static int mock_tp_send(struct uds_ctx *ctx, const uint8_t *data, uint16_t len)
coverage	Generate Coverage in Docker	2026-02-02T16:51:28.1545199Z       |                         ~~~~~~~~~~~~~~~~^~~
coverage	Generate Coverage in Docker	2026-02-02T16:51:28.1545789Z /app/tests/unit/test_async.c: In function 'async_service_handler':
coverage	Generate Coverage in Docker	2026-02-02T16:51:28.1546578Z /app/tests/unit/test_async.c:32:50: warning: unused parameter 'ctx' [-Wunused-parameter]
coverage	Generate Coverage in Docker	2026-02-02T16:51:28.1547544Z    32 | static int async_service_handler(struct uds_ctx *ctx, const uint8_t *data, uint16_t len)
coverage	Generate Coverage in Docker	2026-02-02T16:51:28.1548275Z       |                                  ~~~~~~~~~~~~~~~~^~~
coverage	Generate Coverage in Docker	2026-02-02T16:51:28.1548972Z /app/tests/unit/test_async.c:32:70: warning: unused parameter 'data' [-Wunused-parameter]
coverage	Generate Coverage in Docker	2026-02-02T16:51:28.1549931Z    32 | static int async_service_handler(struct uds_ctx *ctx, const uint8_t *data, uint16_t len)
coverage	Generate Coverage in Docker	2026-02-02T16:51:28.1550678Z       |                                                       ~~~~~~~~~~~~~~~^~~~
coverage	Generate Coverage in Docker	2026-02-02T16:51:28.1551416Z /app/tests/unit/test_async.c:32:85: warning: unused parameter 'len' [-Wunused-parameter]
coverage	Generate Coverage in Docker	2026-02-02T16:51:28.1554106Z    32 | static int async_service_handler(struct uds_ctx *ctx, const uint8_t *data, uint16_t len)
coverage	Generate Coverage in Docker	2026-02-02T16:51:28.1554918Z       |                                                                            ~~~~~~~~~^~~
coverage	Generate Coverage in Docker	2026-02-02T16:51:28.1555459Z /app/tests/unit/test_async.c: At top level:
coverage	Generate Coverage in Docker	2026-02-02T16:51:28.1556439Z /app/tests/unit/test_async.c:39:5: warning: missing initializer for field 'sub_mask' of 'uds_service_entry_t' [-Wmissing-field-initializers]
coverage	Generate Coverage in Docker	2026-02-02T16:51:28.1557511Z    39 |     {0x31, 4, UDS_SESSION_ALL, 0, async_service_handler},
coverage	Generate Coverage in Docker	2026-02-02T16:51:28.1557967Z       |     ^
coverage	Generate Coverage in Docker	2026-02-02T16:51:28.1558323Z In file included from /app/include/uds/uds_core.h:13,
coverage	Generate Coverage in Docker	2026-02-02T16:51:28.1558831Z                  from /app/tests/unit/test_async.c:9:
coverage	Generate Coverage in Docker	2026-02-02T16:51:28.1559410Z /app/include/uds/uds_config.h:134:20: note: 'sub_mask' declared here
coverage	Generate Coverage in Docker	2026-02-02T16:51:28.1560262Z   134 |     const uint8_t *sub_mask; /**< Optional bitmask of supported 7-bit subfunctions (16 bytes) */
coverage	Generate Coverage in Docker	2026-02-02T16:51:28.1561327Z       |                    ^~~~~~~~
coverage	Generate Coverage in Docker	2026-02-02T16:51:28.1561773Z /app/tests/unit/test_async.c: In function 'setup_test':
coverage	Generate Coverage in Docker	2026-02-02T16:51:28.1563024Z /app/tests/unit/test_async.c:60:51: warning: initialization of 'unsigned char' from 'void *' makes integer from pointer without a cast [-Wint-conversion]
coverage	Generate Coverage in Docker	2026-02-02T16:51:28.1564192Z    60 |     static const uds_did_entry_t dids[] = {{0, 0, NULL, NULL, NULL}};
coverage	Generate Coverage in Docker	2026-02-02T16:51:28.1564775Z       |                                                   ^~~~
coverage	Generate Coverage in Docker	2026-02-02T16:51:28.1565649Z /app/tests/unit/test_async.c:60:51: note: (near initialization for 'dids[0].session_mask')
coverage	Generate Coverage in Docker	2026-02-02T16:51:28.1566953Z /app/tests/unit/test_async.c:60:57: warning: initialization of 'short unsigned int' from 'void *' makes integer from pointer without a cast [-Wint-conversion]
coverage	Generate Coverage in Docker	2026-02-02T16:51:28.1568134Z    60 |     static const uds_did_entry_t dids[] = {{0, 0, NULL, NULL, NULL}};
coverage	Generate Coverage in Docker	2026-02-02T16:51:28.1568722Z       |                                                         ^~~~
coverage	Generate Coverage in Docker	2026-02-02T16:51:28.1569418Z /app/tests/unit/test_async.c:60:57: note: (near initialization for 'dids[0].security_mask')
coverage	Generate Coverage in Docker	2026-02-02T16:51:28.1570596Z /app/tests/unit/test_async.c:60:5: warning: missing initializer for field 'write' of 'uds_did_entry_t' [-Wmissing-field-initializers]
coverage	Generate Coverage in Docker	2026-02-02T16:51:28.1571667Z    60 |     static const uds_did_entry_t dids[] = {{0, 0, NULL, NULL, NULL}};
coverage	Generate Coverage in Docker	2026-02-02T16:51:28.1572200Z       |     ^~~~~~
coverage	Generate Coverage in Docker	2026-02-02T16:51:28.1572774Z In file included from /app/include/uds/uds_core.h:13,
coverage	Generate Coverage in Docker	2026-02-02T16:51:28.1573294Z                  from /app/tests/unit/test_async.c:9:
coverage	Generate Coverage in Docker	2026-02-02T16:51:28.1573859Z /app/include/uds/uds_config.h:91:22: note: 'write' declared here
coverage	Generate Coverage in Docker	2026-02-02T16:51:28.1574544Z    91 |     uds_did_write_fn write; /**< Optional: Dynamic write callback */
coverage	Generate Coverage in Docker	2026-02-02T16:51:28.1575108Z       |                      ^~~~~
coverage	Generate Coverage in Docker	2026-02-02T16:51:28.1575908Z /app/tests/unit/test_async.c:42:31: warning: unused parameter 'state' [-Wunused-parameter]
coverage	Generate Coverage in Docker	2026-02-02T16:51:28.1576637Z    42 | static void setup_test(void **state)
coverage	Generate Coverage in Docker	2026-02-02T16:51:28.1577058Z       |                        ~~~~~~~^~~~~
coverage	Generate Coverage in Docker	2026-02-02T16:51:28.1821230Z [ 81%] Building C object tests/CMakeFiles/test_nvm_persistence.dir/unit/test_helpers.c.o
coverage	Generate Coverage in Docker	2026-02-02T16:51:28.1824622Z [ 81%] Building C object tests/CMakeFiles/test_compliance_suppress.dir/unit/test_helpers.c.o
coverage	Generate Coverage in Docker	2026-02-02T16:51:28.1927645Z [ 82%] Linking C executable test_async
coverage	Generate Coverage in Docker	2026-02-02T16:51:28.1998856Z [ 83%] Building C object tests/CMakeFiles/test_service_10_prog.dir/unit/test_service_10_prog.c.o
coverage	Generate Coverage in Docker	2026-02-02T16:51:28.2219308Z [ 85%] Linking C executable test_compliance_suppress
coverage	Generate Coverage in Docker	2026-02-02T16:51:28.2222219Z [ 85%] Linking C executable test_nvm_persistence
coverage	Generate Coverage in Docker	2026-02-02T16:51:28.2431939Z [ 86%] Building C object tests/CMakeFiles/test_service_10_prog.dir/unit/test_helpers.c.o
coverage	Generate Coverage in Docker	2026-02-02T16:51:28.2434364Z [ 86%] Built target test_async
coverage	Generate Coverage in Docker	2026-02-02T16:51:28.2700222Z [ 87%] Building C object tests/CMakeFiles/test_service_34_flex.dir/unit/test_service_34_flex.c.o
coverage	Generate Coverage in Docker	2026-02-02T16:51:28.2721213Z [ 87%] Built target test_nvm_persistence
coverage	Generate Coverage in Docker	2026-02-02T16:51:28.2726589Z [ 87%] Built target test_compliance_suppress
coverage	Generate Coverage in Docker	2026-02-02T16:51:28.2839686Z [ 88%] Building C object tests/CMakeFiles/test_service_34_flex.dir/unit/test_helpers.c.o
coverage	Generate Coverage in Docker	2026-02-02T16:51:28.2846695Z [ 89%] Linking C executable test_service_10_prog
coverage	Generate Coverage in Docker	2026-02-02T16:51:28.2964555Z [ 89%] Building C object tests/CMakeFiles/test_rcrrp_limit.dir/unit/test_rcrrp_limit.c.o
coverage	Generate Coverage in Docker	2026-02-02T16:51:28.3250346Z [ 90%] Linking C executable test_service_34_flex
coverage	Generate Coverage in Docker	2026-02-02T16:51:28.3293103Z [ 91%] Building C object tests/CMakeFiles/test_compliance_pass2.dir/unit/test_compliance_pass2.c.o
coverage	Generate Coverage in Docker	2026-02-02T16:51:28.3368996Z [ 91%] Built target test_service_10_prog
coverage	Generate Coverage in Docker	2026-02-02T16:51:28.3436714Z [ 92%] Building C object tests/CMakeFiles/test_rcrrp_limit.dir/unit/test_helpers.c.o
coverage	Generate Coverage in Docker	2026-02-02T16:51:28.3496379Z [ 93%] Building C object tests/CMakeFiles/test_compliance_pass2.dir/unit/test_helpers.c.o
coverage	Generate Coverage in Docker	2026-02-02T16:51:28.3773166Z [ 93%] Built target test_service_34_flex
coverage	Generate Coverage in Docker	2026-02-02T16:51:28.3811492Z [ 94%] Linking C executable test_rcrrp_limit
coverage	Generate Coverage in Docker	2026-02-02T16:51:28.3905662Z [ 95%] Linking C executable test_compliance_pass2
coverage	Generate Coverage in Docker	2026-02-02T16:51:28.3929434Z [ 96%] Building C object tests/CMakeFiles/test_compliance_pass3.dir/unit/test_compliance_pass3.c.o
coverage	Generate Coverage in Docker	2026-02-02T16:51:28.4028784Z [ 97%] Building C object tests/CMakeFiles/test_integration.dir/integration/test_integration.c.o
coverage	Generate Coverage in Docker	2026-02-02T16:51:28.4339796Z [ 97%] Built target test_rcrrp_limit
coverage	Generate Coverage in Docker	2026-02-02T16:51:28.4446569Z [ 97%] Built target test_compliance_pass2
coverage	Generate Coverage in Docker	2026-02-02T16:51:28.4454376Z [ 98%] Linking C executable test_compliance_pass3
coverage	Generate Coverage in Docker	2026-02-02T16:51:28.4470655Z [ 99%] Building C object tests/CMakeFiles/test_integration.dir/unit/test_helpers.c.o
coverage	Generate Coverage in Docker	2026-02-02T16:51:28.4760061Z [100%] Linking C executable test_integration
coverage	Generate Coverage in Docker	2026-02-02T16:51:28.4835338Z [100%] Built target test_compliance_pass3
coverage	Generate Coverage in Docker	2026-02-02T16:51:28.5128094Z [100%] Built target test_integration
coverage	Generate Coverage in Docker	2026-02-02T16:51:28.5242061Z === Running Tests for Coverage ===
coverage	Generate Coverage in Docker	2026-02-02T16:51:28.5242834Z === Running Tests for Coverage ===
coverage	Generate Coverage in Docker	2026-02-02T16:51:28.5314201Z Test project /app/build_coverage
coverage	Generate Coverage in Docker	2026-02-02T16:51:28.5323143Z       Start  1: test_core
coverage	Generate Coverage in Docker	2026-02-02T16:51:28.5342686Z  1/32 Test  #1: test_core ........................   Passed    0.00 sec
coverage	Generate Coverage in Docker	2026-02-02T16:51:28.5343660Z       Start  2: test_service_10
coverage	Generate Coverage in Docker	2026-02-02T16:51:28.5360670Z  2/32 Test  #2: test_service_10 ..................   Passed    0.00 sec
coverage	Generate Coverage in Docker	2026-02-02T16:51:28.5362102Z       Start  3: test_service_22
coverage	Generate Coverage in Docker	2026-02-02T16:51:28.5378940Z  3/32 Test  #3: test_service_22 ..................   Passed    0.00 sec
coverage	Generate Coverage in Docker	2026-02-02T16:51:28.5379514Z       Start  4: test_service_27
coverage	Generate Coverage in Docker	2026-02-02T16:51:28.5396908Z  4/32 Test  #4: test_service_27 ..................   Passed    0.00 sec
coverage	Generate Coverage in Docker	2026-02-02T16:51:28.5397730Z       Start  5: test_service_3E
coverage	Generate Coverage in Docker	2026-02-02T16:51:28.5414748Z  5/32 Test  #5: test_service_3E ..................   Passed    0.00 sec
coverage	Generate Coverage in Docker	2026-02-02T16:51:28.5415416Z       Start  6: test_service_11
coverage	Generate Coverage in Docker	2026-02-02T16:51:28.5431545Z  6/32 Test  #6: test_service_11 ..................   Passed    0.00 sec
coverage	Generate Coverage in Docker	2026-02-02T16:51:28.5432180Z       Start  7: test_service_28
coverage	Generate Coverage in Docker	2026-02-02T16:51:28.5449673Z  7/32 Test  #7: test_service_28 ..................   Passed    0.00 sec
coverage	Generate Coverage in Docker	2026-02-02T16:51:28.5450346Z       Start  8: test_service_did
coverage	Generate Coverage in Docker	2026-02-02T16:51:28.5468155Z  8/32 Test  #8: test_service_did .................   Passed    0.00 sec
coverage	Generate Coverage in Docker	2026-02-02T16:51:28.5468725Z       Start  9: test_timing
coverage	Generate Coverage in Docker	2026-02-02T16:51:28.5486390Z  9/32 Test  #9: test_timing ......................   Passed    0.00 sec
coverage	Generate Coverage in Docker	2026-02-02T16:51:28.5487644Z       Start 10: test_service_29
coverage	Generate Coverage in Docker	2026-02-02T16:51:28.5505236Z 10/32 Test #10: test_service_29 ..................   Passed    0.00 sec
coverage	Generate Coverage in Docker	2026-02-02T16:51:28.5506162Z       Start 11: test_service_dtc
coverage	Generate Coverage in Docker	2026-02-02T16:51:28.5523618Z 11/32 Test #11: test_service_dtc .................   Passed    0.00 sec
coverage	Generate Coverage in Docker	2026-02-02T16:51:28.5524132Z       Start 12: test_service_flash
coverage	Generate Coverage in Docker	2026-02-02T16:51:28.5541027Z 12/32 Test #12: test_service_flash ...............   Passed    0.00 sec
coverage	Generate Coverage in Docker	2026-02-02T16:51:28.5541763Z       Start 13: test_service_mem
coverage	Generate Coverage in Docker	2026-02-02T16:51:28.5558993Z 13/32 Test #13: test_service_mem .................   Passed    0.00 sec
coverage	Generate Coverage in Docker	2026-02-02T16:51:28.5559568Z       Start 14: test_osal
coverage	Generate Coverage in Docker	2026-02-02T16:51:28.5577701Z 14/32 Test #14: test_osal ........................   Passed    0.00 sec
coverage	Generate Coverage in Docker	2026-02-02T16:51:28.5578130Z       Start 15: test_endian
coverage	Generate Coverage in Docker	2026-02-02T16:51:28.5595416Z 15/32 Test #15: test_endian ......................   Passed    0.00 sec
coverage	Generate Coverage in Docker	2026-02-02T16:51:28.5595950Z       Start 16: test_fuzz_core
coverage	Generate Coverage in Docker	2026-02-02T16:51:28.5613732Z 16/32 Test #16: test_fuzz_core ...................   Passed    0.00 sec
coverage	Generate Coverage in Docker	2026-02-02T16:51:28.5614480Z       Start 17: test_transport
coverage	Generate Coverage in Docker	2026-02-02T16:51:28.5632160Z 17/32 Test #17: test_transport ...................   Passed    0.00 sec
coverage	Generate Coverage in Docker	2026-02-02T16:51:28.5632868Z       Start 18: test_service_negative
coverage	Generate Coverage in Docker	2026-02-02T16:51:28.5652293Z 18/32 Test #18: test_service_negative ............   Passed    0.00 sec
coverage	Generate Coverage in Docker	2026-02-02T16:51:28.5653041Z       Start 19: test_tp_flow_control
coverage	Generate Coverage in Docker	2026-02-02T16:51:28.5670314Z 19/32 Test #19: test_tp_flow_control .............   Passed    0.00 sec
coverage	Generate Coverage in Docker	2026-02-02T16:51:28.5671206Z       Start 20: test_nrc_priority
coverage	Generate Coverage in Docker	2026-02-02T16:51:28.5689325Z 20/32 Test #20: test_nrc_priority ................   Passed    0.00 sec
coverage	Generate Coverage in Docker	2026-02-02T16:51:28.5689928Z       Start 21: test_concurrency
coverage	Generate Coverage in Docker	2026-02-02T16:51:28.5707759Z 21/32 Test #21: test_concurrency .................   Passed    0.00 sec
coverage	Generate Coverage in Docker	2026-02-02T16:51:28.5708630Z       Start 22: test_service_2E
coverage	Generate Coverage in Docker	2026-02-02T16:51:28.5727667Z 22/32 Test #22: test_service_2E ..................   Passed    0.00 sec
coverage	Generate Coverage in Docker	2026-02-02T16:51:28.5728289Z       Start 23: test_safety_gate
coverage	Generate Coverage in Docker	2026-02-02T16:51:28.5746138Z 23/32 Test #23: test_safety_gate .................   Passed    0.00 sec
coverage	Generate Coverage in Docker	2026-02-02T16:51:28.5746726Z       Start 24: test_async
coverage	Generate Coverage in Docker	2026-02-02T16:51:28.5764137Z 24/32 Test #24: test_async .......................   Passed    0.00 sec
coverage	Generate Coverage in Docker	2026-02-02T16:51:28.5764738Z       Start 25: test_nvm_persistence
coverage	Generate Coverage in Docker	2026-02-02T16:51:28.5781800Z 25/32 Test #25: test_nvm_persistence .............   Passed    0.00 sec
coverage	Generate Coverage in Docker	2026-02-02T16:51:28.5782739Z       Start 26: test_compliance_suppress
coverage	Generate Coverage in Docker	2026-02-02T16:51:28.5799682Z 26/32 Test #26: test_compliance_suppress .........   Passed    0.00 sec
coverage	Generate Coverage in Docker	2026-02-02T16:51:28.5800452Z       Start 27: test_service_10_prog
coverage	Generate Coverage in Docker	2026-02-02T16:51:28.5817414Z 27/32 Test #27: test_service_10_prog .............   Passed    0.00 sec
coverage	Generate Coverage in Docker	2026-02-02T16:51:28.5818017Z       Start 28: test_service_34_flex
coverage	Generate Coverage in Docker	2026-02-02T16:51:28.5834532Z 28/32 Test #28: test_service_34_flex .............   Passed    0.00 sec
coverage	Generate Coverage in Docker	2026-02-02T16:51:28.5835201Z       Start 29: test_rcrrp_limit
coverage	Generate Coverage in Docker	2026-02-02T16:51:28.5852749Z 29/32 Test #29: test_rcrrp_limit .................   Passed    0.00 sec
coverage	Generate Coverage in Docker	2026-02-02T16:51:28.5853345Z       Start 30: test_compliance_pass2
coverage	Generate Coverage in Docker	2026-02-02T16:51:28.5870311Z 30/32 Test #30: test_compliance_pass2 ............   Passed    0.00 sec
coverage	Generate Coverage in Docker	2026-02-02T16:51:28.5871824Z       Start 31: test_compliance_pass3
coverage	Generate Coverage in Docker	2026-02-02T16:51:28.5889182Z 31/32 Test #31: test_compliance_pass3 ............   Passed    0.00 sec
coverage	Generate Coverage in Docker	2026-02-02T16:51:28.5889833Z       Start 32: test_integration
coverage	Generate Coverage in Docker	2026-02-02T16:51:28.5906899Z 32/32 Test #32: test_integration .................   Passed    0.00 sec
coverage	Generate Coverage in Docker	2026-02-02T16:51:28.5909885Z 
coverage	Generate Coverage in Docker	2026-02-02T16:51:28.5910256Z 100% tests passed, 0 tests failed out of 32
coverage	Generate Coverage in Docker	2026-02-02T16:51:28.5910716Z 
coverage	Generate Coverage in Docker	2026-02-02T16:51:28.5968944Z Total Test time (real) =   0.06 sec
coverage	Generate Coverage in Docker	2026-02-02T16:51:28.5969666Z === Generating LCOV Reports ===
coverage	Generate Coverage in Docker	2026-02-02T16:51:28.6364790Z Capturing coverage data from .
coverage	Generate Coverage in Docker	2026-02-02T16:51:28.6940322Z Subroutine read_intermediate_text redefined at /usr/bin/geninfo line 2623.
coverage	Generate Coverage in Docker	2026-02-02T16:51:28.6944234Z Subroutine read_intermediate_json redefined at /usr/bin/geninfo line 2655.
coverage	Generate Coverage in Docker	2026-02-02T16:51:28.6945147Z Subroutine intermediate_text_to_info redefined at /usr/bin/geninfo line 2703.
coverage	Generate Coverage in Docker	2026-02-02T16:51:28.6947792Z Subroutine intermediate_json_to_info redefined at /usr/bin/geninfo line 2792.
coverage	Generate Coverage in Docker	2026-02-02T16:51:28.6949270Z Subroutine get_output_fd redefined at /usr/bin/geninfo line 2872.
coverage	Generate Coverage in Docker	2026-02-02T16:51:28.6952483Z Subroutine print_gcov_warnings redefined at /usr/bin/geninfo line 2900.
coverage	Generate Coverage in Docker	2026-02-02T16:51:28.6956299Z Subroutine process_intermediate redefined at /usr/bin/geninfo line 2930.
coverage	Generate Coverage in Docker	2026-02-02T16:51:28.7058341Z Found gcov version: 11.4.0
coverage	Generate Coverage in Docker	2026-02-02T16:51:28.7074634Z Using intermediate gcov format
coverage	Generate Coverage in Docker	2026-02-02T16:51:28.7075067Z Scanning . for .gcda files ...
coverage	Generate Coverage in Docker	2026-02-02T16:51:28.7126767Z Found 71 data files in .
coverage	Generate Coverage in Docker	2026-02-02T16:51:28.7127315Z Processing CMakeFiles/uds.dir/src/services/uds_service_data.c.gcda
coverage	Generate Coverage in Docker	2026-02-02T16:51:28.7231334Z Processing CMakeFiles/uds.dir/src/services/uds_service_security.c.gcda
coverage	Generate Coverage in Docker	2026-02-02T16:51:28.7312042Z Processing CMakeFiles/uds.dir/src/services/uds_service_mem.c.gcda
coverage	Generate Coverage in Docker	2026-02-02T16:51:28.7384307Z Processing CMakeFiles/uds.dir/src/services/uds_service_flash.c.gcda
coverage	Generate Coverage in Docker	2026-02-02T16:51:28.7473523Z Processing CMakeFiles/uds.dir/src/services/uds_service_session.c.gcda
coverage	Generate Coverage in Docker	2026-02-02T16:51:28.7529116Z Processing CMakeFiles/uds.dir/src/services/uds_service_maintenance.c.gcda
coverage	Generate Coverage in Docker	2026-02-02T16:51:28.7646376Z Processing CMakeFiles/uds.dir/src/transport/uds_tp_isotp.c.gcda
coverage	Generate Coverage in Docker	2026-02-02T16:51:28.7779579Z Processing CMakeFiles/uds.dir/src/core/uds_core.c.gcda
coverage	Generate Coverage in Docker	2026-02-02T16:51:28.8034358Z Processing tests/CMakeFiles/test_service_34_flex.dir/unit/test_service_34_flex.c.gcda
coverage	Generate Coverage in Docker	2026-02-02T16:51:28.8091876Z Processing tests/CMakeFiles/test_service_34_flex.dir/unit/test_helpers.c.gcda
coverage	Generate Coverage in Docker	2026-02-02T16:51:28.8133419Z Processing tests/CMakeFiles/test_compliance_pass2.dir/unit/test_compliance_pass2.c.gcda
coverage	Generate Coverage in Docker	2026-02-02T16:51:28.8213667Z Processing tests/CMakeFiles/test_compliance_pass2.dir/unit/test_helpers.c.gcda
coverage	Generate Coverage in Docker	2026-02-02T16:51:28.8255771Z Processing tests/CMakeFiles/test_service_27.dir/unit/test_service_27.c.gcda
coverage	Generate Coverage in Docker	2026-02-02T16:51:28.8341138Z Processing tests/CMakeFiles/test_service_27.dir/unit/test_helpers.c.gcda
coverage	Generate Coverage in Docker	2026-02-02T16:51:28.8384652Z Processing tests/CMakeFiles/test_concurrency.dir/unit/test_concurrency.c.gcda
coverage	Generate Coverage in Docker	2026-02-02T16:51:28.8445706Z Processing tests/CMakeFiles/test_concurrency.dir/unit/test_helpers.c.gcda
coverage	Generate Coverage in Docker	2026-02-02T16:51:28.8488414Z Processing tests/CMakeFiles/test_service_11.dir/unit/test_service_11.c.gcda
coverage	Generate Coverage in Docker	2026-02-02T16:51:28.8553284Z Processing tests/CMakeFiles/test_service_11.dir/unit/test_helpers.c.gcda
coverage	Generate Coverage in Docker	2026-02-02T16:51:28.8595677Z Processing tests/CMakeFiles/test_rcrrp_limit.dir/unit/test_rcrrp_limit.c.gcda
coverage	Generate Coverage in Docker	2026-02-02T16:51:28.8659482Z Processing tests/CMakeFiles/test_rcrrp_limit.dir/unit/test_helpers.c.gcda
coverage	Generate Coverage in Docker	2026-02-02T16:51:28.8701877Z Processing tests/CMakeFiles/test_service_22.dir/unit/test_service_22.c.gcda
coverage	Generate Coverage in Docker	2026-02-02T16:51:28.8752044Z Processing tests/CMakeFiles/test_service_22.dir/unit/test_helpers.c.gcda
coverage	Generate Coverage in Docker	2026-02-02T16:51:28.8794329Z Processing tests/CMakeFiles/test_service_10.dir/unit/test_service_10.c.gcda
coverage	Generate Coverage in Docker	2026-02-02T16:51:28.8847036Z Processing tests/CMakeFiles/test_service_10.dir/unit/test_helpers.c.gcda
coverage	Generate Coverage in Docker	2026-02-02T16:51:28.8890181Z Processing tests/CMakeFiles/test_integration.dir/integration/test_integration.c.gcda
coverage	Generate Coverage in Docker	2026-02-02T16:51:28.8979346Z Processing tests/CMakeFiles/test_integration.dir/unit/test_helpers.c.gcda
coverage	Generate Coverage in Docker	2026-02-02T16:51:28.9020830Z Processing tests/CMakeFiles/test_compliance_pass3.dir/unit/test_compliance_pass3.c.gcda
coverage	Generate Coverage in Docker	2026-02-02T16:51:28.9105956Z Processing tests/CMakeFiles/test_timing.dir/unit/test_timing.c.gcda
coverage	Generate Coverage in Docker	2026-02-02T16:51:28.9151720Z Processing tests/CMakeFiles/test_timing.dir/unit/test_helpers.c.gcda
coverage	Generate Coverage in Docker	2026-02-02T16:51:28.9192890Z Processing tests/CMakeFiles/test_tp_flow_control.dir/unit/test_tp_flow_control.c.gcda
coverage	Generate Coverage in Docker	2026-02-02T16:51:28.9268907Z Processing tests/CMakeFiles/test_tp_flow_control.dir/unit/test_helpers.c.gcda
coverage	Generate Coverage in Docker	2026-02-02T16:51:28.9309669Z Processing tests/CMakeFiles/test_compliance_suppress.dir/unit/test_compliance_suppress.c.gcda
coverage	Generate Coverage in Docker	2026-02-02T16:51:28.9360869Z Processing tests/CMakeFiles/test_compliance_suppress.dir/unit/test_helpers.c.gcda
coverage	Generate Coverage in Docker	2026-02-02T16:51:28.9401955Z Processing tests/CMakeFiles/test_service_negative.dir/unit/test_service_negative.c.gcda
coverage	Generate Coverage in Docker	2026-02-02T16:51:28.9468364Z Processing tests/CMakeFiles/test_service_negative.dir/unit/test_helpers.c.gcda
coverage	Generate Coverage in Docker	2026-02-02T16:51:28.9509242Z Processing tests/CMakeFiles/test_service_3E.dir/unit/test_service_3E.c.gcda
coverage	Generate Coverage in Docker	2026-02-02T16:51:28.9553862Z Processing tests/CMakeFiles/test_service_3E.dir/unit/test_helpers.c.gcda
coverage	Generate Coverage in Docker	2026-02-02T16:51:28.9595539Z Processing tests/CMakeFiles/test_service_2E.dir/unit/test_service_2E.c.gcda
coverage	Generate Coverage in Docker	2026-02-02T16:51:28.9671416Z Processing tests/CMakeFiles/test_service_2E.dir/unit/test_helpers.c.gcda
coverage	Generate Coverage in Docker	2026-02-02T16:51:28.9712607Z Processing tests/CMakeFiles/test_core.dir/unit/test_helpers.c.gcda
coverage	Generate Coverage in Docker	2026-02-02T16:51:28.9753181Z Processing tests/CMakeFiles/test_core.dir/test_core.c.gcda
coverage	Generate Coverage in Docker	2026-02-02T16:51:28.9836130Z Processing tests/CMakeFiles/test_fuzz_core.dir/unit/test_fuzz_core.c.gcda
coverage	Generate Coverage in Docker	2026-02-02T16:51:28.9889439Z Processing tests/CMakeFiles/test_fuzz_core.dir/unit/test_helpers.c.gcda
coverage	Generate Coverage in Docker	2026-02-02T16:51:28.9930114Z Processing tests/CMakeFiles/test_endian.dir/unit/test_endian.c.gcda
coverage	Generate Coverage in Docker	2026-02-02T16:51:28.9986921Z Processing tests/CMakeFiles/test_endian.dir/unit/test_helpers.c.gcda
coverage	Generate Coverage in Docker	2026-02-02T16:51:29.0028505Z Processing tests/CMakeFiles/test_transport.dir/unit/test_transport.c.gcda
coverage	Generate Coverage in Docker	2026-02-02T16:51:29.0113137Z Processing tests/CMakeFiles/test_transport.dir/unit/test_helpers.c.gcda
coverage	Generate Coverage in Docker	2026-02-02T16:51:29.0153545Z Processing tests/CMakeFiles/test_service_29.dir/unit/test_service_29.c.gcda
coverage	Generate Coverage in Docker	2026-02-02T16:51:29.0218166Z Processing tests/CMakeFiles/test_service_29.dir/unit/test_helpers.c.gcda
coverage	Generate Coverage in Docker	2026-02-02T16:51:29.0259159Z Processing tests/CMakeFiles/test_service_flash.dir/unit/test_service_flash.c.gcda
coverage	Generate Coverage in Docker	2026-02-02T16:51:29.0315322Z Processing tests/CMakeFiles/test_service_flash.dir/unit/test_helpers.c.gcda
coverage	Generate Coverage in Docker	2026-02-02T16:51:29.0356687Z Processing tests/CMakeFiles/test_nrc_priority.dir/unit/test_nrc_priority.c.gcda
coverage	Generate Coverage in Docker	2026-02-02T16:51:29.0415005Z Processing tests/CMakeFiles/test_nrc_priority.dir/unit/test_helpers.c.gcda
coverage	Generate Coverage in Docker	2026-02-02T16:51:29.0455958Z Processing tests/CMakeFiles/test_nvm_persistence.dir/unit/test_nvm_persistence.c.gcda
coverage	Generate Coverage in Docker	2026-02-02T16:51:29.0543016Z Processing tests/CMakeFiles/test_nvm_persistence.dir/unit/test_helpers.c.gcda
coverage	Generate Coverage in Docker	2026-02-02T16:51:29.0587729Z Processing tests/CMakeFiles/test_osal.dir/unit/test_osal.c.gcda
coverage	Generate Coverage in Docker	2026-02-02T16:51:29.0648086Z Processing tests/CMakeFiles/test_osal.dir/unit/test_helpers.c.gcda
coverage	Generate Coverage in Docker	2026-02-02T16:51:29.0692147Z Processing tests/CMakeFiles/test_service_did.dir/unit/test_service_did.c.gcda
coverage	Generate Coverage in Docker	2026-02-02T16:51:29.0812107Z Processing tests/CMakeFiles/test_service_did.dir/unit/test_helpers.c.gcda
coverage	Generate Coverage in Docker	2026-02-02T16:51:29.0860381Z Processing tests/CMakeFiles/test_service_28.dir/unit/test_service_28.c.gcda
coverage	Generate Coverage in Docker	2026-02-02T16:51:29.0943113Z Processing tests/CMakeFiles/test_service_28.dir/unit/test_helpers.c.gcda
coverage	Generate Coverage in Docker	2026-02-02T16:51:29.0990160Z Processing tests/CMakeFiles/test_service_dtc.dir/unit/test_service_dtc.c.gcda
coverage	Generate Coverage in Docker	2026-02-02T16:51:29.1041653Z Processing tests/CMakeFiles/test_service_dtc.dir/unit/test_helpers.c.gcda
coverage	Generate Coverage in Docker	2026-02-02T16:51:29.1083578Z Processing tests/CMakeFiles/test_safety_gate.dir/unit/test_safety_gate.c.gcda
coverage	Generate Coverage in Docker	2026-02-02T16:51:29.1156574Z Processing tests/CMakeFiles/test_safety_gate.dir/unit/test_helpers.c.gcda
coverage	Generate Coverage in Docker	2026-02-02T16:51:29.1198119Z Processing tests/CMakeFiles/test_async.dir/unit/test_async.c.gcda
coverage	Generate Coverage in Docker	2026-02-02T16:51:29.1261830Z Processing tests/CMakeFiles/test_async.dir/unit/test_helpers.c.gcda
coverage	Generate Coverage in Docker	2026-02-02T16:51:29.1303345Z Processing tests/CMakeFiles/test_service_mem.dir/unit/test_service_mem.c.gcda
coverage	Generate Coverage in Docker	2026-02-02T16:51:29.1382973Z Processing tests/CMakeFiles/test_service_mem.dir/unit/test_helpers.c.gcda
coverage	Generate Coverage in Docker	2026-02-02T16:51:29.1424585Z Processing tests/CMakeFiles/test_service_10_prog.dir/unit/test_service_10_prog.c.gcda
coverage	Generate Coverage in Docker	2026-02-02T16:51:29.1473446Z Processing tests/CMakeFiles/test_service_10_prog.dir/unit/test_helpers.c.gcda
coverage	Generate Coverage in Docker	2026-02-02T16:51:29.1527751Z Finished .info-file creation
coverage	Generate Coverage in Docker	2026-02-02T16:51:29.2072280Z Reading tracefile coverage.info
coverage	Generate Coverage in Docker	2026-02-02T16:51:29.2072942Z Deleted 0 files
coverage	Generate Coverage in Docker	2026-02-02T16:51:29.2073283Z Writing data to coverage_filtered.info
coverage	Generate Coverage in Docker	2026-02-02T16:51:29.2073684Z Summary coverage rate:
coverage	Generate Coverage in Docker	2026-02-02T16:51:29.2074034Z   lines......: 91.0% (2165 of 2378 lines)
coverage	Generate Coverage in Docker	2026-02-02T16:51:29.2074493Z   functions..: 94.9% (241 of 254 functions)
coverage	Generate Coverage in Docker	2026-02-02T16:51:29.2074905Z   branches...: no data found
coverage	Generate Coverage in Docker	2026-02-02T16:51:29.2084985Z === Generating HTML Report ===
coverage	Generate Coverage in Docker	2026-02-02T16:51:29.2579970Z Reading data file coverage_filtered.info
coverage	Generate Coverage in Docker	2026-02-02T16:51:29.2580426Z Found 41 entries.
coverage	Generate Coverage in Docker	2026-02-02T16:51:29.2580669Z Found common filename prefix "/app"
coverage	Generate Coverage in Docker	2026-02-02T16:51:29.2580973Z Writing .css and .png files.
coverage	Generate Coverage in Docker	2026-02-02T16:51:29.2581224Z Generating output.
coverage	Generate Coverage in Docker	2026-02-02T16:51:29.2633789Z Processing file src/core/uds_core.c
coverage	Generate Coverage in Docker	2026-02-02T16:51:29.2728164Z Processing file src/services/uds_service_data.c
coverage	Generate Coverage in Docker	2026-02-02T16:51:29.2728832Z Processing file src/services/uds_service_maintenance.c
coverage	Generate Coverage in Docker	2026-02-02T16:51:29.2729538Z Processing file src/services/uds_service_session.c
coverage	Generate Coverage in Docker	2026-02-02T16:51:29.2730148Z Processing file src/services/uds_service_flash.c
coverage	Generate Coverage in Docker	2026-02-02T16:51:29.2730649Z Processing file src/services/uds_service_mem.c
coverage	Generate Coverage in Docker	2026-02-02T16:51:29.2731042Z Processing file src/services/uds_service_security.c
coverage	Generate Coverage in Docker	2026-02-02T16:51:29.2768882Z Processing file src/transport/uds_tp_isotp.c
coverage	Generate Coverage in Docker	2026-02-02T16:51:29.2805442Z Processing file tests/test_core.c
coverage	Generate Coverage in Docker	2026-02-02T16:51:29.2841860Z Processing file tests/integration/test_integration.c
coverage	Generate Coverage in Docker	2026-02-02T16:51:29.3221541Z Processing file tests/unit/test_service_10.c
coverage	Generate Coverage in Docker	2026-02-02T16:51:29.3222204Z Processing file tests/unit/test_service_did.c
coverage	Generate Coverage in Docker	2026-02-02T16:51:29.3222893Z Processing file tests/unit/test_service_22.c
coverage	Generate Coverage in Docker	2026-02-02T16:51:29.3223377Z Processing file tests/unit/test_compliance_suppress.c
coverage	Generate Coverage in Docker	2026-02-02T16:51:29.3224309Z Processing file tests/unit/test_service_dtc.c
coverage	Generate Coverage in Docker	2026-02-02T16:51:29.3224811Z Processing file tests/unit/test_service_3E.c
coverage	Generate Coverage in Docker	2026-02-02T16:51:29.3225286Z Processing file tests/unit/test_service_2E.c
coverage	Generate Coverage in Docker	2026-02-02T16:51:29.3225719Z Processing file tests/unit/test_service_29.c
coverage	Generate Coverage in Docker	2026-02-02T16:51:29.3226201Z Processing file tests/unit/test_service_mem.c
coverage	Generate Coverage in Docker	2026-02-02T16:51:29.3226686Z Processing file tests/unit/test_transport.c
coverage	Generate Coverage in Docker	2026-02-02T16:51:29.3227120Z Processing file tests/unit/test_fuzz_core.c
coverage	Generate Coverage in Docker	2026-02-02T16:51:29.3227580Z Processing file tests/unit/test_tp_flow_control.c
coverage	Generate Coverage in Docker	2026-02-02T16:51:29.3228033Z Processing file tests/unit/test_rcrrp_limit.c
coverage	Generate Coverage in Docker	2026-02-02T16:51:29.3228470Z Processing file tests/unit/test_safety_gate.c
coverage	Generate Coverage in Docker	2026-02-02T16:51:29.3228959Z Processing file tests/unit/test_concurrency.c
coverage	Generate Coverage in Docker	2026-02-02T16:51:29.3229417Z Processing file tests/unit/test_service_negative.c
coverage	Generate Coverage in Docker	2026-02-02T16:51:29.3229900Z Processing file tests/unit/test_compliance_pass3.c
coverage	Generate Coverage in Docker	2026-02-02T16:51:29.3230389Z Processing file tests/unit/test_compliance_pass2.c
coverage	Generate Coverage in Docker	2026-02-02T16:51:29.3230856Z Processing file tests/unit/test_async.c
coverage	Generate Coverage in Docker	2026-02-02T16:51:29.3231283Z Processing file tests/unit/test_timing.c
coverage	Generate Coverage in Docker	2026-02-02T16:51:29.3231726Z Processing file tests/unit/test_osal.c
coverage	Generate Coverage in Docker	2026-02-02T16:51:29.3232129Z Processing file tests/unit/test_helpers.c
coverage	Generate Coverage in Docker	2026-02-02T16:51:29.3232790Z Processing file tests/unit/test_nvm_persistence.c
coverage	Generate Coverage in Docker	2026-02-02T16:51:29.3233296Z Processing file tests/unit/test_service_34_flex.c
coverage	Generate Coverage in Docker	2026-02-02T16:51:29.3233782Z Processing file tests/unit/test_service_flash.c
coverage	Generate Coverage in Docker	2026-02-02T16:51:29.3234271Z Processing file tests/unit/test_service_11.c
coverage	Generate Coverage in Docker	2026-02-02T16:51:29.3234733Z Processing file tests/unit/test_nrc_priority.c
coverage	Generate Coverage in Docker	2026-02-02T16:51:29.3235219Z Processing file tests/unit/test_service_10_prog.c
coverage	Generate Coverage in Docker	2026-02-02T16:51:29.3235695Z Processing file tests/unit/test_service_28.c
coverage	Generate Coverage in Docker	2026-02-02T16:51:29.3236163Z Processing file tests/unit/test_service_27.c
coverage	Generate Coverage in Docker	2026-02-02T16:51:29.3236602Z Processing file tests/unit/test_endian.c
coverage	Generate Coverage in Docker	2026-02-02T16:51:29.3237016Z Writing directory view page.
coverage	Generate Coverage in Docker	2026-02-02T16:51:29.3237354Z Overall coverage rate:
coverage	Generate Coverage in Docker	2026-02-02T16:51:29.3237671Z   lines......: 91.0% (2165 of 2378 lines)
coverage	Generate Coverage in Docker	2026-02-02T16:51:29.3237967Z   functions..: 94.9% (241 of 254 functions)
coverage	Generate Coverage in Docker	2026-02-02T16:51:29.3240433Z 
coverage	Generate Coverage in Docker	2026-02-02T16:51:29.3241210Z ✅ Coverage report generated at: /app/scripts/../build_coverage/coverage_report/index.html
coverage	Upload Coverage	﻿2026-02-02T16:51:29.4143629Z ##[group]Run actions/upload-artifact@v4
coverage	Upload Coverage	2026-02-02T16:51:29.4143945Z with:
coverage	Upload Coverage	2026-02-02T16:51:29.4144148Z   name: coverage-report
coverage	Upload Coverage	2026-02-02T16:51:29.4144365Z   path: build_coverage/coverage_report/
coverage	Upload Coverage	2026-02-02T16:51:29.4144626Z   if-no-files-found: warn
coverage	Upload Coverage	2026-02-02T16:51:29.4144830Z   compression-level: 6
coverage	Upload Coverage	2026-02-02T16:51:29.4145020Z   overwrite: false
coverage	Upload Coverage	2026-02-02T16:51:29.4145201Z   include-hidden-files: false
coverage	Upload Coverage	2026-02-02T16:51:29.4145416Z ##[endgroup]
coverage	Upload Coverage	2026-02-02T16:51:29.6676147Z With the provided path, there will be 151 files uploaded
coverage	Upload Coverage	2026-02-02T16:51:29.6681853Z Artifact name is valid!
coverage	Upload Coverage	2026-02-02T16:51:29.6683464Z Root directory input is valid!
coverage	Upload Coverage	2026-02-02T16:51:29.7629856Z Beginning upload of artifact content to blob storage
coverage	Upload Coverage	2026-02-02T16:51:30.1728460Z Uploaded bytes 261048
coverage	Upload Coverage	2026-02-02T16:51:30.1997863Z Finished uploading artifact content to blob storage!
coverage	Upload Coverage	2026-02-02T16:51:30.2001013Z SHA256 digest of uploaded artifact zip is e46a0fe42c6bcb5d6fea324ce04e51f8d6205634bd982cd64aee679fa1032740
coverage	Upload Coverage	2026-02-02T16:51:30.2002860Z Finalizing artifact upload
coverage	Upload Coverage	2026-02-02T16:51:30.3805214Z Artifact coverage-report.zip successfully finalized. Artifact ID 5346590049
coverage	Upload Coverage	2026-02-02T16:51:30.3806743Z Artifact coverage-report has been successfully uploaded! Final size is 261048 bytes. Artifact ID is 5346590049
coverage	Upload Coverage	2026-02-02T16:51:30.3812883Z Artifact download URL: https://github.com/w1ne/udslib/actions/runs/21599152388/artifacts/5346590049
coverage	Post Run actions/checkout@v4	﻿2026-02-02T16:51:30.3998671Z Post job cleanup.
coverage	Post Run actions/checkout@v4	2026-02-02T16:51:30.5014135Z [command]/usr/bin/git version
coverage	Post Run actions/checkout@v4	2026-02-02T16:51:30.5057768Z git version 2.52.0
coverage	Post Run actions/checkout@v4	2026-02-02T16:51:30.5114429Z Temporarily overriding HOME='/home/runner/work/_temp/92300b0e-9459-4125-879b-444f5bc833d8' before making global git config changes
coverage	Post Run actions/checkout@v4	2026-02-02T16:51:30.5115760Z Adding repository directory to the temporary git global config as a safe directory
coverage	Post Run actions/checkout@v4	2026-02-02T16:51:30.5121337Z [command]/usr/bin/git config --global --add safe.directory /home/runner/work/udslib/udslib
coverage	Post Run actions/checkout@v4	2026-02-02T16:51:30.5164973Z [command]/usr/bin/git config --local --name-only --get-regexp core\.sshCommand
coverage	Post Run actions/checkout@v4	2026-02-02T16:51:30.5203966Z [command]/usr/bin/git submodule foreach --recursive sh -c "git config --local --name-only --get-regexp 'core\.sshCommand' && git config --local --unset-all 'core.sshCommand' || :"
coverage	Post Run actions/checkout@v4	2026-02-02T16:51:30.5436360Z fatal: No url found for submodule path 'external/iso14229' in .gitmodules
coverage	Post Run actions/checkout@v4	2026-02-02T16:51:30.5494787Z ##[warning]The process '/usr/bin/git' failed with exit code 128
coverage	Complete job	﻿2026-02-02T16:51:30.5594158Z Cleaning up orphan processes
build-posix	Set up job	﻿2026-02-02T16:50:47.6939344Z Current runner version: '2.331.0'
build-posix	Set up job	2026-02-02T16:50:47.6976393Z ##[group]Runner Image Provisioner
build-posix	Set up job	2026-02-02T16:50:47.6977739Z Hosted Compute Agent
build-posix	Set up job	2026-02-02T16:50:47.6978634Z Version: 20260123.484
build-posix	Set up job	2026-02-02T16:50:47.6979785Z Commit: 6bd6555ca37d84114959e1c76d2c01448ff61c5d
build-posix	Set up job	2026-02-02T16:50:47.6980968Z Build Date: 2026-01-23T19:41:17Z
build-posix	Set up job	2026-02-02T16:50:47.6982295Z Worker ID: {c52837ac-75fb-4026-8490-22470d712e77}
build-posix	Set up job	2026-02-02T16:50:47.6983673Z Azure Region: centralus
build-posix	Set up job	2026-02-02T16:50:47.6984625Z ##[endgroup]
build-posix	Set up job	2026-02-02T16:50:47.6986832Z ##[group]Operating System
build-posix	Set up job	2026-02-02T16:50:47.6987891Z Ubuntu
build-posix	Set up job	2026-02-02T16:50:47.6988725Z 24.04.3
build-posix	Set up job	2026-02-02T16:50:47.6989436Z LTS
build-posix	Set up job	2026-02-02T16:50:47.6990354Z ##[endgroup]
build-posix	Set up job	2026-02-02T16:50:47.6991204Z ##[group]Runner Image
build-posix	Set up job	2026-02-02T16:50:47.6992365Z Image: ubuntu-24.04
build-posix	Set up job	2026-02-02T16:50:47.6993375Z Version: 20260126.10.1
build-posix	Set up job	2026-02-02T16:50:47.6995165Z Included Software: https://github.com/actions/runner-images/blob/ubuntu24/20260126.10/images/ubuntu/Ubuntu2404-Readme.md
build-posix	Set up job	2026-02-02T16:50:47.6998142Z Image Release: https://github.com/actions/runner-images/releases/tag/ubuntu24%2F20260126.10
build-posix	Set up job	2026-02-02T16:50:47.6999868Z ##[endgroup]
build-posix	Set up job	2026-02-02T16:50:47.7001989Z ##[group]GITHUB_TOKEN Permissions
build-posix	Set up job	2026-02-02T16:50:47.7004923Z Contents: read
build-posix	Set up job	2026-02-02T16:50:47.7005747Z Metadata: read
build-posix	Set up job	2026-02-02T16:50:47.7006573Z Packages: read
build-posix	Set up job	2026-02-02T16:50:47.7007548Z ##[endgroup]
build-posix	Set up job	2026-02-02T16:50:47.7010277Z Secret source: Actions
build-posix	Set up job	2026-02-02T16:50:47.7012105Z Prepare workflow directory
build-posix	Set up job	2026-02-02T16:50:47.7358967Z Prepare all required actions
build-posix	Set up job	2026-02-02T16:50:47.7413816Z Getting action download info
build-posix	Set up job	2026-02-02T16:50:48.0907877Z Download action repository 'actions/checkout@v4' (SHA:34e114876b0b11c390a56381ad16ebd13914f8d5)
build-posix	Set up job	2026-02-02T16:50:48.1879745Z Download action repository 'actions/upload-artifact@v4' (SHA:ea165f8d65b6e75b540449e92b4886f43607fa02)
build-posix	Set up job	2026-02-02T16:50:48.4014278Z Complete job name: build-posix
build-posix	Run actions/checkout@v4	﻿2026-02-02T16:50:48.4721208Z ##[group]Run actions/checkout@v4
build-posix	Run actions/checkout@v4	2026-02-02T16:50:48.4722531Z with:
build-posix	Run actions/checkout@v4	2026-02-02T16:50:48.4723000Z   repository: w1ne/udslib
build-posix	Run actions/checkout@v4	2026-02-02T16:50:48.4723667Z   token: ***
build-posix	Run actions/checkout@v4	2026-02-02T16:50:48.4724092Z   ssh-strict: true
build-posix	Run actions/checkout@v4	2026-02-02T16:50:48.4724505Z   ssh-user: git
build-posix	Run actions/checkout@v4	2026-02-02T16:50:48.4724938Z   persist-credentials: true
build-posix	Run actions/checkout@v4	2026-02-02T16:50:48.4725412Z   clean: true
build-posix	Run actions/checkout@v4	2026-02-02T16:50:48.4725843Z   sparse-checkout-cone-mode: true
build-posix	Run actions/checkout@v4	2026-02-02T16:50:48.4726350Z   fetch-depth: 1
build-posix	Run actions/checkout@v4	2026-02-02T16:50:48.4726775Z   fetch-tags: false
build-posix	Run actions/checkout@v4	2026-02-02T16:50:48.4727203Z   show-progress: true
build-posix	Run actions/checkout@v4	2026-02-02T16:50:48.4727651Z   lfs: false
build-posix	Run actions/checkout@v4	2026-02-02T16:50:48.4728049Z   submodules: false
build-posix	Run actions/checkout@v4	2026-02-02T16:50:48.4728584Z   set-safe-directory: true
build-posix	Run actions/checkout@v4	2026-02-02T16:50:48.4729332Z ##[endgroup]
build-posix	Run actions/checkout@v4	2026-02-02T16:50:48.5839086Z Syncing repository: w1ne/udslib
build-posix	Run actions/checkout@v4	2026-02-02T16:50:48.5842395Z ##[group]Getting Git version info
build-posix	Run actions/checkout@v4	2026-02-02T16:50:48.5843729Z Working directory is '/home/runner/work/udslib/udslib'
build-posix	Run actions/checkout@v4	2026-02-02T16:50:48.5845576Z [command]/usr/bin/git version
build-posix	Run actions/checkout@v4	2026-02-02T16:50:48.5922428Z git version 2.52.0
build-posix	Run actions/checkout@v4	2026-02-02T16:50:48.5949200Z ##[endgroup]
build-posix	Run actions/checkout@v4	2026-02-02T16:50:48.5964780Z Temporarily overriding HOME='/home/runner/work/_temp/4ff54c42-b2a8-4b5b-b6f3-fb3bcc431a1b' before making global git config changes
build-posix	Run actions/checkout@v4	2026-02-02T16:50:48.5967517Z Adding repository directory to the temporary git global config as a safe directory
build-posix	Run actions/checkout@v4	2026-02-02T16:50:48.5970767Z [command]/usr/bin/git config --global --add safe.directory /home/runner/work/udslib/udslib
build-posix	Run actions/checkout@v4	2026-02-02T16:50:48.6010945Z Deleting the contents of '/home/runner/work/udslib/udslib'
build-posix	Run actions/checkout@v4	2026-02-02T16:50:48.6015460Z ##[group]Initializing the repository
build-posix	Run actions/checkout@v4	2026-02-02T16:50:48.6020017Z [command]/usr/bin/git init /home/runner/work/udslib/udslib
build-posix	Run actions/checkout@v4	2026-02-02T16:50:48.6141791Z hint: Using 'master' as the name for the initial branch. This default branch name
build-posix	Run actions/checkout@v4	2026-02-02T16:50:48.6143367Z hint: will change to "main" in Git 3.0. To configure the initial branch name
build-posix	Run actions/checkout@v4	2026-02-02T16:50:48.6144477Z hint: to use in all of your new repositories, which will suppress this warning,
build-posix	Run actions/checkout@v4	2026-02-02T16:50:48.6145265Z hint: call:
build-posix	Run actions/checkout@v4	2026-02-02T16:50:48.6146435Z hint:
build-posix	Run actions/checkout@v4	2026-02-02T16:50:48.6147347Z hint: 	git config --global init.defaultBranch <name>
build-posix	Run actions/checkout@v4	2026-02-02T16:50:48.6148417Z hint:
build-posix	Run actions/checkout@v4	2026-02-02T16:50:48.6149566Z hint: Names commonly chosen instead of 'master' are 'main', 'trunk' and
build-posix	Run actions/checkout@v4	2026-02-02T16:50:48.6151491Z hint: 'development'. The just-created branch can be renamed via this command:
build-posix	Run actions/checkout@v4	2026-02-02T16:50:48.6153239Z hint:
build-posix	Run actions/checkout@v4	2026-02-02T16:50:48.6154214Z hint: 	git branch -m <name>
build-posix	Run actions/checkout@v4	2026-02-02T16:50:48.6155106Z hint:
build-posix	Run actions/checkout@v4	2026-02-02T16:50:48.6156264Z hint: Disable this message with "git config set advice.defaultBranchName false"
build-posix	Run actions/checkout@v4	2026-02-02T16:50:48.6158221Z Initialized empty Git repository in /home/runner/work/udslib/udslib/.git/
build-posix	Run actions/checkout@v4	2026-02-02T16:50:48.6161406Z [command]/usr/bin/git remote add origin https://github.com/w1ne/udslib
build-posix	Run actions/checkout@v4	2026-02-02T16:50:48.6195377Z ##[endgroup]
build-posix	Run actions/checkout@v4	2026-02-02T16:50:48.6196760Z ##[group]Disabling automatic garbage collection
build-posix	Run actions/checkout@v4	2026-02-02T16:50:48.6200314Z [command]/usr/bin/git config --local gc.auto 0
build-posix	Run actions/checkout@v4	2026-02-02T16:50:48.6228575Z ##[endgroup]
build-posix	Run actions/checkout@v4	2026-02-02T16:50:48.6229987Z ##[group]Setting up auth
build-posix	Run actions/checkout@v4	2026-02-02T16:50:48.6236361Z [command]/usr/bin/git config --local --name-only --get-regexp core\.sshCommand
build-posix	Run actions/checkout@v4	2026-02-02T16:50:48.6267316Z [command]/usr/bin/git submodule foreach --recursive sh -c "git config --local --name-only --get-regexp 'core\.sshCommand' && git config --local --unset-all 'core.sshCommand' || :"
build-posix	Run actions/checkout@v4	2026-02-02T16:50:48.6629509Z [command]/usr/bin/git config --local --name-only --get-regexp http\.https\:\/\/github\.com\/\.extraheader
build-posix	Run actions/checkout@v4	2026-02-02T16:50:48.6665641Z [command]/usr/bin/git submodule foreach --recursive sh -c "git config --local --name-only --get-regexp 'http\.https\:\/\/github\.com\/\.extraheader' && git config --local --unset-all 'http.https://github.com/.extraheader' || :"
build-posix	Run actions/checkout@v4	2026-02-02T16:50:48.6908984Z [command]/usr/bin/git config --local --name-only --get-regexp ^includeIf\.gitdir:
build-posix	Run actions/checkout@v4	2026-02-02T16:50:48.6951908Z [command]/usr/bin/git submodule foreach --recursive git config --local --show-origin --name-only --get-regexp remote.origin.url
build-posix	Run actions/checkout@v4	2026-02-02T16:50:48.7177059Z [command]/usr/bin/git config --local http.https://github.com/.extraheader AUTHORIZATION: basic ***
build-posix	Run actions/checkout@v4	2026-02-02T16:50:48.7211345Z ##[endgroup]
build-posix	Run actions/checkout@v4	2026-02-02T16:50:48.7213008Z ##[group]Fetching the repository
build-posix	Run actions/checkout@v4	2026-02-02T16:50:48.7220601Z [command]/usr/bin/git -c protocol.version=2 fetch --no-tags --prune --no-recurse-submodules --depth=1 origin +40d822c30f8dbeeed37cf7b979ab9a3ad8ce49cc:refs/remotes/pull/9/merge
build-posix	Run actions/checkout@v4	2026-02-02T16:50:49.0666013Z From https://github.com/w1ne/udslib
build-posix	Run actions/checkout@v4	2026-02-02T16:50:49.0667153Z  * [new ref]         40d822c30f8dbeeed37cf7b979ab9a3ad8ce49cc -> pull/9/merge
build-posix	Run actions/checkout@v4	2026-02-02T16:50:49.0698726Z ##[endgroup]
build-posix	Run actions/checkout@v4	2026-02-02T16:50:49.0699611Z ##[group]Determining the checkout info
build-posix	Run actions/checkout@v4	2026-02-02T16:50:49.0701112Z ##[endgroup]
build-posix	Run actions/checkout@v4	2026-02-02T16:50:49.0706426Z [command]/usr/bin/git sparse-checkout disable
build-posix	Run actions/checkout@v4	2026-02-02T16:50:49.0749087Z [command]/usr/bin/git config --local --unset-all extensions.worktreeConfig
build-posix	Run actions/checkout@v4	2026-02-02T16:50:49.0775409Z ##[group]Checking out the ref
build-posix	Run actions/checkout@v4	2026-02-02T16:50:49.0779740Z [command]/usr/bin/git checkout --progress --force refs/remotes/pull/9/merge
build-posix	Run actions/checkout@v4	2026-02-02T16:50:49.0891925Z Note: switching to 'refs/remotes/pull/9/merge'.
build-posix	Run actions/checkout@v4	2026-02-02T16:50:49.0892442Z 
build-posix	Run actions/checkout@v4	2026-02-02T16:50:49.0892876Z You are in 'detached HEAD' state. You can look around, make experimental
build-posix	Run actions/checkout@v4	2026-02-02T16:50:49.0893827Z changes and commit them, and you can discard any commits you make in this
build-posix	Run actions/checkout@v4	2026-02-02T16:50:49.0894755Z state without impacting any branches by switching back to a branch.
build-posix	Run actions/checkout@v4	2026-02-02T16:50:49.0895313Z 
build-posix	Run actions/checkout@v4	2026-02-02T16:50:49.0895682Z If you want to create a new branch to retain commits you create, you may
build-posix	Run actions/checkout@v4	2026-02-02T16:50:49.0897052Z do so (now or later) by using -c with the switch command. Example:
build-posix	Run actions/checkout@v4	2026-02-02T16:50:49.0898076Z 
build-posix	Run actions/checkout@v4	2026-02-02T16:50:49.0898521Z   git switch -c <new-branch-name>
build-posix	Run actions/checkout@v4	2026-02-02T16:50:49.0899212Z 
build-posix	Run actions/checkout@v4	2026-02-02T16:50:49.0899605Z Or undo this operation with:
build-posix	Run actions/checkout@v4	2026-02-02T16:50:49.0900251Z 
build-posix	Run actions/checkout@v4	2026-02-02T16:50:49.0900703Z   git switch -
build-posix	Run actions/checkout@v4	2026-02-02T16:50:49.0901791Z 
build-posix	Run actions/checkout@v4	2026-02-02T16:50:49.0902599Z Turn off this advice by setting config variable advice.detachedHead to false
build-posix	Run actions/checkout@v4	2026-02-02T16:50:49.0903729Z 
build-posix	Run actions/checkout@v4	2026-02-02T16:50:49.0905000Z HEAD is now at 40d822c Merge 529a7bfb443f8cf7c537190e2bf5a8813c513789 into 1a98c832c59b49c4c6bd2187edbf784dd7b090c6
build-posix	Run actions/checkout@v4	2026-02-02T16:50:49.0908648Z ##[endgroup]
build-posix	Run actions/checkout@v4	2026-02-02T16:50:49.0939745Z [command]/usr/bin/git log -1 --format=%H
build-posix	Run actions/checkout@v4	2026-02-02T16:50:49.0961417Z 40d822c30f8dbeeed37cf7b979ab9a3ad8ce49cc
build-posix	Build and Test in Docker	﻿2026-02-02T16:50:49.1160197Z ##[group]Run ./scripts/docker_run.sh bash -c "mkdir -p build_quality && cd build_quality && cmake .. && make && ctest --output-on-failure"
build-posix	Build and Test in Docker	2026-02-02T16:50:49.1162078Z [36;1m./scripts/docker_run.sh bash -c "mkdir -p build_quality && cd build_quality && cmake .. && make && ctest --output-on-failure"[0m
build-posix	Build and Test in Docker	2026-02-02T16:50:49.1197916Z shell: /usr/bin/bash -e {0}
build-posix	Build and Test in Docker	2026-02-02T16:50:49.1198456Z ##[endgroup]
build-posix	Build and Test in Docker	2026-02-02T16:50:49.1298239Z === Building Docker Image ===
build-posix	Build and Test in Docker	2026-02-02T16:50:49.7705439Z #0 building with "default" instance using docker driver
build-posix	Build and Test in Docker	2026-02-02T16:50:49.7706851Z 
build-posix	Build and Test in Docker	2026-02-02T16:50:49.7707457Z #1 [internal] load build definition from Dockerfile
build-posix	Build and Test in Docker	2026-02-02T16:50:49.7708797Z #1 transferring dockerfile: 700B done
build-posix	Build and Test in Docker	2026-02-02T16:50:49.7709765Z #1 DONE 0.0s
build-posix	Build and Test in Docker	2026-02-02T16:50:49.7710131Z 
build-posix	Build and Test in Docker	2026-02-02T16:50:49.7710723Z #2 [auth] library/ubuntu:pull token for registry-1.docker.io
build-posix	Build and Test in Docker	2026-02-02T16:50:49.9213189Z #2 DONE 0.0s
build-posix	Build and Test in Docker	2026-02-02T16:50:49.9213843Z 
build-posix	Build and Test in Docker	2026-02-02T16:50:49.9214421Z #3 [internal] load metadata for docker.io/library/ubuntu:22.04
build-posix	Build and Test in Docker	2026-02-02T16:50:50.4061015Z #3 DONE 0.8s
build-posix	Build and Test in Docker	2026-02-02T16:50:50.5213255Z 
build-posix	Build and Test in Docker	2026-02-02T16:50:50.5214068Z #4 [internal] load .dockerignore
build-posix	Build and Test in Docker	2026-02-02T16:50:50.5215175Z #4 transferring context: 389B done
build-posix	Build and Test in Docker	2026-02-02T16:50:50.5216126Z #4 DONE 0.0s
build-posix	Build and Test in Docker	2026-02-02T16:50:50.5216532Z 
build-posix	Build and Test in Docker	2026-02-02T16:50:50.5216927Z #5 [internal] load build context
build-posix	Build and Test in Docker	2026-02-02T16:50:50.5217899Z #5 transferring context: 145B done
build-posix	Build and Test in Docker	2026-02-02T16:50:50.5218823Z #5 DONE 0.0s
build-posix	Build and Test in Docker	2026-02-02T16:50:50.5219214Z 
build-posix	Build and Test in Docker	2026-02-02T16:50:50.5220667Z #6 [1/5] FROM docker.io/library/ubuntu:22.04@sha256:c7eb020043d8fc2ae0793fb35a37bff1cf33f156d4d4b12ccc7f3ef8706c38b1
build-posix	Build and Test in Docker	2026-02-02T16:50:50.5224334Z #6 resolve docker.io/library/ubuntu:22.04@sha256:c7eb020043d8fc2ae0793fb35a37bff1cf33f156d4d4b12ccc7f3ef8706c38b1 done
build-posix	Build and Test in Docker	2026-02-02T16:50:50.5227562Z #6 sha256:c7eb020043d8fc2ae0793fb35a37bff1cf33f156d4d4b12ccc7f3ef8706c38b1 6.69kB / 6.69kB done
build-posix	Build and Test in Docker	2026-02-02T16:50:50.5230428Z #6 sha256:34577a83cd7a8f1e55f6eb173fd9bb70c16127a83d6bf06f56f6b1fff9e406b9 424B / 424B done
build-posix	Build and Test in Docker	2026-02-02T16:50:50.5233327Z #6 sha256:65c77cbc27c2640de4c99ed5cfe6b689b192f81745a36032b50e2407b073ff22 2.30kB / 2.30kB done
build-posix	Build and Test in Docker	2026-02-02T16:50:50.5236279Z #6 sha256:6f4ebca3e823b18dac366f72e537b1772bc3522a5c7ae299d6491fb17378410e 0B / 29.54MB 0.1s
build-posix	Build and Test in Docker	2026-02-02T16:50:50.7211486Z #6 sha256:6f4ebca3e823b18dac366f72e537b1772bc3522a5c7ae299d6491fb17378410e 9.44MB / 29.54MB 0.3s
build-posix	Build and Test in Docker	2026-02-02T16:50:50.8214598Z #6 sha256:6f4ebca3e823b18dac366f72e537b1772bc3522a5c7ae299d6491fb17378410e 13.63MB / 29.54MB 0.4s
build-posix	Build and Test in Docker	2026-02-02T16:50:50.9217770Z #6 sha256:6f4ebca3e823b18dac366f72e537b1772bc3522a5c7ae299d6491fb17378410e 19.92MB / 29.54MB 0.5s
build-posix	Build and Test in Docker	2026-02-02T16:50:51.0404429Z #6 sha256:6f4ebca3e823b18dac366f72e537b1772bc3522a5c7ae299d6491fb17378410e 29.54MB / 29.54MB 0.6s done
build-posix	Build and Test in Docker	2026-02-02T16:50:51.0405628Z #6 extracting sha256:6f4ebca3e823b18dac366f72e537b1772bc3522a5c7ae299d6491fb17378410e
build-posix	Build and Test in Docker	2026-02-02T16:50:52.1167594Z #6 extracting sha256:6f4ebca3e823b18dac366f72e537b1772bc3522a5c7ae299d6491fb17378410e 0.9s done
build-posix	Build and Test in Docker	2026-02-02T16:50:52.1168565Z #6 DONE 1.6s
build-posix	Build and Test in Docker	2026-02-02T16:50:52.1168755Z 
build-posix	Build and Test in Docker	2026-02-02T16:50:52.1169860Z #7 [2/5] RUN apt-get update && apt-get install -y     build-essential     cmake     git     libcmocka-dev     lcov     cppcheck     clang-format     python3     python3-pip     pkg-config     wget     curl     && rm -rf /var/lib/apt/lists/*
build-posix	Build and Test in Docker	2026-02-02T16:50:52.1733702Z #7 0.207 Get:1 http://archive.ubuntu.com/ubuntu jammy InRelease [270 kB]
build-posix	Build and Test in Docker	2026-02-02T16:50:52.3601906Z #7 0.394 Get:2 http://archive.ubuntu.com/ubuntu jammy-updates InRelease [128 kB]
build-posix	Build and Test in Docker	2026-02-02T16:50:52.4714370Z #7 0.439 Get:3 http://archive.ubuntu.com/ubuntu jammy-backports InRelease [127 kB]
build-posix	Build and Test in Docker	2026-02-02T16:50:52.4716115Z #7 0.484 Get:4 http://archive.ubuntu.com/ubuntu jammy/restricted amd64 Packages [164 kB]
build-posix	Build and Test in Docker	2026-02-02T16:50:52.4717154Z #7 0.505 Get:5 http://archive.ubuntu.com/ubuntu jammy/universe amd64 Packages [17.5 MB]
build-posix	Build and Test in Docker	2026-02-02T16:50:52.6494236Z #7 0.533 Get:6 http://security.ubuntu.com/ubuntu jammy-security InRelease [129 kB]
build-posix	Build and Test in Docker	2026-02-02T16:50:52.7018886Z #7 0.735 Get:7 http://archive.ubuntu.com/ubuntu jammy/main amd64 Packages [1792 kB]
build-posix	Build and Test in Docker	2026-02-02T16:50:52.8470224Z #7 0.747 Get:8 http://archive.ubuntu.com/ubuntu jammy/multiverse amd64 Packages [266 kB]
build-posix	Build and Test in Docker	2026-02-02T16:50:52.8471375Z #7 0.770 Get:9 http://archive.ubuntu.com/ubuntu jammy-updates/universe amd64 Packages [1608 kB]
build-posix	Build and Test in Docker	2026-02-02T16:50:52.8476836Z #7 0.779 Get:10 http://archive.ubuntu.com/ubuntu jammy-updates/multiverse amd64 Packages [70.9 kB]
build-posix	Build and Test in Docker	2026-02-02T16:50:52.8477966Z #7 0.780 Get:11 http://archive.ubuntu.com/ubuntu jammy-updates/main amd64 Packages [3999 kB]
build-posix	Build and Test in Docker	2026-02-02T16:50:52.8479114Z #7 0.813 Get:12 http://archive.ubuntu.com/ubuntu jammy-updates/restricted amd64 Packages [6571 kB]
build-posix	Build and Test in Docker	2026-02-02T16:50:52.8480243Z #7 0.880 Get:13 http://archive.ubuntu.com/ubuntu jammy-backports/universe amd64 Packages [37.2 kB]
build-posix	Build and Test in Docker	2026-02-02T16:50:52.9980771Z #7 0.881 Get:14 http://archive.ubuntu.com/ubuntu jammy-backports/main amd64 Packages [83.9 kB]
build-posix	Build and Test in Docker	2026-02-02T16:50:53.2049455Z #7 1.239 Get:15 http://security.ubuntu.com/ubuntu jammy-security/multiverse amd64 Packages [62.6 kB]
build-posix	Build and Test in Docker	2026-02-02T16:50:53.3985015Z #7 1.432 Get:16 http://security.ubuntu.com/ubuntu jammy-security/universe amd64 Packages [1296 kB]
build-posix	Build and Test in Docker	2026-02-02T16:50:53.9153467Z #7 1.949 Get:17 http://security.ubuntu.com/ubuntu jammy-security/restricted amd64 Packages [6288 kB]
build-posix	Build and Test in Docker	2026-02-02T16:50:54.2818556Z #7 2.315 Get:18 http://security.ubuntu.com/ubuntu jammy-security/main amd64 Packages [3640 kB]
build-posix	Build and Test in Docker	2026-02-02T16:50:54.6291014Z #7 2.663 Fetched 44.0 MB in 3s (17.5 MB/s)
build-posix	Build and Test in Docker	2026-02-02T16:50:55.4803217Z #7 2.663 Reading package lists...
build-posix	Build and Test in Docker	2026-02-02T16:50:56.3512340Z #7 3.560 Reading package lists...
build-posix	Build and Test in Docker	2026-02-02T16:50:56.5497816Z #7 4.395 Building dependency tree...
build-posix	Build and Test in Docker	2026-02-02T16:50:56.5498582Z #7 4.583 Reading state information...
build-posix	Build and Test in Docker	2026-02-02T16:50:56.7151455Z #7 4.748 The following additional packages will be installed:
build-posix	Build and Test in Docker	2026-02-02T16:50:56.7152948Z #7 4.748   binutils binutils-common binutils-x86-64-linux-gnu bzip2 ca-certificates
build-posix	Build and Test in Docker	2026-02-02T16:50:56.7153921Z #7 4.748   clang-format-14 cmake-data cmocka-doc cpp cpp-11 dh-elpa-helper dirmngr
build-posix	Build and Test in Docker	2026-02-02T16:50:56.7154879Z #7 4.748   dpkg-dev emacsen-common fakeroot fontconfig-config fonts-dejavu-core g++
build-posix	Build and Test in Docker	2026-02-02T16:50:56.7155813Z #7 4.748   g++-11 gcc gcc-11 gcc-11-base git-man gnupg gnupg-l10n gnupg-utils gpg
build-posix	Build and Test in Docker	2026-02-02T16:50:56.8668576Z #7 4.748   gpg-agent gpg-wks-client gpg-wks-server gpgconf gpgsm javascript-common less
build-posix	Build and Test in Docker	2026-02-02T16:50:56.8669681Z #7 4.748   libalgorithm-diff-perl libalgorithm-diff-xs-perl libalgorithm-merge-perl
build-posix	Build and Test in Docker	2026-02-02T16:50:56.8670678Z #7 4.748   libarchive13 libasan6 libassuan0 libatomic1 libbinutils libbrotli1 libbsd0
build-posix	Build and Test in Docker	2026-02-02T16:50:56.8671524Z #7 4.748   libc-dev-bin libc-devtools libc6 libc6-dev libcbor0.8 libcc1-0
build-posix	Build and Test in Docker	2026-02-02T16:50:56.8672565Z #7 4.748   libclang-cpp14 libcmocka0 libcommon-sense-perl libcrypt-dev libctf-nobfd0
build-posix	Build and Test in Docker	2026-02-02T16:50:56.8673260Z #7 4.748   libctf0 libcurl3-gnutls libcurl4 libdeflate0 libdpkg-perl libedit2
build-posix	Build and Test in Docker	2026-02-02T16:50:56.8673882Z #7 4.748   liberror-perl libexpat1 libexpat1-dev libfakeroot libfido2-1
build-posix	Build and Test in Docker	2026-02-02T16:50:56.8674559Z #7 4.748   libfile-fcntllock-perl libfontconfig1 libfreetype6 libgcc-11-dev libgd-perl
build-posix	Build and Test in Docker	2026-02-02T16:50:56.8675256Z #7 4.748   libgd3 libgdbm-compat4 libgdbm6 libglib2.0-0 libglib2.0-data libgomp1
build-posix	Build and Test in Docker	2026-02-02T16:50:56.8675909Z #7 4.748   libicu70 libisl23 libitm1 libjbig0 libjpeg-turbo8 libjpeg8 libjs-jquery
build-posix	Build and Test in Docker	2026-02-02T16:50:56.8676608Z #7 4.748   libjs-sphinxdoc libjs-underscore libjson-perl libjson-xs-perl libjsoncpp25
build-posix	Build and Test in Docker	2026-02-02T16:50:56.8677311Z #7 4.749   libksba8 libldap-2.5-0 libldap-common libllvm14 liblocale-gettext-perl
build-posix	Build and Test in Docker	2026-02-02T16:50:56.8678335Z #7 4.749   liblsan0 libmd0 libmpc3 libmpdec3 libmpfr6 libnghttp2-14 libnpth0 libnsl-dev
build-posix	Build and Test in Docker	2026-02-02T16:50:56.8679007Z #7 4.749   libperl5.34 libperlio-gzip-perl libpng16-16 libpsl5 libpython3-dev
build-posix	Build and Test in Docker	2026-02-02T16:50:56.8679663Z #7 4.749   libpython3-stdlib libpython3.10 libpython3.10-dev libpython3.10-minimal
build-posix	Build and Test in Docker	2026-02-02T16:50:56.8680360Z #7 4.749   libpython3.10-stdlib libquadmath0 libreadline8 librhash0 librtmp1 libsasl2-2
build-posix	Build and Test in Docker	2026-02-02T16:50:56.8681980Z #7 4.749   libsasl2-modules libsasl2-modules-db libsqlite3-0 libssh-4 libstdc++-11-dev
build-posix	Build and Test in Docker	2026-02-02T16:50:56.8682900Z #7 4.749   libtiff5 libtinyxml2-9 libtirpc-dev libtsan0 libtypes-serialiser-perl
build-posix	Build and Test in Docker	2026-02-02T16:50:56.8683582Z #7 4.749   libubsan1 libuv1 libwebp7 libx11-6 libx11-data libxau6 libxcb1 libxdmcp6
build-posix	Build and Test in Docker	2026-02-02T16:50:56.8684262Z #7 4.749   libxext6 libxml2 libxmuu1 libxpm4 libz3-4 linux-libc-dev lto-disabled-list
build-posix	Build and Test in Docker	2026-02-02T16:50:56.8684969Z #7 4.749   make manpages manpages-dev media-types netbase openssh-client openssl patch
build-posix	Build and Test in Docker	2026-02-02T16:50:56.8685643Z #7 4.749   perl perl-modules-5.34 pinentry-curses publicsuffix python3-dev
build-posix	Build and Test in Docker	2026-02-02T16:50:56.8686296Z #7 4.749   python3-distutils python3-lib2to3 python3-minimal python3-pkg-resources
build-posix	Build and Test in Docker	2026-02-02T16:50:56.8686908Z #7 4.749   python3-pygments python3-setuptools python3-wheel python3.10 python3.10-dev
build-posix	Build and Test in Docker	2026-02-02T16:50:56.8687469Z #7 4.749   python3.10-minimal readline-common rpcsvc-proto shared-mime-info ucf xauth
build-posix	Build and Test in Docker	2026-02-02T16:50:56.8687893Z #7 4.749   xdg-user-dirs xz-utils zlib1g-dev
build-posix	Build and Test in Docker	2026-02-02T16:50:56.8688173Z #7 4.750 Suggested packages:
build-posix	Build and Test in Docker	2026-02-02T16:50:56.8688524Z #7 4.750   binutils-doc bzip2-doc cmake-doc ninja-build cmake-format cpp-doc
build-posix	Build and Test in Docker	2026-02-02T16:50:56.8688990Z #7 4.750   gcc-11-locales cppcheck-gui clang clang-tidy dbus-user-session
build-posix	Build and Test in Docker	2026-02-02T16:50:56.8689440Z #7 4.750   libpam-systemd pinentry-gnome3 tor debian-keyring g++-multilib
build-posix	Build and Test in Docker	2026-02-02T16:50:56.8689924Z #7 4.750   g++-11-multilib gcc-11-doc gcc-multilib autoconf automake libtool flex bison
build-posix	Build and Test in Docker	2026-02-02T16:50:56.8690382Z #7 4.750   gdb gcc-doc gcc-11-multilib gettext-base git-daemon-run
build-posix	Build and Test in Docker	2026-02-02T16:50:56.8690809Z #7 4.750   | git-daemon-sysvinit git-doc git-email git-gui gitk gitweb git-cvs
build-posix	Build and Test in Docker	2026-02-02T16:50:56.8691295Z #7 4.750   git-mediawiki git-svn parcimonie xloadimage scdaemon apache2 | lighttpd
build-posix	Build and Test in Docker	2026-02-02T16:50:56.8691904Z #7 4.750   | httpd lrzip glibc-doc locales bzr libgd-tools gdbm-l10n
build-posix	Build and Test in Docker	2026-02-02T16:50:56.8692342Z #7 4.750   libsasl2-modules-gssapi-mit | libsasl2-modules-gssapi-heimdal
build-posix	Build and Test in Docker	2026-02-02T16:50:56.8692805Z #7 4.750   libsasl2-modules-ldap libsasl2-modules-otp libsasl2-modules-sql
build-posix	Build and Test in Docker	2026-02-02T16:50:56.8693282Z #7 4.750   libstdc++-11-doc make-doc man-browser keychain libpam-ssh monkeysphere
build-posix	Build and Test in Docker	2026-02-02T16:50:56.8693758Z #7 4.750   ssh-askpass ed diffutils-doc perl-doc libterm-readline-gnu-perl
build-posix	Build and Test in Docker	2026-02-02T16:50:56.8694242Z #7 4.750   | libterm-readline-perl-perl libtap-harness-archive-perl pinentry-doc
build-posix	Build and Test in Docker	2026-02-02T16:50:56.8694772Z #7 4.750   python3-doc python3-tk python3-venv python-pygments-doc ttf-bitstream-vera
build-posix	Build and Test in Docker	2026-02-02T16:50:56.8695293Z #7 4.750   python-setuptools-doc python3.10-venv python3.10-doc binfmt-support
build-posix	Build and Test in Docker	2026-02-02T16:50:56.8695665Z #7 4.750   readline-doc
build-posix	Build and Test in Docker	2026-02-02T16:50:56.8695882Z #7 4.750 Recommended packages:
build-posix	Build and Test in Docker	2026-02-02T16:50:56.8696121Z #7 4.750   libnss-nis libnss-nisplus
build-posix	Build and Test in Docker	2026-02-02T16:50:57.0354052Z #7 5.069 The following NEW packages will be installed:
build-posix	Build and Test in Docker	2026-02-02T16:50:57.0355169Z #7 5.069   binutils binutils-common binutils-x86-64-linux-gnu build-essential bzip2
build-posix	Build and Test in Docker	2026-02-02T16:50:57.0356381Z #7 5.069   ca-certificates clang-format clang-format-14 cmake cmake-data cmocka-doc cpp
build-posix	Build and Test in Docker	2026-02-02T16:50:57.0357595Z #7 5.069   cpp-11 cppcheck curl dh-elpa-helper dirmngr dpkg-dev emacsen-common fakeroot
build-posix	Build and Test in Docker	2026-02-02T16:50:57.0358839Z #7 5.069   fontconfig-config fonts-dejavu-core g++ g++-11 gcc gcc-11 gcc-11-base git
build-posix	Build and Test in Docker	2026-02-02T16:50:57.0360065Z #7 5.069   git-man gnupg gnupg-l10n gnupg-utils gpg gpg-agent gpg-wks-client
build-posix	Build and Test in Docker	2026-02-02T16:50:57.1877112Z #7 5.069   gpg-wks-server gpgconf gpgsm javascript-common lcov less
build-posix	Build and Test in Docker	2026-02-02T16:50:57.1878345Z #7 5.069   libalgorithm-diff-perl libalgorithm-diff-xs-perl libalgorithm-merge-perl
build-posix	Build and Test in Docker	2026-02-02T16:50:57.1879539Z #7 5.069   libarchive13 libasan6 libassuan0 libatomic1 libbinutils libbrotli1 libbsd0
build-posix	Build and Test in Docker	2026-02-02T16:50:57.1880656Z #7 5.069   libc-dev-bin libc-devtools libc6-dev libcbor0.8 libcc1-0 libclang-cpp14
build-posix	Build and Test in Docker	2026-02-02T16:50:57.1881507Z #7 5.069   libcmocka-dev libcmocka0 libcommon-sense-perl libcrypt-dev libctf-nobfd0
build-posix	Build and Test in Docker	2026-02-02T16:50:57.1882813Z #7 5.069   libctf0 libcurl3-gnutls libcurl4 libdeflate0 libdpkg-perl libedit2
build-posix	Build and Test in Docker	2026-02-02T16:50:57.1883389Z #7 5.069   liberror-perl libexpat1 libexpat1-dev libfakeroot libfido2-1
build-posix	Build and Test in Docker	2026-02-02T16:50:57.1883994Z #7 5.069   libfile-fcntllock-perl libfontconfig1 libfreetype6 libgcc-11-dev libgd-perl
build-posix	Build and Test in Docker	2026-02-02T16:50:57.1884639Z #7 5.069   libgd3 libgdbm-compat4 libgdbm6 libglib2.0-0 libglib2.0-data libgomp1
build-posix	Build and Test in Docker	2026-02-02T16:50:57.1885246Z #7 5.069   libicu70 libisl23 libitm1 libjbig0 libjpeg-turbo8 libjpeg8 libjs-jquery
build-posix	Build and Test in Docker	2026-02-02T16:50:57.1885894Z #7 5.069   libjs-sphinxdoc libjs-underscore libjson-perl libjson-xs-perl libjsoncpp25
build-posix	Build and Test in Docker	2026-02-02T16:50:57.1886534Z #7 5.069   libksba8 libldap-2.5-0 libldap-common libllvm14 liblocale-gettext-perl
build-posix	Build and Test in Docker	2026-02-02T16:50:57.1887156Z #7 5.069   liblsan0 libmd0 libmpc3 libmpdec3 libmpfr6 libnghttp2-14 libnpth0 libnsl-dev
build-posix	Build and Test in Docker	2026-02-02T16:50:57.1887773Z #7 5.069   libperl5.34 libperlio-gzip-perl libpng16-16 libpsl5 libpython3-dev
build-posix	Build and Test in Docker	2026-02-02T16:50:57.1888371Z #7 5.069   libpython3-stdlib libpython3.10 libpython3.10-dev libpython3.10-minimal
build-posix	Build and Test in Docker	2026-02-02T16:50:57.1889011Z #7 5.069   libpython3.10-stdlib libquadmath0 libreadline8 librhash0 librtmp1 libsasl2-2
build-posix	Build and Test in Docker	2026-02-02T16:50:57.1889672Z #7 5.069   libsasl2-modules libsasl2-modules-db libsqlite3-0 libssh-4 libstdc++-11-dev
build-posix	Build and Test in Docker	2026-02-02T16:50:57.1890305Z #7 5.069   libtiff5 libtinyxml2-9 libtirpc-dev libtsan0 libtypes-serialiser-perl
build-posix	Build and Test in Docker	2026-02-02T16:50:57.1890916Z #7 5.069   libubsan1 libuv1 libwebp7 libx11-6 libx11-data libxau6 libxcb1 libxdmcp6
build-posix	Build and Test in Docker	2026-02-02T16:50:57.1891530Z #7 5.070   libxext6 libxml2 libxmuu1 libxpm4 libz3-4 linux-libc-dev lto-disabled-list
build-posix	Build and Test in Docker	2026-02-02T16:50:57.1892313Z #7 5.070   make manpages manpages-dev media-types netbase openssh-client openssl patch
build-posix	Build and Test in Docker	2026-02-02T16:50:57.1892850Z #7 5.070   perl perl-modules-5.34 pinentry-curses pkg-config publicsuffix python3
build-posix	Build and Test in Docker	2026-02-02T16:50:57.1893363Z #7 5.070   python3-dev python3-distutils python3-lib2to3 python3-minimal python3-pip
build-posix	Build and Test in Docker	2026-02-02T16:50:57.1893894Z #7 5.070   python3-pkg-resources python3-pygments python3-setuptools python3-wheel
build-posix	Build and Test in Docker	2026-02-02T16:50:57.1894399Z #7 5.070   python3.10 python3.10-dev python3.10-minimal readline-common rpcsvc-proto
build-posix	Build and Test in Docker	2026-02-02T16:50:57.1894883Z #7 5.070   shared-mime-info ucf wget xauth xdg-user-dirs xz-utils zlib1g-dev
build-posix	Build and Test in Docker	2026-02-02T16:50:57.1895266Z #7 5.070 The following packages will be upgraded:
build-posix	Build and Test in Docker	2026-02-02T16:50:57.1895539Z #7 5.071   libc6
build-posix	Build and Test in Docker	2026-02-02T16:50:57.2704959Z #7 5.304 1 upgraded, 184 newly installed, 0 to remove and 3 not upgraded.
build-posix	Build and Test in Docker	2026-02-02T16:50:57.2705476Z #7 5.304 Need to get 177 MB of archives.
build-posix	Build and Test in Docker	2026-02-02T16:50:57.2705867Z #7 5.304 After this operation, 665 MB of additional disk space will be used.
build-posix	Build and Test in Docker	2026-02-02T16:50:57.2706507Z #7 5.304 Get:1 http://archive.ubuntu.com/ubuntu jammy-updates/main amd64 libc6 amd64 2.35-0ubuntu3.12 [3235 kB]
build-posix	Build and Test in Docker	2026-02-02T16:50:58.2480333Z #7 6.282 Get:2 http://archive.ubuntu.com/ubuntu jammy/main amd64 liblocale-gettext-perl amd64 1.07-4build3 [17.1 kB]
build-posix	Build and Test in Docker	2026-02-02T16:50:58.3535633Z #7 6.282 Get:3 http://archive.ubuntu.com/ubuntu jammy-updates/main amd64 libpython3.10-minimal amd64 3.10.12-1~22.04.13 [815 kB]
build-posix	Build and Test in Docker	2026-02-02T16:50:58.3537303Z #7 6.300 Get:4 http://archive.ubuntu.com/ubuntu jammy-updates/main amd64 libexpat1 amd64 2.4.7-1ubuntu0.6 [92.1 kB]
build-posix	Build and Test in Docker	2026-02-02T16:50:58.3538592Z #7 6.302 Get:5 http://archive.ubuntu.com/ubuntu jammy-updates/main amd64 python3.10-minimal amd64 3.10.12-1~22.04.13 [2272 kB]
build-posix	Build and Test in Docker	2026-02-02T16:50:58.3540014Z #7 6.354 Get:6 http://archive.ubuntu.com/ubuntu jammy-updates/main amd64 python3-minimal amd64 3.10.6-1~22.04.1 [24.3 kB]
build-posix	Build and Test in Docker	2026-02-02T16:50:58.3542030Z #7 6.355 Get:7 http://archive.ubuntu.com/ubuntu jammy/main amd64 media-types all 7.0.0 [25.5 kB]
build-posix	Build and Test in Docker	2026-02-02T16:50:58.3543209Z #7 6.387 Get:8 http://archive.ubuntu.com/ubuntu jammy/main amd64 libmpdec3 amd64 2.5.1-2build2 [86.8 kB]
build-posix	Build and Test in Docker	2026-02-02T16:50:58.4586726Z #7 6.388 Get:9 http://archive.ubuntu.com/ubuntu jammy/main amd64 readline-common all 8.1.2-1 [53.5 kB]
build-posix	Build and Test in Docker	2026-02-02T16:50:58.4587890Z #7 6.390 Get:10 http://archive.ubuntu.com/ubuntu jammy/main amd64 libreadline8 amd64 8.1.2-1 [153 kB]
build-posix	Build and Test in Docker	2026-02-02T16:50:58.4588693Z #7 6.393 Get:11 http://archive.ubuntu.com/ubuntu jammy-updates/main amd64 libsqlite3-0 amd64 3.37.2-2ubuntu0.5 [643 kB]
build-posix	Build and Test in Docker	2026-02-02T16:50:58.4589665Z #7 6.492 Get:12 http://archive.ubuntu.com/ubuntu jammy-updates/main amd64 libpython3.10-stdlib amd64 3.10.12-1~22.04.13 [1850 kB]
build-posix	Build and Test in Docker	2026-02-02T16:50:58.5760908Z #7 6.513 Get:13 http://archive.ubuntu.com/ubuntu jammy-updates/main amd64 python3.10 amd64 3.10.12-1~22.04.13 [508 kB]
build-posix	Build and Test in Docker	2026-02-02T16:50:58.5762600Z #7 6.519 Get:14 http://archive.ubuntu.com/ubuntu jammy-updates/main amd64 libpython3-stdlib amd64 3.10.6-1~22.04.1 [6812 B]
build-posix	Build and Test in Docker	2026-02-02T16:50:58.5763722Z #7 6.519 Get:15 http://archive.ubuntu.com/ubuntu jammy-updates/main amd64 python3 amd64 3.10.6-1~22.04.1 [22.8 kB]
build-posix	Build and Test in Docker	2026-02-02T16:50:58.5765075Z #7 6.519 Get:16 http://archive.ubuntu.com/ubuntu jammy-updates/main amd64 perl-modules-5.34 all 5.34.0-3ubuntu1.5 [2977 kB]
build-posix	Build and Test in Docker	2026-02-02T16:50:58.5766359Z #7 6.610 Get:17 http://archive.ubuntu.com/ubuntu jammy/main amd64 libgdbm6 amd64 1.23-1 [33.9 kB]
build-posix	Build and Test in Docker	2026-02-02T16:50:58.6877790Z #7 6.611 Get:18 http://archive.ubuntu.com/ubuntu jammy/main amd64 libgdbm-compat4 amd64 1.23-1 [6606 B]
build-posix	Build and Test in Docker	2026-02-02T16:50:58.6879143Z #7 6.611 Get:19 http://archive.ubuntu.com/ubuntu jammy-updates/main amd64 libperl5.34 amd64 5.34.0-3ubuntu1.5 [4797 kB]
build-posix	Build and Test in Docker	2026-02-02T16:50:58.6880568Z #7 6.722 Get:20 http://archive.ubuntu.com/ubuntu jammy-updates/main amd64 perl amd64 5.34.0-3ubuntu1.5 [232 kB]
build-posix	Build and Test in Docker	2026-02-02T16:50:58.9380867Z #7 6.724 Get:21 http://archive.ubuntu.com/ubuntu jammy-updates/main amd64 openssl amd64 3.0.2-0ubuntu1.21 [1184 kB]
build-posix	Build and Test in Docker	2026-02-02T16:50:58.9382088Z #7 6.737 Get:22 http://archive.ubuntu.com/ubuntu jammy-updates/main amd64 ca-certificates all 20240203~22.04.1 [162 kB]
build-posix	Build and Test in Docker	2026-02-02T16:50:58.9383022Z #7 6.738 Get:23 http://archive.ubuntu.com/ubuntu jammy-updates/main amd64 less amd64 590-1ubuntu0.22.04.3 [142 kB]
build-posix	Build and Test in Docker	2026-02-02T16:50:58.9383940Z #7 6.740 Get:24 http://archive.ubuntu.com/ubuntu jammy/main amd64 libmd0 amd64 1.0.4-1build1 [23.0 kB]
build-posix	Build and Test in Docker	2026-02-02T16:50:58.9384621Z #7 6.740 Get:25 http://archive.ubuntu.com/ubuntu jammy/main amd64 libbsd0 amd64 0.11.5-1 [44.8 kB]
build-posix	Build and Test in Docker	2026-02-02T16:50:58.9447699Z #7 6.808 Get:26 http://archive.ubuntu.com/ubuntu jammy-updates/main amd64 libglib2.0-0 amd64 2.72.4-0ubuntu2.8 [1467 kB]
build-posix	Build and Test in Docker	2026-02-02T16:50:58.9448642Z #7 6.821 Get:27 http://archive.ubuntu.com/ubuntu jammy-updates/main amd64 libglib2.0-data all 2.72.4-0ubuntu2.8 [5062 B]
build-posix	Build and Test in Docker	2026-02-02T16:50:58.9449466Z #7 6.821 Get:28 http://archive.ubuntu.com/ubuntu jammy/main amd64 libicu70 amd64 70.1-2 [10.6 MB]
build-posix	Build and Test in Docker	2026-02-02T16:50:59.0171801Z #7 7.051 Get:29 http://archive.ubuntu.com/ubuntu jammy-updates/main amd64 libxml2 amd64 2.9.13+dfsg-1ubuntu0.11 [765 kB]
build-posix	Build and Test in Docker	2026-02-02T16:50:59.1243060Z #7 7.056 Get:30 http://archive.ubuntu.com/ubuntu jammy/main amd64 netbase all 6.3 [12.9 kB]
build-posix	Build and Test in Docker	2026-02-02T16:50:59.1244153Z #7 7.057 Get:31 http://archive.ubuntu.com/ubuntu jammy-updates/main amd64 python3-pkg-resources all 59.6.0-1.2ubuntu0.22.04.3 [133 kB]
build-posix	Build and Test in Docker	2026-02-02T16:50:59.1245249Z #7 7.058 Get:32 http://archive.ubuntu.com/ubuntu jammy/main amd64 shared-mime-info amd64 2.1-2 [454 kB]
build-posix	Build and Test in Docker	2026-02-02T16:50:59.1246125Z #7 7.133 Get:33 http://archive.ubuntu.com/ubuntu jammy/main amd64 ucf all 3.0043 [56.1 kB]
build-posix	Build and Test in Docker	2026-02-02T16:50:59.1247071Z #7 7.134 Get:34 http://archive.ubuntu.com/ubuntu jammy/main amd64 xdg-user-dirs amd64 0.17-2ubuntu4 [53.9 kB]
build-posix	Build and Test in Docker	2026-02-02T16:50:59.1247960Z #7 7.136 Get:35 http://archive.ubuntu.com/ubuntu jammy/main amd64 libcbor0.8 amd64 0.8.0-2ubuntu1 [24.6 kB]
build-posix	Build and Test in Docker	2026-02-02T16:50:59.1249060Z #7 7.136 Get:36 http://archive.ubuntu.com/ubuntu jammy/main amd64 libedit2 amd64 3.1-20210910-1build1 [96.8 kB]
build-posix	Build and Test in Docker	2026-02-02T16:50:59.1250227Z #7 7.139 Get:37 http://archive.ubuntu.com/ubuntu jammy/main amd64 libfido2-1 amd64 1.10.0-1 [82.8 kB]
build-posix	Build and Test in Docker	2026-02-02T16:50:59.1251300Z #7 7.158 Get:38 http://archive.ubuntu.com/ubuntu jammy-updates/main amd64 libnghttp2-14 amd64 1.43.0-1ubuntu0.2 [76.9 kB]
build-posix	Build and Test in Docker	2026-02-02T16:50:59.2294284Z #7 7.263 Get:39 http://archive.ubuntu.com/ubuntu jammy-updates/main amd64 libpng16-16 amd64 1.6.37-3ubuntu0.3 [192 kB]
build-posix	Build and Test in Docker	2026-02-02T16:50:59.3350321Z #7 7.267 Get:40 http://archive.ubuntu.com/ubuntu jammy/main amd64 libpsl5 amd64 0.21.0-1.2build2 [58.4 kB]
build-posix	Build and Test in Docker	2026-02-02T16:50:59.3351352Z #7 7.269 Get:41 http://archive.ubuntu.com/ubuntu jammy-updates/main amd64 libuv1 amd64 1.43.0-1ubuntu0.1 [92.7 kB]
build-posix	Build and Test in Docker	2026-02-02T16:50:59.3352500Z #7 7.271 Get:42 http://archive.ubuntu.com/ubuntu jammy/main amd64 libxau6 amd64 1:1.0.9-1build5 [7634 B]
build-posix	Build and Test in Docker	2026-02-02T16:50:59.3353368Z #7 7.272 Get:43 http://archive.ubuntu.com/ubuntu jammy/main amd64 libxdmcp6 amd64 1:1.1.3-0ubuntu5 [10.9 kB]
build-posix	Build and Test in Docker	2026-02-02T16:50:59.3354189Z #7 7.272 Get:44 http://archive.ubuntu.com/ubuntu jammy/main amd64 libxcb1 amd64 1.14-3ubuntu3 [49.0 kB]
build-posix	Build and Test in Docker	2026-02-02T16:50:59.3355092Z #7 7.273 Get:45 http://archive.ubuntu.com/ubuntu jammy-updates/main amd64 libx11-data all 2:1.7.5-1ubuntu0.3 [120 kB]
build-posix	Build and Test in Docker	2026-02-02T16:50:59.3356035Z #7 7.276 Get:46 http://archive.ubuntu.com/ubuntu jammy-updates/main amd64 libx11-6 amd64 2:1.7.5-1ubuntu0.3 [667 kB]
build-posix	Build and Test in Docker	2026-02-02T16:50:59.3356889Z #7 7.292 Get:47 http://archive.ubuntu.com/ubuntu jammy/main amd64 libxext6 amd64 2:1.3.4-1build1 [31.8 kB]
build-posix	Build and Test in Docker	2026-02-02T16:50:59.3357670Z #7 7.369 Get:48 http://archive.ubuntu.com/ubuntu jammy/main amd64 libxmuu1 amd64 2:1.1.3-3 [10.2 kB]
build-posix	Build and Test in Docker	2026-02-02T16:50:59.4406386Z #7 7.474 Get:49 http://archive.ubuntu.com/ubuntu jammy/main amd64 manpages all 5.10-1ubuntu1 [1375 kB]
build-posix	Build and Test in Docker	2026-02-02T16:50:59.5456654Z #7 7.507 Get:50 http://archive.ubuntu.com/ubuntu jammy-updates/main amd64 openssh-client amd64 1:8.9p1-3ubuntu0.13 [903 kB]
build-posix	Build and Test in Docker	2026-02-02T16:50:59.5457588Z #7 7.529 Get:51 http://archive.ubuntu.com/ubuntu jammy/main amd64 publicsuffix all 20211207.1025-1 [129 kB]
build-posix	Build and Test in Docker	2026-02-02T16:50:59.5458685Z #7 7.532 Get:52 http://archive.ubuntu.com/ubuntu jammy-updates/main amd64 wget amd64 1.21.2-2ubuntu1.1 [339 kB]
build-posix	Build and Test in Docker	2026-02-02T16:50:59.5459468Z #7 7.541 Get:53 http://archive.ubuntu.com/ubuntu jammy/main amd64 xauth amd64 1:1.1-1build2 [27.5 kB]
build-posix	Build and Test in Docker	2026-02-02T16:50:59.5460264Z #7 7.541 Get:54 http://archive.ubuntu.com/ubuntu jammy/main amd64 xz-utils amd64 5.2.5-2ubuntu1 [84.8 kB]
build-posix	Build and Test in Docker	2026-02-02T16:50:59.5461063Z #7 7.543 Get:55 http://archive.ubuntu.com/ubuntu jammy-updates/main amd64 binutils-common amd64 2.38-4ubuntu2.12 [223 kB]
build-posix	Build and Test in Docker	2026-02-02T16:50:59.5462056Z #7 7.548 Get:56 http://archive.ubuntu.com/ubuntu jammy-updates/main amd64 libbinutils amd64 2.38-4ubuntu2.12 [663 kB]
build-posix	Build and Test in Docker	2026-02-02T16:50:59.5462909Z #7 7.565 Get:57 http://archive.ubuntu.com/ubuntu jammy-updates/main amd64 libctf-nobfd0 amd64 2.38-4ubuntu2.12 [108 kB]
build-posix	Build and Test in Docker	2026-02-02T16:50:59.5464143Z #7 7.579 Get:58 http://archive.ubuntu.com/ubuntu jammy-updates/main amd64 libctf0 amd64 2.38-4ubuntu2.12 [103 kB]
build-posix	Build and Test in Docker	2026-02-02T16:50:59.6518715Z #7 7.685 Get:59 http://archive.ubuntu.com/ubuntu jammy-updates/main amd64 binutils-x86-64-linux-gnu amd64 2.38-4ubuntu2.12 [2324 kB]
build-posix	Build and Test in Docker	2026-02-02T16:50:59.7932040Z #7 7.730 Get:60 http://archive.ubuntu.com/ubuntu jammy-updates/main amd64 binutils amd64 2.38-4ubuntu2.12 [3184 B]
build-posix	Build and Test in Docker	2026-02-02T16:50:59.7934621Z #7 7.730 Get:61 http://archive.ubuntu.com/ubuntu jammy-updates/main amd64 libc-dev-bin amd64 2.35-0ubuntu3.12 [20.3 kB]
build-posix	Build and Test in Docker	2026-02-02T16:50:59.7935941Z #7 7.731 Get:62 http://archive.ubuntu.com/ubuntu jammy-updates/main amd64 linux-libc-dev amd64 5.15.0-168.178 [1310 kB]
build-posix	Build and Test in Docker	2026-02-02T16:50:59.7937141Z #7 7.757 Get:63 http://archive.ubuntu.com/ubuntu jammy/main amd64 libcrypt-dev amd64 1:4.4.27-1 [112 kB]
build-posix	Build and Test in Docker	2026-02-02T16:50:59.7938313Z #7 7.758 Get:64 http://archive.ubuntu.com/ubuntu jammy/main amd64 rpcsvc-proto amd64 1.4.2-0ubuntu6 [68.5 kB]
build-posix	Build and Test in Docker	2026-02-02T16:50:59.7939919Z #7 7.759 Get:65 http://archive.ubuntu.com/ubuntu jammy-updates/main amd64 libtirpc-dev amd64 1.3.2-2ubuntu0.1 [192 kB]
build-posix	Build and Test in Docker	2026-02-02T16:50:59.7941182Z #7 7.763 Get:66 http://archive.ubuntu.com/ubuntu jammy/main amd64 libnsl-dev amd64 1.3.0-2build2 [71.3 kB]
build-posix	Build and Test in Docker	2026-02-02T16:50:59.7942675Z #7 7.764 Get:67 http://archive.ubuntu.com/ubuntu jammy-updates/main amd64 libc6-dev amd64 2.35-0ubuntu3.12 [2101 kB]
build-posix	Build and Test in Docker	2026-02-02T16:50:59.7944326Z #7 7.827 Get:68 http://archive.ubuntu.com/ubuntu jammy-updates/main amd64 gcc-11-base amd64 11.4.0-1ubuntu1~22.04.2 [20.8 kB]
build-posix	Build and Test in Docker	2026-02-02T16:50:59.9039505Z #7 7.896 Get:69 http://archive.ubuntu.com/ubuntu jammy/main amd64 libisl23 amd64 0.24-2build1 [727 kB]
build-posix	Build and Test in Docker	2026-02-02T16:50:59.9040655Z #7 7.910 Get:70 http://archive.ubuntu.com/ubuntu jammy/main amd64 libmpfr6 amd64 4.1.0-3build3 [1425 kB]
build-posix	Build and Test in Docker	2026-02-02T16:50:59.9041850Z #7 7.938 Get:71 http://archive.ubuntu.com/ubuntu jammy/main amd64 libmpc3 amd64 1.2.1-2build1 [46.9 kB]
build-posix	Build and Test in Docker	2026-02-02T16:51:00.0552707Z #7 7.938 Get:72 http://archive.ubuntu.com/ubuntu jammy-updates/main amd64 cpp-11 amd64 11.4.0-1ubuntu1~22.04.2 [10.0 MB]
build-posix	Build and Test in Docker	2026-02-02T16:51:00.1441029Z #7 8.178 Get:73 http://archive.ubuntu.com/ubuntu jammy/main amd64 cpp amd64 4:11.2.0-1ubuntu1 [27.7 kB]
build-posix	Build and Test in Docker	2026-02-02T16:51:00.2983694Z #7 8.178 Get:74 http://archive.ubuntu.com/ubuntu jammy-updates/main amd64 libcc1-0 amd64 12.3.0-1ubuntu1~22.04.2 [48.3 kB]
build-posix	Build and Test in Docker	2026-02-02T16:51:00.2984812Z #7 8.179 Get:75 http://archive.ubuntu.com/ubuntu jammy-updates/main amd64 libgomp1 amd64 12.3.0-1ubuntu1~22.04.2 [127 kB]
build-posix	Build and Test in Docker	2026-02-02T16:51:00.2985877Z #7 8.180 Get:76 http://archive.ubuntu.com/ubuntu jammy-updates/main amd64 libitm1 amd64 12.3.0-1ubuntu1~22.04.2 [30.2 kB]
build-posix	Build and Test in Docker	2026-02-02T16:51:00.2986867Z #7 8.181 Get:77 http://archive.ubuntu.com/ubuntu jammy-updates/main amd64 libatomic1 amd64 12.3.0-1ubuntu1~22.04.2 [10.4 kB]
build-posix	Build and Test in Docker	2026-02-02T16:51:00.2987843Z #7 8.181 Get:78 http://archive.ubuntu.com/ubuntu jammy-updates/main amd64 libasan6 amd64 11.4.0-1ubuntu1~22.04.2 [2283 kB]
build-posix	Build and Test in Docker	2026-02-02T16:51:00.2988803Z #7 8.247 Get:79 http://archive.ubuntu.com/ubuntu jammy-updates/main amd64 liblsan0 amd64 12.3.0-1ubuntu1~22.04.2 [1069 kB]
build-posix	Build and Test in Docker	2026-02-02T16:51:00.2989789Z #7 8.269 Get:80 http://archive.ubuntu.com/ubuntu jammy-updates/main amd64 libtsan0 amd64 11.4.0-1ubuntu1~22.04.2 [2262 kB]
build-posix	Build and Test in Docker	2026-02-02T16:51:00.2990641Z #7 8.332 Get:81 http://archive.ubuntu.com/ubuntu jammy-updates/main amd64 libubsan1 amd64 12.3.0-1ubuntu1~22.04.2 [976 kB]
build-posix	Build and Test in Docker	2026-02-02T16:51:00.4097845Z #7 8.392 Get:82 http://archive.ubuntu.com/ubuntu jammy-updates/main amd64 libquadmath0 amd64 12.3.0-1ubuntu1~22.04.2 [154 kB]
build-posix	Build and Test in Docker	2026-02-02T16:51:00.4099035Z #7 8.394 Get:83 http://archive.ubuntu.com/ubuntu jammy-updates/main amd64 libgcc-11-dev amd64 11.4.0-1ubuntu1~22.04.2 [2517 kB]
build-posix	Build and Test in Docker	2026-02-02T16:51:00.4100074Z #7 8.443 Get:84 http://archive.ubuntu.com/ubuntu jammy-updates/main amd64 gcc-11 amd64 11.4.0-1ubuntu1~22.04.2 [20.1 MB]
build-posix	Build and Test in Docker	2026-02-02T16:51:00.9101720Z #7 8.944 Get:85 http://archive.ubuntu.com/ubuntu jammy/main amd64 gcc amd64 4:11.2.0-1ubuntu1 [5112 B]
build-posix	Build and Test in Docker	2026-02-02T16:51:01.1006421Z #7 8.944 Get:86 http://archive.ubuntu.com/ubuntu jammy-updates/main amd64 libstdc++-11-dev amd64 11.4.0-1ubuntu1~22.04.2 [2101 kB]
build-posix	Build and Test in Docker	2026-02-02T16:51:01.1007482Z #7 8.984 Get:87 http://archive.ubuntu.com/ubuntu jammy-updates/main amd64 g++-11 amd64 11.4.0-1ubuntu1~22.04.2 [11.4 MB]
build-posix	Build and Test in Docker	2026-02-02T16:51:01.2362132Z #7 9.270 Get:88 http://archive.ubuntu.com/ubuntu jammy/main amd64 g++ amd64 4:11.2.0-1ubuntu1 [1412 B]
build-posix	Build and Test in Docker	2026-02-02T16:51:01.4145507Z #7 9.270 Get:89 http://archive.ubuntu.com/ubuntu jammy/main amd64 make amd64 4.3-4.1build1 [180 kB]
build-posix	Build and Test in Docker	2026-02-02T16:51:01.4146386Z #7 9.272 Get:90 http://archive.ubuntu.com/ubuntu jammy-updates/main amd64 libdpkg-perl all 1.21.1ubuntu2.6 [237 kB]
build-posix	Build and Test in Docker	2026-02-02T16:51:01.4147128Z #7 9.276 Get:91 http://archive.ubuntu.com/ubuntu jammy/main amd64 bzip2 amd64 1.0.8-5build1 [34.8 kB]
build-posix	Build and Test in Docker	2026-02-02T16:51:01.4147777Z #7 9.277 Get:92 http://archive.ubuntu.com/ubuntu jammy/main amd64 patch amd64 2.7.6-7build2 [109 kB]
build-posix	Build and Test in Docker	2026-02-02T16:51:01.4148691Z #7 9.279 Get:93 http://archive.ubuntu.com/ubuntu jammy/main amd64 lto-disabled-list all 24 [12.5 kB]
build-posix	Build and Test in Docker	2026-02-02T16:51:01.4149383Z #7 9.280 Get:94 http://archive.ubuntu.com/ubuntu jammy-updates/main amd64 dpkg-dev all 1.21.1ubuntu2.6 [922 kB]
build-posix	Build and Test in Docker	2026-02-02T16:51:01.4150325Z #7 9.298 Get:95 http://archive.ubuntu.com/ubuntu jammy/main amd64 build-essential amd64 12.9ubuntu3 [4744 B]
build-posix	Build and Test in Docker	2026-02-02T16:51:01.4152082Z #7 9.298 Get:96 http://archive.ubuntu.com/ubuntu jammy-updates/main amd64 libllvm14 amd64 1:14.0.0-1ubuntu1.1 [24.0 MB]
build-posix	Build and Test in Docker	2026-02-02T16:51:01.8573990Z #7 9.891 Get:97 http://archive.ubuntu.com/ubuntu jammy-updates/universe amd64 libclang-cpp14 amd64 1:14.0.0-1ubuntu1.1 [12.1 MB]
build-posix	Build and Test in Docker	2026-02-02T16:51:02.1452175Z #7 10.18 Get:98 http://archive.ubuntu.com/ubuntu jammy-updates/universe amd64 clang-format-14 amd64 1:14.0.0-1ubuntu1.1 [50.8 kB]
build-posix	Build and Test in Docker	2026-02-02T16:51:02.3075953Z #7 10.18 Get:99 http://archive.ubuntu.com/ubuntu jammy/universe amd64 clang-format amd64 1:14.0-55~exp2 [3694 B]
build-posix	Build and Test in Docker	2026-02-02T16:51:02.3077198Z #7 10.18 Get:100 http://archive.ubuntu.com/ubuntu jammy-updates/main amd64 libarchive13 amd64 3.6.0-1ubuntu1.5 [368 kB]
build-posix	Build and Test in Docker	2026-02-02T16:51:02.3078036Z #7 10.19 Get:101 http://archive.ubuntu.com/ubuntu jammy/main amd64 libbrotli1 amd64 1.0.9-2build6 [315 kB]
build-posix	Build and Test in Docker	2026-02-02T16:51:02.5577222Z #7 10.59 Get:102 http://archive.ubuntu.com/ubuntu jammy-updates/main amd64 libsasl2-modules-db amd64 2.1.27+dfsg2-3ubuntu1.2 [20.5 kB]
build-posix	Build and Test in Docker	2026-02-02T16:51:02.8582450Z #7 10.89 Get:103 http://archive.ubuntu.com/ubuntu jammy-updates/main amd64 libsasl2-2 amd64 2.1.27+dfsg2-3ubuntu1.2 [53.8 kB]
build-posix	Build and Test in Docker	2026-02-02T16:51:03.0564006Z #7 11.09 Get:104 http://archive.ubuntu.com/ubuntu jammy-updates/main amd64 libldap-2.5-0 amd64 2.5.19+dfsg-0ubuntu0.22.04.1 [184 kB]
build-posix	Build and Test in Docker	2026-02-02T16:51:03.3362716Z #7 11.37 Get:105 http://archive.ubuntu.com/ubuntu jammy/main amd64 librtmp1 amd64 2.4+20151223.gitfa8646d.1-2build4 [58.2 kB]
build-posix	Build and Test in Docker	2026-02-02T16:51:03.4752357Z #7 11.41 Get:106 http://archive.ubuntu.com/ubuntu jammy-updates/main amd64 libssh-4 amd64 0.9.6-2ubuntu0.22.04.5 [187 kB]
build-posix	Build and Test in Docker	2026-02-02T16:51:03.4753442Z #7 11.51 Get:107 http://archive.ubuntu.com/ubuntu jammy-updates/main amd64 libcurl4 amd64 7.81.0-1ubuntu1.21 [290 kB]
build-posix	Build and Test in Docker	2026-02-02T16:51:03.5922747Z #7 11.61 Get:108 http://archive.ubuntu.com/ubuntu jammy/main amd64 libjsoncpp25 amd64 1.9.5-3 [80.0 kB]
build-posix	Build and Test in Docker	2026-02-02T16:51:03.5923606Z #7 11.63 Get:109 http://archive.ubuntu.com/ubuntu jammy/main amd64 librhash0 amd64 1.4.2-1ubuntu1 [125 kB]
build-posix	Build and Test in Docker	2026-02-02T16:51:03.7742613Z #7 11.65 Get:110 http://archive.ubuntu.com/ubuntu jammy/main amd64 dh-elpa-helper all 2.0.9ubuntu1 [7610 B]
build-posix	Build and Test in Docker	2026-02-02T16:51:03.7743584Z #7 11.65 Get:111 http://archive.ubuntu.com/ubuntu jammy/main amd64 emacsen-common all 3.0.4 [14.9 kB]
build-posix	Build and Test in Docker	2026-02-02T16:51:03.7744545Z #7 11.66 Get:112 http://archive.ubuntu.com/ubuntu jammy-updates/main amd64 cmake-data all 3.22.1-1ubuntu1.22.04.2 [1913 kB]
build-posix	Build and Test in Docker	2026-02-02T16:51:03.8407419Z #7 11.87 Get:113 http://archive.ubuntu.com/ubuntu jammy-updates/main amd64 cmake amd64 3.22.1-1ubuntu1.22.04.2 [5010 kB]
build-posix	Build and Test in Docker	2026-02-02T16:51:04.0459719Z #7 12.08 Get:114 http://archive.ubuntu.com/ubuntu jammy/universe amd64 libtinyxml2-9 amd64 9.0.0+dfsg-3 [32.5 kB]
build-posix	Build and Test in Docker	2026-02-02T16:51:04.1967930Z #7 12.08 Get:115 http://archive.ubuntu.com/ubuntu jammy/universe amd64 libz3-4 amd64 4.8.12-1 [5766 kB]
build-posix	Build and Test in Docker	2026-02-02T16:51:04.2386598Z #7 12.27 Get:116 http://archive.ubuntu.com/ubuntu jammy-updates/main amd64 python3-pygments all 2.11.2+dfsg-2ubuntu0.1 [750 kB]
build-posix	Build and Test in Docker	2026-02-02T16:51:04.3407878Z #7 12.30 Get:117 http://archive.ubuntu.com/ubuntu jammy/universe amd64 cppcheck amd64 2.7-1 [2016 kB]
build-posix	Build and Test in Docker	2026-02-02T16:51:04.3409170Z #7 12.36 Get:118 http://archive.ubuntu.com/ubuntu jammy-updates/main amd64 curl amd64 7.81.0-1ubuntu1.21 [194 kB]
build-posix	Build and Test in Docker	2026-02-02T16:51:04.3410410Z #7 12.37 Get:119 http://archive.ubuntu.com/ubuntu jammy/main amd64 libassuan0 amd64 2.5.5-1build1 [38.2 kB]
build-posix	Build and Test in Docker	2026-02-02T16:51:04.3411810Z #7 12.37 Get:120 http://archive.ubuntu.com/ubuntu jammy-updates/main amd64 gpgconf amd64 2.2.27-3ubuntu2.5 [94.3 kB]
build-posix	Build and Test in Docker	2026-02-02T16:51:04.3413411Z #7 12.37 Get:121 http://archive.ubuntu.com/ubuntu jammy-updates/main amd64 libksba8 amd64 1.6.0-2ubuntu0.2 [119 kB]
build-posix	Build and Test in Docker	2026-02-02T16:51:04.3414494Z #7 12.37 Get:122 http://archive.ubuntu.com/ubuntu jammy/main amd64 libnpth0 amd64 1.6-3build2 [8664 B]
build-posix	Build and Test in Docker	2026-02-02T16:51:04.4734975Z #7 12.37 Get:123 http://archive.ubuntu.com/ubuntu jammy-updates/main amd64 dirmngr amd64 2.2.27-3ubuntu2.5 [293 kB]
build-posix	Build and Test in Docker	2026-02-02T16:51:04.4736490Z #7 12.38 Get:124 http://archive.ubuntu.com/ubuntu jammy/main amd64 libfakeroot amd64 1.28-1ubuntu1 [31.5 kB]
build-posix	Build and Test in Docker	2026-02-02T16:51:04.4738360Z #7 12.51 Get:125 http://archive.ubuntu.com/ubuntu jammy/main amd64 fakeroot amd64 1.28-1ubuntu1 [60.4 kB]
build-posix	Build and Test in Docker	2026-02-02T16:51:04.6161055Z #7 12.51 Get:126 http://archive.ubuntu.com/ubuntu jammy/main amd64 fonts-dejavu-core all 2.37-2build1 [1041 kB]
build-posix	Build and Test in Docker	2026-02-02T16:51:04.6162388Z #7 12.52 Get:127 http://archive.ubuntu.com/ubuntu jammy/main amd64 fontconfig-config all 2.13.1-4.2ubuntu5 [29.1 kB]
build-posix	Build and Test in Docker	2026-02-02T16:51:04.6163289Z #7 12.65 Get:128 http://archive.ubuntu.com/ubuntu jammy-updates/main amd64 libcurl3-gnutls amd64 7.81.0-1ubuntu1.21 [284 kB]
build-posix	Build and Test in Docker	2026-02-02T16:51:04.7604258Z #7 12.65 Get:129 http://archive.ubuntu.com/ubuntu jammy/main amd64 liberror-perl all 0.17029-1 [26.5 kB]
build-posix	Build and Test in Docker	2026-02-02T16:51:04.7606388Z #7 12.65 Get:130 http://archive.ubuntu.com/ubuntu jammy-updates/main amd64 git-man all 1:2.34.1-1ubuntu1.15 [955 kB]
build-posix	Build and Test in Docker	2026-02-02T16:51:04.7607667Z #7 12.66 Get:131 http://archive.ubuntu.com/ubuntu jammy-updates/main amd64 git amd64 1:2.34.1-1ubuntu1.15 [3166 kB]
build-posix	Build and Test in Docker	2026-02-02T16:51:04.7608787Z #7 12.79 Get:132 http://archive.ubuntu.com/ubuntu jammy-updates/main amd64 gnupg-l10n all 2.2.27-3ubuntu2.5 [54.5 kB]
build-posix	Build and Test in Docker	2026-02-02T16:51:04.9010125Z #7 12.79 Get:133 http://archive.ubuntu.com/ubuntu jammy-updates/main amd64 gnupg-utils amd64 2.2.27-3ubuntu2.5 [309 kB]
build-posix	Build and Test in Docker	2026-02-02T16:51:04.9011748Z #7 12.80 Get:134 http://archive.ubuntu.com/ubuntu jammy-updates/main amd64 gpg amd64 2.2.27-3ubuntu2.5 [519 kB]
build-posix	Build and Test in Docker	2026-02-02T16:51:04.9013223Z #7 12.80 Get:135 http://archive.ubuntu.com/ubuntu jammy/main amd64 pinentry-curses amd64 1.1.1-1build2 [34.4 kB]
build-posix	Build and Test in Docker	2026-02-02T16:51:04.9014669Z #7 12.80 Get:136 http://archive.ubuntu.com/ubuntu jammy-updates/main amd64 gpg-agent amd64 2.2.27-3ubuntu2.5 [209 kB]
build-posix	Build and Test in Docker	2026-02-02T16:51:04.9016272Z #7 12.81 Get:137 http://archive.ubuntu.com/ubuntu jammy-updates/main amd64 gpg-wks-client amd64 2.2.27-3ubuntu2.5 [62.7 kB]
build-posix	Build and Test in Docker	2026-02-02T16:51:04.9017738Z #7 12.93 Get:138 http://archive.ubuntu.com/ubuntu jammy-updates/main amd64 gpg-wks-server amd64 2.2.27-3ubuntu2.5 [57.6 kB]
build-posix	Build and Test in Docker	2026-02-02T16:51:05.0433573Z #7 12.94 Get:139 http://archive.ubuntu.com/ubuntu jammy-updates/main amd64 gpgsm amd64 2.2.27-3ubuntu2.5 [197 kB]
build-posix	Build and Test in Docker	2026-02-02T16:51:05.0435472Z #7 12.94 Get:140 http://archive.ubuntu.com/ubuntu jammy-updates/main amd64 gnupg all 2.2.27-3ubuntu2.5 [315 kB]
build-posix	Build and Test in Docker	2026-02-02T16:51:05.0437041Z #7 13.08 Get:141 http://archive.ubuntu.com/ubuntu jammy/main amd64 javascript-common all 11+nmu1 [5936 B]
build-posix	Build and Test in Docker	2026-02-02T16:51:05.1862628Z #7 13.08 Get:142 http://archive.ubuntu.com/ubuntu jammy/main amd64 libjson-perl all 4.04000-1 [81.8 kB]
build-posix	Build and Test in Docker	2026-02-02T16:51:05.1863546Z #7 13.08 Get:143 http://archive.ubuntu.com/ubuntu jammy/main amd64 libperlio-gzip-perl amd64 0.19-1build8 [14.9 kB]
build-posix	Build and Test in Docker	2026-02-02T16:51:05.1864220Z #7 13.08 Get:144 http://archive.ubuntu.com/ubuntu jammy/universe amd64 lcov all 1.15-1 [99.5 kB]
build-posix	Build and Test in Docker	2026-02-02T16:51:05.1864865Z #7 13.08 Get:145 http://archive.ubuntu.com/ubuntu jammy/main amd64 libalgorithm-diff-perl all 1.201-1 [41.8 kB]
build-posix	Build and Test in Docker	2026-02-02T16:51:05.1865732Z #7 13.08 Get:146 http://archive.ubuntu.com/ubuntu jammy/main amd64 libalgorithm-diff-xs-perl amd64 0.04-6build3 [11.9 kB]
build-posix	Build and Test in Docker	2026-02-02T16:51:05.1867034Z #7 13.08 Get:147 http://archive.ubuntu.com/ubuntu jammy/main amd64 libalgorithm-merge-perl all 0.08-3 [12.0 kB]
build-posix	Build and Test in Docker	2026-02-02T16:51:05.1868347Z #7 13.22 Get:148 http://archive.ubuntu.com/ubuntu jammy-updates/main amd64 libfreetype6 amd64 2.11.1+dfsg-1ubuntu0.3 [388 kB]
build-posix	Build and Test in Docker	2026-02-02T16:51:05.3284608Z #7 13.23 Get:149 http://archive.ubuntu.com/ubuntu jammy/main amd64 libfontconfig1 amd64 2.13.1-4.2ubuntu5 [131 kB]
build-posix	Build and Test in Docker	2026-02-02T16:51:05.3287593Z #7 13.23 Get:150 http://archive.ubuntu.com/ubuntu jammy/main amd64 libjpeg-turbo8 amd64 2.1.2-0ubuntu1 [134 kB]
build-posix	Build and Test in Docker	2026-02-02T16:51:05.3288731Z #7 13.36 Get:151 http://archive.ubuntu.com/ubuntu jammy/main amd64 libjpeg8 amd64 8c-2ubuntu10 [2264 B]
build-posix	Build and Test in Docker	2026-02-02T16:51:05.4712147Z #7 13.36 Get:152 http://archive.ubuntu.com/ubuntu jammy/main amd64 libdeflate0 amd64 1.10-2 [70.9 kB]
build-posix	Build and Test in Docker	2026-02-02T16:51:05.4714356Z #7 13.36 Get:153 http://archive.ubuntu.com/ubuntu jammy-updates/main amd64 libjbig0 amd64 2.1-3.1ubuntu0.22.04.1 [29.2 kB]
build-posix	Build and Test in Docker	2026-02-02T16:51:05.4715777Z #7 13.36 Get:154 http://archive.ubuntu.com/ubuntu jammy-updates/main amd64 libwebp7 amd64 1.2.2-2ubuntu0.22.04.2 [206 kB]
build-posix	Build and Test in Docker	2026-02-02T16:51:05.4717167Z #7 13.37 Get:155 http://archive.ubuntu.com/ubuntu jammy-updates/main amd64 libtiff5 amd64 4.3.0-6ubuntu0.12 [185 kB]
build-posix	Build and Test in Docker	2026-02-02T16:51:05.4718595Z #7 13.37 Get:156 http://archive.ubuntu.com/ubuntu jammy-updates/main amd64 libxpm4 amd64 1:3.5.12-1ubuntu0.22.04.2 [36.7 kB]
build-posix	Build and Test in Docker	2026-02-02T16:51:05.4719957Z #7 13.38 Get:157 http://archive.ubuntu.com/ubuntu jammy-updates/main amd64 libgd3 amd64 2.3.0-2ubuntu2.3 [129 kB]
build-posix	Build and Test in Docker	2026-02-02T16:51:05.4721279Z #7 13.50 Get:158 http://archive.ubuntu.com/ubuntu jammy-updates/main amd64 libc-devtools amd64 2.35-0ubuntu3.12 [28.9 kB]
build-posix	Build and Test in Docker	2026-02-02T16:51:05.6137820Z #7 13.51 Get:159 http://archive.ubuntu.com/ubuntu jammy/main amd64 libcommon-sense-perl amd64 3.75-2build1 [21.1 kB]
build-posix	Build and Test in Docker	2026-02-02T16:51:05.6139587Z #7 13.51 Get:160 http://archive.ubuntu.com/ubuntu jammy-updates/main amd64 libexpat1-dev amd64 2.4.7-1ubuntu0.6 [148 kB]
build-posix	Build and Test in Docker	2026-02-02T16:51:05.6140978Z #7 13.65 Get:161 http://archive.ubuntu.com/ubuntu jammy/main amd64 libfile-fcntllock-perl amd64 0.22-3build7 [33.9 kB]
build-posix	Build and Test in Docker	2026-02-02T16:51:05.7564436Z #7 13.65 Get:162 http://archive.ubuntu.com/ubuntu jammy/main amd64 libjs-jquery all 3.6.0+dfsg+~3.5.13-1 [321 kB]
build-posix	Build and Test in Docker	2026-02-02T16:51:05.7565845Z #7 13.66 Get:163 http://archive.ubuntu.com/ubuntu jammy/main amd64 libjs-underscore all 1.13.2~dfsg-2 [118 kB]
build-posix	Build and Test in Docker	2026-02-02T16:51:05.7566818Z #7 13.66 Get:164 http://archive.ubuntu.com/ubuntu jammy/main amd64 libjs-sphinxdoc all 4.3.2-1 [139 kB]
build-posix	Build and Test in Docker	2026-02-02T16:51:05.7567536Z #7 13.66 Get:165 http://archive.ubuntu.com/ubuntu jammy/main amd64 libtypes-serialiser-perl all 1.01-1 [11.6 kB]
build-posix	Build and Test in Docker	2026-02-02T16:51:05.7568294Z #7 13.66 Get:166 http://archive.ubuntu.com/ubuntu jammy-updates/main amd64 libjson-xs-perl amd64 4.040-0ubuntu0.22.04.1 [87.0 kB]
build-posix	Build and Test in Docker	2026-02-02T16:51:05.7569132Z #7 13.66 Get:167 http://archive.ubuntu.com/ubuntu jammy-updates/main amd64 libldap-common all 2.5.19+dfsg-0ubuntu0.22.04.1 [16.1 kB]
build-posix	Build and Test in Docker	2026-02-02T16:51:05.7569914Z #7 13.79 Get:168 http://archive.ubuntu.com/ubuntu jammy-updates/main amd64 libpython3.10 amd64 3.10.12-1~22.04.13 [1949 kB]
build-posix	Build and Test in Docker	2026-02-02T16:51:05.9608869Z #7 13.84 Get:169 http://archive.ubuntu.com/ubuntu jammy-updates/main amd64 zlib1g-dev amd64 1:1.2.11.dfsg-2ubuntu9.2 [164 kB]
build-posix	Build and Test in Docker	2026-02-02T16:51:05.9610129Z #7 13.84 Get:170 http://archive.ubuntu.com/ubuntu jammy-updates/main amd64 libpython3.10-dev amd64 3.10.12-1~22.04.13 [4763 kB]
build-posix	Build and Test in Docker	2026-02-02T16:51:05.9644272Z #7 14.00 Get:171 http://archive.ubuntu.com/ubuntu jammy-updates/main amd64 libpython3-dev amd64 3.10.6-1~22.04.1 [7064 B]
build-posix	Build and Test in Docker	2026-02-02T16:51:06.0700790Z #7 14.00 Get:172 http://archive.ubuntu.com/ubuntu jammy-updates/main amd64 libsasl2-modules amd64 2.1.27+dfsg2-3ubuntu1.2 [68.8 kB]
build-posix	Build and Test in Docker	2026-02-02T16:51:06.0702174Z #7 14.00 Get:173 http://archive.ubuntu.com/ubuntu jammy/main amd64 manpages-dev all 5.10-1ubuntu1 [2309 kB]
build-posix	Build and Test in Docker	2026-02-02T16:51:06.0703055Z #7 14.09 Get:174 http://archive.ubuntu.com/ubuntu jammy/main amd64 pkg-config amd64 0.29.2-1ubuntu3 [48.2 kB]
build-posix	Build and Test in Docker	2026-02-02T16:51:06.0703937Z #7 14.09 Get:175 http://archive.ubuntu.com/ubuntu jammy-updates/main amd64 python3.10-dev amd64 3.10.12-1~22.04.13 [508 kB]
build-posix	Build and Test in Docker	2026-02-02T16:51:06.0705923Z #7 14.10 Get:176 http://archive.ubuntu.com/ubuntu jammy-updates/main amd64 python3-lib2to3 all 3.10.8-1~22.04 [77.6 kB]
build-posix	Build and Test in Docker	2026-02-02T16:51:06.1837486Z #7 14.11 Get:177 http://archive.ubuntu.com/ubuntu jammy-updates/main amd64 python3-distutils all 3.10.8-1~22.04 [139 kB]
build-posix	Build and Test in Docker	2026-02-02T16:51:06.1839207Z #7 14.11 Get:178 http://archive.ubuntu.com/ubuntu jammy-updates/main amd64 python3-dev amd64 3.10.6-1~22.04.1 [26.0 kB]
build-posix	Build and Test in Docker	2026-02-02T16:51:06.1840559Z #7 14.11 Get:179 http://archive.ubuntu.com/ubuntu jammy-updates/main amd64 python3-setuptools all 59.6.0-1.2ubuntu0.22.04.3 [340 kB]
build-posix	Build and Test in Docker	2026-02-02T16:51:06.1841886Z #7 14.22 Get:180 http://archive.ubuntu.com/ubuntu jammy-updates/universe amd64 python3-wheel all 0.37.1-2ubuntu0.22.04.1 [32.0 kB]
build-posix	Build and Test in Docker	2026-02-02T16:51:06.3257166Z #7 14.22 Get:181 http://archive.ubuntu.com/ubuntu jammy-updates/universe amd64 python3-pip all 22.0.2+dfsg-1ubuntu0.7 [1306 kB]
build-posix	Build and Test in Docker	2026-02-02T16:51:06.3259145Z #7 14.25 Get:182 http://archive.ubuntu.com/ubuntu jammy/universe amd64 cmocka-doc all 1.1.5-2 [84.2 kB]
build-posix	Build and Test in Docker	2026-02-02T16:51:06.3260467Z #7 14.36 Get:183 http://archive.ubuntu.com/ubuntu jammy/universe amd64 libcmocka0 amd64 1.1.5-2 [21.1 kB]
build-posix	Build and Test in Docker	2026-02-02T16:51:06.4559196Z #7 14.36 Get:184 http://archive.ubuntu.com/ubuntu jammy/universe amd64 libcmocka-dev amd64 1.1.5-2 [15.9 kB]
build-posix	Build and Test in Docker	2026-02-02T16:51:06.4560465Z #7 14.36 Get:185 http://archive.ubuntu.com/ubuntu jammy/main amd64 libgd-perl amd64 2.76-2build1 [138 kB]
build-posix	Build and Test in Docker	2026-02-02T16:51:06.4561495Z #7 14.49 debconf: delaying package configuration, since apt-utils is not installed
build-posix	Build and Test in Docker	2026-02-02T16:51:06.5763358Z #7 14.51 Fetched 177 MB in 9s (19.1 MB/s)
build-posix	Build and Test in Docker	2026-02-02T16:51:06.5763923Z #7 14.53 (Reading database ... 
build-posix	Build and Test in Docker	2026-02-02T16:51:06.5764337Z (Reading database ... 5%
build-posix	Build and Test in Docker	2026-02-02T16:51:06.5764639Z (Reading database ... 10%
build-posix	Build and Test in Docker	2026-02-02T16:51:06.5764869Z (Reading database ... 15%
build-posix	Build and Test in Docker	2026-02-02T16:51:06.5765086Z (Reading database ... 20%
build-posix	Build and Test in Docker	2026-02-02T16:51:06.5765386Z (Reading database ... 25%
build-posix	Build and Test in Docker	2026-02-02T16:51:06.5765594Z (Reading database ... 30%
build-posix	Build and Test in Docker	2026-02-02T16:51:06.5765790Z (Reading database ... 35%
build-posix	Build and Test in Docker	2026-02-02T16:51:06.5765996Z (Reading database ... 40%
build-posix	Build and Test in Docker	2026-02-02T16:51:06.5766193Z (Reading database ... 45%
build-posix	Build and Test in Docker	2026-02-02T16:51:06.5766411Z (Reading database ... 50%
build-posix	Build and Test in Docker	2026-02-02T16:51:06.5766629Z (Reading database ... 55%
build-posix	Build and Test in Docker	2026-02-02T16:51:06.5766840Z (Reading database ... 60%
build-posix	Build and Test in Docker	2026-02-02T16:51:06.5767047Z (Reading database ... 65%
build-posix	Build and Test in Docker	2026-02-02T16:51:06.5767255Z (Reading database ... 70%
build-posix	Build and Test in Docker	2026-02-02T16:51:06.5767461Z (Reading database ... 75%
build-posix	Build and Test in Docker	2026-02-02T16:51:06.5767658Z (Reading database ... 80%
build-posix	Build and Test in Docker	2026-02-02T16:51:06.5767863Z (Reading database ... 85%
build-posix	Build and Test in Docker	2026-02-02T16:51:06.5768064Z (Reading database ... 90%
build-posix	Build and Test in Docker	2026-02-02T16:51:06.5768272Z (Reading database ... 95%
build-posix	Build and Test in Docker	2026-02-02T16:51:06.5768471Z (Reading database ... 100%
build-posix	Build and Test in Docker	2026-02-02T16:51:06.5768782Z (Reading database ... 4393 files and directories currently installed.)
build-posix	Build and Test in Docker	2026-02-02T16:51:06.5769221Z #7 14.53 Preparing to unpack .../libc6_2.35-0ubuntu3.12_amd64.deb ...
build-posix	Build and Test in Docker	2026-02-02T16:51:06.5769655Z #7 14.61 Unpacking libc6:amd64 (2.35-0ubuntu3.12) over (2.35-0ubuntu3.11) ...
build-posix	Build and Test in Docker	2026-02-02T16:51:06.9011212Z #7 14.93 Setting up libc6:amd64 (2.35-0ubuntu3.12) ...
build-posix	Build and Test in Docker	2026-02-02T16:51:07.9944151Z #7 16.03 Selecting previously unselected package liblocale-gettext-perl.
build-posix	Build and Test in Docker	2026-02-02T16:51:08.1058185Z #7 16.03 (Reading database ... 
build-posix	Build and Test in Docker	2026-02-02T16:51:08.1058700Z (Reading database ... 5%
build-posix	Build and Test in Docker	2026-02-02T16:51:08.1058957Z (Reading database ... 10%
build-posix	Build and Test in Docker	2026-02-02T16:51:08.1059205Z (Reading database ... 15%
build-posix	Build and Test in Docker	2026-02-02T16:51:08.1059440Z (Reading database ... 20%
build-posix	Build and Test in Docker	2026-02-02T16:51:08.1059676Z (Reading database ... 25%
build-posix	Build and Test in Docker	2026-02-02T16:51:08.1059898Z (Reading database ... 30%
build-posix	Build and Test in Docker	2026-02-02T16:51:08.1060126Z (Reading database ... 35%
build-posix	Build and Test in Docker	2026-02-02T16:51:08.1060378Z (Reading database ... 40%
build-posix	Build and Test in Docker	2026-02-02T16:51:08.1060611Z (Reading database ... 45%
build-posix	Build and Test in Docker	2026-02-02T16:51:08.1060834Z (Reading database ... 50%
build-posix	Build and Test in Docker	2026-02-02T16:51:08.1061066Z (Reading database ... 55%
build-posix	Build and Test in Docker	2026-02-02T16:51:08.1061303Z (Reading database ... 60%
build-posix	Build and Test in Docker	2026-02-02T16:51:08.1061741Z (Reading database ... 65%
build-posix	Build and Test in Docker	2026-02-02T16:51:08.1061986Z (Reading database ... 70%
build-posix	Build and Test in Docker	2026-02-02T16:51:08.1062218Z (Reading database ... 75%
build-posix	Build and Test in Docker	2026-02-02T16:51:08.1062448Z (Reading database ... 80%
build-posix	Build and Test in Docker	2026-02-02T16:51:08.1062672Z (Reading database ... 85%
build-posix	Build and Test in Docker	2026-02-02T16:51:08.1063186Z (Reading database ... 90%
build-posix	Build and Test in Docker	2026-02-02T16:51:08.1063411Z (Reading database ... 95%
build-posix	Build and Test in Docker	2026-02-02T16:51:08.1063643Z (Reading database ... 100%
build-posix	Build and Test in Docker	2026-02-02T16:51:08.1063996Z (Reading database ... 4393 files and directories currently installed.)
build-posix	Build and Test in Docker	2026-02-02T16:51:08.1064838Z #7 16.03 Preparing to unpack .../liblocale-gettext-perl_1.07-4build3_amd64.deb ...
build-posix	Build and Test in Docker	2026-02-02T16:51:08.1065647Z #7 16.03 Unpacking liblocale-gettext-perl (1.07-4build3) ...
build-posix	Build and Test in Docker	2026-02-02T16:51:08.1066731Z #7 16.05 Selecting previously unselected package libpython3.10-minimal:amd64.
build-posix	Build and Test in Docker	2026-02-02T16:51:08.1067556Z #7 16.05 Preparing to unpack .../libpython3.10-minimal_3.10.12-1~22.04.13_amd64.deb ...
build-posix	Build and Test in Docker	2026-02-02T16:51:08.1068190Z #7 16.05 Unpacking libpython3.10-minimal:amd64 (3.10.12-1~22.04.13) ...
build-posix	Build and Test in Docker	2026-02-02T16:51:08.1068669Z #7 16.12 Selecting previously unselected package libexpat1:amd64.
build-posix	Build and Test in Docker	2026-02-02T16:51:08.1069135Z #7 16.12 Preparing to unpack .../libexpat1_2.4.7-1ubuntu0.6_amd64.deb ...
build-posix	Build and Test in Docker	2026-02-02T16:51:08.1069584Z #7 16.12 Unpacking libexpat1:amd64 (2.4.7-1ubuntu0.6) ...
build-posix	Build and Test in Docker	2026-02-02T16:51:08.1070011Z #7 16.14 Selecting previously unselected package python3.10-minimal.
build-posix	Build and Test in Docker	2026-02-02T16:51:08.3089727Z #7 16.14 Preparing to unpack .../python3.10-minimal_3.10.12-1~22.04.13_amd64.deb ...
build-posix	Build and Test in Docker	2026-02-02T16:51:08.3090450Z #7 16.14 Unpacking python3.10-minimal (3.10.12-1~22.04.13) ...
build-posix	Build and Test in Docker	2026-02-02T16:51:08.3090933Z #7 16.18 Setting up libpython3.10-minimal:amd64 (3.10.12-1~22.04.13) ...
build-posix	Build and Test in Docker	2026-02-02T16:51:08.3091438Z #7 16.19 Setting up libexpat1:amd64 (2.4.7-1ubuntu0.6) ...
build-posix	Build and Test in Docker	2026-02-02T16:51:08.3092141Z #7 16.19 Setting up python3.10-minimal (3.10.12-1~22.04.13) ...
build-posix	Build and Test in Docker	2026-02-02T16:51:08.6667504Z #7 16.70 Selecting previously unselected package python3-minimal.
build-posix	Build and Test in Docker	2026-02-02T16:51:08.7748766Z #7 16.70 (Reading database ... 
build-posix	Build and Test in Docker	2026-02-02T16:51:08.7749277Z (Reading database ... 5%
build-posix	Build and Test in Docker	2026-02-02T16:51:08.7749657Z (Reading database ... 10%
build-posix	Build and Test in Docker	2026-02-02T16:51:08.7750007Z (Reading database ... 15%
build-posix	Build and Test in Docker	2026-02-02T16:51:08.7750365Z (Reading database ... 20%
build-posix	Build and Test in Docker	2026-02-02T16:51:08.7750630Z (Reading database ... 25%
build-posix	Build and Test in Docker	2026-02-02T16:51:08.7750848Z (Reading database ... 30%
build-posix	Build and Test in Docker	2026-02-02T16:51:08.7751056Z (Reading database ... 35%
build-posix	Build and Test in Docker	2026-02-02T16:51:08.7751269Z (Reading database ... 40%
build-posix	Build and Test in Docker	2026-02-02T16:51:08.7751476Z (Reading database ... 45%
build-posix	Build and Test in Docker	2026-02-02T16:51:08.7751890Z (Reading database ... 50%
build-posix	Build and Test in Docker	2026-02-02T16:51:08.7752108Z (Reading database ... 55%
build-posix	Build and Test in Docker	2026-02-02T16:51:08.7752318Z (Reading database ... 60%
build-posix	Build and Test in Docker	2026-02-02T16:51:08.7752546Z (Reading database ... 65%
build-posix	Build and Test in Docker	2026-02-02T16:51:08.7752768Z (Reading database ... 70%
build-posix	Build and Test in Docker	2026-02-02T16:51:08.7753018Z (Reading database ... 75%
build-posix	Build and Test in Docker	2026-02-02T16:51:08.7753385Z (Reading database ... 80%
build-posix	Build and Test in Docker	2026-02-02T16:51:08.7753744Z (Reading database ... 85%
build-posix	Build and Test in Docker	2026-02-02T16:51:08.7754104Z (Reading database ... 90%
build-posix	Build and Test in Docker	2026-02-02T16:51:08.7754442Z (Reading database ... 95%
build-posix	Build and Test in Docker	2026-02-02T16:51:08.7754779Z (Reading database ... 100%
build-posix	Build and Test in Docker	2026-02-02T16:51:08.7755455Z (Reading database ... 4711 files and directories currently installed.)
build-posix	Build and Test in Docker	2026-02-02T16:51:08.7756180Z #7 16.70 Preparing to unpack .../0-python3-minimal_3.10.6-1~22.04.1_amd64.deb ...
build-posix	Build and Test in Docker	2026-02-02T16:51:08.7756709Z #7 16.71 Unpacking python3-minimal (3.10.6-1~22.04.1) ...
build-posix	Build and Test in Docker	2026-02-02T16:51:08.7757093Z #7 16.72 Selecting previously unselected package media-types.
build-posix	Build and Test in Docker	2026-02-02T16:51:08.7757644Z #7 16.72 Preparing to unpack .../1-media-types_7.0.0_all.deb ...
build-posix	Build and Test in Docker	2026-02-02T16:51:08.7757996Z #7 16.72 Unpacking media-types (7.0.0) ...
build-posix	Build and Test in Docker	2026-02-02T16:51:08.7758344Z #7 16.74 Selecting previously unselected package libmpdec3:amd64.
build-posix	Build and Test in Docker	2026-02-02T16:51:08.7758958Z #7 16.74 Preparing to unpack .../2-libmpdec3_2.5.1-2build2_amd64.deb ...
build-posix	Build and Test in Docker	2026-02-02T16:51:08.7759357Z #7 16.74 Unpacking libmpdec3:amd64 (2.5.1-2build2) ...
build-posix	Build and Test in Docker	2026-02-02T16:51:08.7759723Z #7 16.75 Selecting previously unselected package readline-common.
build-posix	Build and Test in Docker	2026-02-02T16:51:08.7760121Z #7 16.75 Preparing to unpack .../3-readline-common_8.1.2-1_all.deb ...
build-posix	Build and Test in Docker	2026-02-02T16:51:08.7760564Z #7 16.76 Unpacking readline-common (8.1.2-1) ...
build-posix	Build and Test in Docker	2026-02-02T16:51:08.7760929Z #7 16.77 Selecting previously unselected package libreadline8:amd64.
build-posix	Build and Test in Docker	2026-02-02T16:51:08.7761929Z #7 16.77 Preparing to unpack .../4-libreadline8_8.1.2-1_amd64.deb ...
build-posix	Build and Test in Docker	2026-02-02T16:51:08.7762349Z #7 16.77 Unpacking libreadline8:amd64 (8.1.2-1) ...
build-posix	Build and Test in Docker	2026-02-02T16:51:08.7762809Z #7 16.79 Selecting previously unselected package libsqlite3-0:amd64.
build-posix	Build and Test in Docker	2026-02-02T16:51:08.7763460Z #7 16.79 Preparing to unpack .../5-libsqlite3-0_3.37.2-2ubuntu0.5_amd64.deb ...
build-posix	Build and Test in Docker	2026-02-02T16:51:08.7764232Z #7 16.79 Unpacking libsqlite3-0:amd64 (3.37.2-2ubuntu0.5) ...
build-posix	Build and Test in Docker	2026-02-02T16:51:08.7765309Z #7 16.81 Selecting previously unselected package libpython3.10-stdlib:amd64.
build-posix	Build and Test in Docker	2026-02-02T16:51:08.8795067Z #7 16.81 Preparing to unpack .../6-libpython3.10-stdlib_3.10.12-1~22.04.13_amd64.deb ...
build-posix	Build and Test in Docker	2026-02-02T16:51:08.8795979Z #7 16.81 Unpacking libpython3.10-stdlib:amd64 (3.10.12-1~22.04.13) ...
build-posix	Build and Test in Docker	2026-02-02T16:51:08.8796583Z #7 16.89 Selecting previously unselected package python3.10.
build-posix	Build and Test in Docker	2026-02-02T16:51:08.8797218Z #7 16.90 Preparing to unpack .../7-python3.10_3.10.12-1~22.04.13_amd64.deb ...
build-posix	Build and Test in Docker	2026-02-02T16:51:08.8797902Z #7 16.90 Unpacking python3.10 (3.10.12-1~22.04.13) ...
build-posix	Build and Test in Docker	2026-02-02T16:51:08.8798530Z #7 16.91 Selecting previously unselected package libpython3-stdlib:amd64.
build-posix	Build and Test in Docker	2026-02-02T16:51:09.0274333Z #7 16.91 Preparing to unpack .../8-libpython3-stdlib_3.10.6-1~22.04.1_amd64.deb ...
build-posix	Build and Test in Docker	2026-02-02T16:51:09.0275006Z #7 16.92 Unpacking libpython3-stdlib:amd64 (3.10.6-1~22.04.1) ...
build-posix	Build and Test in Docker	2026-02-02T16:51:09.0275509Z #7 16.93 Setting up python3-minimal (3.10.6-1~22.04.1) ...
build-posix	Build and Test in Docker	2026-02-02T16:51:09.0275895Z #7 17.06 Selecting previously unselected package python3.
build-posix	Build and Test in Docker	2026-02-02T16:51:09.2021231Z #7 17.06 (Reading database ... 
build-posix	Build and Test in Docker	2026-02-02T16:51:09.2021953Z (Reading database ... 5%
build-posix	Build and Test in Docker	2026-02-02T16:51:09.2022347Z (Reading database ... 10%
build-posix	Build and Test in Docker	2026-02-02T16:51:09.2022732Z (Reading database ... 15%
build-posix	Build and Test in Docker	2026-02-02T16:51:09.2023099Z (Reading database ... 20%
build-posix	Build and Test in Docker	2026-02-02T16:51:09.2023472Z (Reading database ... 25%
build-posix	Build and Test in Docker	2026-02-02T16:51:09.2023842Z (Reading database ... 30%
build-posix	Build and Test in Docker	2026-02-02T16:51:09.2024207Z (Reading database ... 35%
build-posix	Build and Test in Docker	2026-02-02T16:51:09.2024596Z (Reading database ... 40%
build-posix	Build and Test in Docker	2026-02-02T16:51:09.2024968Z (Reading database ... 45%
build-posix	Build and Test in Docker	2026-02-02T16:51:09.2025332Z (Reading database ... 50%
build-posix	Build and Test in Docker	2026-02-02T16:51:09.2025696Z (Reading database ... 55%
build-posix	Build and Test in Docker	2026-02-02T16:51:09.2026063Z (Reading database ... 60%
build-posix	Build and Test in Docker	2026-02-02T16:51:09.2026442Z (Reading database ... 65%
build-posix	Build and Test in Docker	2026-02-02T16:51:09.2026817Z (Reading database ... 70%
build-posix	Build and Test in Docker	2026-02-02T16:51:09.2027175Z (Reading database ... 75%
build-posix	Build and Test in Docker	2026-02-02T16:51:09.2027534Z (Reading database ... 80%
build-posix	Build and Test in Docker	2026-02-02T16:51:09.2027918Z (Reading database ... 85%
build-posix	Build and Test in Docker	2026-02-02T16:51:09.2028287Z (Reading database ... 90%
build-posix	Build and Test in Docker	2026-02-02T16:51:09.2028642Z (Reading database ... 95%
build-posix	Build and Test in Docker	2026-02-02T16:51:09.2029007Z (Reading database ... 100%
build-posix	Build and Test in Docker	2026-02-02T16:51:09.2029558Z (Reading database ... 5141 files and directories currently installed.)
build-posix	Build and Test in Docker	2026-02-02T16:51:09.2030363Z #7 17.07 Preparing to unpack .../000-python3_3.10.6-1~22.04.1_amd64.deb ...
build-posix	Build and Test in Docker	2026-02-02T16:51:09.2031061Z #7 17.07 Unpacking python3 (3.10.6-1~22.04.1) ...
build-posix	Build and Test in Docker	2026-02-02T16:51:09.2031892Z #7 17.08 Selecting previously unselected package perl-modules-5.34.
build-posix	Build and Test in Docker	2026-02-02T16:51:09.2032719Z #7 17.08 Preparing to unpack .../001-perl-modules-5.34_5.34.0-3ubuntu1.5_all.deb ...
build-posix	Build and Test in Docker	2026-02-02T16:51:09.2033485Z #7 17.09 Unpacking perl-modules-5.34 (5.34.0-3ubuntu1.5) ...
build-posix	Build and Test in Docker	2026-02-02T16:51:09.3041022Z #7 17.34 Selecting previously unselected package libgdbm6:amd64.
build-posix	Build and Test in Docker	2026-02-02T16:51:09.4871079Z #7 17.34 Preparing to unpack .../002-libgdbm6_1.23-1_amd64.deb ...
build-posix	Build and Test in Docker	2026-02-02T16:51:09.4871925Z #7 17.34 Unpacking libgdbm6:amd64 (1.23-1) ...
build-posix	Build and Test in Docker	2026-02-02T16:51:09.4872579Z #7 17.35 Selecting previously unselected package libgdbm-compat4:amd64.
build-posix	Build and Test in Docker	2026-02-02T16:51:09.4873299Z #7 17.35 Preparing to unpack .../003-libgdbm-compat4_1.23-1_amd64.deb ...
build-posix	Build and Test in Docker	2026-02-02T16:51:09.4873736Z #7 17.36 Unpacking libgdbm-compat4:amd64 (1.23-1) ...
build-posix	Build and Test in Docker	2026-02-02T16:51:09.4874151Z #7 17.37 Selecting previously unselected package libperl5.34:amd64.
build-posix	Build and Test in Docker	2026-02-02T16:51:09.4874656Z #7 17.37 Preparing to unpack .../004-libperl5.34_5.34.0-3ubuntu1.5_amd64.deb ...
build-posix	Build and Test in Docker	2026-02-02T16:51:09.4875352Z #7 17.37 Unpacking libperl5.34:amd64 (5.34.0-3ubuntu1.5) ...
build-posix	Build and Test in Docker	2026-02-02T16:51:09.5030652Z #7 17.54 Selecting previously unselected package perl.
build-posix	Build and Test in Docker	2026-02-02T16:51:09.6087342Z #7 17.54 Preparing to unpack .../005-perl_5.34.0-3ubuntu1.5_amd64.deb ...
build-posix	Build and Test in Docker	2026-02-02T16:51:09.6088124Z #7 17.54 Unpacking perl (5.34.0-3ubuntu1.5) ...
build-posix	Build and Test in Docker	2026-02-02T16:51:09.6088776Z #7 17.56 Selecting previously unselected package openssl.
build-posix	Build and Test in Docker	2026-02-02T16:51:09.6089937Z #7 17.56 Preparing to unpack .../006-openssl_3.0.2-0ubuntu1.21_amd64.deb ...
build-posix	Build and Test in Docker	2026-02-02T16:51:09.6090648Z #7 17.57 Unpacking openssl (3.0.2-0ubuntu1.21) ...
build-posix	Build and Test in Docker	2026-02-02T16:51:09.6091099Z #7 17.60 Selecting previously unselected package ca-certificates.
build-posix	Build and Test in Docker	2026-02-02T16:51:09.6091987Z #7 17.60 Preparing to unpack .../007-ca-certificates_20240203~22.04.1_all.deb ...
build-posix	Build and Test in Docker	2026-02-02T16:51:09.6092531Z #7 17.60 Unpacking ca-certificates (20240203~22.04.1) ...
build-posix	Build and Test in Docker	2026-02-02T16:51:09.6092949Z #7 17.64 Selecting previously unselected package less.
build-posix	Build and Test in Docker	2026-02-02T16:51:09.8255337Z #7 17.64 Preparing to unpack .../008-less_590-1ubuntu0.22.04.3_amd64.deb ...
build-posix	Build and Test in Docker	2026-02-02T16:51:09.8256113Z #7 17.65 Unpacking less (590-1ubuntu0.22.04.3) ...
build-posix	Build and Test in Docker	2026-02-02T16:51:09.8256534Z #7 17.66 Selecting previously unselected package libmd0:amd64.
build-posix	Build and Test in Docker	2026-02-02T16:51:09.8256988Z #7 17.66 Preparing to unpack .../009-libmd0_1.0.4-1build1_amd64.deb ...
build-posix	Build and Test in Docker	2026-02-02T16:51:09.8257406Z #7 17.66 Unpacking libmd0:amd64 (1.0.4-1build1) ...
build-posix	Build and Test in Docker	2026-02-02T16:51:09.8257807Z #7 17.68 Selecting previously unselected package libbsd0:amd64.
build-posix	Build and Test in Docker	2026-02-02T16:51:09.8258219Z #7 17.68 Preparing to unpack .../010-libbsd0_0.11.5-1_amd64.deb ...
build-posix	Build and Test in Docker	2026-02-02T16:51:09.8258595Z #7 17.68 Unpacking libbsd0:amd64 (0.11.5-1) ...
build-posix	Build and Test in Docker	2026-02-02T16:51:09.8258963Z #7 17.69 Selecting previously unselected package libglib2.0-0:amd64.
build-posix	Build and Test in Docker	2026-02-02T16:51:09.8259434Z #7 17.70 Preparing to unpack .../011-libglib2.0-0_2.72.4-0ubuntu2.8_amd64.deb ...
build-posix	Build and Test in Docker	2026-02-02T16:51:09.8259876Z #7 17.70 Unpacking libglib2.0-0:amd64 (2.72.4-0ubuntu2.8) ...
build-posix	Build and Test in Docker	2026-02-02T16:51:09.8260288Z #7 17.73 Selecting previously unselected package libglib2.0-data.
build-posix	Build and Test in Docker	2026-02-02T16:51:09.8260753Z #7 17.73 Preparing to unpack .../012-libglib2.0-data_2.72.4-0ubuntu2.8_all.deb ...
build-posix	Build and Test in Docker	2026-02-02T16:51:09.8261191Z #7 17.73 Unpacking libglib2.0-data (2.72.4-0ubuntu2.8) ...
build-posix	Build and Test in Docker	2026-02-02T16:51:09.8261796Z #7 17.74 Selecting previously unselected package libicu70:amd64.
build-posix	Build and Test in Docker	2026-02-02T16:51:09.8262210Z #7 17.74 Preparing to unpack .../013-libicu70_70.1-2_amd64.deb ...
build-posix	Build and Test in Docker	2026-02-02T16:51:09.8262743Z #7 17.74 Unpacking libicu70:amd64 (70.1-2) ...
build-posix	Build and Test in Docker	2026-02-02T16:51:09.8263694Z #7 17.86 Selecting previously unselected package libxml2:amd64.
build-posix	Build and Test in Docker	2026-02-02T16:51:09.9285884Z #7 17.86 Preparing to unpack .../014-libxml2_2.9.13+dfsg-1ubuntu0.11_amd64.deb ...
build-posix	Build and Test in Docker	2026-02-02T16:51:09.9286743Z #7 17.86 Unpacking libxml2:amd64 (2.9.13+dfsg-1ubuntu0.11) ...
build-posix	Build and Test in Docker	2026-02-02T16:51:09.9287192Z #7 17.88 Selecting previously unselected package netbase.
build-posix	Build and Test in Docker	2026-02-02T16:51:09.9287561Z #7 17.88 Preparing to unpack .../015-netbase_6.3_all.deb ...
build-posix	Build and Test in Docker	2026-02-02T16:51:09.9287900Z #7 17.88 Unpacking netbase (6.3) ...
build-posix	Build and Test in Docker	2026-02-02T16:51:09.9288246Z #7 17.90 Selecting previously unselected package python3-pkg-resources.
build-posix	Build and Test in Docker	2026-02-02T16:51:09.9288774Z #7 17.90 Preparing to unpack .../016-python3-pkg-resources_59.6.0-1.2ubuntu0.22.04.3_all.deb ...
build-posix	Build and Test in Docker	2026-02-02T16:51:09.9289291Z #7 17.90 Unpacking python3-pkg-resources (59.6.0-1.2ubuntu0.22.04.3) ...
build-posix	Build and Test in Docker	2026-02-02T16:51:09.9289721Z #7 17.91 Selecting previously unselected package shared-mime-info.
build-posix	Build and Test in Docker	2026-02-02T16:51:09.9290179Z #7 17.92 Preparing to unpack .../017-shared-mime-info_2.1-2_amd64.deb ...
build-posix	Build and Test in Docker	2026-02-02T16:51:09.9290573Z #7 17.92 Unpacking shared-mime-info (2.1-2) ...
build-posix	Build and Test in Docker	2026-02-02T16:51:09.9290885Z #7 17.94 Selecting previously unselected package ucf.
build-posix	Build and Test in Docker	2026-02-02T16:51:09.9291282Z #7 17.94 Preparing to unpack .../018-ucf_3.0043_all.deb ...
build-posix	Build and Test in Docker	2026-02-02T16:51:09.9291993Z #7 17.94 Moving old data out of the way
build-posix	Build and Test in Docker	2026-02-02T16:51:09.9292458Z #7 17.94 Unpacking ucf (3.0043) ...
build-posix	Build and Test in Docker	2026-02-02T16:51:09.9293404Z #7 17.96 Selecting previously unselected package xdg-user-dirs.
build-posix	Build and Test in Docker	2026-02-02T16:51:10.0355443Z #7 17.96 Preparing to unpack .../019-xdg-user-dirs_0.17-2ubuntu4_amd64.deb ...
build-posix	Build and Test in Docker	2026-02-02T16:51:10.0356421Z #7 17.97 Unpacking xdg-user-dirs (0.17-2ubuntu4) ...
build-posix	Build and Test in Docker	2026-02-02T16:51:10.0357098Z #7 18.02 Selecting previously unselected package libcbor0.8:amd64.
build-posix	Build and Test in Docker	2026-02-02T16:51:10.0357848Z #7 18.02 Preparing to unpack .../020-libcbor0.8_0.8.0-2ubuntu1_amd64.deb ...
build-posix	Build and Test in Docker	2026-02-02T16:51:10.0358613Z #7 18.02 Unpacking libcbor0.8:amd64 (0.8.0-2ubuntu1) ...
build-posix	Build and Test in Docker	2026-02-02T16:51:10.0358991Z #7 18.04 Selecting previously unselected package libedit2:amd64.
build-posix	Build and Test in Docker	2026-02-02T16:51:10.0359425Z #7 18.04 Preparing to unpack .../021-libedit2_3.1-20210910-1build1_amd64.deb ...
build-posix	Build and Test in Docker	2026-02-02T16:51:10.0359826Z #7 18.04 Unpacking libedit2:amd64 (3.1-20210910-1build1) ...
build-posix	Build and Test in Docker	2026-02-02T16:51:10.0360197Z #7 18.05 Selecting previously unselected package libfido2-1:amd64.
build-posix	Build and Test in Docker	2026-02-02T16:51:10.0360655Z #7 18.05 Preparing to unpack .../022-libfido2-1_1.10.0-1_amd64.deb ...
build-posix	Build and Test in Docker	2026-02-02T16:51:10.0361391Z #7 18.06 Unpacking libfido2-1:amd64 (1.10.0-1) ...
build-posix	Build and Test in Docker	2026-02-02T16:51:10.0362252Z #7 18.07 Selecting previously unselected package libnghttp2-14:amd64.
build-posix	Build and Test in Docker	2026-02-02T16:51:10.1387162Z #7 18.07 Preparing to unpack .../023-libnghttp2-14_1.43.0-1ubuntu0.2_amd64.deb ...
build-posix	Build and Test in Docker	2026-02-02T16:51:10.1388018Z #7 18.07 Unpacking libnghttp2-14:amd64 (1.43.0-1ubuntu0.2) ...
build-posix	Build and Test in Docker	2026-02-02T16:51:10.1388696Z #7 18.08 Selecting previously unselected package libpng16-16:amd64.
build-posix	Build and Test in Docker	2026-02-02T16:51:10.1389505Z #7 18.08 Preparing to unpack .../024-libpng16-16_1.6.37-3ubuntu0.3_amd64.deb ...
build-posix	Build and Test in Docker	2026-02-02T16:51:10.1390210Z #7 18.09 Unpacking libpng16-16:amd64 (1.6.37-3ubuntu0.3) ...
build-posix	Build and Test in Docker	2026-02-02T16:51:10.1390867Z #7 18.10 Selecting previously unselected package libpsl5:amd64.
build-posix	Build and Test in Docker	2026-02-02T16:51:10.1391741Z #7 18.10 Preparing to unpack .../025-libpsl5_0.21.0-1.2build2_amd64.deb ...
build-posix	Build and Test in Docker	2026-02-02T16:51:10.1392449Z #7 18.10 Unpacking libpsl5:amd64 (0.21.0-1.2build2) ...
build-posix	Build and Test in Docker	2026-02-02T16:51:10.1393283Z #7 18.12 Selecting previously unselected package libuv1:amd64.
build-posix	Build and Test in Docker	2026-02-02T16:51:10.1394054Z #7 18.12 Preparing to unpack .../026-libuv1_1.43.0-1ubuntu0.1_amd64.deb ...
build-posix	Build and Test in Docker	2026-02-02T16:51:10.1394780Z #7 18.12 Unpacking libuv1:amd64 (1.43.0-1ubuntu0.1) ...
build-posix	Build and Test in Docker	2026-02-02T16:51:10.1395373Z #7 18.14 Selecting previously unselected package libxau6:amd64.
build-posix	Build and Test in Docker	2026-02-02T16:51:10.1395983Z #7 18.14 Preparing to unpack .../027-libxau6_1%3a1.0.9-1build5_amd64.deb ...
build-posix	Build and Test in Docker	2026-02-02T16:51:10.1396393Z #7 18.14 Unpacking libxau6:amd64 (1:1.0.9-1build5) ...
build-posix	Build and Test in Docker	2026-02-02T16:51:10.1396764Z #7 18.16 Selecting previously unselected package libxdmcp6:amd64.
build-posix	Build and Test in Docker	2026-02-02T16:51:10.1397198Z #7 18.16 Preparing to unpack .../028-libxdmcp6_1%3a1.1.3-0ubuntu5_amd64.deb ...
build-posix	Build and Test in Docker	2026-02-02T16:51:10.1397608Z #7 18.16 Unpacking libxdmcp6:amd64 (1:1.1.3-0ubuntu5) ...
build-posix	Build and Test in Docker	2026-02-02T16:51:10.1397974Z #7 18.17 Selecting previously unselected package libxcb1:amd64.
build-posix	Build and Test in Docker	2026-02-02T16:51:10.2479244Z #7 18.17 Preparing to unpack .../029-libxcb1_1.14-3ubuntu3_amd64.deb ...
build-posix	Build and Test in Docker	2026-02-02T16:51:10.2480241Z #7 18.17 Unpacking libxcb1:amd64 (1.14-3ubuntu3) ...
build-posix	Build and Test in Docker	2026-02-02T16:51:10.2480886Z #7 18.19 Selecting previously unselected package libx11-data.
build-posix	Build and Test in Docker	2026-02-02T16:51:10.2481786Z #7 18.19 Preparing to unpack .../030-libx11-data_2%3a1.7.5-1ubuntu0.3_all.deb ...
build-posix	Build and Test in Docker	2026-02-02T16:51:10.2482480Z #7 18.19 Unpacking libx11-data (2:1.7.5-1ubuntu0.3) ...
build-posix	Build and Test in Docker	2026-02-02T16:51:10.2483074Z #7 18.24 Selecting previously unselected package libx11-6:amd64.
build-posix	Build and Test in Docker	2026-02-02T16:51:10.2483780Z #7 18.25 Preparing to unpack .../031-libx11-6_2%3a1.7.5-1ubuntu0.3_amd64.deb ...
build-posix	Build and Test in Docker	2026-02-02T16:51:10.2484473Z #7 18.25 Unpacking libx11-6:amd64 (2:1.7.5-1ubuntu0.3) ...
build-posix	Build and Test in Docker	2026-02-02T16:51:10.2485067Z #7 18.27 Selecting previously unselected package libxext6:amd64.
build-posix	Build and Test in Docker	2026-02-02T16:51:10.2485766Z #7 18.27 Preparing to unpack .../032-libxext6_2%3a1.3.4-1build1_amd64.deb ...
build-posix	Build and Test in Docker	2026-02-02T16:51:10.2486455Z #7 18.27 Unpacking libxext6:amd64 (2:1.3.4-1build1) ...
build-posix	Build and Test in Docker	2026-02-02T16:51:10.2487304Z #7 18.28 Selecting previously unselected package libxmuu1:amd64.
build-posix	Build and Test in Docker	2026-02-02T16:51:10.3492089Z #7 18.28 Preparing to unpack .../033-libxmuu1_2%3a1.1.3-3_amd64.deb ...
build-posix	Build and Test in Docker	2026-02-02T16:51:10.3492774Z #7 18.28 Unpacking libxmuu1:amd64 (2:1.1.3-3) ...
build-posix	Build and Test in Docker	2026-02-02T16:51:10.3493204Z #7 18.30 Selecting previously unselected package manpages.
build-posix	Build and Test in Docker	2026-02-02T16:51:10.3493690Z #7 18.30 Preparing to unpack .../034-manpages_5.10-1ubuntu1_all.deb ...
build-posix	Build and Test in Docker	2026-02-02T16:51:10.3494145Z #7 18.30 Unpacking manpages (5.10-1ubuntu1) ...
build-posix	Build and Test in Docker	2026-02-02T16:51:10.3494576Z #7 18.38 Selecting previously unselected package openssh-client.
build-posix	Build and Test in Docker	2026-02-02T16:51:10.4564051Z #7 18.38 Preparing to unpack .../035-openssh-client_1%3a8.9p1-3ubuntu0.13_amd64.deb ...
build-posix	Build and Test in Docker	2026-02-02T16:51:10.4564934Z #7 18.39 Unpacking openssh-client (1:8.9p1-3ubuntu0.13) ...
build-posix	Build and Test in Docker	2026-02-02T16:51:10.4565565Z #7 18.42 Selecting previously unselected package publicsuffix.
build-posix	Build and Test in Docker	2026-02-02T16:51:10.4566302Z #7 18.42 Preparing to unpack .../036-publicsuffix_20211207.1025-1_all.deb ...
build-posix	Build and Test in Docker	2026-02-02T16:51:10.4566921Z #7 18.42 Unpacking publicsuffix (20211207.1025-1) ...
build-posix	Build and Test in Docker	2026-02-02T16:51:10.4567313Z #7 18.44 Selecting previously unselected package wget.
build-posix	Build and Test in Docker	2026-02-02T16:51:10.4567715Z #7 18.44 Preparing to unpack .../037-wget_1.21.2-2ubuntu1.1_amd64.deb ...
build-posix	Build and Test in Docker	2026-02-02T16:51:10.4568093Z #7 18.44 Unpacking wget (1.21.2-2ubuntu1.1) ...
build-posix	Build and Test in Docker	2026-02-02T16:51:10.4568422Z #7 18.46 Selecting previously unselected package xauth.
build-posix	Build and Test in Docker	2026-02-02T16:51:10.4568843Z #7 18.46 Preparing to unpack .../038-xauth_1%3a1.1-1build2_amd64.deb ...
build-posix	Build and Test in Docker	2026-02-02T16:51:10.4569232Z #7 18.46 Unpacking xauth (1:1.1-1build2) ...
build-posix	Build and Test in Docker	2026-02-02T16:51:10.4569581Z #7 18.47 Selecting previously unselected package xz-utils.
build-posix	Build and Test in Docker	2026-02-02T16:51:10.4569992Z #7 18.47 Preparing to unpack .../039-xz-utils_5.2.5-2ubuntu1_amd64.deb ...
build-posix	Build and Test in Docker	2026-02-02T16:51:10.4570379Z #7 18.47 Unpacking xz-utils (5.2.5-2ubuntu1) ...
build-posix	Build and Test in Docker	2026-02-02T16:51:10.4570755Z #7 18.49 Selecting previously unselected package binutils-common:amd64.
build-posix	Build and Test in Docker	2026-02-02T16:51:10.6089205Z #7 18.49 Preparing to unpack .../040-binutils-common_2.38-4ubuntu2.12_amd64.deb ...
build-posix	Build and Test in Docker	2026-02-02T16:51:10.6089930Z #7 18.49 Unpacking binutils-common:amd64 (2.38-4ubuntu2.12) ...
build-posix	Build and Test in Docker	2026-02-02T16:51:10.6090373Z #7 18.51 Selecting previously unselected package libbinutils:amd64.
build-posix	Build and Test in Docker	2026-02-02T16:51:10.6090823Z #7 18.51 Preparing to unpack .../041-libbinutils_2.38-4ubuntu2.12_amd64.deb ...
build-posix	Build and Test in Docker	2026-02-02T16:51:10.6091243Z #7 18.51 Unpacking libbinutils:amd64 (2.38-4ubuntu2.12) ...
build-posix	Build and Test in Docker	2026-02-02T16:51:10.6091846Z #7 18.53 Selecting previously unselected package libctf-nobfd0:amd64.
build-posix	Build and Test in Docker	2026-02-02T16:51:10.6092324Z #7 18.54 Preparing to unpack .../042-libctf-nobfd0_2.38-4ubuntu2.12_amd64.deb ...
build-posix	Build and Test in Docker	2026-02-02T16:51:10.6092752Z #7 18.54 Unpacking libctf-nobfd0:amd64 (2.38-4ubuntu2.12) ...
build-posix	Build and Test in Docker	2026-02-02T16:51:10.6093119Z #7 18.55 Selecting previously unselected package libctf0:amd64.
build-posix	Build and Test in Docker	2026-02-02T16:51:10.6093527Z #7 18.55 Preparing to unpack .../043-libctf0_2.38-4ubuntu2.12_amd64.deb ...
build-posix	Build and Test in Docker	2026-02-02T16:51:10.6093923Z #7 18.55 Unpacking libctf0:amd64 (2.38-4ubuntu2.12) ...
build-posix	Build and Test in Docker	2026-02-02T16:51:10.6094333Z #7 18.57 Selecting previously unselected package binutils-x86-64-linux-gnu.
build-posix	Build and Test in Docker	2026-02-02T16:51:10.6094866Z #7 18.57 Preparing to unpack .../044-binutils-x86-64-linux-gnu_2.38-4ubuntu2.12_amd64.deb ...
build-posix	Build and Test in Docker	2026-02-02T16:51:10.6095367Z #7 18.57 Unpacking binutils-x86-64-linux-gnu (2.38-4ubuntu2.12) ...
build-posix	Build and Test in Docker	2026-02-02T16:51:10.6095754Z #7 18.64 Selecting previously unselected package binutils.
build-posix	Build and Test in Docker	2026-02-02T16:51:10.7927122Z #7 18.64 Preparing to unpack .../045-binutils_2.38-4ubuntu2.12_amd64.deb ...
build-posix	Build and Test in Docker	2026-02-02T16:51:10.7927938Z #7 18.64 Unpacking binutils (2.38-4ubuntu2.12) ...
build-posix	Build and Test in Docker	2026-02-02T16:51:10.7928607Z #7 18.66 Selecting previously unselected package libc-dev-bin.
build-posix	Build and Test in Docker	2026-02-02T16:51:10.7929374Z #7 18.66 Preparing to unpack .../046-libc-dev-bin_2.35-0ubuntu3.12_amd64.deb ...
build-posix	Build and Test in Docker	2026-02-02T16:51:10.7930090Z #7 18.66 Unpacking libc-dev-bin (2.35-0ubuntu3.12) ...
build-posix	Build and Test in Docker	2026-02-02T16:51:10.7930775Z #7 18.67 Selecting previously unselected package linux-libc-dev:amd64.
build-posix	Build and Test in Docker	2026-02-02T16:51:10.7931761Z #7 18.68 Preparing to unpack .../047-linux-libc-dev_5.15.0-168.178_amd64.deb ...
build-posix	Build and Test in Docker	2026-02-02T16:51:10.7932833Z #7 18.68 Unpacking linux-libc-dev:amd64 (5.15.0-168.178) ...
build-posix	Build and Test in Docker	2026-02-02T16:51:10.8396741Z #7 18.87 Selecting previously unselected package libcrypt-dev:amd64.
build-posix	Build and Test in Docker	2026-02-02T16:51:11.0586696Z #7 18.87 Preparing to unpack .../048-libcrypt-dev_1%3a4.4.27-1_amd64.deb ...
build-posix	Build and Test in Docker	2026-02-02T16:51:11.0587498Z #7 18.88 Unpacking libcrypt-dev:amd64 (1:4.4.27-1) ...
build-posix	Build and Test in Docker	2026-02-02T16:51:11.0588127Z #7 18.89 Selecting previously unselected package rpcsvc-proto.
build-posix	Build and Test in Docker	2026-02-02T16:51:11.0589175Z #7 18.89 Preparing to unpack .../049-rpcsvc-proto_1.4.2-0ubuntu6_amd64.deb ...
build-posix	Build and Test in Docker	2026-02-02T16:51:11.0589870Z #7 18.89 Unpacking rpcsvc-proto (1.4.2-0ubuntu6) ...
build-posix	Build and Test in Docker	2026-02-02T16:51:11.0590502Z #7 18.91 Selecting previously unselected package libtirpc-dev:amd64.
build-posix	Build and Test in Docker	2026-02-02T16:51:11.0591341Z #7 18.91 Preparing to unpack .../050-libtirpc-dev_1.3.2-2ubuntu0.1_amd64.deb ...
build-posix	Build and Test in Docker	2026-02-02T16:51:11.0592221Z #7 18.91 Unpacking libtirpc-dev:amd64 (1.3.2-2ubuntu0.1) ...
build-posix	Build and Test in Docker	2026-02-02T16:51:11.0592698Z #7 18.94 Selecting previously unselected package libnsl-dev:amd64.
build-posix	Build and Test in Docker	2026-02-02T16:51:11.0593238Z #7 18.94 Preparing to unpack .../051-libnsl-dev_1.3.0-2build2_amd64.deb ...
build-posix	Build and Test in Docker	2026-02-02T16:51:11.0593719Z #7 18.94 Unpacking libnsl-dev:amd64 (1.3.0-2build2) ...
build-posix	Build and Test in Docker	2026-02-02T16:51:11.0594167Z #7 18.96 Selecting previously unselected package libc6-dev:amd64.
build-posix	Build and Test in Docker	2026-02-02T16:51:11.0594682Z #7 18.96 Preparing to unpack .../052-libc6-dev_2.35-0ubuntu3.12_amd64.deb ...
build-posix	Build and Test in Docker	2026-02-02T16:51:11.0595159Z #7 18.96 Unpacking libc6-dev:amd64 (2.35-0ubuntu3.12) ...
build-posix	Build and Test in Docker	2026-02-02T16:51:11.0595610Z #7 19.09 Selecting previously unselected package gcc-11-base:amd64.
build-posix	Build and Test in Docker	2026-02-02T16:51:11.2377564Z #7 19.09 Preparing to unpack .../053-gcc-11-base_11.4.0-1ubuntu1~22.04.2_amd64.deb ...
build-posix	Build and Test in Docker	2026-02-02T16:51:11.2378363Z #7 19.10 Unpacking gcc-11-base:amd64 (11.4.0-1ubuntu1~22.04.2) ...
build-posix	Build and Test in Docker	2026-02-02T16:51:11.2379004Z #7 19.11 Selecting previously unselected package libisl23:amd64.
build-posix	Build and Test in Docker	2026-02-02T16:51:11.2379642Z #7 19.11 Preparing to unpack .../054-libisl23_0.24-2build1_amd64.deb ...
build-posix	Build and Test in Docker	2026-02-02T16:51:11.2380230Z #7 19.11 Unpacking libisl23:amd64 (0.24-2build1) ...
build-posix	Build and Test in Docker	2026-02-02T16:51:11.2380750Z #7 19.13 Selecting previously unselected package libmpfr6:amd64.
build-posix	Build and Test in Docker	2026-02-02T16:51:11.2381348Z #7 19.13 Preparing to unpack .../055-libmpfr6_4.1.0-3build3_amd64.deb ...
build-posix	Build and Test in Docker	2026-02-02T16:51:11.2382078Z #7 19.13 Unpacking libmpfr6:amd64 (4.1.0-3build3) ...
build-posix	Build and Test in Docker	2026-02-02T16:51:11.2382583Z #7 19.16 Selecting previously unselected package libmpc3:amd64.
build-posix	Build and Test in Docker	2026-02-02T16:51:11.2383173Z #7 19.16 Preparing to unpack .../056-libmpc3_1.2.1-2build1_amd64.deb ...
build-posix	Build and Test in Docker	2026-02-02T16:51:11.2383720Z #7 19.16 Unpacking libmpc3:amd64 (1.2.1-2build1) ...
build-posix	Build and Test in Docker	2026-02-02T16:51:11.2384192Z #7 19.17 Selecting previously unselected package cpp-11.
build-posix	Build and Test in Docker	2026-02-02T16:51:11.2384774Z #7 19.17 Preparing to unpack .../057-cpp-11_11.4.0-1ubuntu1~22.04.2_amd64.deb ...
build-posix	Build and Test in Docker	2026-02-02T16:51:11.2385344Z #7 19.17 Unpacking cpp-11 (11.4.0-1ubuntu1~22.04.2) ...
build-posix	Build and Test in Docker	2026-02-02T16:51:11.2385807Z #7 19.27 Selecting previously unselected package cpp.
build-posix	Build and Test in Docker	2026-02-02T16:51:11.3632317Z #7 19.27 Preparing to unpack .../058-cpp_4%3a11.2.0-1ubuntu1_amd64.deb ...
build-posix	Build and Test in Docker	2026-02-02T16:51:11.3633045Z #7 19.27 Unpacking cpp (4:11.2.0-1ubuntu1) ...
build-posix	Build and Test in Docker	2026-02-02T16:51:11.3633482Z #7 19.29 Selecting previously unselected package libcc1-0:amd64.
build-posix	Build and Test in Docker	2026-02-02T16:51:11.3633957Z #7 19.29 Preparing to unpack .../059-libcc1-0_12.3.0-1ubuntu1~22.04.2_amd64.deb ...
build-posix	Build and Test in Docker	2026-02-02T16:51:11.3634420Z #7 19.29 Unpacking libcc1-0:amd64 (12.3.0-1ubuntu1~22.04.2) ...
build-posix	Build and Test in Docker	2026-02-02T16:51:11.3634816Z #7 19.30 Selecting previously unselected package libgomp1:amd64.
build-posix	Build and Test in Docker	2026-02-02T16:51:11.3635302Z #7 19.31 Preparing to unpack .../060-libgomp1_12.3.0-1ubuntu1~22.04.2_amd64.deb ...
build-posix	Build and Test in Docker	2026-02-02T16:51:11.3635745Z #7 19.31 Unpacking libgomp1:amd64 (12.3.0-1ubuntu1~22.04.2) ...
build-posix	Build and Test in Docker	2026-02-02T16:51:11.3636139Z #7 19.32 Selecting previously unselected package libitm1:amd64.
build-posix	Build and Test in Docker	2026-02-02T16:51:11.3636601Z #7 19.32 Preparing to unpack .../061-libitm1_12.3.0-1ubuntu1~22.04.2_amd64.deb ...
build-posix	Build and Test in Docker	2026-02-02T16:51:11.3637073Z #7 19.32 Unpacking libitm1:amd64 (12.3.0-1ubuntu1~22.04.2) ...
build-posix	Build and Test in Docker	2026-02-02T16:51:11.3637787Z #7 19.34 Selecting previously unselected package libatomic1:amd64.
build-posix	Build and Test in Docker	2026-02-02T16:51:11.3638287Z #7 19.34 Preparing to unpack .../062-libatomic1_12.3.0-1ubuntu1~22.04.2_amd64.deb ...
build-posix	Build and Test in Docker	2026-02-02T16:51:11.3638779Z #7 19.34 Unpacking libatomic1:amd64 (12.3.0-1ubuntu1~22.04.2) ...
build-posix	Build and Test in Docker	2026-02-02T16:51:11.3639206Z #7 19.36 Selecting previously unselected package libasan6:amd64.
build-posix	Build and Test in Docker	2026-02-02T16:51:11.3639683Z #7 19.36 Preparing to unpack .../063-libasan6_11.4.0-1ubuntu1~22.04.2_amd64.deb ...
build-posix	Build and Test in Docker	2026-02-02T16:51:11.3640288Z #7 19.36 Unpacking libasan6:amd64 (11.4.0-1ubuntu1~22.04.2) ...
build-posix	Build and Test in Docker	2026-02-02T16:51:11.3640702Z #7 19.40 Selecting previously unselected package liblsan0:amd64.
build-posix	Build and Test in Docker	2026-02-02T16:51:11.4702129Z #7 19.40 Preparing to unpack .../064-liblsan0_12.3.0-1ubuntu1~22.04.2_amd64.deb ...
build-posix	Build and Test in Docker	2026-02-02T16:51:11.4702974Z #7 19.40 Unpacking liblsan0:amd64 (12.3.0-1ubuntu1~22.04.2) ...
build-posix	Build and Test in Docker	2026-02-02T16:51:11.4703634Z #7 19.42 Selecting previously unselected package libtsan0:amd64.
build-posix	Build and Test in Docker	2026-02-02T16:51:11.4704413Z #7 19.43 Preparing to unpack .../065-libtsan0_11.4.0-1ubuntu1~22.04.2_amd64.deb ...
build-posix	Build and Test in Docker	2026-02-02T16:51:11.4704906Z #7 19.43 Unpacking libtsan0:amd64 (11.4.0-1ubuntu1~22.04.2) ...
build-posix	Build and Test in Docker	2026-02-02T16:51:11.4705304Z #7 19.46 Selecting previously unselected package libubsan1:amd64.
build-posix	Build and Test in Docker	2026-02-02T16:51:11.4705748Z #7 19.47 Preparing to unpack .../066-libubsan1_12.3.0-1ubuntu1~22.04.2_amd64.deb ...
build-posix	Build and Test in Docker	2026-02-02T16:51:11.4706190Z #7 19.47 Unpacking libubsan1:amd64 (12.3.0-1ubuntu1~22.04.2) ...
build-posix	Build and Test in Docker	2026-02-02T16:51:11.4706595Z #7 19.49 Selecting previously unselected package libquadmath0:amd64.
build-posix	Build and Test in Docker	2026-02-02T16:51:11.4707062Z #7 19.49 Preparing to unpack .../067-libquadmath0_12.3.0-1ubuntu1~22.04.2_amd64.deb ...
build-posix	Build and Test in Docker	2026-02-02T16:51:11.4707514Z #7 19.49 Unpacking libquadmath0:amd64 (12.3.0-1ubuntu1~22.04.2) ...
build-posix	Build and Test in Docker	2026-02-02T16:51:11.4707934Z #7 19.50 Selecting previously unselected package libgcc-11-dev:amd64.
build-posix	Build and Test in Docker	2026-02-02T16:51:11.6983533Z #7 19.51 Preparing to unpack .../068-libgcc-11-dev_11.4.0-1ubuntu1~22.04.2_amd64.deb ...
build-posix	Build and Test in Docker	2026-02-02T16:51:11.6984510Z #7 19.51 Unpacking libgcc-11-dev:amd64 (11.4.0-1ubuntu1~22.04.2) ...
build-posix	Build and Test in Docker	2026-02-02T16:51:11.6984982Z #7 19.58 Selecting previously unselected package gcc-11.
build-posix	Build and Test in Docker	2026-02-02T16:51:11.6985535Z #7 19.58 Preparing to unpack .../069-gcc-11_11.4.0-1ubuntu1~22.04.2_amd64.deb ...
build-posix	Build and Test in Docker	2026-02-02T16:51:11.6985957Z #7 19.58 Unpacking gcc-11 (11.4.0-1ubuntu1~22.04.2) ...
build-posix	Build and Test in Docker	2026-02-02T16:51:11.7417327Z #7 19.78 Selecting previously unselected package gcc.
build-posix	Build and Test in Docker	2026-02-02T16:51:11.9132903Z #7 19.78 Preparing to unpack .../070-gcc_4%3a11.2.0-1ubuntu1_amd64.deb ...
build-posix	Build and Test in Docker	2026-02-02T16:51:11.9133633Z #7 19.78 Unpacking gcc (4:11.2.0-1ubuntu1) ...
build-posix	Build and Test in Docker	2026-02-02T16:51:11.9134286Z #7 19.79 Selecting previously unselected package libstdc++-11-dev:amd64.
build-posix	Build and Test in Docker	2026-02-02T16:51:11.9135139Z #7 19.80 Preparing to unpack .../071-libstdc++-11-dev_11.4.0-1ubuntu1~22.04.2_amd64.deb ...
build-posix	Build and Test in Docker	2026-02-02T16:51:11.9135948Z #7 19.80 Unpacking libstdc++-11-dev:amd64 (11.4.0-1ubuntu1~22.04.2) ...
build-posix	Build and Test in Docker	2026-02-02T16:51:11.9478822Z #7 19.98 Selecting previously unselected package g++-11.
build-posix	Build and Test in Docker	2026-02-02T16:51:12.0657655Z #7 19.98 Preparing to unpack .../072-g++-11_11.4.0-1ubuntu1~22.04.2_amd64.deb ...
build-posix	Build and Test in Docker	2026-02-02T16:51:12.0658211Z #7 19.98 Unpacking g++-11 (11.4.0-1ubuntu1~22.04.2) ...
build-posix	Build and Test in Docker	2026-02-02T16:51:12.0658582Z #7 20.10 Selecting previously unselected package g++.
build-posix	Build and Test in Docker	2026-02-02T16:51:12.1773580Z #7 20.10 Preparing to unpack .../073-g++_4%3a11.2.0-1ubuntu1_amd64.deb ...
build-posix	Build and Test in Docker	2026-02-02T16:51:12.1774437Z #7 20.10 Unpacking g++ (4:11.2.0-1ubuntu1) ...
build-posix	Build and Test in Docker	2026-02-02T16:51:12.1774916Z #7 20.11 Selecting previously unselected package make.
build-posix	Build and Test in Docker	2026-02-02T16:51:12.1775340Z #7 20.11 Preparing to unpack .../074-make_4.3-4.1build1_amd64.deb ...
build-posix	Build and Test in Docker	2026-02-02T16:51:12.1775718Z #7 20.12 Unpacking make (4.3-4.1build1) ...
build-posix	Build and Test in Docker	2026-02-02T16:51:12.1776073Z #7 20.13 Selecting previously unselected package libdpkg-perl.
build-posix	Build and Test in Docker	2026-02-02T16:51:12.1776537Z #7 20.13 Preparing to unpack .../075-libdpkg-perl_1.21.1ubuntu2.6_all.deb ...
build-posix	Build and Test in Docker	2026-02-02T16:51:12.1776958Z #7 20.13 Unpacking libdpkg-perl (1.21.1ubuntu2.6) ...
build-posix	Build and Test in Docker	2026-02-02T16:51:12.1777589Z #7 20.16 Selecting previously unselected package bzip2.
build-posix	Build and Test in Docker	2026-02-02T16:51:12.1777986Z #7 20.16 Preparing to unpack .../076-bzip2_1.0.8-5build1_amd64.deb ...
build-posix	Build and Test in Docker	2026-02-02T16:51:12.1778351Z #7 20.17 Unpacking bzip2 (1.0.8-5build1) ...
build-posix	Build and Test in Docker	2026-02-02T16:51:12.1778694Z #7 20.18 Selecting previously unselected package patch.
build-posix	Build and Test in Docker	2026-02-02T16:51:12.1779110Z #7 20.18 Preparing to unpack .../077-patch_2.7.6-7build2_amd64.deb ...
build-posix	Build and Test in Docker	2026-02-02T16:51:12.1779636Z #7 20.18 Unpacking patch (2.7.6-7build2) ...
build-posix	Build and Test in Docker	2026-02-02T16:51:12.1780016Z #7 20.20 Selecting previously unselected package lto-disabled-list.
build-posix	Build and Test in Docker	2026-02-02T16:51:12.1780486Z #7 20.20 Preparing to unpack .../078-lto-disabled-list_24_all.deb ...
build-posix	Build and Test in Docker	2026-02-02T16:51:12.1780881Z #7 20.20 Unpacking lto-disabled-list (24) ...
build-posix	Build and Test in Docker	2026-02-02T16:51:12.1781260Z #7 20.21 Selecting previously unselected package dpkg-dev.
build-posix	Build and Test in Docker	2026-02-02T16:51:12.3802520Z #7 20.21 Preparing to unpack .../079-dpkg-dev_1.21.1ubuntu2.6_all.deb ...
build-posix	Build and Test in Docker	2026-02-02T16:51:12.3803221Z #7 20.21 Unpacking dpkg-dev (1.21.1ubuntu2.6) ...
build-posix	Build and Test in Docker	2026-02-02T16:51:12.3803623Z #7 20.24 Selecting previously unselected package build-essential.
build-posix	Build and Test in Docker	2026-02-02T16:51:12.3804084Z #7 20.25 Preparing to unpack .../080-build-essential_12.9ubuntu3_amd64.deb ...
build-posix	Build and Test in Docker	2026-02-02T16:51:12.3804490Z #7 20.25 Unpacking build-essential (12.9ubuntu3) ...
build-posix	Build and Test in Docker	2026-02-02T16:51:12.3804850Z #7 20.26 Selecting previously unselected package libllvm14:amd64.
build-posix	Build and Test in Docker	2026-02-02T16:51:12.3805414Z #7 20.26 Preparing to unpack .../081-libllvm14_1%3a14.0.0-1ubuntu1.1_amd64.deb ...
build-posix	Build and Test in Docker	2026-02-02T16:51:12.3805931Z #7 20.26 Unpacking libllvm14:amd64 (1:14.0.0-1ubuntu1.1) ...
build-posix	Build and Test in Docker	2026-02-02T16:51:12.5647681Z #7 20.60 Selecting previously unselected package libclang-cpp14.
build-posix	Build and Test in Docker	2026-02-02T16:51:12.7177104Z #7 20.60 Preparing to unpack .../082-libclang-cpp14_1%3a14.0.0-1ubuntu1.1_amd64.deb ...
build-posix	Build and Test in Docker	2026-02-02T16:51:12.7177811Z #7 20.60 Unpacking libclang-cpp14 (1:14.0.0-1ubuntu1.1) ...
build-posix	Build and Test in Docker	2026-02-02T16:51:12.7417214Z #7 20.78 Selecting previously unselected package clang-format-14.
build-posix	Build and Test in Docker	2026-02-02T16:51:12.8443071Z #7 20.78 Preparing to unpack .../083-clang-format-14_1%3a14.0.0-1ubuntu1.1_amd64.deb ...
build-posix	Build and Test in Docker	2026-02-02T16:51:12.8443763Z #7 20.78 Unpacking clang-format-14 (1:14.0.0-1ubuntu1.1) ...
build-posix	Build and Test in Docker	2026-02-02T16:51:12.8444184Z #7 20.80 Selecting previously unselected package clang-format:amd64.
build-posix	Build and Test in Docker	2026-02-02T16:51:12.8444667Z #7 20.81 Preparing to unpack .../084-clang-format_1%3a14.0-55~exp2_amd64.deb ...
build-posix	Build and Test in Docker	2026-02-02T16:51:12.8445112Z #7 20.81 Unpacking clang-format:amd64 (1:14.0-55~exp2) ...
build-posix	Build and Test in Docker	2026-02-02T16:51:12.8445543Z #7 20.82 Selecting previously unselected package libarchive13:amd64.
build-posix	Build and Test in Docker	2026-02-02T16:51:12.8446002Z #7 20.82 Preparing to unpack .../085-libarchive13_3.6.0-1ubuntu1.5_amd64.deb ...
build-posix	Build and Test in Docker	2026-02-02T16:51:12.8446440Z #7 20.82 Unpacking libarchive13:amd64 (3.6.0-1ubuntu1.5) ...
build-posix	Build and Test in Docker	2026-02-02T16:51:12.8446834Z #7 20.84 Selecting previously unselected package libbrotli1:amd64.
build-posix	Build and Test in Docker	2026-02-02T16:51:12.8447283Z #7 20.84 Preparing to unpack .../086-libbrotli1_1.0.9-2build6_amd64.deb ...
build-posix	Build and Test in Docker	2026-02-02T16:51:12.8447708Z #7 20.84 Unpacking libbrotli1:amd64 (1.0.9-2build6) ...
build-posix	Build and Test in Docker	2026-02-02T16:51:12.8448116Z #7 20.86 Selecting previously unselected package libsasl2-modules-db:amd64.
build-posix	Build and Test in Docker	2026-02-02T16:51:12.8448668Z #7 20.86 Preparing to unpack .../087-libsasl2-modules-db_2.1.27+dfsg2-3ubuntu1.2_amd64.deb ...
build-posix	Build and Test in Docker	2026-02-02T16:51:12.8449207Z #7 20.86 Unpacking libsasl2-modules-db:amd64 (2.1.27+dfsg2-3ubuntu1.2) ...
build-posix	Build and Test in Docker	2026-02-02T16:51:12.8449841Z #7 20.88 Selecting previously unselected package libsasl2-2:amd64.
build-posix	Build and Test in Docker	2026-02-02T16:51:12.9571906Z #7 20.88 Preparing to unpack .../088-libsasl2-2_2.1.27+dfsg2-3ubuntu1.2_amd64.deb ...
build-posix	Build and Test in Docker	2026-02-02T16:51:12.9572664Z #7 20.88 Unpacking libsasl2-2:amd64 (2.1.27+dfsg2-3ubuntu1.2) ...
build-posix	Build and Test in Docker	2026-02-02T16:51:12.9573138Z #7 20.89 Selecting previously unselected package libldap-2.5-0:amd64.
build-posix	Build and Test in Docker	2026-02-02T16:51:12.9573680Z #7 20.90 Preparing to unpack .../089-libldap-2.5-0_2.5.19+dfsg-0ubuntu0.22.04.1_amd64.deb ...
build-posix	Build and Test in Docker	2026-02-02T16:51:12.9574219Z #7 20.90 Unpacking libldap-2.5-0:amd64 (2.5.19+dfsg-0ubuntu0.22.04.1) ...
build-posix	Build and Test in Docker	2026-02-02T16:51:12.9574962Z #7 20.91 Selecting previously unselected package librtmp1:amd64.
build-posix	Build and Test in Docker	2026-02-02T16:51:12.9575465Z #7 20.92 Preparing to unpack .../090-librtmp1_2.4+20151223.gitfa8646d.1-2build4_amd64.deb ...
build-posix	Build and Test in Docker	2026-02-02T16:51:12.9575995Z #7 20.92 Unpacking librtmp1:amd64 (2.4+20151223.gitfa8646d.1-2build4) ...
build-posix	Build and Test in Docker	2026-02-02T16:51:12.9576446Z #7 20.93 Selecting previously unselected package libssh-4:amd64.
build-posix	Build and Test in Docker	2026-02-02T16:51:12.9576908Z #7 20.93 Preparing to unpack .../091-libssh-4_0.9.6-2ubuntu0.22.04.5_amd64.deb ...
build-posix	Build and Test in Docker	2026-02-02T16:51:12.9577510Z #7 20.93 Unpacking libssh-4:amd64 (0.9.6-2ubuntu0.22.04.5) ...
build-posix	Build and Test in Docker	2026-02-02T16:51:12.9577910Z #7 20.95 Selecting previously unselected package libcurl4:amd64.
build-posix	Build and Test in Docker	2026-02-02T16:51:12.9578332Z #7 20.95 Preparing to unpack .../092-libcurl4_7.81.0-1ubuntu1.21_amd64.deb ...
build-posix	Build and Test in Docker	2026-02-02T16:51:12.9578743Z #7 20.95 Unpacking libcurl4:amd64 (7.81.0-1ubuntu1.21) ...
build-posix	Build and Test in Docker	2026-02-02T16:51:12.9579135Z #7 20.97 Selecting previously unselected package libjsoncpp25:amd64.
build-posix	Build and Test in Docker	2026-02-02T16:51:12.9579558Z #7 20.97 Preparing to unpack .../093-libjsoncpp25_1.9.5-3_amd64.deb ...
build-posix	Build and Test in Docker	2026-02-02T16:51:12.9579927Z #7 20.97 Unpacking libjsoncpp25:amd64 (1.9.5-3) ...
build-posix	Build and Test in Docker	2026-02-02T16:51:12.9580285Z #7 20.99 Selecting previously unselected package librhash0:amd64.
build-posix	Build and Test in Docker	2026-02-02T16:51:13.1790605Z #7 20.99 Preparing to unpack .../094-librhash0_1.4.2-1ubuntu1_amd64.deb ...
build-posix	Build and Test in Docker	2026-02-02T16:51:13.1791452Z #7 20.99 Unpacking librhash0:amd64 (1.4.2-1ubuntu1) ...
build-posix	Build and Test in Docker	2026-02-02T16:51:13.1792208Z #7 21.01 Selecting previously unselected package dh-elpa-helper.
build-posix	Build and Test in Docker	2026-02-02T16:51:13.1792778Z #7 21.01 Preparing to unpack .../095-dh-elpa-helper_2.0.9ubuntu1_all.deb ...
build-posix	Build and Test in Docker	2026-02-02T16:51:13.1793252Z #7 21.01 Unpacking dh-elpa-helper (2.0.9ubuntu1) ...
build-posix	Build and Test in Docker	2026-02-02T16:51:13.1793693Z #7 21.03 Selecting previously unselected package emacsen-common.
build-posix	Build and Test in Docker	2026-02-02T16:51:13.1794190Z #7 21.03 Preparing to unpack .../096-emacsen-common_3.0.4_all.deb ...
build-posix	Build and Test in Docker	2026-02-02T16:51:13.1794614Z #7 21.03 Unpacking emacsen-common (3.0.4) ...
build-posix	Build and Test in Docker	2026-02-02T16:51:13.1795020Z #7 21.06 Selecting previously unselected package cmake-data.
build-posix	Build and Test in Docker	2026-02-02T16:51:13.1795522Z #7 21.06 Preparing to unpack .../097-cmake-data_3.22.1-1ubuntu1.22.04.2_all.deb ...
build-posix	Build and Test in Docker	2026-02-02T16:51:13.1796031Z #7 21.06 Unpacking cmake-data (3.22.1-1ubuntu1.22.04.2) ...
build-posix	Build and Test in Docker	2026-02-02T16:51:13.5432426Z #7 21.58 Selecting previously unselected package cmake.
build-posix	Build and Test in Docker	2026-02-02T16:51:13.7104215Z #7 21.58 Preparing to unpack .../098-cmake_3.22.1-1ubuntu1.22.04.2_amd64.deb ...
build-posix	Build and Test in Docker	2026-02-02T16:51:13.7104931Z #7 21.58 Unpacking cmake (3.22.1-1ubuntu1.22.04.2) ...
build-posix	Build and Test in Docker	2026-02-02T16:51:13.7105391Z #7 21.66 Selecting previously unselected package libtinyxml2-9:amd64.
build-posix	Build and Test in Docker	2026-02-02T16:51:13.7105905Z #7 21.66 Preparing to unpack .../099-libtinyxml2-9_9.0.0+dfsg-3_amd64.deb ...
build-posix	Build and Test in Docker	2026-02-02T16:51:13.7106366Z #7 21.66 Unpacking libtinyxml2-9:amd64 (9.0.0+dfsg-3) ...
build-posix	Build and Test in Docker	2026-02-02T16:51:13.7106771Z #7 21.67 Selecting previously unselected package libz3-4:amd64.
build-posix	Build and Test in Docker	2026-02-02T16:51:13.7107210Z #7 21.67 Preparing to unpack .../100-libz3-4_4.8.12-1_amd64.deb ...
build-posix	Build and Test in Docker	2026-02-02T16:51:13.7107607Z #7 21.67 Unpacking libz3-4:amd64 (4.8.12-1) ...
build-posix	Build and Test in Docker	2026-02-02T16:51:13.8334329Z #7 21.74 Selecting previously unselected package python3-pygments.
build-posix	Build and Test in Docker	2026-02-02T16:51:13.8335208Z #7 21.75 Preparing to unpack .../101-python3-pygments_2.11.2+dfsg-2ubuntu0.1_all.deb ...
build-posix	Build and Test in Docker	2026-02-02T16:51:13.8335803Z #7 21.75 Unpacking python3-pygments (2.11.2+dfsg-2ubuntu0.1) ...
build-posix	Build and Test in Docker	2026-02-02T16:51:13.8336270Z #7 21.81 Selecting previously unselected package cppcheck.
build-posix	Build and Test in Docker	2026-02-02T16:51:13.8336748Z #7 21.82 Preparing to unpack .../102-cppcheck_2.7-1_amd64.deb ...
build-posix	Build and Test in Docker	2026-02-02T16:51:13.8337143Z #7 21.82 Unpacking cppcheck (2.7-1) ...
build-posix	Build and Test in Docker	2026-02-02T16:51:13.8337491Z #7 21.87 Selecting previously unselected package curl.
build-posix	Build and Test in Docker	2026-02-02T16:51:13.9337992Z #7 21.87 Preparing to unpack .../103-curl_7.81.0-1ubuntu1.21_amd64.deb ...
build-posix	Build and Test in Docker	2026-02-02T16:51:13.9338815Z #7 21.87 Unpacking curl (7.81.0-1ubuntu1.21) ...
build-posix	Build and Test in Docker	2026-02-02T16:51:13.9339513Z #7 21.88 Selecting previously unselected package libassuan0:amd64.
build-posix	Build and Test in Docker	2026-02-02T16:51:13.9340806Z #7 21.89 Preparing to unpack .../104-libassuan0_2.5.5-1build1_amd64.deb ...
build-posix	Build and Test in Docker	2026-02-02T16:51:13.9341511Z #7 21.89 Unpacking libassuan0:amd64 (2.5.5-1build1) ...
build-posix	Build and Test in Docker	2026-02-02T16:51:13.9342324Z #7 21.90 Selecting previously unselected package gpgconf.
build-posix	Build and Test in Docker	2026-02-02T16:51:13.9343039Z #7 21.90 Preparing to unpack .../105-gpgconf_2.2.27-3ubuntu2.5_amd64.deb ...
build-posix	Build and Test in Docker	2026-02-02T16:51:13.9343734Z #7 21.90 Unpacking gpgconf (2.2.27-3ubuntu2.5) ...
build-posix	Build and Test in Docker	2026-02-02T16:51:13.9344367Z #7 21.92 Selecting previously unselected package libksba8:amd64.
build-posix	Build and Test in Docker	2026-02-02T16:51:13.9345414Z #7 21.92 Preparing to unpack .../106-libksba8_1.6.0-2ubuntu0.2_amd64.deb ...
build-posix	Build and Test in Docker	2026-02-02T16:51:13.9346092Z #7 21.92 Unpacking libksba8:amd64 (1.6.0-2ubuntu0.2) ...
build-posix	Build and Test in Docker	2026-02-02T16:51:13.9346702Z #7 21.94 Selecting previously unselected package libnpth0:amd64.
build-posix	Build and Test in Docker	2026-02-02T16:51:13.9347385Z #7 21.94 Preparing to unpack .../107-libnpth0_1.6-3build2_amd64.deb ...
build-posix	Build and Test in Docker	2026-02-02T16:51:13.9348030Z #7 21.94 Unpacking libnpth0:amd64 (1.6-3build2) ...
build-posix	Build and Test in Docker	2026-02-02T16:51:13.9348603Z #7 21.96 Selecting previously unselected package dirmngr.
build-posix	Build and Test in Docker	2026-02-02T16:51:13.9349290Z #7 21.96 Preparing to unpack .../108-dirmngr_2.2.27-3ubuntu2.5_amd64.deb ...
build-posix	Build and Test in Docker	2026-02-02T16:51:13.9349942Z #7 21.97 Unpacking dirmngr (2.2.27-3ubuntu2.5) ...
build-posix	Build and Test in Docker	2026-02-02T16:51:14.0799113Z #7 21.99 Selecting previously unselected package libfakeroot:amd64.
build-posix	Build and Test in Docker	2026-02-02T16:51:14.0799823Z #7 21.99 Preparing to unpack .../109-libfakeroot_1.28-1ubuntu1_amd64.deb ...
build-posix	Build and Test in Docker	2026-02-02T16:51:14.0800330Z #7 21.99 Unpacking libfakeroot:amd64 (1.28-1ubuntu1) ...
build-posix	Build and Test in Docker	2026-02-02T16:51:14.0800733Z #7 22.01 Selecting previously unselected package fakeroot.
build-posix	Build and Test in Docker	2026-02-02T16:51:14.0801183Z #7 22.01 Preparing to unpack .../110-fakeroot_1.28-1ubuntu1_amd64.deb ...
build-posix	Build and Test in Docker	2026-02-02T16:51:14.0801829Z #7 22.01 Unpacking fakeroot (1.28-1ubuntu1) ...
build-posix	Build and Test in Docker	2026-02-02T16:51:14.0802294Z #7 22.02 Selecting previously unselected package fonts-dejavu-core.
build-posix	Build and Test in Docker	2026-02-02T16:51:14.0802808Z #7 22.03 Preparing to unpack .../111-fonts-dejavu-core_2.37-2build1_all.deb ...
build-posix	Build and Test in Docker	2026-02-02T16:51:14.0803298Z #7 22.03 Unpacking fonts-dejavu-core (2.37-2build1) ...
build-posix	Build and Test in Docker	2026-02-02T16:51:14.0803716Z #7 22.11 Selecting previously unselected package fontconfig-config.
build-posix	Build and Test in Docker	2026-02-02T16:51:14.2865759Z #7 22.12 Preparing to unpack .../112-fontconfig-config_2.13.1-4.2ubuntu5_all.deb ...
build-posix	Build and Test in Docker	2026-02-02T16:51:14.2866588Z #7 22.12 Unpacking fontconfig-config (2.13.1-4.2ubuntu5) ...
build-posix	Build and Test in Docker	2026-02-02T16:51:14.2867251Z #7 22.14 Selecting previously unselected package libcurl3-gnutls:amd64.
build-posix	Build and Test in Docker	2026-02-02T16:51:14.2868050Z #7 22.14 Preparing to unpack .../113-libcurl3-gnutls_7.81.0-1ubuntu1.21_amd64.deb ...
build-posix	Build and Test in Docker	2026-02-02T16:51:14.2868789Z #7 22.14 Unpacking libcurl3-gnutls:amd64 (7.81.0-1ubuntu1.21) ...
build-posix	Build and Test in Docker	2026-02-02T16:51:14.2869419Z #7 22.16 Selecting previously unselected package liberror-perl.
build-posix	Build and Test in Docker	2026-02-02T16:51:14.2870075Z #7 22.16 Preparing to unpack .../114-liberror-perl_0.17029-1_all.deb ...
build-posix	Build and Test in Docker	2026-02-02T16:51:14.2870653Z #7 22.16 Unpacking liberror-perl (0.17029-1) ...
build-posix	Build and Test in Docker	2026-02-02T16:51:14.2871165Z #7 22.17 Selecting previously unselected package git-man.
build-posix	Build and Test in Docker	2026-02-02T16:51:14.2872036Z #7 22.17 Preparing to unpack .../115-git-man_1%3a2.34.1-1ubuntu1.15_all.deb ...
build-posix	Build and Test in Docker	2026-02-02T16:51:14.2872648Z #7 22.17 Unpacking git-man (1:2.34.1-1ubuntu1.15) ...
build-posix	Build and Test in Docker	2026-02-02T16:51:14.2873128Z #7 22.20 Selecting previously unselected package git.
build-posix	Build and Test in Docker	2026-02-02T16:51:14.2873696Z #7 22.20 Preparing to unpack .../116-git_1%3a2.34.1-1ubuntu1.15_amd64.deb ...
build-posix	Build and Test in Docker	2026-02-02T16:51:14.2874242Z #7 22.20 Unpacking git (1:2.34.1-1ubuntu1.15) ...
build-posix	Build and Test in Docker	2026-02-02T16:51:14.2874731Z #7 22.32 Selecting previously unselected package gnupg-l10n.
build-posix	Build and Test in Docker	2026-02-02T16:51:14.3987123Z #7 22.32 Preparing to unpack .../117-gnupg-l10n_2.2.27-3ubuntu2.5_all.deb ...
build-posix	Build and Test in Docker	2026-02-02T16:51:14.3987926Z #7 22.32 Unpacking gnupg-l10n (2.2.27-3ubuntu2.5) ...
build-posix	Build and Test in Docker	2026-02-02T16:51:14.3988527Z #7 22.34 Selecting previously unselected package gnupg-utils.
build-posix	Build and Test in Docker	2026-02-02T16:51:14.3989254Z #7 22.34 Preparing to unpack .../118-gnupg-utils_2.2.27-3ubuntu2.5_amd64.deb ...
build-posix	Build and Test in Docker	2026-02-02T16:51:14.3989948Z #7 22.34 Unpacking gnupg-utils (2.2.27-3ubuntu2.5) ...
build-posix	Build and Test in Docker	2026-02-02T16:51:14.3990776Z #7 22.36 Selecting previously unselected package gpg.
build-posix	Build and Test in Docker	2026-02-02T16:51:14.3991191Z #7 22.36 Preparing to unpack .../119-gpg_2.2.27-3ubuntu2.5_amd64.deb ...
build-posix	Build and Test in Docker	2026-02-02T16:51:14.3991789Z #7 22.36 Unpacking gpg (2.2.27-3ubuntu2.5) ...
build-posix	Build and Test in Docker	2026-02-02T16:51:14.3992222Z #7 22.38 Selecting previously unselected package pinentry-curses.
build-posix	Build and Test in Docker	2026-02-02T16:51:14.3992685Z #7 22.38 Preparing to unpack .../120-pinentry-curses_1.1.1-1build2_amd64.deb ...
build-posix	Build and Test in Docker	2026-02-02T16:51:14.3993306Z #7 22.38 Unpacking pinentry-curses (1.1.1-1build2) ...
build-posix	Build and Test in Docker	2026-02-02T16:51:14.3993672Z #7 22.40 Selecting previously unselected package gpg-agent.
build-posix	Build and Test in Docker	2026-02-02T16:51:14.3994114Z #7 22.40 Preparing to unpack .../121-gpg-agent_2.2.27-3ubuntu2.5_amd64.deb ...
build-posix	Build and Test in Docker	2026-02-02T16:51:14.3994528Z #7 22.40 Unpacking gpg-agent (2.2.27-3ubuntu2.5) ...
build-posix	Build and Test in Docker	2026-02-02T16:51:14.3994905Z #7 22.42 Selecting previously unselected package gpg-wks-client.
build-posix	Build and Test in Docker	2026-02-02T16:51:14.3995370Z #7 22.42 Preparing to unpack .../122-gpg-wks-client_2.2.27-3ubuntu2.5_amd64.deb ...
build-posix	Build and Test in Docker	2026-02-02T16:51:14.3995819Z #7 22.42 Unpacking gpg-wks-client (2.2.27-3ubuntu2.5) ...
build-posix	Build and Test in Docker	2026-02-02T16:51:14.3996200Z #7 22.43 Selecting previously unselected package gpg-wks-server.
build-posix	Build and Test in Docker	2026-02-02T16:51:14.5042043Z #7 22.43 Preparing to unpack .../123-gpg-wks-server_2.2.27-3ubuntu2.5_amd64.deb ...
build-posix	Build and Test in Docker	2026-02-02T16:51:14.5042828Z #7 22.43 Unpacking gpg-wks-server (2.2.27-3ubuntu2.5) ...
build-posix	Build and Test in Docker	2026-02-02T16:51:14.5043403Z #7 22.45 Selecting previously unselected package gpgsm.
build-posix	Build and Test in Docker	2026-02-02T16:51:14.5044065Z #7 22.45 Preparing to unpack .../124-gpgsm_2.2.27-3ubuntu2.5_amd64.deb ...
build-posix	Build and Test in Docker	2026-02-02T16:51:14.5044670Z #7 22.45 Unpacking gpgsm (2.2.27-3ubuntu2.5) ...
build-posix	Build and Test in Docker	2026-02-02T16:51:14.5045196Z #7 22.46 Selecting previously unselected package gnupg.
build-posix	Build and Test in Docker	2026-02-02T16:51:14.5045823Z #7 22.46 Preparing to unpack .../125-gnupg_2.2.27-3ubuntu2.5_all.deb ...
build-posix	Build and Test in Docker	2026-02-02T16:51:14.5046425Z #7 22.47 Unpacking gnupg (2.2.27-3ubuntu2.5) ...
build-posix	Build and Test in Docker	2026-02-02T16:51:14.5047019Z #7 22.48 Selecting previously unselected package javascript-common.
build-posix	Build and Test in Docker	2026-02-02T16:51:14.5047742Z #7 22.48 Preparing to unpack .../126-javascript-common_11+nmu1_all.deb ...
build-posix	Build and Test in Docker	2026-02-02T16:51:14.5048374Z #7 22.49 Unpacking javascript-common (11+nmu1) ...
build-posix	Build and Test in Docker	2026-02-02T16:51:14.5048934Z #7 22.51 Selecting previously unselected package libjson-perl.
build-posix	Build and Test in Docker	2026-02-02T16:51:14.5049580Z #7 22.51 Preparing to unpack .../127-libjson-perl_4.04000-1_all.deb ...
build-posix	Build and Test in Docker	2026-02-02T16:51:14.5050166Z #7 22.51 Unpacking libjson-perl (4.04000-1) ...
build-posix	Build and Test in Docker	2026-02-02T16:51:14.5050756Z #7 22.52 Selecting previously unselected package libperlio-gzip-perl.
build-posix	Build and Test in Docker	2026-02-02T16:51:14.5051532Z #7 22.52 Preparing to unpack .../128-libperlio-gzip-perl_0.19-1build8_amd64.deb ...
build-posix	Build and Test in Docker	2026-02-02T16:51:14.5052388Z #7 22.52 Unpacking libperlio-gzip-perl (0.19-1build8) ...
build-posix	Build and Test in Docker	2026-02-02T16:51:14.5052958Z #7 22.54 Selecting previously unselected package lcov.
build-posix	Build and Test in Docker	2026-02-02T16:51:14.6079283Z #7 22.54 Preparing to unpack .../129-lcov_1.15-1_all.deb ...
build-posix	Build and Test in Docker	2026-02-02T16:51:14.6080079Z #7 22.54 Unpacking lcov (1.15-1) ...
build-posix	Build and Test in Docker	2026-02-02T16:51:14.6080703Z #7 22.56 Selecting previously unselected package libalgorithm-diff-perl.
build-posix	Build and Test in Docker	2026-02-02T16:51:14.6081487Z #7 22.56 Preparing to unpack .../130-libalgorithm-diff-perl_1.201-1_all.deb ...
build-posix	Build and Test in Docker	2026-02-02T16:51:14.6082447Z #7 22.56 Unpacking libalgorithm-diff-perl (1.201-1) ...
build-posix	Build and Test in Docker	2026-02-02T16:51:14.6083105Z #7 22.57 Selecting previously unselected package libalgorithm-diff-xs-perl.
build-posix	Build and Test in Docker	2026-02-02T16:51:14.6083932Z #7 22.57 Preparing to unpack .../131-libalgorithm-diff-xs-perl_0.04-6build3_amd64.deb ...
build-posix	Build and Test in Docker	2026-02-02T16:51:14.6084697Z #7 22.58 Unpacking libalgorithm-diff-xs-perl (0.04-6build3) ...
build-posix	Build and Test in Docker	2026-02-02T16:51:14.6085359Z #7 22.59 Selecting previously unselected package libalgorithm-merge-perl.
build-posix	Build and Test in Docker	2026-02-02T16:51:14.6086092Z #7 22.59 Preparing to unpack .../132-libalgorithm-merge-perl_0.08-3_all.deb ...
build-posix	Build and Test in Docker	2026-02-02T16:51:14.6086715Z #7 22.59 Unpacking libalgorithm-merge-perl (0.08-3) ...
build-posix	Build and Test in Docker	2026-02-02T16:51:14.6087288Z #7 22.60 Selecting previously unselected package libfreetype6:amd64.
build-posix	Build and Test in Docker	2026-02-02T16:51:14.6088249Z #7 22.61 Preparing to unpack .../133-libfreetype6_2.11.1+dfsg-1ubuntu0.3_amd64.deb ...
build-posix	Build and Test in Docker	2026-02-02T16:51:14.6088922Z #7 22.61 Unpacking libfreetype6:amd64 (2.11.1+dfsg-1ubuntu0.3) ...
build-posix	Build and Test in Docker	2026-02-02T16:51:14.6089539Z #7 22.62 Selecting previously unselected package libfontconfig1:amd64.
build-posix	Build and Test in Docker	2026-02-02T16:51:14.6090203Z #7 22.63 Preparing to unpack .../134-libfontconfig1_2.13.1-4.2ubuntu5_amd64.deb ...
build-posix	Build and Test in Docker	2026-02-02T16:51:14.6090841Z #7 22.63 Unpacking libfontconfig1:amd64 (2.13.1-4.2ubuntu5) ...
build-posix	Build and Test in Docker	2026-02-02T16:51:14.6091759Z #7 22.64 Selecting previously unselected package libjpeg-turbo8:amd64.
build-posix	Build and Test in Docker	2026-02-02T16:51:14.7149869Z #7 22.64 Preparing to unpack .../135-libjpeg-turbo8_2.1.2-0ubuntu1_amd64.deb ...
build-posix	Build and Test in Docker	2026-02-02T16:51:14.7150460Z #7 22.64 Unpacking libjpeg-turbo8:amd64 (2.1.2-0ubuntu1) ...
build-posix	Build and Test in Docker	2026-02-02T16:51:14.7150931Z #7 22.66 Selecting previously unselected package libjpeg8:amd64.
build-posix	Build and Test in Docker	2026-02-02T16:51:14.7151371Z #7 22.66 Preparing to unpack .../136-libjpeg8_8c-2ubuntu10_amd64.deb ...
build-posix	Build and Test in Docker	2026-02-02T16:51:14.7152008Z #7 22.66 Unpacking libjpeg8:amd64 (8c-2ubuntu10) ...
build-posix	Build and Test in Docker	2026-02-02T16:51:14.7152391Z #7 22.68 Selecting previously unselected package libdeflate0:amd64.
build-posix	Build and Test in Docker	2026-02-02T16:51:14.7152809Z #7 22.68 Preparing to unpack .../137-libdeflate0_1.10-2_amd64.deb ...
build-posix	Build and Test in Docker	2026-02-02T16:51:14.7153159Z #7 22.68 Unpacking libdeflate0:amd64 (1.10-2) ...
build-posix	Build and Test in Docker	2026-02-02T16:51:14.7153501Z #7 22.69 Selecting previously unselected package libjbig0:amd64.
build-posix	Build and Test in Docker	2026-02-02T16:51:14.7153941Z #7 22.70 Preparing to unpack .../138-libjbig0_2.1-3.1ubuntu0.22.04.1_amd64.deb ...
build-posix	Build and Test in Docker	2026-02-02T16:51:14.7154376Z #7 22.70 Unpacking libjbig0:amd64 (2.1-3.1ubuntu0.22.04.1) ...
build-posix	Build and Test in Docker	2026-02-02T16:51:14.7154747Z #7 22.71 Selecting previously unselected package libwebp7:amd64.
build-posix	Build and Test in Docker	2026-02-02T16:51:14.7155159Z #7 22.71 Preparing to unpack .../139-libwebp7_1.2.2-2ubuntu0.22.04.2_amd64.deb ...
build-posix	Build and Test in Docker	2026-02-02T16:51:14.7155565Z #7 22.71 Unpacking libwebp7:amd64 (1.2.2-2ubuntu0.22.04.2) ...
build-posix	Build and Test in Docker	2026-02-02T16:51:14.7155917Z #7 22.73 Selecting previously unselected package libtiff5:amd64.
build-posix	Build and Test in Docker	2026-02-02T16:51:14.7177230Z #7 22.73 Preparing to unpack .../140-libtiff5_4.3.0-6ubuntu0.12_amd64.deb ...
build-posix	Build and Test in Docker	2026-02-02T16:51:14.7177752Z #7 22.73 Unpacking libtiff5:amd64 (4.3.0-6ubuntu0.12) ...
build-posix	Build and Test in Docker	2026-02-02T16:51:14.7178141Z #7 22.75 Selecting previously unselected package libxpm4:amd64.
build-posix	Build and Test in Docker	2026-02-02T16:51:14.8232014Z #7 22.75 Preparing to unpack .../141-libxpm4_1%3a3.5.12-1ubuntu0.22.04.2_amd64.deb ...
build-posix	Build and Test in Docker	2026-02-02T16:51:14.8232904Z #7 22.75 Unpacking libxpm4:amd64 (1:3.5.12-1ubuntu0.22.04.2) ...
build-posix	Build and Test in Docker	2026-02-02T16:51:14.8233412Z #7 22.77 Selecting previously unselected package libgd3:amd64.
build-posix	Build and Test in Docker	2026-02-02T16:51:14.8233853Z #7 22.77 Preparing to unpack .../142-libgd3_2.3.0-2ubuntu2.3_amd64.deb ...
build-posix	Build and Test in Docker	2026-02-02T16:51:14.8234260Z #7 22.77 Unpacking libgd3:amd64 (2.3.0-2ubuntu2.3) ...
build-posix	Build and Test in Docker	2026-02-02T16:51:14.8234627Z #7 22.78 Selecting previously unselected package libc-devtools.
build-posix	Build and Test in Docker	2026-02-02T16:51:14.8235080Z #7 22.78 Preparing to unpack .../143-libc-devtools_2.35-0ubuntu3.12_amd64.deb ...
build-posix	Build and Test in Docker	2026-02-02T16:51:14.8235502Z #7 22.78 Unpacking libc-devtools (2.35-0ubuntu3.12) ...
build-posix	Build and Test in Docker	2026-02-02T16:51:14.8235925Z #7 22.80 Selecting previously unselected package libcommon-sense-perl:amd64.
build-posix	Build and Test in Docker	2026-02-02T16:51:14.8236449Z #7 22.80 Preparing to unpack .../144-libcommon-sense-perl_3.75-2build1_amd64.deb ...
build-posix	Build and Test in Docker	2026-02-02T16:51:14.8236925Z #7 22.80 Unpacking libcommon-sense-perl:amd64 (3.75-2build1) ...
build-posix	Build and Test in Docker	2026-02-02T16:51:14.8237347Z #7 22.82 Selecting previously unselected package libexpat1-dev:amd64.
build-posix	Build and Test in Docker	2026-02-02T16:51:14.8237799Z #7 22.82 Preparing to unpack .../145-libexpat1-dev_2.4.7-1ubuntu0.6_amd64.deb ...
build-posix	Build and Test in Docker	2026-02-02T16:51:14.8238237Z #7 22.82 Unpacking libexpat1-dev:amd64 (2.4.7-1ubuntu0.6) ...
build-posix	Build and Test in Docker	2026-02-02T16:51:14.8238650Z #7 22.84 Selecting previously unselected package libfile-fcntllock-perl.
build-posix	Build and Test in Docker	2026-02-02T16:51:14.8239137Z #7 22.84 Preparing to unpack .../146-libfile-fcntllock-perl_0.22-3build7_amd64.deb ...
build-posix	Build and Test in Docker	2026-02-02T16:51:14.8239592Z #7 22.84 Unpacking libfile-fcntllock-perl (0.22-3build7) ...
build-posix	Build and Test in Docker	2026-02-02T16:51:14.8239958Z #7 22.86 Selecting previously unselected package libjs-jquery.
build-posix	Build and Test in Docker	2026-02-02T16:51:14.9357718Z #7 22.86 Preparing to unpack .../147-libjs-jquery_3.6.0+dfsg+~3.5.13-1_all.deb ...
build-posix	Build and Test in Docker	2026-02-02T16:51:14.9358562Z #7 22.86 Unpacking libjs-jquery (3.6.0+dfsg+~3.5.13-1) ...
build-posix	Build and Test in Docker	2026-02-02T16:51:14.9359201Z #7 22.88 Selecting previously unselected package libjs-underscore.
build-posix	Build and Test in Docker	2026-02-02T16:51:14.9359990Z #7 22.88 Preparing to unpack .../148-libjs-underscore_1.13.2~dfsg-2_all.deb ...
build-posix	Build and Test in Docker	2026-02-02T16:51:14.9360696Z #7 22.89 Unpacking libjs-underscore (1.13.2~dfsg-2) ...
build-posix	Build and Test in Docker	2026-02-02T16:51:14.9361415Z #7 22.90 Selecting previously unselected package libjs-sphinxdoc.
build-posix	Build and Test in Docker	2026-02-02T16:51:14.9362077Z #7 22.90 Preparing to unpack .../149-libjs-sphinxdoc_4.3.2-1_all.deb ...
build-posix	Build and Test in Docker	2026-02-02T16:51:14.9362473Z #7 22.90 Unpacking libjs-sphinxdoc (4.3.2-1) ...
build-posix	Build and Test in Docker	2026-02-02T16:51:14.9362883Z #7 22.92 Selecting previously unselected package libtypes-serialiser-perl.
build-posix	Build and Test in Docker	2026-02-02T16:51:14.9363383Z #7 22.92 Preparing to unpack .../150-libtypes-serialiser-perl_1.01-1_all.deb ...
build-posix	Build and Test in Docker	2026-02-02T16:51:14.9363830Z #7 22.92 Unpacking libtypes-serialiser-perl (1.01-1) ...
build-posix	Build and Test in Docker	2026-02-02T16:51:14.9364205Z #7 22.93 Selecting previously unselected package libjson-xs-perl.
build-posix	Build and Test in Docker	2026-02-02T16:51:14.9364708Z #7 22.94 Preparing to unpack .../151-libjson-xs-perl_4.040-0ubuntu0.22.04.1_amd64.deb ...
build-posix	Build and Test in Docker	2026-02-02T16:51:14.9365170Z #7 22.94 Unpacking libjson-xs-perl (4.040-0ubuntu0.22.04.1) ...
build-posix	Build and Test in Docker	2026-02-02T16:51:14.9365579Z #7 22.95 Selecting previously unselected package libldap-common.
build-posix	Build and Test in Docker	2026-02-02T16:51:14.9366064Z #7 22.95 Preparing to unpack .../152-libldap-common_2.5.19+dfsg-0ubuntu0.22.04.1_all.deb ...
build-posix	Build and Test in Docker	2026-02-02T16:51:14.9366548Z #7 22.96 Unpacking libldap-common (2.5.19+dfsg-0ubuntu0.22.04.1) ...
build-posix	Build and Test in Docker	2026-02-02T16:51:14.9366978Z #7 22.97 Selecting previously unselected package libpython3.10:amd64.
build-posix	Build and Test in Docker	2026-02-02T16:51:15.0960335Z #7 22.97 Preparing to unpack .../153-libpython3.10_3.10.12-1~22.04.13_amd64.deb ...
build-posix	Build and Test in Docker	2026-02-02T16:51:15.0961185Z #7 22.97 Unpacking libpython3.10:amd64 (3.10.12-1~22.04.13) ...
build-posix	Build and Test in Docker	2026-02-02T16:51:15.0962055Z #7 23.00 Selecting previously unselected package zlib1g-dev:amd64.
build-posix	Build and Test in Docker	2026-02-02T16:51:15.0962848Z #7 23.01 Preparing to unpack .../154-zlib1g-dev_1%3a1.2.11.dfsg-2ubuntu9.2_amd64.deb ...
build-posix	Build and Test in Docker	2026-02-02T16:51:15.0963435Z #7 23.01 Unpacking zlib1g-dev:amd64 (1:1.2.11.dfsg-2ubuntu9.2) ...
build-posix	Build and Test in Docker	2026-02-02T16:51:15.0963919Z #7 23.02 Selecting previously unselected package libpython3.10-dev:amd64.
build-posix	Build and Test in Docker	2026-02-02T16:51:15.0964450Z #7 23.03 Preparing to unpack .../155-libpython3.10-dev_3.10.12-1~22.04.13_amd64.deb ...
build-posix	Build and Test in Docker	2026-02-02T16:51:15.0964948Z #7 23.03 Unpacking libpython3.10-dev:amd64 (3.10.12-1~22.04.13) ...
build-posix	Build and Test in Docker	2026-02-02T16:51:15.0965392Z #7 23.13 Selecting previously unselected package libpython3-dev:amd64.
build-posix	Build and Test in Docker	2026-02-02T16:51:15.2849943Z #7 23.13 Preparing to unpack .../156-libpython3-dev_3.10.6-1~22.04.1_amd64.deb ...
build-posix	Build and Test in Docker	2026-02-02T16:51:15.2850587Z #7 23.13 Unpacking libpython3-dev:amd64 (3.10.6-1~22.04.1) ...
build-posix	Build and Test in Docker	2026-02-02T16:51:15.2851140Z #7 23.15 Selecting previously unselected package libsasl2-modules:amd64.
build-posix	Build and Test in Docker	2026-02-02T16:51:15.2852105Z #7 23.15 Preparing to unpack .../157-libsasl2-modules_2.1.27+dfsg2-3ubuntu1.2_amd64.deb ...
build-posix	Build and Test in Docker	2026-02-02T16:51:15.2852778Z #7 23.15 Unpacking libsasl2-modules:amd64 (2.1.27+dfsg2-3ubuntu1.2) ...
build-posix	Build and Test in Docker	2026-02-02T16:51:15.2853332Z #7 23.17 Selecting previously unselected package manpages-dev.
build-posix	Build and Test in Docker	2026-02-02T16:51:15.2853868Z #7 23.17 Preparing to unpack .../158-manpages-dev_5.10-1ubuntu1_all.deb ...
build-posix	Build and Test in Docker	2026-02-02T16:51:15.2854373Z #7 23.17 Unpacking manpages-dev (5.10-1ubuntu1) ...
build-posix	Build and Test in Docker	2026-02-02T16:51:15.3405760Z #7 23.37 Selecting previously unselected package pkg-config.
build-posix	Build and Test in Docker	2026-02-02T16:51:15.4516964Z #7 23.38 Preparing to unpack .../159-pkg-config_0.29.2-1ubuntu3_amd64.deb ...
build-posix	Build and Test in Docker	2026-02-02T16:51:15.4517730Z #7 23.38 Unpacking pkg-config (0.29.2-1ubuntu3) ...
build-posix	Build and Test in Docker	2026-02-02T16:51:15.4518335Z #7 23.39 Selecting previously unselected package python3.10-dev.
build-posix	Build and Test in Docker	2026-02-02T16:51:15.4519064Z #7 23.40 Preparing to unpack .../160-python3.10-dev_3.10.12-1~22.04.13_amd64.deb ...
build-posix	Build and Test in Docker	2026-02-02T16:51:15.4519738Z #7 23.40 Unpacking python3.10-dev (3.10.12-1~22.04.13) ...
build-posix	Build and Test in Docker	2026-02-02T16:51:15.4520634Z #7 23.41 Selecting previously unselected package python3-lib2to3.
build-posix	Build and Test in Docker	2026-02-02T16:51:15.4521326Z #7 23.41 Preparing to unpack .../161-python3-lib2to3_3.10.8-1~22.04_all.deb ...
build-posix	Build and Test in Docker	2026-02-02T16:51:15.4522163Z #7 23.42 Unpacking python3-lib2to3 (3.10.8-1~22.04) ...
build-posix	Build and Test in Docker	2026-02-02T16:51:15.4522758Z #7 23.45 Selecting previously unselected package python3-distutils.
build-posix	Build and Test in Docker	2026-02-02T16:51:15.4523453Z #7 23.45 Preparing to unpack .../162-python3-distutils_3.10.8-1~22.04_all.deb ...
build-posix	Build and Test in Docker	2026-02-02T16:51:15.4524379Z #7 23.46 Unpacking python3-distutils (3.10.8-1~22.04) ...
build-posix	Build and Test in Docker	2026-02-02T16:51:15.4524926Z #7 23.49 Selecting previously unselected package python3-dev.
build-posix	Build and Test in Docker	2026-02-02T16:51:15.6556054Z #7 23.49 Preparing to unpack .../163-python3-dev_3.10.6-1~22.04.1_amd64.deb ...
build-posix	Build and Test in Docker	2026-02-02T16:51:15.6556867Z #7 23.49 Unpacking python3-dev (3.10.6-1~22.04.1) ...
build-posix	Build and Test in Docker	2026-02-02T16:51:15.6557571Z #7 23.50 Selecting previously unselected package python3-setuptools.
build-posix	Build and Test in Docker	2026-02-02T16:51:15.6558364Z #7 23.50 Preparing to unpack .../164-python3-setuptools_59.6.0-1.2ubuntu0.22.04.3_all.deb ...
build-posix	Build and Test in Docker	2026-02-02T16:51:15.6559006Z #7 23.51 Unpacking python3-setuptools (59.6.0-1.2ubuntu0.22.04.3) ...
build-posix	Build and Test in Docker	2026-02-02T16:51:15.6559467Z #7 23.55 Selecting previously unselected package python3-wheel.
build-posix	Build and Test in Docker	2026-02-02T16:51:15.6560027Z #7 23.55 Preparing to unpack .../165-python3-wheel_0.37.1-2ubuntu0.22.04.1_all.deb ...
build-posix	Build and Test in Docker	2026-02-02T16:51:15.6560594Z #7 23.55 Unpacking python3-wheel (0.37.1-2ubuntu0.22.04.1) ...
build-posix	Build and Test in Docker	2026-02-02T16:51:15.6560992Z #7 23.57 Selecting previously unselected package python3-pip.
build-posix	Build and Test in Docker	2026-02-02T16:51:15.6561731Z #7 23.57 Preparing to unpack .../166-python3-pip_22.0.2+dfsg-1ubuntu0.7_all.deb ...
build-posix	Build and Test in Docker	2026-02-02T16:51:15.6562477Z #7 23.57 Unpacking python3-pip (22.0.2+dfsg-1ubuntu0.7) ...
build-posix	Build and Test in Docker	2026-02-02T16:51:15.6562993Z #7 23.69 Selecting previously unselected package cmocka-doc.
build-posix	Build and Test in Docker	2026-02-02T16:51:15.7598405Z #7 23.69 Preparing to unpack .../167-cmocka-doc_1.1.5-2_all.deb ...
build-posix	Build and Test in Docker	2026-02-02T16:51:15.7599038Z #7 23.70 Unpacking cmocka-doc (1.1.5-2) ...
build-posix	Build and Test in Docker	2026-02-02T16:51:15.7599521Z #7 23.73 Selecting previously unselected package libcmocka0:amd64.
build-posix	Build and Test in Docker	2026-02-02T16:51:15.7600433Z #7 23.73 Preparing to unpack .../168-libcmocka0_1.1.5-2_amd64.deb ...
build-posix	Build and Test in Docker	2026-02-02T16:51:15.7601156Z #7 23.74 Unpacking libcmocka0:amd64 (1.1.5-2) ...
build-posix	Build and Test in Docker	2026-02-02T16:51:15.7601929Z #7 23.75 Selecting previously unselected package libcmocka-dev:amd64.
build-posix	Build and Test in Docker	2026-02-02T16:51:15.7602904Z #7 23.75 Preparing to unpack .../169-libcmocka-dev_1.1.5-2_amd64.deb ...
build-posix	Build and Test in Docker	2026-02-02T16:51:15.7603711Z #7 23.75 Unpacking libcmocka-dev:amd64 (1.1.5-2) ...
build-posix	Build and Test in Docker	2026-02-02T16:51:15.7604182Z #7 23.77 Selecting previously unselected package libgd-perl.
build-posix	Build and Test in Docker	2026-02-02T16:51:15.7604843Z #7 23.77 Preparing to unpack .../170-libgd-perl_2.76-2build1_amd64.deb ...
build-posix	Build and Test in Docker	2026-02-02T16:51:15.7605418Z #7 23.77 Unpacking libgd-perl (2.76-2build1) ...
build-posix	Build and Test in Docker	2026-02-02T16:51:15.7605953Z #7 23.79 Setting up libksba8:amd64 (1.6.0-2ubuntu0.2) ...
build-posix	Build and Test in Docker	2026-02-02T16:51:15.8599101Z #7 23.80 Setting up media-types (7.0.0) ...
build-posix	Build and Test in Docker	2026-02-02T16:51:15.8599951Z #7 23.80 Setting up javascript-common (11+nmu1) ...
build-posix	Build and Test in Docker	2026-02-02T16:51:15.8600606Z #7 23.81 Setting up gcc-11-base:amd64 (11.4.0-1ubuntu1~22.04.2) ...
build-posix	Build and Test in Docker	2026-02-02T16:51:15.8601072Z #7 23.82 Setting up libxau6:amd64 (1:1.0.9-1build5) ...
build-posix	Build and Test in Docker	2026-02-02T16:51:15.8601448Z #7 23.82 Setting up lto-disabled-list (24) ...
build-posix	Build and Test in Docker	2026-02-02T16:51:15.8602167Z #7 23.82 Setting up libpsl5:amd64 (0.21.0-1.2build2) ...
build-posix	Build and Test in Docker	2026-02-02T16:51:15.8602550Z #7 23.82 Setting up wget (1.21.2-2ubuntu1.1) ...
build-posix	Build and Test in Docker	2026-02-02T16:51:15.8602937Z #7 23.83 Setting up xdg-user-dirs (0.17-2ubuntu4) ...
build-posix	Build and Test in Docker	2026-02-02T16:51:15.8603348Z #7 23.84 Setting up libglib2.0-0:amd64 (2.72.4-0ubuntu2.8) ...
build-posix	Build and Test in Docker	2026-02-02T16:51:15.8603826Z #7 23.84 No schema files found: doing nothing.
build-posix	Build and Test in Docker	2026-02-02T16:51:15.8604344Z #7 23.85 Setting up manpages (5.10-1ubuntu1) ...
build-posix	Build and Test in Docker	2026-02-02T16:51:15.8604802Z #7 23.85 Setting up libcbor0.8:amd64 (0.8.0-2ubuntu1) ...
build-posix	Build and Test in Docker	2026-02-02T16:51:15.8605199Z #7 23.85 Setting up libbrotli1:amd64 (1.0.9-2build6) ...
build-posix	Build and Test in Docker	2026-02-02T16:51:15.8607376Z #7 23.85 Setting up libsqlite3-0:amd64 (3.37.2-2ubuntu0.5) ...
build-posix	Build and Test in Docker	2026-02-02T16:51:15.8608125Z #7 23.86 Setting up libsasl2-modules:amd64 (2.1.27+dfsg2-3ubuntu1.2) ...
build-posix	Build and Test in Docker	2026-02-02T16:51:15.8608778Z #7 23.86 Setting up binutils-common:amd64 (2.38-4ubuntu2.12) ...
build-posix	Build and Test in Docker	2026-02-02T16:51:15.8609247Z #7 23.86 Setting up libnghttp2-14:amd64 (1.43.0-1ubuntu0.2) ...
build-posix	Build and Test in Docker	2026-02-02T16:51:15.8609786Z #7 23.87 Setting up libdeflate0:amd64 (1.10-2) ...
build-posix	Build and Test in Docker	2026-02-02T16:51:15.8610242Z #7 23.87 Setting up less (590-1ubuntu0.22.04.3) ...
build-posix	Build and Test in Docker	2026-02-02T16:51:15.8610861Z #7 23.88 Setting up linux-libc-dev:amd64 (5.15.0-168.178) ...
build-posix	Build and Test in Docker	2026-02-02T16:51:15.8611291Z #7 23.88 Setting up libctf-nobfd0:amd64 (2.38-4ubuntu2.12) ...
build-posix	Build and Test in Docker	2026-02-02T16:51:15.8612080Z #7 23.88 Setting up libnpth0:amd64 (1.6-3build2) ...
build-posix	Build and Test in Docker	2026-02-02T16:51:15.8612465Z #7 23.88 Setting up libassuan0:amd64 (2.5.5-1build1) ...
build-posix	Build and Test in Docker	2026-02-02T16:51:15.8613073Z #7 23.89 Setting up libgomp1:amd64 (12.3.0-1ubuntu1~22.04.2) ...
build-posix	Build and Test in Docker	2026-02-02T16:51:15.8613714Z #7 23.89 Setting up perl-modules-5.34 (5.34.0-3ubuntu1.5) ...
build-posix	Build and Test in Docker	2026-02-02T16:51:15.8614074Z #7 23.89 Setting up bzip2 (1.0.8-5build1) ...
build-posix	Build and Test in Docker	2026-02-02T16:51:15.8614552Z #7 23.89 Setting up libldap-common (2.5.19+dfsg-0ubuntu0.22.04.1) ...
build-posix	Build and Test in Docker	2026-02-02T16:51:15.9620474Z #7 23.90 Setting up libjbig0:amd64 (2.1-3.1ubuntu0.22.04.1) ...
build-posix	Build and Test in Docker	2026-02-02T16:51:15.9621154Z #7 23.90 Setting up libfakeroot:amd64 (1.28-1ubuntu1) ...
build-posix	Build and Test in Docker	2026-02-02T16:51:15.9622088Z #7 23.90 Setting up libasan6:amd64 (11.4.0-1ubuntu1~22.04.2) ...
build-posix	Build and Test in Docker	2026-02-02T16:51:15.9622747Z #7 23.91 Setting up libcmocka0:amd64 (1.1.5-2) ...
build-posix	Build and Test in Docker	2026-02-02T16:51:15.9623391Z #7 23.91 Setting up libsasl2-modules-db:amd64 (2.1.27+dfsg2-3ubuntu1.2) ...
build-posix	Build and Test in Docker	2026-02-02T16:51:15.9623946Z #7 23.91 Setting up fakeroot (1.28-1ubuntu1) ...
build-posix	Build and Test in Docker	2026-02-02T16:51:15.9624637Z #7 23.91 update-alternatives: using /usr/bin/fakeroot-sysv to provide /usr/bin/fakeroot (fakeroot) in auto mode
build-posix	Build and Test in Docker	2026-02-02T16:51:15.9625853Z #7 23.91 update-alternatives: warning: skip creation of /usr/share/man/man1/fakeroot.1.gz because associated file /usr/share/man/man1/fakeroot-sysv.1.gz (of link group fakeroot) doesn't exist
build-posix	Build and Test in Docker	2026-02-02T16:51:15.9627370Z #7 23.91 update-alternatives: warning: skip creation of /usr/share/man/man1/faked.1.gz because associated file /usr/share/man/man1/faked-sysv.1.gz (of link group fakeroot) doesn't exist
build-posix	Build and Test in Docker	2026-02-02T16:51:15.9629106Z #7 23.91 update-alternatives: warning: skip creation of /usr/share/man/es/man1/fakeroot.1.gz because associated file /usr/share/man/es/man1/fakeroot-sysv.1.gz (of link group fakeroot) doesn't exist
build-posix	Build and Test in Docker	2026-02-02T16:51:15.9630816Z #7 23.91 update-alternatives: warning: skip creation of /usr/share/man/es/man1/faked.1.gz because associated file /usr/share/man/es/man1/faked-sysv.1.gz (of link group fakeroot) doesn't exist
build-posix	Build and Test in Docker	2026-02-02T16:51:15.9632710Z #7 23.91 update-alternatives: warning: skip creation of /usr/share/man/fr/man1/fakeroot.1.gz because associated file /usr/share/man/fr/man1/fakeroot-sysv.1.gz (of link group fakeroot) doesn't exist
build-posix	Build and Test in Docker	2026-02-02T16:51:15.9634346Z #7 23.91 update-alternatives: warning: skip creation of /usr/share/man/fr/man1/faked.1.gz because associated file /usr/share/man/fr/man1/faked-sysv.1.gz (of link group fakeroot) doesn't exist
build-posix	Build and Test in Docker	2026-02-02T16:51:15.9636035Z #7 23.91 update-alternatives: warning: skip creation of /usr/share/man/sv/man1/fakeroot.1.gz because associated file /usr/share/man/sv/man1/fakeroot-sysv.1.gz (of link group fakeroot) doesn't exist
build-posix	Build and Test in Docker	2026-02-02T16:51:15.9637565Z #7 23.91 update-alternatives: warning: skip creation of /usr/share/man/sv/man1/faked.1.gz because associated file /usr/share/man/sv/man1/faked-sysv.1.gz (of link group fakeroot) doesn't exist
build-posix	Build and Test in Docker	2026-02-02T16:51:15.9638543Z #7 23.92 Setting up libz3-4:amd64 (4.8.12-1) ...
build-posix	Build and Test in Docker	2026-02-02T16:51:15.9638977Z #7 23.92 Setting up libglib2.0-data (2.72.4-0ubuntu2.8) ...
build-posix	Build and Test in Docker	2026-02-02T16:51:15.9639455Z #7 23.92 Setting up libtirpc-dev:amd64 (1.3.2-2ubuntu0.1) ...
build-posix	Build and Test in Docker	2026-02-02T16:51:15.9639814Z #7 23.93 Setting up libuv1:amd64 (1.43.0-1ubuntu0.1) ...
build-posix	Build and Test in Docker	2026-02-02T16:51:15.9640135Z #7 23.93 Setting up rpcsvc-proto (1.4.2-0ubuntu6) ...
build-posix	Build and Test in Docker	2026-02-02T16:51:15.9640892Z #7 23.93 Setting up emacsen-common (3.0.4) ...
build-posix	Build and Test in Docker	2026-02-02T16:51:15.9641438Z #7 23.96 Setting up libx11-data (2:1.7.5-1ubuntu0.3) ...
build-posix	Build and Test in Docker	2026-02-02T16:51:15.9642141Z #7 23.96 Setting up make (4.3-4.1build1) ...
build-posix	Build and Test in Docker	2026-02-02T16:51:15.9642662Z #7 23.97 Setting up libmpfr6:amd64 (4.1.0-3build3) ...
build-posix	Build and Test in Docker	2026-02-02T16:51:15.9643084Z #7 23.97 Setting up gnupg-l10n (2.2.27-3ubuntu2.5) ...
build-posix	Build and Test in Docker	2026-02-02T16:51:15.9643656Z #7 23.97 Setting up librtmp1:amd64 (2.4+20151223.gitfa8646d.1-2build4) ...
build-posix	Build and Test in Docker	2026-02-02T16:51:15.9646698Z #7 23.98 Setting up dh-elpa-helper (2.0.9ubuntu1) ...
build-posix	Build and Test in Docker	2026-02-02T16:51:15.9647236Z #7 23.98 Setting up xz-utils (5.2.5-2ubuntu1) ...
build-posix	Build and Test in Docker	2026-02-02T16:51:15.9647993Z #7 23.98 update-alternatives: using /usr/bin/xz to provide /usr/bin/lzma (lzma) in auto mode
build-posix	Build and Test in Docker	2026-02-02T16:51:15.9649399Z #7 23.98 update-alternatives: warning: skip creation of /usr/share/man/man1/lzma.1.gz because associated file /usr/share/man/man1/xz.1.gz (of link group lzma) doesn't exist
build-posix	Build and Test in Docker	2026-02-02T16:51:15.9650781Z #7 23.98 update-alternatives: warning: skip creation of /usr/share/man/man1/unlzma.1.gz because associated file /usr/share/man/man1/unxz.1.gz (of link group lzma) doesn't exist
build-posix	Build and Test in Docker	2026-02-02T16:51:15.9652358Z #7 23.98 update-alternatives: warning: skip creation of /usr/share/man/man1/lzcat.1.gz because associated file /usr/share/man/man1/xzcat.1.gz (of link group lzma) doesn't exist
build-posix	Build and Test in Docker	2026-02-02T16:51:15.9654051Z #7 23.98 update-alternatives: warning: skip creation of /usr/share/man/man1/lzmore.1.gz because associated file /usr/share/man/man1/xzmore.1.gz (of link group lzma) doesn't exist
build-posix	Build and Test in Docker	2026-02-02T16:51:15.9655194Z #7 23.98 update-alternatives: warning: skip creation of /usr/share/man/man1/lzless.1.gz because associated file /usr/share/man/man1/xzless.1.gz (of link group lzma) doesn't exist
build-posix	Build and Test in Docker	2026-02-02T16:51:15.9656400Z #7 23.98 update-alternatives: warning: skip creation of /usr/share/man/man1/lzdiff.1.gz because associated file /usr/share/man/man1/xzdiff.1.gz (of link group lzma) doesn't exist
build-posix	Build and Test in Docker	2026-02-02T16:51:15.9658092Z #7 23.98 update-alternatives: warning: skip creation of /usr/share/man/man1/lzcmp.1.gz because associated file /usr/share/man/man1/xzcmp.1.gz (of link group lzma) doesn't exist
build-posix	Build and Test in Docker	2026-02-02T16:51:15.9659707Z #7 23.98 update-alternatives: warning: skip creation of /usr/share/man/man1/lzgrep.1.gz because associated file /usr/share/man/man1/xzgrep.1.gz (of link group lzma) doesn't exist
build-posix	Build and Test in Docker	2026-02-02T16:51:15.9661084Z #7 23.98 update-alternatives: warning: skip creation of /usr/share/man/man1/lzegrep.1.gz because associated file /usr/share/man/man1/xzegrep.1.gz (of link group lzma) doesn't exist
build-posix	Build and Test in Docker	2026-02-02T16:51:15.9662675Z #7 23.98 update-alternatives: warning: skip creation of /usr/share/man/man1/lzfgrep.1.gz because associated file /usr/share/man/man1/xzfgrep.1.gz (of link group lzma) doesn't exist
build-posix	Build and Test in Docker	2026-02-02T16:51:15.9663967Z #7 23.99 Setting up libquadmath0:amd64 (12.3.0-1ubuntu1~22.04.2) ...
build-posix	Build and Test in Docker	2026-02-02T16:51:15.9664348Z #7 23.99 Setting up libpng16-16:amd64 (1.6.37-3ubuntu0.3) ...
build-posix	Build and Test in Docker	2026-02-02T16:51:15.9664910Z #7 23.99 Setting up libmpc3:amd64 (1.2.1-2build1) ...
build-posix	Build and Test in Docker	2026-02-02T16:51:15.9665255Z #7 23.99 Setting up libatomic1:amd64 (12.3.0-1ubuntu1~22.04.2) ...
build-posix	Build and Test in Docker	2026-02-02T16:51:15.9665800Z #7 24.00 Setting up libtinyxml2-9:amd64 (9.0.0+dfsg-3) ...
build-posix	Build and Test in Docker	2026-02-02T16:51:16.0621149Z #7 24.00 Setting up patch (2.7.6-7build2) ...
build-posix	Build and Test in Docker	2026-02-02T16:51:16.0621907Z #7 24.00 Setting up libjsoncpp25:amd64 (1.9.5-3) ...
build-posix	Build and Test in Docker	2026-02-02T16:51:16.0622458Z #7 24.00 Setting up fonts-dejavu-core (2.37-2build1) ...
build-posix	Build and Test in Docker	2026-02-02T16:51:16.0622927Z #7 24.02 Setting up ucf (3.0043) ...
build-posix	Build and Test in Docker	2026-02-02T16:51:16.0623507Z #7 24.09 Setting up libcmocka-dev:amd64 (1.1.5-2) ...
build-posix	Build and Test in Docker	2026-02-02T16:51:16.0624136Z #7 24.09 Setting up libjpeg-turbo8:amd64 (2.1.2-0ubuntu1) ...
build-posix	Build and Test in Docker	2026-02-02T16:51:16.0624628Z #7 24.09 Setting up libsasl2-2:amd64 (2.1.27+dfsg2-3ubuntu1.2) ...
build-posix	Build and Test in Docker	2026-02-02T16:51:16.0625189Z #7 24.09 Setting up libssh-4:amd64 (0.9.6-2ubuntu0.22.04.5) ...
build-posix	Build and Test in Docker	2026-02-02T16:51:16.0625775Z #7 24.10 Setting up libwebp7:amd64 (1.2.2-2ubuntu0.22.04.2) ...
build-posix	Build and Test in Docker	2026-02-02T16:51:16.1649579Z #7 24.10 Setting up libubsan1:amd64 (12.3.0-1ubuntu1~22.04.2) ...
build-posix	Build and Test in Docker	2026-02-02T16:51:16.1650131Z #7 24.10 Setting up libmd0:amd64 (1.0.4-1build1) ...
build-posix	Build and Test in Docker	2026-02-02T16:51:16.1650664Z #7 24.10 Setting up libnsl-dev:amd64 (1.3.0-2build2) ...
build-posix	Build and Test in Docker	2026-02-02T16:51:16.1651026Z #7 24.11 Setting up librhash0:amd64 (1.4.2-1ubuntu1) ...
build-posix	Build and Test in Docker	2026-02-02T16:51:16.1651522Z #7 24.11 Setting up libcrypt-dev:amd64 (1:4.4.27-1) ...
build-posix	Build and Test in Docker	2026-02-02T16:51:16.1652234Z #7 24.11 Setting up libmpdec3:amd64 (2.5.1-2build2) ...
build-posix	Build and Test in Docker	2026-02-02T16:51:16.1654925Z #7 24.12 Setting up git-man (1:2.34.1-1ubuntu1.15) ...
build-posix	Build and Test in Docker	2026-02-02T16:51:16.1655247Z #7 24.12 Setting up netbase (6.3) ...
build-posix	Build and Test in Docker	2026-02-02T16:51:16.1655546Z #7 24.13 Setting up cmake-data (3.22.1-1ubuntu1.22.04.2) ...
build-posix	Build and Test in Docker	2026-02-02T16:51:16.1655904Z #7 24.16 Setting up libjs-jquery (3.6.0+dfsg+~3.5.13-1) ...
build-posix	Build and Test in Docker	2026-02-02T16:51:16.1656242Z #7 24.16 Setting up libbinutils:amd64 (2.38-4ubuntu2.12) ...
build-posix	Build and Test in Docker	2026-02-02T16:51:16.1656568Z #7 24.17 Setting up libfido2-1:amd64 (1.10.0-1) ...
build-posix	Build and Test in Docker	2026-02-02T16:51:16.1657019Z #7 24.17 Setting up libisl23:amd64 (0.24-2build1) ...
build-posix	Build and Test in Docker	2026-02-02T16:51:16.1657345Z #7 24.17 Setting up libc-dev-bin (2.35-0ubuntu3.12) ...
build-posix	Build and Test in Docker	2026-02-02T16:51:16.1657655Z #7 24.18 Setting up openssl (3.0.2-0ubuntu1.21) ...
build-posix	Build and Test in Docker	2026-02-02T16:51:16.1658036Z #7 24.19 Setting up libbsd0:amd64 (0.11.5-1) ...
build-posix	Build and Test in Docker	2026-02-02T16:51:16.1658570Z #7 24.19 Setting up readline-common (8.1.2-1) ...
build-posix	Build and Test in Docker	2026-02-02T16:51:16.1659130Z #7 24.20 Setting up publicsuffix (20211207.1025-1) ...
build-posix	Build and Test in Docker	2026-02-02T16:51:16.4118012Z #7 24.20 Setting up libcc1-0:amd64 (12.3.0-1ubuntu1~22.04.2) ...
build-posix	Build and Test in Docker	2026-02-02T16:51:16.4118715Z #7 24.20 Setting up liblocale-gettext-perl (1.07-4build3) ...
build-posix	Build and Test in Docker	2026-02-02T16:51:16.4119139Z #7 24.21 Setting up liblsan0:amd64 (12.3.0-1ubuntu1~22.04.2) ...
build-posix	Build and Test in Docker	2026-02-02T16:51:16.4119523Z #7 24.21 Setting up libitm1:amd64 (12.3.0-1ubuntu1~22.04.2) ...
build-posix	Build and Test in Docker	2026-02-02T16:51:16.4119859Z #7 24.21 Setting up libgdbm6:amd64 (1.23-1) ...
build-posix	Build and Test in Docker	2026-02-02T16:51:16.4120185Z #7 24.22 Setting up libjs-underscore (1.13.2~dfsg-2) ...
build-posix	Build and Test in Docker	2026-02-02T16:51:16.4120529Z #7 24.22 Setting up libicu70:amd64 (70.1-2) ...
build-posix	Build and Test in Docker	2026-02-02T16:51:16.4120857Z #7 24.22 Setting up libtsan0:amd64 (11.4.0-1ubuntu1~22.04.2) ...
build-posix	Build and Test in Docker	2026-02-02T16:51:16.4121387Z #7 24.22 Setting up libctf0:amd64 (2.38-4ubuntu2.12) ...
build-posix	Build and Test in Docker	2026-02-02T16:51:16.4122693Z #7 24.23 Setting up libjpeg8:amd64 (8c-2ubuntu10) ...
build-posix	Build and Test in Docker	2026-02-02T16:51:16.4123068Z #7 24.23 Setting up pinentry-curses (1.1.1-1build2) ...
build-posix	Build and Test in Docker	2026-02-02T16:51:16.4123416Z #7 24.24 Setting up cpp-11 (11.4.0-1ubuntu1~22.04.2) ...
build-posix	Build and Test in Docker	2026-02-02T16:51:16.4123773Z #7 24.24 Setting up manpages-dev (5.10-1ubuntu1) ...
build-posix	Build and Test in Docker	2026-02-02T16:51:16.4124100Z #7 24.24 Setting up libxdmcp6:amd64 (1:1.1.3-0ubuntu5) ...
build-posix	Build and Test in Docker	2026-02-02T16:51:16.4124427Z #7 24.24 Setting up libxcb1:amd64 (1.14-3ubuntu3) ...
build-posix	Build and Test in Docker	2026-02-02T16:51:16.4124757Z #7 24.25 Setting up fontconfig-config (2.13.1-4.2ubuntu5) ...
build-posix	Build and Test in Docker	2026-02-02T16:51:16.4125122Z #7 24.28 Setting up libedit2:amd64 (3.1-20210910-1build1) ...
build-posix	Build and Test in Docker	2026-02-02T16:51:16.4125445Z #7 24.29 Setting up libreadline8:amd64 (8.1.2-1) ...
build-posix	Build and Test in Docker	2026-02-02T16:51:16.4125817Z #7 24.29 Setting up libldap-2.5-0:amd64 (2.5.19+dfsg-0ubuntu0.22.04.1) ...
build-posix	Build and Test in Docker	2026-02-02T16:51:16.4126242Z #7 24.29 Setting up libpython3.10-stdlib:amd64 (3.10.12-1~22.04.13) ...
build-posix	Build and Test in Docker	2026-02-02T16:51:16.4126611Z #7 24.29 Setting up ca-certificates (20240203~22.04.1) ...
build-posix	Build and Test in Docker	2026-02-02T16:51:16.6895187Z #7 24.72 Updating certificates in /etc/ssl/certs...
build-posix	Build and Test in Docker	2026-02-02T16:51:17.2266239Z #7 25.26 146 added, 0 removed; done.
build-posix	Build and Test in Docker	2026-02-02T16:51:17.4455566Z #7 25.27 Setting up libfreetype6:amd64 (2.11.1+dfsg-1ubuntu0.3) ...
build-posix	Build and Test in Docker	2026-02-02T16:51:17.4456419Z #7 25.28 Setting up libgdbm-compat4:amd64 (1.23-1) ...
build-posix	Build and Test in Docker	2026-02-02T16:51:17.4457037Z #7 25.28 Setting up libjs-sphinxdoc (4.3.2-1) ...
build-posix	Build and Test in Docker	2026-02-02T16:51:17.4457604Z #7 25.28 Setting up cmocka-doc (1.1.5-2) ...
build-posix	Build and Test in Docker	2026-02-02T16:51:17.4458236Z #7 25.28 Setting up libgcc-11-dev:amd64 (11.4.0-1ubuntu1~22.04.2) ...
build-posix	Build and Test in Docker	2026-02-02T16:51:17.4458900Z #7 25.29 Setting up cpp (4:11.2.0-1ubuntu1) ...
build-posix	Build and Test in Docker	2026-02-02T16:51:17.4459458Z #7 25.29 Setting up gpgconf (2.2.27-3ubuntu2.5) ...
build-posix	Build and Test in Docker	2026-02-02T16:51:17.4460566Z #7 25.29 Setting up libcurl4:amd64 (7.81.0-1ubuntu1.21) ...
build-posix	Build and Test in Docker	2026-02-02T16:51:17.4461234Z #7 25.30 Setting up libc6-dev:amd64 (2.35-0ubuntu3.12) ...
build-posix	Build and Test in Docker	2026-02-02T16:51:17.4462153Z #7 25.30 Setting up libx11-6:amd64 (2:1.7.5-1ubuntu0.3) ...
build-posix	Build and Test in Docker	2026-02-02T16:51:17.4462798Z #7 25.30 Setting up libtiff5:amd64 (4.3.0-6ubuntu0.12) ...
build-posix	Build and Test in Docker	2026-02-02T16:51:17.4463457Z #7 25.30 Setting up curl (7.81.0-1ubuntu1.21) ...
build-posix	Build and Test in Docker	2026-02-02T16:51:17.4464098Z #7 25.31 Setting up libfontconfig1:amd64 (2.13.1-4.2ubuntu5) ...
build-posix	Build and Test in Docker	2026-02-02T16:51:17.4465102Z #7 25.31 Setting up libxml2:amd64 (2.9.13+dfsg-1ubuntu0.11) ...
build-posix	Build and Test in Docker	2026-02-02T16:51:17.4465730Z #7 25.31 Setting up libxmuu1:amd64 (2:1.1.3-3) ...
build-posix	Build and Test in Docker	2026-02-02T16:51:17.4466280Z #7 25.31 Setting up gpg (2.2.27-3ubuntu2.5) ...
build-posix	Build and Test in Docker	2026-02-02T16:51:17.4466894Z #7 25.32 Setting up libpython3-stdlib:amd64 (3.10.6-1~22.04.1) ...
build-posix	Build and Test in Docker	2026-02-02T16:51:17.4467575Z #7 25.32 Setting up gnupg-utils (2.2.27-3ubuntu2.5) ...
build-posix	Build and Test in Docker	2026-02-02T16:51:17.4468267Z #7 25.32 Setting up binutils-x86-64-linux-gnu (2.38-4ubuntu2.12) ...
build-posix	Build and Test in Docker	2026-02-02T16:51:17.4469013Z #7 25.32 Setting up libpython3.10:amd64 (3.10.12-1~22.04.13) ...
build-posix	Build and Test in Docker	2026-02-02T16:51:17.4469675Z #7 25.33 Setting up libperl5.34:amd64 (5.34.0-3ubuntu1.5) ...
build-posix	Build and Test in Docker	2026-02-02T16:51:17.4470281Z #7 25.33 Setting up gpg-agent (2.2.27-3ubuntu2.5) ...
build-posix	Build and Test in Docker	2026-02-02T16:51:17.7048911Z #7 25.74 Setting up python3.10 (3.10.12-1~22.04.13) ...
build-posix	Build and Test in Docker	2026-02-02T16:51:18.2509273Z #7 26.28 Setting up libxpm4:amd64 (1:3.5.12-1ubuntu0.22.04.2) ...
build-posix	Build and Test in Docker	2026-02-02T16:51:18.4057235Z #7 26.29 Setting up libarchive13:amd64 (3.6.0-1ubuntu1.5) ...
build-posix	Build and Test in Docker	2026-02-02T16:51:18.4057943Z #7 26.29 Setting up openssh-client (1:8.9p1-3ubuntu0.13) ...
build-posix	Build and Test in Docker	2026-02-02T16:51:18.4058718Z #7 26.34 update-alternatives: using /usr/bin/ssh to provide /usr/bin/rsh (rsh) in auto mode
build-posix	Build and Test in Docker	2026-02-02T16:51:18.4059976Z #7 26.34 update-alternatives: warning: skip creation of /usr/share/man/man1/rsh.1.gz because associated file /usr/share/man/man1/ssh.1.gz (of link group rsh) doesn't exist
build-posix	Build and Test in Docker	2026-02-02T16:51:18.4061353Z #7 26.34 update-alternatives: using /usr/bin/slogin to provide /usr/bin/rlogin (rlogin) in auto mode
build-posix	Build and Test in Docker	2026-02-02T16:51:18.4063315Z #7 26.34 update-alternatives: warning: skip creation of /usr/share/man/man1/rlogin.1.gz because associated file /usr/share/man/man1/slogin.1.gz (of link group rlogin) doesn't exist
build-posix	Build and Test in Docker	2026-02-02T16:51:18.4064593Z #7 26.34 update-alternatives: using /usr/bin/scp to provide /usr/bin/rcp (rcp) in auto mode
build-posix	Build and Test in Docker	2026-02-02T16:51:18.4065755Z #7 26.34 update-alternatives: warning: skip creation of /usr/share/man/man1/rcp.1.gz because associated file /usr/share/man/man1/scp.1.gz (of link group rcp) doesn't exist
build-posix	Build and Test in Docker	2026-02-02T16:51:18.4066889Z #7 26.35 Setting up gpgsm (2.2.27-3ubuntu2.5) ...
build-posix	Build and Test in Docker	2026-02-02T16:51:18.4067506Z #7 26.35 Setting up libxext6:amd64 (2:1.3.4-1build1) ...
build-posix	Build and Test in Docker	2026-02-02T16:51:18.4068064Z #7 26.35 Setting up libcurl3-gnutls:amd64 (7.81.0-1ubuntu1.21) ...
build-posix	Build and Test in Docker	2026-02-02T16:51:18.4068588Z #7 26.36 Setting up python3 (3.10.6-1~22.04.1) ...
build-posix	Build and Test in Docker	2026-02-02T16:51:18.4068951Z #7 26.44 Setting up binutils (2.38-4ubuntu2.12) ...
build-posix	Build and Test in Docker	2026-02-02T16:51:18.5248300Z #7 26.44 Setting up dirmngr (2.2.27-3ubuntu2.5) ...
build-posix	Build and Test in Docker	2026-02-02T16:51:18.5248764Z #7 26.56 Setting up perl (5.34.0-3ubuntu1.5) ...
build-posix	Build and Test in Docker	2026-02-02T16:51:18.6868225Z #7 26.57 Setting up libexpat1-dev:amd64 (2.4.7-1ubuntu0.6) ...
build-posix	Build and Test in Docker	2026-02-02T16:51:18.6868818Z #7 26.57 Setting up shared-mime-info (2.1-2) ...
build-posix	Build and Test in Docker	2026-02-02T16:51:19.1571394Z #7 27.19 Setting up libgd3:amd64 (2.3.0-2ubuntu2.3) ...
build-posix	Build and Test in Docker	2026-02-02T16:51:19.2778729Z #7 27.19 Setting up libdpkg-perl (1.21.1ubuntu2.6) ...
build-posix	Build and Test in Docker	2026-02-02T16:51:19.2779428Z #7 27.20 Setting up libstdc++-11-dev:amd64 (11.4.0-1ubuntu1~22.04.2) ...
build-posix	Build and Test in Docker	2026-02-02T16:51:19.2779915Z #7 27.20 Setting up gpg-wks-server (2.2.27-3ubuntu2.5) ...
build-posix	Build and Test in Docker	2026-02-02T16:51:19.2780366Z #7 27.20 Setting up zlib1g-dev:amd64 (1:1.2.11.dfsg-2ubuntu9.2) ...
build-posix	Build and Test in Docker	2026-02-02T16:51:19.2780816Z #7 27.20 Setting up libllvm14:amd64 (1:14.0.0-1ubuntu1.1) ...
build-posix	Build and Test in Docker	2026-02-02T16:51:19.2781352Z #7 27.21 Setting up gcc-11 (11.4.0-1ubuntu1~22.04.2) ...
build-posix	Build and Test in Docker	2026-02-02T16:51:19.2782441Z #7 27.21 Setting up xauth (1:1.1-1build2) ...
build-posix	Build and Test in Docker	2026-02-02T16:51:19.2782990Z #7 27.21 Setting up libjson-perl (4.04000-1) ...
build-posix	Build and Test in Docker	2026-02-02T16:51:19.2783404Z #7 27.22 Setting up cmake (3.22.1-1ubuntu1.22.04.2) ...
build-posix	Build and Test in Docker	2026-02-02T16:51:19.2783782Z #7 27.23 Setting up python3-lib2to3 (3.10.8-1~22.04) ...
build-posix	Build and Test in Docker	2026-02-02T16:51:19.2784309Z #7 27.31 Setting up libperlio-gzip-perl (0.19-1build8) ...
build-posix	Build and Test in Docker	2026-02-02T16:51:19.4242743Z #7 27.31 Setting up libc-devtools (2.35-0ubuntu3.12) ...
build-posix	Build and Test in Docker	2026-02-02T16:51:19.4265073Z #7 27.32 Setting up python3-pkg-resources (59.6.0-1.2ubuntu0.22.04.3) ...
build-posix	Build and Test in Docker	2026-02-02T16:51:19.4265501Z #7 27.46 Setting up python3-distutils (3.10.8-1~22.04) ...
build-posix	Build and Test in Docker	2026-02-02T16:51:19.6733147Z #7 27.56 Setting up python3-setuptools (59.6.0-1.2ubuntu0.22.04.3) ...
build-posix	Build and Test in Docker	2026-02-02T16:51:19.7942104Z #7 27.83 Setting up gpg-wks-client (2.2.27-3ubuntu2.5) ...
build-posix	Build and Test in Docker	2026-02-02T16:51:19.9108747Z #7 27.83 Setting up g++-11 (11.4.0-1ubuntu1~22.04.2) ...
build-posix	Build and Test in Docker	2026-02-02T16:51:19.9109485Z #7 27.83 Setting up libfile-fcntllock-perl (0.22-3build7) ...
build-posix	Build and Test in Docker	2026-02-02T16:51:19.9110198Z #7 27.83 Setting up libalgorithm-diff-perl (1.201-1) ...
build-posix	Build and Test in Docker	2026-02-02T16:51:19.9110717Z #7 27.84 Setting up libcommon-sense-perl:amd64 (3.75-2build1) ...
build-posix	Build and Test in Docker	2026-02-02T16:51:19.9111412Z #7 27.84 Setting up python3-wheel (0.37.1-2ubuntu0.22.04.1) ...
build-posix	Build and Test in Docker	2026-02-02T16:51:19.9112221Z #7 27.94 Setting up gcc (4:11.2.0-1ubuntu1) ...
build-posix	Build and Test in Docker	2026-02-02T16:51:20.0787871Z #7 27.95 Setting up dpkg-dev (1.21.1ubuntu2.6) ...
build-posix	Build and Test in Docker	2026-02-02T16:51:20.0788459Z #7 27.96 Setting up liberror-perl (0.17029-1) ...
build-posix	Build and Test in Docker	2026-02-02T16:51:20.0788858Z #7 27.96 Setting up libgd-perl (2.76-2build1) ...
build-posix	Build and Test in Docker	2026-02-02T16:51:20.0789248Z #7 27.96 Setting up python3-pygments (2.11.2+dfsg-2ubuntu0.1) ...
build-posix	Build and Test in Docker	2026-02-02T16:51:20.4049473Z #7 28.44 Setting up pkg-config (0.29.2-1ubuntu3) ...
build-posix	Build and Test in Docker	2026-02-02T16:51:20.6008658Z #7 28.47 Setting up libpython3.10-dev:amd64 (3.10.12-1~22.04.13) ...
build-posix	Build and Test in Docker	2026-02-02T16:51:20.6009312Z #7 28.47 Setting up libclang-cpp14 (1:14.0.0-1ubuntu1.1) ...
build-posix	Build and Test in Docker	2026-02-02T16:51:20.6009740Z #7 28.48 Setting up git (1:2.34.1-1ubuntu1.15) ...
build-posix	Build and Test in Docker	2026-02-02T16:51:20.6010187Z #7 28.48 Setting up python3-pip (22.0.2+dfsg-1ubuntu0.7) ...
build-posix	Build and Test in Docker	2026-02-02T16:51:21.3439242Z #7 29.38 Setting up cppcheck (2.7-1) ...
build-posix	Build and Test in Docker	2026-02-02T16:51:21.5668003Z #7 29.38 Setting up python3.10-dev (3.10.12-1~22.04.13) ...
build-posix	Build and Test in Docker	2026-02-02T16:51:21.5668709Z #7 29.38 Setting up libtypes-serialiser-perl (1.01-1) ...
build-posix	Build and Test in Docker	2026-02-02T16:51:21.5669096Z #7 29.39 Setting up g++ (4:11.2.0-1ubuntu1) ...
build-posix	Build and Test in Docker	2026-02-02T16:51:21.5669553Z #7 29.40 update-alternatives: using /usr/bin/g++ to provide /usr/bin/c++ (c++) in auto mode
build-posix	Build and Test in Docker	2026-02-02T16:51:21.5670442Z #7 29.40 update-alternatives: warning: skip creation of /usr/share/man/man1/c++.1.gz because associated file /usr/share/man/man1/g++.1.gz (of link group c++) doesn't exist
build-posix	Build and Test in Docker	2026-02-02T16:51:21.5671189Z #7 29.40 Setting up gnupg (2.2.27-3ubuntu2.5) ...
build-posix	Build and Test in Docker	2026-02-02T16:51:21.5671512Z #7 29.41 Setting up build-essential (12.9ubuntu3) ...
build-posix	Build and Test in Docker	2026-02-02T16:51:21.5672112Z #7 29.41 Setting up clang-format-14 (1:14.0.0-1ubuntu1.1) ...
build-posix	Build and Test in Docker	2026-02-02T16:51:21.5672515Z #7 29.41 Setting up libalgorithm-diff-xs-perl (0.04-6build3) ...
build-posix	Build and Test in Docker	2026-02-02T16:51:21.5672882Z #7 29.41 Setting up libalgorithm-merge-perl (0.08-3) ...
build-posix	Build and Test in Docker	2026-02-02T16:51:21.5673239Z #7 29.42 Setting up libjson-xs-perl (4.040-0ubuntu0.22.04.1) ...
build-posix	Build and Test in Docker	2026-02-02T16:51:21.5673593Z #7 29.42 Setting up clang-format:amd64 (1:14.0-55~exp2) ...
build-posix	Build and Test in Docker	2026-02-02T16:51:21.5673942Z #7 29.42 Setting up libpython3-dev:amd64 (3.10.6-1~22.04.1) ...
build-posix	Build and Test in Docker	2026-02-02T16:51:21.5674256Z #7 29.42 Setting up lcov (1.15-1) ...
build-posix	Build and Test in Docker	2026-02-02T16:51:21.5674546Z #7 29.43 Setting up python3-dev (3.10.6-1~22.04.1) ...
build-posix	Build and Test in Docker	2026-02-02T16:51:21.5674926Z #7 29.43 Processing triggers for libc-bin (2.35-0ubuntu3.11) ...
build-posix	Build and Test in Docker	2026-02-02T16:51:21.5675337Z #7 29.45 Processing triggers for ca-certificates (20240203~22.04.1) ...
build-posix	Build and Test in Docker	2026-02-02T16:51:21.5675718Z #7 29.45 Updating certificates in /etc/ssl/certs...
build-posix	Build and Test in Docker	2026-02-02T16:51:21.8319643Z #7 29.87 0 added, 0 removed; done.
build-posix	Build and Test in Docker	2026-02-02T16:51:21.8320075Z #7 29.87 Running hooks in /etc/ca-certificates/update.d...
build-posix	Build and Test in Docker	2026-02-02T16:51:21.9831493Z #7 29.87 done.
build-posix	Build and Test in Docker	2026-02-02T16:51:23.3614434Z #7 DONE 31.4s
build-posix	Build and Test in Docker	2026-02-02T16:51:23.5228397Z 
build-posix	Build and Test in Docker	2026-02-02T16:51:23.5228834Z #8 [3/5] COPY scripts/requirements.txt /tmp/requirements.txt
build-posix	Build and Test in Docker	2026-02-02T16:51:23.5229200Z #8 DONE 0.0s
build-posix	Build and Test in Docker	2026-02-02T16:51:23.5229323Z 
build-posix	Build and Test in Docker	2026-02-02T16:51:23.5229455Z #9 [4/5] RUN pip3 install -r /tmp/requirements.txt
build-posix	Build and Test in Docker	2026-02-02T16:51:23.9090646Z #9 0.537 Collecting py-uds>=1.2.0
build-posix	Build and Test in Docker	2026-02-02T16:51:24.0252179Z #9 0.616   Downloading py_uds-3.1.1-py3-none-any.whl (172 kB)
build-posix	Build and Test in Docker	2026-02-02T16:51:24.1382698Z #9 0.653      ━━━━━━━━━━━━━━━━━━━━━━━━━━━━━━━━━━━━━━━ 172.1/172.1 KB 5.0 MB/s eta 0:00:00
build-posix	Build and Test in Docker	2026-02-02T16:51:24.1383460Z #9 0.691 Collecting can-isotp>=1.8
build-posix	Build and Test in Docker	2026-02-02T16:51:24.1384029Z #9 0.708   Downloading can_isotp-2.0.7-py3-none-any.whl (34 kB)
build-posix	Build and Test in Docker	2026-02-02T16:51:24.1384637Z #9 0.766 Collecting python-can>=4.0.0
build-posix	Build and Test in Docker	2026-02-02T16:51:24.2403058Z #9 0.784   Downloading python_can-4.6.1-py3-none-any.whl (276 kB)
build-posix	Build and Test in Docker	2026-02-02T16:51:24.2404254Z #9 0.802      ━━━━━━━━━━━━━━━━━━━━━━━━━━━━━━━━━━━━━━ 277.0/277.0 KB 17.4 MB/s eta 0:00:00
build-posix	Build and Test in Docker	2026-02-02T16:51:24.2405086Z #9 0.868 Collecting jsonschema
build-posix	Build and Test in Docker	2026-02-02T16:51:24.4036713Z #9 0.884   Downloading jsonschema-4.26.0-py3-none-any.whl (90 kB)
build-posix	Build and Test in Docker	2026-02-02T16:51:24.4038015Z #9 0.888      ━━━━━━━━━━━━━━━━━━━━━━━━━━━━━━━━━━━━━━━━ 90.6/90.6 KB 43.0 MB/s eta 0:00:00
build-posix	Build and Test in Docker	2026-02-02T16:51:24.4038549Z #9 0.944 Collecting west
build-posix	Build and Test in Docker	2026-02-02T16:51:24.4038970Z #9 0.961   Downloading west-1.5.0-py3-none-any.whl (106 kB)
build-posix	Build and Test in Docker	2026-02-02T16:51:24.4039681Z #9 0.966      ━━━━━━━━━━━━━━━━━━━━━━━━━━━━━━━━━━━━━━ 107.0/107.0 KB 42.9 MB/s eta 0:00:00
build-posix	Build and Test in Docker	2026-02-02T16:51:24.4040228Z #9 1.031 Collecting aenum>=3.0.0
build-posix	Build and Test in Docker	2026-02-02T16:51:24.5753007Z #9 1.047   Downloading aenum-3.1.16-py3-none-any.whl (165 kB)
build-posix	Build and Test in Docker	2026-02-02T16:51:24.5754378Z #9 1.052      ━━━━━━━━━━━━━━━━━━━━━━━━━━━━━━━━━━━━━━ 165.6/165.6 KB 58.9 MB/s eta 0:00:00
build-posix	Build and Test in Docker	2026-02-02T16:51:24.8467315Z #9 1.474 Collecting wrapt~=1.10
build-posix	Build and Test in Docker	2026-02-02T16:51:24.9801955Z #9 1.491   Downloading wrapt-1.17.3-cp310-cp310-manylinux1_x86_64.manylinux_2_28_x86_64.manylinux_2_5_x86_64.whl (81 kB)
build-posix	Build and Test in Docker	2026-02-02T16:51:24.9803566Z #9 1.496      ━━━━━━━━━━━━━━━━━━━━━━━━━━━━━━━━━━━━━━━━ 82.0/82.0 KB 24.3 MB/s eta 0:00:00
build-posix	Build and Test in Docker	2026-02-02T16:51:24.9804030Z #9 1.542 Collecting typing_extensions>=3.10.0.0
build-posix	Build and Test in Docker	2026-02-02T16:51:24.9804494Z #9 1.558   Downloading typing_extensions-4.15.0-py3-none-any.whl (44 kB)
build-posix	Build and Test in Docker	2026-02-02T16:51:24.9805118Z #9 1.561      ━━━━━━━━━━━━━━━━━━━━━━━━━━━━━━━━━━━━━━━━ 44.6/44.6 KB 15.9 MB/s eta 0:00:00
build-posix	Build and Test in Docker	2026-02-02T16:51:24.9805532Z #9 1.608 Collecting packaging>=23.1
build-posix	Build and Test in Docker	2026-02-02T16:51:25.0821200Z #9 1.624   Downloading packaging-26.0-py3-none-any.whl (74 kB)
build-posix	Build and Test in Docker	2026-02-02T16:51:25.0823271Z #9 1.628      ━━━━━━━━━━━━━━━━━━━━━━━━━━━━━━━━━━━━━━━━ 74.4/74.4 KB 32.6 MB/s eta 0:00:00
build-posix	Build and Test in Docker	2026-02-02T16:51:25.0824191Z #9 1.710 Collecting referencing>=0.28.4
build-posix	Build and Test in Docker	2026-02-02T16:51:25.2510439Z #9 1.728   Downloading referencing-0.37.0-py3-none-any.whl (26 kB)
build-posix	Build and Test in Docker	2026-02-02T16:51:25.7932183Z #9 2.421 Collecting rpds-py>=0.25.0
build-posix	Build and Test in Docker	2026-02-02T16:51:25.9165618Z #9 2.437   Downloading rpds_py-0.30.0-cp310-cp310-manylinux_2_17_x86_64.manylinux2014_x86_64.whl (390 kB)
build-posix	Build and Test in Docker	2026-02-02T16:51:25.9167166Z #9 2.446      ━━━━━━━━━━━━━━━━━━━━━━━━━━━━━━━━━━━━━━ 390.5/390.5 KB 60.7 MB/s eta 0:00:00
build-posix	Build and Test in Docker	2026-02-02T16:51:25.9167851Z #9 2.484 Collecting jsonschema-specifications>=2023.03.6
build-posix	Build and Test in Docker	2026-02-02T16:51:25.9168507Z #9 2.500   Downloading jsonschema_specifications-2025.9.1-py3-none-any.whl (18 kB)
build-posix	Build and Test in Docker	2026-02-02T16:51:25.9169153Z #9 2.544 Collecting attrs>=22.2.0
build-posix	Build and Test in Docker	2026-02-02T16:51:26.0293794Z #9 2.561   Downloading attrs-25.4.0-py3-none-any.whl (67 kB)
build-posix	Build and Test in Docker	2026-02-02T16:51:26.0294697Z #9 2.565      ━━━━━━━━━━━━━━━━━━━━━━━━━━━━━━━━━━━━━━━━ 67.6/67.6 KB 28.6 MB/s eta 0:00:00
build-posix	Build and Test in Docker	2026-02-02T16:51:26.0295096Z #9 2.609 Collecting colorama
build-posix	Build and Test in Docker	2026-02-02T16:51:26.0295437Z #9 2.625   Downloading colorama-0.4.6-py2.py3-none-any.whl (25 kB)
build-posix	Build and Test in Docker	2026-02-02T16:51:26.0295820Z #9 2.657 Collecting pykwalify
build-posix	Build and Test in Docker	2026-02-02T16:51:26.1425282Z #9 2.673   Downloading pykwalify-1.8.0-py2.py3-none-any.whl (24 kB)
build-posix	Build and Test in Docker	2026-02-02T16:51:26.1425900Z #9 2.770 Collecting PyYAML>=5.1
build-posix	Build and Test in Docker	2026-02-02T16:51:26.2477507Z #9 2.787   Downloading pyyaml-6.0.3-cp310-cp310-manylinux2014_x86_64.manylinux_2_17_x86_64.manylinux_2_28_x86_64.whl (770 kB)
build-posix	Build and Test in Docker	2026-02-02T16:51:26.2478573Z #9 2.797      ━━━━━━━━━━━━━━━━━━━━━━━━━━━━━━━━━━━━━ 770.3/770.3 KB 101.8 MB/s eta 0:00:00
build-posix	Build and Test in Docker	2026-02-02T16:51:26.2478967Z #9 2.859 Collecting docopt>=0.6.2
build-posix	Build and Test in Docker	2026-02-02T16:51:26.2479257Z #9 2.875   Downloading docopt-0.6.2.tar.gz (25 kB)
build-posix	Build and Test in Docker	2026-02-02T16:51:26.3949174Z #9 2.884   Preparing metadata (setup.py): started
build-posix	Build and Test in Docker	2026-02-02T16:51:26.3950437Z #9 3.022   Preparing metadata (setup.py): finished with status 'done'
build-posix	Build and Test in Docker	2026-02-02T16:51:26.7020782Z #9 3.330 Collecting ruamel.yaml>=0.16.0
build-posix	Build and Test in Docker	2026-02-02T16:51:26.8219452Z #9 3.346   Downloading ruamel_yaml-0.19.1-py3-none-any.whl (118 kB)
build-posix	Build and Test in Docker	2026-02-02T16:51:26.8220717Z #9 3.350      ━━━━━━━━━━━━━━━━━━━━━━━━━━━━━━━━━━━━━━ 118.1/118.1 KB 44.9 MB/s eta 0:00:00
build-posix	Build and Test in Docker	2026-02-02T16:51:26.8221244Z #9 3.385 Collecting python-dateutil>=2.8.0
build-posix	Build and Test in Docker	2026-02-02T16:51:26.8222110Z #9 3.403   Downloading python_dateutil-2.9.0.post0-py2.py3-none-any.whl (229 kB)
build-posix	Build and Test in Docker	2026-02-02T16:51:26.8222931Z #9 3.409      ━━━━━━━━━━━━━━━━━━━━━━━━━━━━━━━━━━━━━━ 229.9/229.9 KB 71.4 MB/s eta 0:00:00
build-posix	Build and Test in Docker	2026-02-02T16:51:26.8223394Z #9 3.450 Collecting six>=1.5
build-posix	Build and Test in Docker	2026-02-02T16:51:27.0040330Z #9 3.465   Downloading six-1.17.0-py2.py3-none-any.whl (11 kB)
build-posix	Build and Test in Docker	2026-02-02T16:51:27.0040864Z #9 3.480 Building wheels for collected packages: docopt
build-posix	Build and Test in Docker	2026-02-02T16:51:27.0041292Z #9 3.481   Building wheel for docopt (setup.py): started
build-posix	Build and Test in Docker	2026-02-02T16:51:27.0189544Z #9 3.647   Building wheel for docopt (setup.py): finished with status 'done'
build-posix	Build and Test in Docker	2026-02-02T16:51:27.2372664Z #9 3.647   Created wheel for docopt: filename=docopt-0.6.2-py2.py3-none-any.whl size=13723 sha256=ac6442d46c55d3b78e847de4dd0536f51d84647ef0d0b1a0125dbe91572cc6d0
build-posix	Build and Test in Docker	2026-02-02T16:51:27.2373894Z #9 3.647   Stored in directory: /root/.cache/pip/wheels/fc/ab/d4/5da2067ac95b36618c629a5f93f809425700506f72c9732fac
build-posix	Build and Test in Docker	2026-02-02T16:51:27.2374451Z #9 3.649 Successfully built docopt
build-posix	Build and Test in Docker	2026-02-02T16:51:27.2375627Z #9 3.714 Installing collected packages: docopt, aenum, wrapt, typing_extensions, six, ruamel.yaml, rpds-py, PyYAML, packaging, colorama, can-isotp, attrs, referencing, python-dateutil, python-can, pykwalify, py-uds, jsonschema-specifications, west, jsonschema
build-posix	Build and Test in Docker	2026-02-02T16:51:27.9039653Z #9 4.531 Successfully installed PyYAML-6.0.3 aenum-3.1.16 attrs-25.4.0 can-isotp-2.0.7 colorama-0.4.6 docopt-0.6.2 jsonschema-4.26.0 jsonschema-specifications-2025.9.1 packaging-26.0 py-uds-3.1.1 pykwalify-1.8.0 python-can-4.6.1 python-dateutil-2.9.0.post0 referencing-0.37.0 rpds-py-0.30.0 ruamel.yaml-0.19.1 six-1.17.0 typing_extensions-4.15.0 west-1.5.0 wrapt-1.17.3
build-posix	Build and Test in Docker	2026-02-02T16:51:28.0544275Z #9 4.532 WARNING: Running pip as the 'root' user can result in broken permissions and conflicting behaviour with the system package manager. It is recommended to use a virtual environment instead: https://pip.pypa.io/warnings/venv
build-posix	Build and Test in Docker	2026-02-02T16:51:28.0626618Z #9 DONE 4.7s
build-posix	Build and Test in Docker	2026-02-02T16:51:28.2278256Z 
build-posix	Build and Test in Docker	2026-02-02T16:51:28.2279267Z #10 [5/5] WORKDIR /app
build-posix	Build and Test in Docker	2026-02-02T16:51:28.2279706Z #10 DONE 0.0s
build-posix	Build and Test in Docker	2026-02-02T16:51:28.2279908Z 
build-posix	Build and Test in Docker	2026-02-02T16:51:28.2280045Z #11 exporting to image
build-posix	Build and Test in Docker	2026-02-02T16:51:28.2280387Z #11 exporting layers
build-posix	Build and Test in Docker	2026-02-02T16:51:31.0306915Z #11 exporting layers 3.0s done
build-posix	Build and Test in Docker	2026-02-02T16:51:31.0480218Z #11 writing image sha256:949cf19af0e323b6b005b96433f56d134d14c5e883b14cc08fd8f6dec17f646f done
build-posix	Build and Test in Docker	2026-02-02T16:51:31.0481322Z #11 naming to docker.io/library/udslib-test-env done
build-posix	Build and Test in Docker	2026-02-02T16:51:31.0531031Z #11 DONE 3.0s
build-posix	Build and Test in Docker	2026-02-02T16:51:31.0531464Z === Running Custom Command in Docker: bash ===
build-posix	Archive Test Results	﻿2026-02-02T16:51:31.2905007Z ##[group]Run actions/upload-artifact@v4
build-posix	Archive Test Results	2026-02-02T16:51:31.2905312Z with:
build-posix	Archive Test Results	2026-02-02T16:51:31.2905491Z   name: unit-test-report
build-posix	Archive Test Results	2026-02-02T16:51:31.2905718Z   path: build_quality/report.xml
build-posix	Archive Test Results	2026-02-02T16:51:31.2905959Z   if-no-files-found: warn
build-posix	Archive Test Results	2026-02-02T16:51:31.2906176Z   compression-level: 6
build-posix	Archive Test Results	2026-02-02T16:51:31.2906379Z   overwrite: false
build-posix	Archive Test Results	2026-02-02T16:51:31.2906571Z   include-hidden-files: false
build-posix	Archive Test Results	2026-02-02T16:51:31.2906983Z ##[endgroup]
build-posix	Archive Test Results	2026-02-02T16:51:31.5027792Z ##[warning]No files were found with the provided path: build_quality/report.xml. No artifacts will be uploaded.
build-posix	Post Run actions/checkout@v4	﻿2026-02-02T16:51:31.5188692Z Post job cleanup.
build-posix	Post Run actions/checkout@v4	2026-02-02T16:51:31.6150666Z [command]/usr/bin/git version
build-posix	Post Run actions/checkout@v4	2026-02-02T16:51:31.6187473Z git version 2.52.0
build-posix	Post Run actions/checkout@v4	2026-02-02T16:51:31.6237890Z Temporarily overriding HOME='/home/runner/work/_temp/ad8f41f9-8a08-4bf6-950f-7ec5b107d784' before making global git config changes
build-posix	Post Run actions/checkout@v4	2026-02-02T16:51:31.6238878Z Adding repository directory to the temporary git global config as a safe directory
build-posix	Post Run actions/checkout@v4	2026-02-02T16:51:31.6243459Z [command]/usr/bin/git config --global --add safe.directory /home/runner/work/udslib/udslib
build-posix	Post Run actions/checkout@v4	2026-02-02T16:51:31.6278528Z [command]/usr/bin/git config --local --name-only --get-regexp core\.sshCommand
build-posix	Post Run actions/checkout@v4	2026-02-02T16:51:31.6310691Z [command]/usr/bin/git submodule foreach --recursive sh -c "git config --local --name-only --get-regexp 'core\.sshCommand' && git config --local --unset-all 'core.sshCommand' || :"
build-posix	Post Run actions/checkout@v4	2026-02-02T16:51:31.6525259Z fatal: No url found for submodule path 'external/iso14229' in .gitmodules
build-posix	Post Run actions/checkout@v4	2026-02-02T16:51:31.6554183Z ##[warning]The process '/usr/bin/git' failed with exit code 128
build-posix	Complete job	﻿2026-02-02T16:51:31.6650391Z Cleaning up orphan processes
integration-tests	Set up job	﻿2026-02-02T16:51:37.3726832Z Current runner version: '2.331.0'
integration-tests	Set up job	2026-02-02T16:51:37.3751302Z ##[group]Runner Image Provisioner
integration-tests	Set up job	2026-02-02T16:51:37.3752108Z Hosted Compute Agent
integration-tests	Set up job	2026-02-02T16:51:37.3752665Z Version: 20260123.484
integration-tests	Set up job	2026-02-02T16:51:37.3753173Z Commit: 6bd6555ca37d84114959e1c76d2c01448ff61c5d
integration-tests	Set up job	2026-02-02T16:51:37.3753784Z Build Date: 2026-01-23T19:41:17Z
integration-tests	Set up job	2026-02-02T16:51:37.3754522Z Worker ID: {6392cf1a-26a8-4027-a31d-5b253dafbb21}
integration-tests	Set up job	2026-02-02T16:51:37.3755151Z Azure Region: westus3
integration-tests	Set up job	2026-02-02T16:51:37.3755597Z ##[endgroup]
integration-tests	Set up job	2026-02-02T16:51:37.3757187Z ##[group]Operating System
integration-tests	Set up job	2026-02-02T16:51:37.3757711Z Ubuntu
integration-tests	Set up job	2026-02-02T16:51:37.3758137Z 24.04.3
integration-tests	Set up job	2026-02-02T16:51:37.3758561Z LTS
integration-tests	Set up job	2026-02-02T16:51:37.3758985Z ##[endgroup]
integration-tests	Set up job	2026-02-02T16:51:37.3759433Z ##[group]Runner Image
integration-tests	Set up job	2026-02-02T16:51:37.3759944Z Image: ubuntu-24.04
integration-tests	Set up job	2026-02-02T16:51:37.3760416Z Version: 20260126.10.1
integration-tests	Set up job	2026-02-02T16:51:37.3761265Z Included Software: https://github.com/actions/runner-images/blob/ubuntu24/20260126.10/images/ubuntu/Ubuntu2404-Readme.md
integration-tests	Set up job	2026-02-02T16:51:37.3762757Z Image Release: https://github.com/actions/runner-images/releases/tag/ubuntu24%2F20260126.10
integration-tests	Set up job	2026-02-02T16:51:37.3763574Z ##[endgroup]
integration-tests	Set up job	2026-02-02T16:51:37.3764702Z ##[group]GITHUB_TOKEN Permissions
integration-tests	Set up job	2026-02-02T16:51:37.3766764Z Contents: read
integration-tests	Set up job	2026-02-02T16:51:37.3767220Z Metadata: read
integration-tests	Set up job	2026-02-02T16:51:37.3767733Z Packages: read
integration-tests	Set up job	2026-02-02T16:51:37.3768142Z ##[endgroup]
integration-tests	Set up job	2026-02-02T16:51:37.3770149Z Secret source: Actions
integration-tests	Set up job	2026-02-02T16:51:37.3771089Z Prepare workflow directory
integration-tests	Set up job	2026-02-02T16:51:37.4080301Z Prepare all required actions
integration-tests	Set up job	2026-02-02T16:51:37.4120362Z Getting action download info
integration-tests	Set up job	2026-02-02T16:51:37.8660810Z Download action repository 'actions/checkout@v4' (SHA:34e114876b0b11c390a56381ad16ebd13914f8d5)
integration-tests	Set up job	2026-02-02T16:51:37.9615563Z Download action repository 'actions/upload-artifact@v4' (SHA:ea165f8d65b6e75b540449e92b4886f43607fa02)
integration-tests	Set up job	2026-02-02T16:51:38.1371543Z Complete job name: integration-tests
integration-tests	Run actions/checkout@v4	﻿2026-02-02T16:51:38.2007765Z ##[group]Run actions/checkout@v4
integration-tests	Run actions/checkout@v4	2026-02-02T16:51:38.2008720Z with:
integration-tests	Run actions/checkout@v4	2026-02-02T16:51:38.2009175Z   repository: w1ne/udslib
integration-tests	Run actions/checkout@v4	2026-02-02T16:51:38.2009873Z   token: ***
integration-tests	Run actions/checkout@v4	2026-02-02T16:51:38.2010347Z   ssh-strict: true
integration-tests	Run actions/checkout@v4	2026-02-02T16:51:38.2010755Z   ssh-user: git
integration-tests	Run actions/checkout@v4	2026-02-02T16:51:38.2011228Z   persist-credentials: true
integration-tests	Run actions/checkout@v4	2026-02-02T16:51:38.2011757Z   clean: true
integration-tests	Run actions/checkout@v4	2026-02-02T16:51:38.2012158Z   sparse-checkout-cone-mode: true
integration-tests	Run actions/checkout@v4	2026-02-02T16:51:38.2012674Z   fetch-depth: 1
integration-tests	Run actions/checkout@v4	2026-02-02T16:51:38.2013088Z   fetch-tags: false
integration-tests	Run actions/checkout@v4	2026-02-02T16:51:38.2013536Z   show-progress: true
integration-tests	Run actions/checkout@v4	2026-02-02T16:51:38.2013972Z   lfs: false
integration-tests	Run actions/checkout@v4	2026-02-02T16:51:38.2014543Z   submodules: false
integration-tests	Run actions/checkout@v4	2026-02-02T16:51:38.2014984Z   set-safe-directory: true
integration-tests	Run actions/checkout@v4	2026-02-02T16:51:38.2015724Z ##[endgroup]
integration-tests	Run actions/checkout@v4	2026-02-02T16:51:38.3209186Z Syncing repository: w1ne/udslib
integration-tests	Run actions/checkout@v4	2026-02-02T16:51:38.3211783Z ##[group]Getting Git version info
integration-tests	Run actions/checkout@v4	2026-02-02T16:51:38.3212826Z Working directory is '/home/runner/work/udslib/udslib'
integration-tests	Run actions/checkout@v4	2026-02-02T16:51:38.3214314Z [command]/usr/bin/git version
integration-tests	Run actions/checkout@v4	2026-02-02T16:51:38.3261791Z git version 2.52.0
integration-tests	Run actions/checkout@v4	2026-02-02T16:51:38.3289001Z ##[endgroup]
integration-tests	Run actions/checkout@v4	2026-02-02T16:51:38.3303650Z Temporarily overriding HOME='/home/runner/work/_temp/606781f7-2dff-490f-b724-c4c3713c6bf4' before making global git config changes
integration-tests	Run actions/checkout@v4	2026-02-02T16:51:38.3306006Z Adding repository directory to the temporary git global config as a safe directory
integration-tests	Run actions/checkout@v4	2026-02-02T16:51:38.3310528Z [command]/usr/bin/git config --global --add safe.directory /home/runner/work/udslib/udslib
integration-tests	Run actions/checkout@v4	2026-02-02T16:51:38.3347162Z Deleting the contents of '/home/runner/work/udslib/udslib'
integration-tests	Run actions/checkout@v4	2026-02-02T16:51:38.3350789Z ##[group]Initializing the repository
integration-tests	Run actions/checkout@v4	2026-02-02T16:51:38.3355278Z [command]/usr/bin/git init /home/runner/work/udslib/udslib
integration-tests	Run actions/checkout@v4	2026-02-02T16:51:38.3452898Z hint: Using 'master' as the name for the initial branch. This default branch name
integration-tests	Run actions/checkout@v4	2026-02-02T16:51:38.3455057Z hint: will change to "main" in Git 3.0. To configure the initial branch name
integration-tests	Run actions/checkout@v4	2026-02-02T16:51:38.3456954Z hint: to use in all of your new repositories, which will suppress this warning,
integration-tests	Run actions/checkout@v4	2026-02-02T16:51:38.3458357Z hint: call:
integration-tests	Run actions/checkout@v4	2026-02-02T16:51:38.3459280Z hint:
integration-tests	Run actions/checkout@v4	2026-02-02T16:51:38.3460052Z hint: 	git config --global init.defaultBranch <name>
integration-tests	Run actions/checkout@v4	2026-02-02T16:51:38.3460941Z hint:
integration-tests	Run actions/checkout@v4	2026-02-02T16:51:38.3461754Z hint: Names commonly chosen instead of 'master' are 'main', 'trunk' and
integration-tests	Run actions/checkout@v4	2026-02-02T16:51:38.3463099Z hint: 'development'. The just-created branch can be renamed via this command:
integration-tests	Run actions/checkout@v4	2026-02-02T16:51:38.3464114Z hint:
integration-tests	Run actions/checkout@v4	2026-02-02T16:51:38.3464736Z hint: 	git branch -m <name>
integration-tests	Run actions/checkout@v4	2026-02-02T16:51:38.3465154Z hint:
integration-tests	Run actions/checkout@v4	2026-02-02T16:51:38.3465716Z hint: Disable this message with "git config set advice.defaultBranchName false"
integration-tests	Run actions/checkout@v4	2026-02-02T16:51:38.3466558Z Initialized empty Git repository in /home/runner/work/udslib/udslib/.git/
integration-tests	Run actions/checkout@v4	2026-02-02T16:51:38.3468076Z [command]/usr/bin/git remote add origin https://github.com/w1ne/udslib
integration-tests	Run actions/checkout@v4	2026-02-02T16:51:38.3497568Z ##[endgroup]
integration-tests	Run actions/checkout@v4	2026-02-02T16:51:38.3498270Z ##[group]Disabling automatic garbage collection
integration-tests	Run actions/checkout@v4	2026-02-02T16:51:38.3504151Z [command]/usr/bin/git config --local gc.auto 0
integration-tests	Run actions/checkout@v4	2026-02-02T16:51:38.3533783Z ##[endgroup]
integration-tests	Run actions/checkout@v4	2026-02-02T16:51:38.3534534Z ##[group]Setting up auth
integration-tests	Run actions/checkout@v4	2026-02-02T16:51:38.3544166Z [command]/usr/bin/git config --local --name-only --get-regexp core\.sshCommand
integration-tests	Run actions/checkout@v4	2026-02-02T16:51:38.3577165Z [command]/usr/bin/git submodule foreach --recursive sh -c "git config --local --name-only --get-regexp 'core\.sshCommand' && git config --local --unset-all 'core.sshCommand' || :"
integration-tests	Run actions/checkout@v4	2026-02-02T16:51:38.3868114Z [command]/usr/bin/git config --local --name-only --get-regexp http\.https\:\/\/github\.com\/\.extraheader
integration-tests	Run actions/checkout@v4	2026-02-02T16:51:38.3896470Z [command]/usr/bin/git submodule foreach --recursive sh -c "git config --local --name-only --get-regexp 'http\.https\:\/\/github\.com\/\.extraheader' && git config --local --unset-all 'http.https://github.com/.extraheader' || :"
integration-tests	Run actions/checkout@v4	2026-02-02T16:51:38.4077632Z [command]/usr/bin/git config --local --name-only --get-regexp ^includeIf\.gitdir:
integration-tests	Run actions/checkout@v4	2026-02-02T16:51:38.4112447Z [command]/usr/bin/git submodule foreach --recursive git config --local --show-origin --name-only --get-regexp remote.origin.url
integration-tests	Run actions/checkout@v4	2026-02-02T16:51:38.4297200Z [command]/usr/bin/git config --local http.https://github.com/.extraheader AUTHORIZATION: basic ***
integration-tests	Run actions/checkout@v4	2026-02-02T16:51:38.4331431Z ##[endgroup]
integration-tests	Run actions/checkout@v4	2026-02-02T16:51:38.4332141Z ##[group]Fetching the repository
integration-tests	Run actions/checkout@v4	2026-02-02T16:51:38.4343198Z [command]/usr/bin/git -c protocol.version=2 fetch --no-tags --prune --no-recurse-submodules --depth=1 origin +40d822c30f8dbeeed37cf7b979ab9a3ad8ce49cc:refs/remotes/pull/9/merge
integration-tests	Run actions/checkout@v4	2026-02-02T16:51:39.4662409Z From https://github.com/w1ne/udslib
integration-tests	Run actions/checkout@v4	2026-02-02T16:51:39.4664189Z  * [new ref]         40d822c30f8dbeeed37cf7b979ab9a3ad8ce49cc -> pull/9/merge
integration-tests	Run actions/checkout@v4	2026-02-02T16:51:39.4691797Z ##[endgroup]
integration-tests	Run actions/checkout@v4	2026-02-02T16:51:39.4693008Z ##[group]Determining the checkout info
integration-tests	Run actions/checkout@v4	2026-02-02T16:51:39.4694550Z ##[endgroup]
integration-tests	Run actions/checkout@v4	2026-02-02T16:51:39.4698951Z [command]/usr/bin/git sparse-checkout disable
integration-tests	Run actions/checkout@v4	2026-02-02T16:51:39.4734075Z [command]/usr/bin/git config --local --unset-all extensions.worktreeConfig
integration-tests	Run actions/checkout@v4	2026-02-02T16:51:39.4757134Z ##[group]Checking out the ref
integration-tests	Run actions/checkout@v4	2026-02-02T16:51:39.4761649Z [command]/usr/bin/git checkout --progress --force refs/remotes/pull/9/merge
integration-tests	Run actions/checkout@v4	2026-02-02T16:51:39.4848702Z Note: switching to 'refs/remotes/pull/9/merge'.
integration-tests	Run actions/checkout@v4	2026-02-02T16:51:39.4850100Z 
integration-tests	Run actions/checkout@v4	2026-02-02T16:51:39.4850979Z You are in 'detached HEAD' state. You can look around, make experimental
integration-tests	Run actions/checkout@v4	2026-02-02T16:51:39.4853056Z changes and commit them, and you can discard any commits you make in this
integration-tests	Run actions/checkout@v4	2026-02-02T16:51:39.4855536Z state without impacting any branches by switching back to a branch.
integration-tests	Run actions/checkout@v4	2026-02-02T16:51:39.4856969Z 
integration-tests	Run actions/checkout@v4	2026-02-02T16:51:39.4857906Z If you want to create a new branch to retain commits you create, you may
integration-tests	Run actions/checkout@v4	2026-02-02T16:51:39.4860023Z do so (now or later) by using -c with the switch command. Example:
integration-tests	Run actions/checkout@v4	2026-02-02T16:51:39.4861266Z 
integration-tests	Run actions/checkout@v4	2026-02-02T16:51:39.4861738Z   git switch -c <new-branch-name>
integration-tests	Run actions/checkout@v4	2026-02-02T16:51:39.4862586Z 
integration-tests	Run actions/checkout@v4	2026-02-02T16:51:39.4863061Z Or undo this operation with:
integration-tests	Run actions/checkout@v4	2026-02-02T16:51:39.4863835Z 
integration-tests	Run actions/checkout@v4	2026-02-02T16:51:39.4864305Z   git switch -
integration-tests	Run actions/checkout@v4	2026-02-02T16:51:39.4865384Z 
integration-tests	Run actions/checkout@v4	2026-02-02T16:51:39.4866348Z Turn off this advice by setting config variable advice.detachedHead to false
integration-tests	Run actions/checkout@v4	2026-02-02T16:51:39.4867881Z 
integration-tests	Run actions/checkout@v4	2026-02-02T16:51:39.4869551Z HEAD is now at 40d822c Merge 529a7bfb443f8cf7c537190e2bf5a8813c513789 into 1a98c832c59b49c4c6bd2187edbf784dd7b090c6
integration-tests	Run actions/checkout@v4	2026-02-02T16:51:39.4874557Z ##[endgroup]
integration-tests	Run actions/checkout@v4	2026-02-02T16:51:39.4895413Z [command]/usr/bin/git log -1 --format=%H
integration-tests	Run actions/checkout@v4	2026-02-02T16:51:39.4915817Z 40d822c30f8dbeeed37cf7b979ab9a3ad8ce49cc
integration-tests	Build Docker Image	﻿2026-02-02T16:51:39.5114675Z ##[group]Run docker build -t libuds-test-env -f Dockerfile .
integration-tests	Build Docker Image	2026-02-02T16:51:39.5116575Z [36;1mdocker build -t libuds-test-env -f Dockerfile .[0m
integration-tests	Build Docker Image	2026-02-02T16:51:39.5140261Z shell: /usr/bin/bash -e {0}
integration-tests	Build Docker Image	2026-02-02T16:51:39.5141284Z ##[endgroup]
integration-tests	Build Docker Image	2026-02-02T16:51:42.5482128Z #0 building with "default" instance using docker driver
integration-tests	Build Docker Image	2026-02-02T16:51:42.5482588Z 
integration-tests	Build Docker Image	2026-02-02T16:51:42.5482793Z #1 [internal] load build definition from Dockerfile
integration-tests	Build Docker Image	2026-02-02T16:51:42.5483264Z #1 transferring dockerfile: 700B done
integration-tests	Build Docker Image	2026-02-02T16:51:42.5483679Z #1 DONE 0.0s
integration-tests	Build Docker Image	2026-02-02T16:51:42.5483839Z 
integration-tests	Build Docker Image	2026-02-02T16:51:42.5484060Z #2 [internal] load metadata for docker.io/library/ubuntu:22.04
integration-tests	Build Docker Image	2026-02-02T16:51:42.7452124Z #2 ...
integration-tests	Build Docker Image	2026-02-02T16:51:42.7452529Z 
integration-tests	Build Docker Image	2026-02-02T16:51:42.7452911Z #3 [auth] library/ubuntu:pull token for registry-1.docker.io
integration-tests	Build Docker Image	2026-02-02T16:51:42.7453337Z #3 DONE 0.0s
integration-tests	Build Docker Image	2026-02-02T16:51:42.8950946Z 
integration-tests	Build Docker Image	2026-02-02T16:51:42.8951822Z #2 [internal] load metadata for docker.io/library/ubuntu:22.04
integration-tests	Build Docker Image	2026-02-02T16:51:43.3584906Z #2 DONE 1.0s
integration-tests	Build Docker Image	2026-02-02T16:51:43.4799922Z 
integration-tests	Build Docker Image	2026-02-02T16:51:43.4800488Z #4 [internal] load .dockerignore
integration-tests	Build Docker Image	2026-02-02T16:51:43.4800931Z #4 transferring context: 389B done
integration-tests	Build Docker Image	2026-02-02T16:51:43.4801249Z #4 DONE 0.0s
integration-tests	Build Docker Image	2026-02-02T16:51:43.4801432Z 
integration-tests	Build Docker Image	2026-02-02T16:51:43.4801580Z #5 [internal] load build context
integration-tests	Build Docker Image	2026-02-02T16:51:43.4801960Z #5 transferring context: 145B done
integration-tests	Build Docker Image	2026-02-02T16:51:43.4802283Z #5 DONE 0.0s
integration-tests	Build Docker Image	2026-02-02T16:51:43.4802427Z 
integration-tests	Build Docker Image	2026-02-02T16:51:43.4802924Z #6 [1/5] FROM docker.io/library/ubuntu:22.04@sha256:c7eb020043d8fc2ae0793fb35a37bff1cf33f156d4d4b12ccc7f3ef8706c38b1
integration-tests	Build Docker Image	2026-02-02T16:51:43.4803963Z #6 resolve docker.io/library/ubuntu:22.04@sha256:c7eb020043d8fc2ae0793fb35a37bff1cf33f156d4d4b12ccc7f3ef8706c38b1 done
integration-tests	Build Docker Image	2026-02-02T16:51:43.4805098Z #6 sha256:34577a83cd7a8f1e55f6eb173fd9bb70c16127a83d6bf06f56f6b1fff9e406b9 424B / 424B done
integration-tests	Build Docker Image	2026-02-02T16:51:43.6805481Z #6 sha256:65c77cbc27c2640de4c99ed5cfe6b689b192f81745a36032b50e2407b073ff22 2.30kB / 2.30kB done
integration-tests	Build Docker Image	2026-02-02T16:51:43.6806429Z #6 sha256:6f4ebca3e823b18dac366f72e537b1772bc3522a5c7ae299d6491fb17378410e 24.12MB / 29.54MB 0.3s
integration-tests	Build Docker Image	2026-02-02T16:51:43.6807354Z #6 sha256:c7eb020043d8fc2ae0793fb35a37bff1cf33f156d4d4b12ccc7f3ef8706c38b1 6.69kB / 6.69kB done
integration-tests	Build Docker Image	2026-02-02T16:51:43.8476289Z #6 sha256:6f4ebca3e823b18dac366f72e537b1772bc3522a5c7ae299d6491fb17378410e 29.54MB / 29.54MB 0.3s done
integration-tests	Build Docker Image	2026-02-02T16:51:43.8477604Z #6 extracting sha256:6f4ebca3e823b18dac366f72e537b1772bc3522a5c7ae299d6491fb17378410e 0.1s
integration-tests	Build Docker Image	2026-02-02T16:51:44.4835803Z #6 extracting sha256:6f4ebca3e823b18dac366f72e537b1772bc3522a5c7ae299d6491fb17378410e 0.7s done
integration-tests	Build Docker Image	2026-02-02T16:51:44.4836662Z #6 DONE 1.1s
integration-tests	Build Docker Image	2026-02-02T16:51:44.6351595Z 
integration-tests	Build Docker Image	2026-02-02T16:51:44.6353083Z #7 [2/5] RUN apt-get update && apt-get install -y     build-essential     cmake     git     libcmocka-dev     lcov     cppcheck     clang-format     python3     python3-pip     pkg-config     wget     curl     && rm -rf /var/lib/apt/lists/*
integration-tests	Build Docker Image	2026-02-02T16:51:44.7463428Z #7 0.261 Get:1 http://security.ubuntu.com/ubuntu jammy-security InRelease [129 kB]
integration-tests	Build Docker Image	2026-02-02T16:51:44.8726592Z #7 0.388 Get:2 http://archive.ubuntu.com/ubuntu jammy InRelease [270 kB]
integration-tests	Build Docker Image	2026-02-02T16:51:45.0932889Z #7 0.608 Get:3 http://security.ubuntu.com/ubuntu jammy-security/restricted amd64 Packages [6288 kB]
integration-tests	Build Docker Image	2026-02-02T16:51:45.5520190Z #7 1.067 Get:4 http://security.ubuntu.com/ubuntu jammy-security/universe amd64 Packages [1296 kB]
integration-tests	Build Docker Image	2026-02-02T16:51:45.7441834Z #7 1.077 Get:5 http://security.ubuntu.com/ubuntu jammy-security/multiverse amd64 Packages [62.6 kB]
integration-tests	Build Docker Image	2026-02-02T16:51:45.7443559Z #7 1.077 Get:6 http://security.ubuntu.com/ubuntu jammy-security/main amd64 Packages [3640 kB]
integration-tests	Build Docker Image	2026-02-02T16:51:45.7444695Z #7 1.109 Get:7 http://archive.ubuntu.com/ubuntu jammy-updates InRelease [128 kB]
integration-tests	Build Docker Image	2026-02-02T16:51:45.7669942Z #7 1.282 Get:8 http://archive.ubuntu.com/ubuntu jammy-backports InRelease [127 kB]
integration-tests	Build Docker Image	2026-02-02T16:51:45.9414017Z #7 1.457 Get:9 http://archive.ubuntu.com/ubuntu jammy/universe amd64 Packages [17.5 MB]
integration-tests	Build Docker Image	2026-02-02T16:51:46.9165911Z #7 2.432 Get:10 http://archive.ubuntu.com/ubuntu jammy/main amd64 Packages [1792 kB]
integration-tests	Build Docker Image	2026-02-02T16:51:47.0316938Z #7 2.483 Get:11 http://archive.ubuntu.com/ubuntu jammy/restricted amd64 Packages [164 kB]
integration-tests	Build Docker Image	2026-02-02T16:51:47.0318324Z #7 2.487 Get:12 http://archive.ubuntu.com/ubuntu jammy/multiverse amd64 Packages [266 kB]
integration-tests	Build Docker Image	2026-02-02T16:51:47.0319577Z #7 2.494 Get:13 http://archive.ubuntu.com/ubuntu jammy-updates/universe amd64 Packages [1608 kB]
integration-tests	Build Docker Image	2026-02-02T16:51:47.0320770Z #7 2.547 Get:14 http://archive.ubuntu.com/ubuntu jammy-updates/restricted amd64 Packages [6597 kB]
integration-tests	Build Docker Image	2026-02-02T16:51:47.2456965Z #7 2.761 Get:15 http://archive.ubuntu.com/ubuntu jammy-updates/main amd64 Packages [4009 kB]
integration-tests	Build Docker Image	2026-02-02T16:51:47.3721889Z #7 2.887 Get:16 http://archive.ubuntu.com/ubuntu jammy-updates/multiverse amd64 Packages [70.9 kB]
integration-tests	Build Docker Image	2026-02-02T16:51:47.5267565Z #7 2.889 Get:17 http://archive.ubuntu.com/ubuntu jammy-backports/main amd64 Packages [83.9 kB]
integration-tests	Build Docker Image	2026-02-02T16:51:47.5268848Z #7 2.892 Get:18 http://archive.ubuntu.com/ubuntu jammy-backports/universe amd64 Packages [37.2 kB]
integration-tests	Build Docker Image	2026-02-02T16:51:47.9453011Z #7 3.461 Fetched 44.0 MB in 3s (13.2 MB/s)
integration-tests	Build Docker Image	2026-02-02T16:51:48.8646617Z #7 3.461 Reading package lists...
integration-tests	Build Docker Image	2026-02-02T16:51:49.7919001Z #7 4.421 Reading package lists...
integration-tests	Build Docker Image	2026-02-02T16:51:49.9784765Z #7 5.320 Building dependency tree...
integration-tests	Build Docker Image	2026-02-02T16:51:49.9785338Z #7 5.494 Reading state information...
integration-tests	Build Docker Image	2026-02-02T16:51:50.1587679Z #7 5.674 The following additional packages will be installed:
integration-tests	Build Docker Image	2026-02-02T16:51:50.1588735Z #7 5.674   binutils binutils-common binutils-x86-64-linux-gnu bzip2 ca-certificates
integration-tests	Build Docker Image	2026-02-02T16:51:50.1590019Z #7 5.674   clang-format-14 cmake-data cmocka-doc cpp cpp-11 dh-elpa-helper dirmngr
integration-tests	Build Docker Image	2026-02-02T16:51:50.1591090Z #7 5.674   dpkg-dev emacsen-common fakeroot fontconfig-config fonts-dejavu-core g++
integration-tests	Build Docker Image	2026-02-02T16:51:50.1592013Z #7 5.674   g++-11 gcc gcc-11 gcc-11-base git-man gnupg gnupg-l10n gnupg-utils gpg
integration-tests	Build Docker Image	2026-02-02T16:51:50.1593183Z #7 5.674   gpg-agent gpg-wks-client gpg-wks-server gpgconf gpgsm javascript-common less
integration-tests	Build Docker Image	2026-02-02T16:51:50.1594762Z #7 5.674   libalgorithm-diff-perl libalgorithm-diff-xs-perl libalgorithm-merge-perl
integration-tests	Build Docker Image	2026-02-02T16:51:50.1596120Z #7 5.674   libarchive13 libasan6 libassuan0 libatomic1 libbinutils libbrotli1 libbsd0
integration-tests	Build Docker Image	2026-02-02T16:51:50.1597210Z #7 5.674   libc-dev-bin libc-devtools libc6 libc6-dev libcbor0.8 libcc1-0
integration-tests	Build Docker Image	2026-02-02T16:51:50.1598167Z #7 5.674   libclang-cpp14 libcmocka0 libcommon-sense-perl libcrypt-dev libctf-nobfd0
integration-tests	Build Docker Image	2026-02-02T16:51:50.1599154Z #7 5.674   libctf0 libcurl3-gnutls libcurl4 libdeflate0 libdpkg-perl libedit2
integration-tests	Build Docker Image	2026-02-02T16:51:50.1599920Z #7 5.674   liberror-perl libexpat1 libexpat1-dev libfakeroot libfido2-1
integration-tests	Build Docker Image	2026-02-02T16:51:50.3112760Z #7 5.674   libfile-fcntllock-perl libfontconfig1 libfreetype6 libgcc-11-dev libgd-perl
integration-tests	Build Docker Image	2026-02-02T16:51:50.3114517Z #7 5.674   libgd3 libgdbm-compat4 libgdbm6 libglib2.0-0 libglib2.0-data libgomp1
integration-tests	Build Docker Image	2026-02-02T16:51:50.3116390Z #7 5.674   libicu70 libisl23 libitm1 libjbig0 libjpeg-turbo8 libjpeg8 libjs-jquery
integration-tests	Build Docker Image	2026-02-02T16:51:50.3122261Z #7 5.674   libjs-sphinxdoc libjs-underscore libjson-perl libjson-xs-perl libjsoncpp25
integration-tests	Build Docker Image	2026-02-02T16:51:50.3123357Z #7 5.674   libksba8 libldap-2.5-0 libldap-common libllvm14 liblocale-gettext-perl
integration-tests	Build Docker Image	2026-02-02T16:51:50.3124030Z #7 5.674   liblsan0 libmd0 libmpc3 libmpdec3 libmpfr6 libnghttp2-14 libnpth0 libnsl-dev
integration-tests	Build Docker Image	2026-02-02T16:51:50.3124871Z #7 5.674   libperl5.34 libperlio-gzip-perl libpng16-16 libpsl5 libpython3-dev
integration-tests	Build Docker Image	2026-02-02T16:51:50.3125421Z #7 5.674   libpython3-stdlib libpython3.10 libpython3.10-dev libpython3.10-minimal
integration-tests	Build Docker Image	2026-02-02T16:51:50.3126277Z #7 5.674   libpython3.10-stdlib libquadmath0 libreadline8 librhash0 librtmp1 libsasl2-2
integration-tests	Build Docker Image	2026-02-02T16:51:50.3126868Z #7 5.674   libsasl2-modules libsasl2-modules-db libsqlite3-0 libssh-4 libstdc++-11-dev
integration-tests	Build Docker Image	2026-02-02T16:51:50.3127450Z #7 5.674   libtiff5 libtinyxml2-9 libtirpc-dev libtsan0 libtypes-serialiser-perl
integration-tests	Build Docker Image	2026-02-02T16:51:50.3127998Z #7 5.674   libubsan1 libuv1 libwebp7 libx11-6 libx11-data libxau6 libxcb1 libxdmcp6
integration-tests	Build Docker Image	2026-02-02T16:51:50.3128565Z #7 5.675   libxext6 libxml2 libxmuu1 libxpm4 libz3-4 linux-libc-dev lto-disabled-list
integration-tests	Build Docker Image	2026-02-02T16:51:50.3129283Z #7 5.675   make manpages manpages-dev media-types netbase openssh-client openssl patch
integration-tests	Build Docker Image	2026-02-02T16:51:50.3129828Z #7 5.675   perl perl-modules-5.34 pinentry-curses publicsuffix python3-dev
integration-tests	Build Docker Image	2026-02-02T16:51:50.3130315Z #7 5.675   python3-distutils python3-lib2to3 python3-minimal python3-pkg-resources
integration-tests	Build Docker Image	2026-02-02T16:51:50.3130801Z #7 5.675   python3-pygments python3-setuptools python3-wheel python3.10 python3.10-dev
integration-tests	Build Docker Image	2026-02-02T16:51:50.3131304Z #7 5.675   python3.10-minimal readline-common rpcsvc-proto shared-mime-info ucf xauth
integration-tests	Build Docker Image	2026-02-02T16:51:50.3131684Z #7 5.675   xdg-user-dirs xz-utils zlib1g-dev
integration-tests	Build Docker Image	2026-02-02T16:51:50.3131935Z #7 5.676 Suggested packages:
integration-tests	Build Docker Image	2026-02-02T16:51:50.3132254Z #7 5.676   binutils-doc bzip2-doc cmake-doc ninja-build cmake-format cpp-doc
integration-tests	Build Docker Image	2026-02-02T16:51:50.3132671Z #7 5.676   gcc-11-locales cppcheck-gui clang clang-tidy dbus-user-session
integration-tests	Build Docker Image	2026-02-02T16:51:50.3133095Z #7 5.676   libpam-systemd pinentry-gnome3 tor debian-keyring g++-multilib
integration-tests	Build Docker Image	2026-02-02T16:51:50.3133531Z #7 5.676   g++-11-multilib gcc-11-doc gcc-multilib autoconf automake libtool flex bison
integration-tests	Build Docker Image	2026-02-02T16:51:50.3133949Z #7 5.676   gdb gcc-doc gcc-11-multilib gettext-base git-daemon-run
integration-tests	Build Docker Image	2026-02-02T16:51:50.3134450Z #7 5.676   | git-daemon-sysvinit git-doc git-email git-gui gitk gitweb git-cvs
integration-tests	Build Docker Image	2026-02-02T16:51:50.3134902Z #7 5.676   git-mediawiki git-svn parcimonie xloadimage scdaemon apache2 | lighttpd
integration-tests	Build Docker Image	2026-02-02T16:51:50.3135320Z #7 5.676   | httpd lrzip glibc-doc locales bzr libgd-tools gdbm-l10n
integration-tests	Build Docker Image	2026-02-02T16:51:50.3135722Z #7 5.676   libsasl2-modules-gssapi-mit | libsasl2-modules-gssapi-heimdal
integration-tests	Build Docker Image	2026-02-02T16:51:50.3136157Z #7 5.676   libsasl2-modules-ldap libsasl2-modules-otp libsasl2-modules-sql
integration-tests	Build Docker Image	2026-02-02T16:51:50.3136588Z #7 5.676   libstdc++-11-doc make-doc man-browser keychain libpam-ssh monkeysphere
integration-tests	Build Docker Image	2026-02-02T16:51:50.3137023Z #7 5.676   ssh-askpass ed diffutils-doc perl-doc libterm-readline-gnu-perl
integration-tests	Build Docker Image	2026-02-02T16:51:50.3137472Z #7 5.676   | libterm-readline-perl-perl libtap-harness-archive-perl pinentry-doc
integration-tests	Build Docker Image	2026-02-02T16:51:50.3137940Z #7 5.676   python3-doc python3-tk python3-venv python-pygments-doc ttf-bitstream-vera
integration-tests	Build Docker Image	2026-02-02T16:51:50.3138406Z #7 5.676   python-setuptools-doc python3.10-venv python3.10-doc binfmt-support
integration-tests	Build Docker Image	2026-02-02T16:51:50.3138742Z #7 5.676   readline-doc
integration-tests	Build Docker Image	2026-02-02T16:51:50.3138946Z #7 5.676 Recommended packages:
integration-tests	Build Docker Image	2026-02-02T16:51:50.3139156Z #7 5.676   libnss-nis libnss-nisplus
integration-tests	Build Docker Image	2026-02-02T16:51:50.4612345Z #7 5.976 The following NEW packages will be installed:
integration-tests	Build Docker Image	2026-02-02T16:51:50.4614720Z #7 5.976   binutils binutils-common binutils-x86-64-linux-gnu build-essential bzip2
integration-tests	Build Docker Image	2026-02-02T16:51:50.4615770Z #7 5.976   ca-certificates clang-format clang-format-14 cmake cmake-data cmocka-doc cpp
integration-tests	Build Docker Image	2026-02-02T16:51:50.6147028Z #7 5.976   cpp-11 cppcheck curl dh-elpa-helper dirmngr dpkg-dev emacsen-common fakeroot
integration-tests	Build Docker Image	2026-02-02T16:51:50.6148285Z #7 5.976   fontconfig-config fonts-dejavu-core g++ g++-11 gcc gcc-11 gcc-11-base git
integration-tests	Build Docker Image	2026-02-02T16:51:50.6149291Z #7 5.976   git-man gnupg gnupg-l10n gnupg-utils gpg gpg-agent gpg-wks-client
integration-tests	Build Docker Image	2026-02-02T16:51:50.6150156Z #7 5.977   gpg-wks-server gpgconf gpgsm javascript-common lcov less
integration-tests	Build Docker Image	2026-02-02T16:51:50.6150697Z #7 5.977   libalgorithm-diff-perl libalgorithm-diff-xs-perl libalgorithm-merge-perl
integration-tests	Build Docker Image	2026-02-02T16:51:50.6151295Z #7 5.977   libarchive13 libasan6 libassuan0 libatomic1 libbinutils libbrotli1 libbsd0
integration-tests	Build Docker Image	2026-02-02T16:51:50.6151866Z #7 5.977   libc-dev-bin libc-devtools libc6-dev libcbor0.8 libcc1-0 libclang-cpp14
integration-tests	Build Docker Image	2026-02-02T16:51:50.6152756Z #7 5.977   libcmocka-dev libcmocka0 libcommon-sense-perl libcrypt-dev libctf-nobfd0
integration-tests	Build Docker Image	2026-02-02T16:51:50.6153320Z #7 5.977   libctf0 libcurl3-gnutls libcurl4 libdeflate0 libdpkg-perl libedit2
integration-tests	Build Docker Image	2026-02-02T16:51:50.6153823Z #7 5.977   liberror-perl libexpat1 libexpat1-dev libfakeroot libfido2-1
integration-tests	Build Docker Image	2026-02-02T16:51:50.6154605Z #7 5.977   libfile-fcntllock-perl libfontconfig1 libfreetype6 libgcc-11-dev libgd-perl
integration-tests	Build Docker Image	2026-02-02T16:51:50.6155212Z #7 5.977   libgd3 libgdbm-compat4 libgdbm6 libglib2.0-0 libglib2.0-data libgomp1
integration-tests	Build Docker Image	2026-02-02T16:51:50.6155896Z #7 5.977   libicu70 libisl23 libitm1 libjbig0 libjpeg-turbo8 libjpeg8 libjs-jquery
integration-tests	Build Docker Image	2026-02-02T16:51:50.6156475Z #7 5.977   libjs-sphinxdoc libjs-underscore libjson-perl libjson-xs-perl libjsoncpp25
integration-tests	Build Docker Image	2026-02-02T16:51:50.6157039Z #7 5.977   libksba8 libldap-2.5-0 libldap-common libllvm14 liblocale-gettext-perl
integration-tests	Build Docker Image	2026-02-02T16:51:50.6157603Z #7 5.977   liblsan0 libmd0 libmpc3 libmpdec3 libmpfr6 libnghttp2-14 libnpth0 libnsl-dev
integration-tests	Build Docker Image	2026-02-02T16:51:50.6158159Z #7 5.977   libperl5.34 libperlio-gzip-perl libpng16-16 libpsl5 libpython3-dev
integration-tests	Build Docker Image	2026-02-02T16:51:50.6158701Z #7 5.977   libpython3-stdlib libpython3.10 libpython3.10-dev libpython3.10-minimal
integration-tests	Build Docker Image	2026-02-02T16:51:50.6159272Z #7 5.977   libpython3.10-stdlib libquadmath0 libreadline8 librhash0 librtmp1 libsasl2-2
integration-tests	Build Docker Image	2026-02-02T16:51:50.6159858Z #7 5.977   libsasl2-modules libsasl2-modules-db libsqlite3-0 libssh-4 libstdc++-11-dev
integration-tests	Build Docker Image	2026-02-02T16:51:50.6160434Z #7 5.977   libtiff5 libtinyxml2-9 libtirpc-dev libtsan0 libtypes-serialiser-perl
integration-tests	Build Docker Image	2026-02-02T16:51:50.6160949Z #7 5.977   libubsan1 libuv1 libwebp7 libx11-6 libx11-data libxau6 libxcb1 libxdmcp6
integration-tests	Build Docker Image	2026-02-02T16:51:50.6161407Z #7 5.978   libxext6 libxml2 libxmuu1 libxpm4 libz3-4 linux-libc-dev lto-disabled-list
integration-tests	Build Docker Image	2026-02-02T16:51:50.6161896Z #7 5.978   make manpages manpages-dev media-types netbase openssh-client openssl patch
integration-tests	Build Docker Image	2026-02-02T16:51:50.6162375Z #7 5.978   perl perl-modules-5.34 pinentry-curses pkg-config publicsuffix python3
integration-tests	Build Docker Image	2026-02-02T16:51:50.6162840Z #7 5.978   python3-dev python3-distutils python3-lib2to3 python3-minimal python3-pip
integration-tests	Build Docker Image	2026-02-02T16:51:50.6163330Z #7 5.978   python3-pkg-resources python3-pygments python3-setuptools python3-wheel
integration-tests	Build Docker Image	2026-02-02T16:51:50.6163790Z #7 5.978   python3.10 python3.10-dev python3.10-minimal readline-common rpcsvc-proto
integration-tests	Build Docker Image	2026-02-02T16:51:50.6164233Z #7 5.978   shared-mime-info ucf wget xauth xdg-user-dirs xz-utils zlib1g-dev
integration-tests	Build Docker Image	2026-02-02T16:51:50.6164864Z #7 5.979 The following packages will be upgraded:
integration-tests	Build Docker Image	2026-02-02T16:51:50.6165117Z #7 5.980   libc6
integration-tests	Build Docker Image	2026-02-02T16:51:50.8683993Z #7 6.384 1 upgraded, 184 newly installed, 0 to remove and 3 not upgraded.
integration-tests	Build Docker Image	2026-02-02T16:51:50.8684967Z #7 6.384 Need to get 177 MB of archives.
integration-tests	Build Docker Image	2026-02-02T16:51:50.8685430Z #7 6.384 After this operation, 665 MB of additional disk space will be used.
integration-tests	Build Docker Image	2026-02-02T16:51:50.8686097Z #7 6.384 Get:1 http://archive.ubuntu.com/ubuntu jammy-updates/main amd64 libc6 amd64 2.35-0ubuntu3.12 [3235 kB]
integration-tests	Build Docker Image	2026-02-02T16:51:52.0484177Z #7 7.563 Get:2 http://archive.ubuntu.com/ubuntu jammy/main amd64 liblocale-gettext-perl amd64 1.07-4build3 [17.1 kB]
integration-tests	Build Docker Image	2026-02-02T16:51:52.1762040Z #7 7.564 Get:3 http://archive.ubuntu.com/ubuntu jammy-updates/main amd64 libpython3.10-minimal amd64 3.10.12-1~22.04.13 [815 kB]
integration-tests	Build Docker Image	2026-02-02T16:51:52.1765423Z #7 7.586 Get:4 http://archive.ubuntu.com/ubuntu jammy-updates/main amd64 libexpat1 amd64 2.4.7-1ubuntu0.6 [92.1 kB]
integration-tests	Build Docker Image	2026-02-02T16:51:52.1766710Z #7 7.588 Get:5 http://archive.ubuntu.com/ubuntu jammy-updates/main amd64 python3.10-minimal amd64 3.10.12-1~22.04.13 [2272 kB]
integration-tests	Build Docker Image	2026-02-02T16:51:52.1768156Z #7 7.653 Get:6 http://archive.ubuntu.com/ubuntu jammy-updates/main amd64 python3-minimal amd64 3.10.6-1~22.04.1 [24.3 kB]
integration-tests	Build Docker Image	2026-02-02T16:51:52.1769391Z #7 7.691 Get:7 http://archive.ubuntu.com/ubuntu jammy/main amd64 media-types all 7.0.0 [25.5 kB]
integration-tests	Build Docker Image	2026-02-02T16:51:52.3037598Z #7 7.692 Get:8 http://archive.ubuntu.com/ubuntu jammy/main amd64 libmpdec3 amd64 2.5.1-2build2 [86.8 kB]
integration-tests	Build Docker Image	2026-02-02T16:51:52.3039092Z #7 7.694 Get:9 http://archive.ubuntu.com/ubuntu jammy/main amd64 readline-common all 8.1.2-1 [53.5 kB]
integration-tests	Build Docker Image	2026-02-02T16:51:52.3040694Z #7 7.695 Get:10 http://archive.ubuntu.com/ubuntu jammy/main amd64 libreadline8 amd64 8.1.2-1 [153 kB]
integration-tests	Build Docker Image	2026-02-02T16:51:52.3042224Z #7 7.700 Get:11 http://archive.ubuntu.com/ubuntu jammy-updates/main amd64 libsqlite3-0 amd64 3.37.2-2ubuntu0.5 [643 kB]
integration-tests	Build Docker Image	2026-02-02T16:51:52.3044006Z #7 7.819 Get:12 http://archive.ubuntu.com/ubuntu jammy-updates/main amd64 libpython3.10-stdlib amd64 3.10.12-1~22.04.13 [1850 kB]
integration-tests	Build Docker Image	2026-02-02T16:51:52.4504779Z #7 7.846 Get:13 http://archive.ubuntu.com/ubuntu jammy-updates/main amd64 python3.10 amd64 3.10.12-1~22.04.13 [508 kB]
integration-tests	Build Docker Image	2026-02-02T16:51:52.4506575Z #7 7.852 Get:14 http://archive.ubuntu.com/ubuntu jammy-updates/main amd64 libpython3-stdlib amd64 3.10.6-1~22.04.1 [6812 B]
integration-tests	Build Docker Image	2026-02-02T16:51:52.4507734Z #7 7.852 Get:15 http://archive.ubuntu.com/ubuntu jammy-updates/main amd64 python3 amd64 3.10.6-1~22.04.1 [22.8 kB]
integration-tests	Build Docker Image	2026-02-02T16:51:52.4508927Z #7 7.852 Get:16 http://archive.ubuntu.com/ubuntu jammy-updates/main amd64 perl-modules-5.34 all 5.34.0-3ubuntu1.5 [2977 kB]
integration-tests	Build Docker Image	2026-02-02T16:51:52.4510078Z #7 7.966 Get:17 http://archive.ubuntu.com/ubuntu jammy/main amd64 libgdbm6 amd64 1.23-1 [33.9 kB]
integration-tests	Build Docker Image	2026-02-02T16:51:52.5886327Z #7 7.966 Get:18 http://archive.ubuntu.com/ubuntu jammy/main amd64 libgdbm-compat4 amd64 1.23-1 [6606 B]
integration-tests	Build Docker Image	2026-02-02T16:51:52.5887180Z #7 7.967 Get:19 http://archive.ubuntu.com/ubuntu jammy-updates/main amd64 libperl5.34 amd64 5.34.0-3ubuntu1.5 [4797 kB]
integration-tests	Build Docker Image	2026-02-02T16:51:52.5888014Z #7 8.104 Get:20 http://archive.ubuntu.com/ubuntu jammy-updates/main amd64 perl amd64 5.34.0-3ubuntu1.5 [232 kB]
integration-tests	Build Docker Image	2026-02-02T16:51:52.7054633Z #7 8.107 Get:21 http://archive.ubuntu.com/ubuntu jammy-updates/main amd64 openssl amd64 3.0.2-0ubuntu1.21 [1184 kB]
integration-tests	Build Docker Image	2026-02-02T16:51:52.7056058Z #7 8.123 Get:22 http://archive.ubuntu.com/ubuntu jammy-updates/main amd64 ca-certificates all 20240203~22.04.1 [162 kB]
integration-tests	Build Docker Image	2026-02-02T16:51:52.7057452Z #7 8.125 Get:23 http://archive.ubuntu.com/ubuntu jammy-updates/main amd64 less amd64 590-1ubuntu0.22.04.3 [142 kB]
integration-tests	Build Docker Image	2026-02-02T16:51:52.7058703Z #7 8.127 Get:24 http://archive.ubuntu.com/ubuntu jammy/main amd64 libmd0 amd64 1.0.4-1build1 [23.0 kB]
integration-tests	Build Docker Image	2026-02-02T16:51:52.7059685Z #7 8.127 Get:25 http://archive.ubuntu.com/ubuntu jammy/main amd64 libbsd0 amd64 0.11.5-1 [44.8 kB]
integration-tests	Build Docker Image	2026-02-02T16:51:52.7060788Z #7 8.202 Get:26 http://archive.ubuntu.com/ubuntu jammy-updates/main amd64 libglib2.0-0 amd64 2.72.4-0ubuntu2.8 [1467 kB]
integration-tests	Build Docker Image	2026-02-02T16:51:52.7062123Z #7 8.221 Get:27 http://archive.ubuntu.com/ubuntu jammy-updates/main amd64 libglib2.0-data all 2.72.4-0ubuntu2.8 [5062 B]
integration-tests	Build Docker Image	2026-02-02T16:51:52.8558156Z #7 8.221 Get:28 http://archive.ubuntu.com/ubuntu jammy/main amd64 libicu70 amd64 70.1-2 [10.6 MB]
integration-tests	Build Docker Image	2026-02-02T16:51:52.9941788Z #7 8.509 Get:29 http://archive.ubuntu.com/ubuntu jammy-updates/main amd64 libxml2 amd64 2.9.13+dfsg-1ubuntu0.11 [765 kB]
integration-tests	Build Docker Image	2026-02-02T16:51:53.1238600Z #7 8.590 Get:30 http://archive.ubuntu.com/ubuntu jammy/main amd64 netbase all 6.3 [12.9 kB]
integration-tests	Build Docker Image	2026-02-02T16:51:53.1239524Z #7 8.591 Get:31 http://archive.ubuntu.com/ubuntu jammy-updates/main amd64 python3-pkg-resources all 59.6.0-1.2ubuntu0.22.04.3 [133 kB]
integration-tests	Build Docker Image	2026-02-02T16:51:53.1240345Z #7 8.592 Get:32 http://archive.ubuntu.com/ubuntu jammy/main amd64 shared-mime-info amd64 2.1-2 [454 kB]
integration-tests	Build Docker Image	2026-02-02T16:51:53.1241179Z #7 8.599 Get:33 http://archive.ubuntu.com/ubuntu jammy/main amd64 ucf all 3.0043 [56.1 kB]
integration-tests	Build Docker Image	2026-02-02T16:51:53.1241985Z #7 8.600 Get:34 http://archive.ubuntu.com/ubuntu jammy/main amd64 xdg-user-dirs amd64 0.17-2ubuntu4 [53.9 kB]
integration-tests	Build Docker Image	2026-02-02T16:51:53.1242715Z #7 8.601 Get:35 http://archive.ubuntu.com/ubuntu jammy/main amd64 libcbor0.8 amd64 0.8.0-2ubuntu1 [24.6 kB]
integration-tests	Build Docker Image	2026-02-02T16:51:53.1243451Z #7 8.601 Get:36 http://archive.ubuntu.com/ubuntu jammy/main amd64 libedit2 amd64 3.1-20210910-1build1 [96.8 kB]
integration-tests	Build Docker Image	2026-02-02T16:51:53.1244147Z #7 8.603 Get:37 http://archive.ubuntu.com/ubuntu jammy/main amd64 libfido2-1 amd64 1.10.0-1 [82.8 kB]
integration-tests	Build Docker Image	2026-02-02T16:51:53.1245115Z #7 8.639 Get:38 http://archive.ubuntu.com/ubuntu jammy-updates/main amd64 libnghttp2-14 amd64 1.43.0-1ubuntu0.2 [76.9 kB]
integration-tests	Build Docker Image	2026-02-02T16:51:53.2521198Z #7 8.767 Get:39 http://archive.ubuntu.com/ubuntu jammy-updates/main amd64 libpng16-16 amd64 1.6.37-3ubuntu0.3 [192 kB]
integration-tests	Build Docker Image	2026-02-02T16:51:53.3797243Z #7 8.772 Get:40 http://archive.ubuntu.com/ubuntu jammy/main amd64 libpsl5 amd64 0.21.0-1.2build2 [58.4 kB]
integration-tests	Build Docker Image	2026-02-02T16:51:53.3798091Z #7 8.774 Get:41 http://archive.ubuntu.com/ubuntu jammy-updates/main amd64 libuv1 amd64 1.43.0-1ubuntu0.1 [92.7 kB]
integration-tests	Build Docker Image	2026-02-02T16:51:53.3799088Z #7 8.777 Get:42 http://archive.ubuntu.com/ubuntu jammy/main amd64 libxau6 amd64 1:1.0.9-1build5 [7634 B]
integration-tests	Build Docker Image	2026-02-02T16:51:53.3799792Z #7 8.778 Get:43 http://archive.ubuntu.com/ubuntu jammy/main amd64 libxdmcp6 amd64 1:1.1.3-0ubuntu5 [10.9 kB]
integration-tests	Build Docker Image	2026-02-02T16:51:53.3800487Z #7 8.778 Get:44 http://archive.ubuntu.com/ubuntu jammy/main amd64 libxcb1 amd64 1.14-3ubuntu3 [49.0 kB]
integration-tests	Build Docker Image	2026-02-02T16:51:53.3801212Z #7 8.780 Get:45 http://archive.ubuntu.com/ubuntu jammy-updates/main amd64 libx11-data all 2:1.7.5-1ubuntu0.3 [120 kB]
integration-tests	Build Docker Image	2026-02-02T16:51:53.3802004Z #7 8.783 Get:46 http://archive.ubuntu.com/ubuntu jammy-updates/main amd64 libx11-6 amd64 2:1.7.5-1ubuntu0.3 [667 kB]
integration-tests	Build Docker Image	2026-02-02T16:51:53.3802723Z #7 8.804 Get:47 http://archive.ubuntu.com/ubuntu jammy/main amd64 libxext6 amd64 2:1.3.4-1build1 [31.8 kB]
integration-tests	Build Docker Image	2026-02-02T16:51:53.3803386Z #7 8.895 Get:48 http://archive.ubuntu.com/ubuntu jammy/main amd64 libxmuu1 amd64 2:1.1.3-3 [10.2 kB]
integration-tests	Build Docker Image	2026-02-02T16:51:53.5071829Z #7 9.022 Get:49 http://archive.ubuntu.com/ubuntu jammy/main amd64 manpages all 5.10-1ubuntu1 [1375 kB]
integration-tests	Build Docker Image	2026-02-02T16:51:53.6237129Z #7 9.065 Get:50 http://archive.ubuntu.com/ubuntu jammy-updates/main amd64 openssh-client amd64 1:8.9p1-3ubuntu0.13 [903 kB]
integration-tests	Build Docker Image	2026-02-02T16:51:53.6238030Z #7 9.093 Get:51 http://archive.ubuntu.com/ubuntu jammy/main amd64 publicsuffix all 20211207.1025-1 [129 kB]
integration-tests	Build Docker Image	2026-02-02T16:51:53.6238847Z #7 9.097 Get:52 http://archive.ubuntu.com/ubuntu jammy-updates/main amd64 wget amd64 1.21.2-2ubuntu1.1 [339 kB]
integration-tests	Build Docker Image	2026-02-02T16:51:53.6239557Z #7 9.107 Get:53 http://archive.ubuntu.com/ubuntu jammy/main amd64 xauth amd64 1:1.1-1build2 [27.5 kB]
integration-tests	Build Docker Image	2026-02-02T16:51:53.6240123Z #7 9.108 Get:54 http://archive.ubuntu.com/ubuntu jammy/main amd64 xz-utils amd64 5.2.5-2ubuntu1 [84.8 kB]
integration-tests	Build Docker Image	2026-02-02T16:51:53.6240744Z #7 9.111 Get:55 http://archive.ubuntu.com/ubuntu jammy-updates/main amd64 binutils-common amd64 2.38-4ubuntu2.12 [223 kB]
integration-tests	Build Docker Image	2026-02-02T16:51:53.6241414Z #7 9.118 Get:56 http://archive.ubuntu.com/ubuntu jammy-updates/main amd64 libbinutils amd64 2.38-4ubuntu2.12 [663 kB]
integration-tests	Build Docker Image	2026-02-02T16:51:53.6242083Z #7 9.139 Get:57 http://archive.ubuntu.com/ubuntu jammy-updates/main amd64 libctf-nobfd0 amd64 2.38-4ubuntu2.12 [108 kB]
integration-tests	Build Docker Image	2026-02-02T16:51:53.7623215Z #7 9.150 Get:58 http://archive.ubuntu.com/ubuntu jammy-updates/main amd64 libctf0 amd64 2.38-4ubuntu2.12 [103 kB]
integration-tests	Build Docker Image	2026-02-02T16:51:53.7624842Z #7 9.277 Get:59 http://archive.ubuntu.com/ubuntu jammy-updates/main amd64 binutils-x86-64-linux-gnu amd64 2.38-4ubuntu2.12 [2324 kB]
integration-tests	Build Docker Image	2026-02-02T16:51:53.8639207Z #7 9.335 Get:60 http://archive.ubuntu.com/ubuntu jammy-updates/main amd64 binutils amd64 2.38-4ubuntu2.12 [3184 B]
integration-tests	Build Docker Image	2026-02-02T16:51:53.8639967Z #7 9.336 Get:61 http://archive.ubuntu.com/ubuntu jammy-updates/main amd64 libc-dev-bin amd64 2.35-0ubuntu3.12 [20.3 kB]
integration-tests	Build Docker Image	2026-02-02T16:51:53.8640637Z #7 9.336 Get:62 http://archive.ubuntu.com/ubuntu jammy-updates/main amd64 linux-libc-dev amd64 5.15.0-168.178 [1310 kB]
integration-tests	Build Docker Image	2026-02-02T16:51:53.8641259Z #7 9.368 Get:63 http://archive.ubuntu.com/ubuntu jammy/main amd64 libcrypt-dev amd64 1:4.4.27-1 [112 kB]
integration-tests	Build Docker Image	2026-02-02T16:51:53.8641867Z #7 9.371 Get:64 http://archive.ubuntu.com/ubuntu jammy/main amd64 rpcsvc-proto amd64 1.4.2-0ubuntu6 [68.5 kB]
integration-tests	Build Docker Image	2026-02-02T16:51:53.8642486Z #7 9.373 Get:65 http://archive.ubuntu.com/ubuntu jammy-updates/main amd64 libtirpc-dev amd64 1.3.2-2ubuntu0.1 [192 kB]
integration-tests	Build Docker Image	2026-02-02T16:51:53.8643097Z #7 9.377 Get:66 http://archive.ubuntu.com/ubuntu jammy/main amd64 libnsl-dev amd64 1.3.0-2build2 [71.3 kB]
integration-tests	Build Docker Image	2026-02-02T16:51:53.8643696Z #7 9.379 Get:67 http://archive.ubuntu.com/ubuntu jammy-updates/main amd64 libc6-dev amd64 2.35-0ubuntu3.12 [2101 kB]
integration-tests	Build Docker Image	2026-02-02T16:51:54.0173616Z #7 9.457 Get:68 http://archive.ubuntu.com/ubuntu jammy-updates/main amd64 gcc-11-base amd64 11.4.0-1ubuntu1~22.04.2 [20.8 kB]
integration-tests	Build Docker Image	2026-02-02T16:51:54.0174828Z #7 9.532 Get:69 http://archive.ubuntu.com/ubuntu jammy/main amd64 libisl23 amd64 0.24-2build1 [727 kB]
integration-tests	Build Docker Image	2026-02-02T16:51:54.2221065Z #7 9.550 Get:70 http://archive.ubuntu.com/ubuntu jammy/main amd64 libmpfr6 amd64 4.1.0-3build3 [1425 kB]
integration-tests	Build Docker Image	2026-02-02T16:51:54.2221989Z #7 9.585 Get:71 http://archive.ubuntu.com/ubuntu jammy/main amd64 libmpc3 amd64 1.2.1-2build1 [46.9 kB]
integration-tests	Build Docker Image	2026-02-02T16:51:54.2222607Z #7 9.587 Get:72 http://archive.ubuntu.com/ubuntu jammy-updates/main amd64 cpp-11 amd64 11.4.0-1ubuntu1~22.04.2 [10.0 MB]
integration-tests	Build Docker Image	2026-02-02T16:51:54.3743985Z #7 9.890 Get:73 http://archive.ubuntu.com/ubuntu jammy/main amd64 cpp amd64 4:11.2.0-1ubuntu1 [27.7 kB]
integration-tests	Build Docker Image	2026-02-02T16:51:54.4892998Z #7 9.890 Get:74 http://archive.ubuntu.com/ubuntu jammy-updates/main amd64 libcc1-0 amd64 12.3.0-1ubuntu1~22.04.2 [48.3 kB]
integration-tests	Build Docker Image	2026-02-02T16:51:54.4893890Z #7 9.891 Get:75 http://archive.ubuntu.com/ubuntu jammy-updates/main amd64 libgomp1 amd64 12.3.0-1ubuntu1~22.04.2 [127 kB]
integration-tests	Build Docker Image	2026-02-02T16:51:54.4894754Z #7 9.917 Get:76 http://archive.ubuntu.com/ubuntu jammy-updates/main amd64 libitm1 amd64 12.3.0-1ubuntu1~22.04.2 [30.2 kB]
integration-tests	Build Docker Image	2026-02-02T16:51:54.4895431Z #7 9.918 Get:77 http://archive.ubuntu.com/ubuntu jammy-updates/main amd64 libatomic1 amd64 12.3.0-1ubuntu1~22.04.2 [10.4 kB]
integration-tests	Build Docker Image	2026-02-02T16:51:54.4896445Z #7 9.918 Get:78 http://archive.ubuntu.com/ubuntu jammy-updates/main amd64 libasan6 amd64 11.4.0-1ubuntu1~22.04.2 [2283 kB]
integration-tests	Build Docker Image	2026-02-02T16:51:54.4897771Z #7 9.978 Get:79 http://archive.ubuntu.com/ubuntu jammy-updates/main amd64 liblsan0 amd64 12.3.0-1ubuntu1~22.04.2 [1069 kB]
integration-tests	Build Docker Image	2026-02-02T16:51:54.4898962Z #7 10.00 Get:80 http://archive.ubuntu.com/ubuntu jammy-updates/main amd64 libtsan0 amd64 11.4.0-1ubuntu1~22.04.2 [2262 kB]
integration-tests	Build Docker Image	2026-02-02T16:51:54.6318582Z #7 10.09 Get:81 http://archive.ubuntu.com/ubuntu jammy-updates/main amd64 libubsan1 amd64 12.3.0-1ubuntu1~22.04.2 [976 kB]
integration-tests	Build Docker Image	2026-02-02T16:51:54.6319576Z #7 10.15 Get:82 http://archive.ubuntu.com/ubuntu jammy-updates/main amd64 libquadmath0 amd64 12.3.0-1ubuntu1~22.04.2 [154 kB]
integration-tests	Build Docker Image	2026-02-02T16:51:54.8483220Z #7 10.15 Get:83 http://archive.ubuntu.com/ubuntu jammy-updates/main amd64 libgcc-11-dev amd64 11.4.0-1ubuntu1~22.04.2 [2517 kB]
integration-tests	Build Docker Image	2026-02-02T16:51:54.8484177Z #7 10.21 Get:84 http://archive.ubuntu.com/ubuntu jammy-updates/main amd64 gcc-11 amd64 11.4.0-1ubuntu1~22.04.2 [20.1 MB]
integration-tests	Build Docker Image	2026-02-02T16:51:55.3326962Z #7 10.85 Get:85 http://archive.ubuntu.com/ubuntu jammy/main amd64 gcc amd64 4:11.2.0-1ubuntu1 [5112 B]
integration-tests	Build Docker Image	2026-02-02T16:51:55.5540665Z #7 10.85 Get:86 http://archive.ubuntu.com/ubuntu jammy-updates/main amd64 libstdc++-11-dev amd64 11.4.0-1ubuntu1~22.04.2 [2101 kB]
integration-tests	Build Docker Image	2026-02-02T16:51:55.5541604Z #7 10.92 Get:87 http://archive.ubuntu.com/ubuntu jammy-updates/main amd64 g++-11 amd64 11.4.0-1ubuntu1~22.04.2 [11.4 MB]
integration-tests	Build Docker Image	2026-02-02T16:51:55.7466924Z #7 11.26 Get:88 http://archive.ubuntu.com/ubuntu jammy/main amd64 g++ amd64 4:11.2.0-1ubuntu1 [1412 B]
integration-tests	Build Docker Image	2026-02-02T16:51:55.9592550Z #7 11.26 Get:89 http://archive.ubuntu.com/ubuntu jammy/main amd64 make amd64 4.3-4.1build1 [180 kB]
integration-tests	Build Docker Image	2026-02-02T16:51:55.9593359Z #7 11.27 Get:90 http://archive.ubuntu.com/ubuntu jammy-updates/main amd64 libdpkg-perl all 1.21.1ubuntu2.6 [237 kB]
integration-tests	Build Docker Image	2026-02-02T16:51:55.9593973Z #7 11.27 Get:91 http://archive.ubuntu.com/ubuntu jammy/main amd64 bzip2 amd64 1.0.8-5build1 [34.8 kB]
integration-tests	Build Docker Image	2026-02-02T16:51:55.9594712Z #7 11.27 Get:92 http://archive.ubuntu.com/ubuntu jammy/main amd64 patch amd64 2.7.6-7build2 [109 kB]
integration-tests	Build Docker Image	2026-02-02T16:51:55.9595255Z #7 11.28 Get:93 http://archive.ubuntu.com/ubuntu jammy/main amd64 lto-disabled-list all 24 [12.5 kB]
integration-tests	Build Docker Image	2026-02-02T16:51:55.9595831Z #7 11.28 Get:94 http://archive.ubuntu.com/ubuntu jammy-updates/main amd64 dpkg-dev all 1.21.1ubuntu2.6 [922 kB]
integration-tests	Build Docker Image	2026-02-02T16:51:55.9596447Z #7 11.32 Get:95 http://archive.ubuntu.com/ubuntu jammy/main amd64 build-essential amd64 12.9ubuntu3 [4744 B]
integration-tests	Build Docker Image	2026-02-02T16:51:55.9597354Z #7 11.32 Get:96 http://archive.ubuntu.com/ubuntu jammy-updates/main amd64 libllvm14 amd64 1:14.0.0-1ubuntu1.1 [24.0 MB]
integration-tests	Build Docker Image	2026-02-02T16:51:56.5546490Z #7 12.07 Get:97 http://archive.ubuntu.com/ubuntu jammy-updates/universe amd64 libclang-cpp14 amd64 1:14.0.0-1ubuntu1.1 [12.1 MB]
integration-tests	Build Docker Image	2026-02-02T16:51:56.9279015Z #7 12.44 Get:98 http://archive.ubuntu.com/ubuntu jammy-updates/universe amd64 clang-format-14 amd64 1:14.0.0-1ubuntu1.1 [50.8 kB]
integration-tests	Build Docker Image	2026-02-02T16:51:57.0852160Z #7 12.44 Get:99 http://archive.ubuntu.com/ubuntu jammy/universe amd64 clang-format amd64 1:14.0-55~exp2 [3694 B]
integration-tests	Build Docker Image	2026-02-02T16:51:57.0853093Z #7 12.44 Get:100 http://archive.ubuntu.com/ubuntu jammy-updates/main amd64 libarchive13 amd64 3.6.0-1ubuntu1.5 [368 kB]
integration-tests	Build Docker Image	2026-02-02T16:51:57.0853864Z #7 12.46 Get:101 http://archive.ubuntu.com/ubuntu jammy/main amd64 libbrotli1 amd64 1.0.9-2build6 [315 kB]
integration-tests	Build Docker Image	2026-02-02T16:51:57.0854865Z #7 12.60 Get:102 http://archive.ubuntu.com/ubuntu jammy-updates/main amd64 libsasl2-modules-db amd64 2.1.27+dfsg2-3ubuntu1.2 [20.5 kB]
integration-tests	Build Docker Image	2026-02-02T16:51:57.2232210Z #7 12.74 Get:103 http://archive.ubuntu.com/ubuntu jammy-updates/main amd64 libsasl2-2 amd64 2.1.27+dfsg2-3ubuntu1.2 [53.8 kB]
integration-tests	Build Docker Image	2026-02-02T16:51:57.4406585Z #7 12.83 Get:104 http://archive.ubuntu.com/ubuntu jammy-updates/main amd64 libldap-2.5-0 amd64 2.5.19+dfsg-0ubuntu0.22.04.1 [184 kB]
integration-tests	Build Docker Image	2026-02-02T16:51:57.4407548Z #7 12.96 Get:105 http://archive.ubuntu.com/ubuntu jammy/main amd64 librtmp1 amd64 2.4+20151223.gitfa8646d.1-2build4 [58.2 kB]
integration-tests	Build Docker Image	2026-02-02T16:51:57.5556445Z #7 12.98 Get:106 http://archive.ubuntu.com/ubuntu jammy-updates/main amd64 libssh-4 amd64 0.9.6-2ubuntu0.22.04.5 [187 kB]
integration-tests	Build Docker Image	2026-02-02T16:51:57.5557417Z #7 13.03 Get:107 http://archive.ubuntu.com/ubuntu jammy-updates/main amd64 libcurl4 amd64 7.81.0-1ubuntu1.21 [290 kB]
integration-tests	Build Docker Image	2026-02-02T16:51:57.5558150Z #7 13.07 Get:108 http://archive.ubuntu.com/ubuntu jammy/main amd64 libjsoncpp25 amd64 1.9.5-3 [80.0 kB]
integration-tests	Build Docker Image	2026-02-02T16:51:57.6860371Z #7 13.08 Get:109 http://archive.ubuntu.com/ubuntu jammy/main amd64 librhash0 amd64 1.4.2-1ubuntu1 [125 kB]
integration-tests	Build Docker Image	2026-02-02T16:51:57.6861719Z #7 13.10 Get:110 http://archive.ubuntu.com/ubuntu jammy/main amd64 dh-elpa-helper all 2.0.9ubuntu1 [7610 B]
integration-tests	Build Docker Image	2026-02-02T16:51:57.6862551Z #7 13.10 Get:111 http://archive.ubuntu.com/ubuntu jammy/main amd64 emacsen-common all 3.0.4 [14.9 kB]
integration-tests	Build Docker Image	2026-02-02T16:51:57.6863176Z #7 13.10 Get:112 http://archive.ubuntu.com/ubuntu jammy-updates/main amd64 cmake-data all 3.22.1-1ubuntu1.22.04.2 [1913 kB]
integration-tests	Build Docker Image	2026-02-02T16:51:57.6863868Z #7 13.20 Get:113 http://archive.ubuntu.com/ubuntu jammy-updates/main amd64 cmake amd64 3.22.1-1ubuntu1.22.04.2 [5010 kB]
integration-tests	Build Docker Image	2026-02-02T16:51:57.8698958Z #7 13.30 Get:114 http://archive.ubuntu.com/ubuntu jammy/universe amd64 libtinyxml2-9 amd64 9.0.0+dfsg-3 [32.5 kB]
integration-tests	Build Docker Image	2026-02-02T16:51:57.8700009Z #7 13.30 Get:115 http://archive.ubuntu.com/ubuntu jammy/universe amd64 libz3-4 amd64 4.8.12-1 [5766 kB]
integration-tests	Build Docker Image	2026-02-02T16:51:57.8700789Z #7 13.39 Get:116 http://archive.ubuntu.com/ubuntu jammy-updates/main amd64 python3-pygments all 2.11.2+dfsg-2ubuntu0.1 [750 kB]
integration-tests	Build Docker Image	2026-02-02T16:51:57.9794671Z #7 13.40 Get:117 http://archive.ubuntu.com/ubuntu jammy/universe amd64 cppcheck amd64 2.7-1 [2016 kB]
integration-tests	Build Docker Image	2026-02-02T16:51:57.9796072Z #7 13.43 Get:118 http://archive.ubuntu.com/ubuntu jammy-updates/main amd64 curl amd64 7.81.0-1ubuntu1.21 [194 kB]
integration-tests	Build Docker Image	2026-02-02T16:51:57.9797561Z #7 13.43 Get:119 http://archive.ubuntu.com/ubuntu jammy/main amd64 libassuan0 amd64 2.5.5-1build1 [38.2 kB]
integration-tests	Build Docker Image	2026-02-02T16:51:57.9798884Z #7 13.43 Get:120 http://archive.ubuntu.com/ubuntu jammy-updates/main amd64 gpgconf amd64 2.2.27-3ubuntu2.5 [94.3 kB]
integration-tests	Build Docker Image	2026-02-02T16:51:57.9800214Z #7 13.43 Get:121 http://archive.ubuntu.com/ubuntu jammy-updates/main amd64 libksba8 amd64 1.6.0-2ubuntu0.2 [119 kB]
integration-tests	Build Docker Image	2026-02-02T16:51:57.9801053Z #7 13.43 Get:122 http://archive.ubuntu.com/ubuntu jammy/main amd64 libnpth0 amd64 1.6-3build2 [8664 B]
integration-tests	Build Docker Image	2026-02-02T16:51:57.9801981Z #7 13.43 Get:123 http://archive.ubuntu.com/ubuntu jammy-updates/main amd64 dirmngr amd64 2.2.27-3ubuntu2.5 [293 kB]
integration-tests	Build Docker Image	2026-02-02T16:51:57.9803276Z #7 13.43 Get:124 http://archive.ubuntu.com/ubuntu jammy/main amd64 libfakeroot amd64 1.28-1ubuntu1 [31.5 kB]
integration-tests	Build Docker Image	2026-02-02T16:51:57.9804015Z #7 13.49 Get:125 http://archive.ubuntu.com/ubuntu jammy/main amd64 fakeroot amd64 1.28-1ubuntu1 [60.4 kB]
integration-tests	Build Docker Image	2026-02-02T16:51:58.1124216Z #7 13.50 Get:126 http://archive.ubuntu.com/ubuntu jammy/main amd64 fonts-dejavu-core all 2.37-2build1 [1041 kB]
integration-tests	Build Docker Image	2026-02-02T16:51:58.1127153Z #7 13.50 Get:127 http://archive.ubuntu.com/ubuntu jammy/main amd64 fontconfig-config all 2.13.1-4.2ubuntu5 [29.1 kB]
integration-tests	Build Docker Image	2026-02-02T16:51:58.1128715Z #7 13.56 Get:128 http://archive.ubuntu.com/ubuntu jammy-updates/main amd64 libcurl3-gnutls amd64 7.81.0-1ubuntu1.21 [284 kB]
integration-tests	Build Docker Image	2026-02-02T16:51:58.1129810Z #7 13.56 Get:129 http://archive.ubuntu.com/ubuntu jammy/main amd64 liberror-perl all 0.17029-1 [26.5 kB]
integration-tests	Build Docker Image	2026-02-02T16:51:58.1130794Z #7 13.56 Get:130 http://archive.ubuntu.com/ubuntu jammy-updates/main amd64 git-man all 1:2.34.1-1ubuntu1.15 [955 kB]
integration-tests	Build Docker Image	2026-02-02T16:51:58.1131737Z #7 13.57 Get:131 http://archive.ubuntu.com/ubuntu jammy-updates/main amd64 git amd64 1:2.34.1-1ubuntu1.15 [3166 kB]
integration-tests	Build Docker Image	2026-02-02T16:51:58.1132381Z #7 13.63 Get:132 http://archive.ubuntu.com/ubuntu jammy-updates/main amd64 gnupg-l10n all 2.2.27-3ubuntu2.5 [54.5 kB]
integration-tests	Build Docker Image	2026-02-02T16:51:58.2408556Z #7 13.63 Get:133 http://archive.ubuntu.com/ubuntu jammy-updates/main amd64 gnupg-utils amd64 2.2.27-3ubuntu2.5 [309 kB]
integration-tests	Build Docker Image	2026-02-02T16:51:58.2410158Z #7 13.63 Get:134 http://archive.ubuntu.com/ubuntu jammy-updates/main amd64 gpg amd64 2.2.27-3ubuntu2.5 [519 kB]
integration-tests	Build Docker Image	2026-02-02T16:51:58.2411656Z #7 13.63 Get:135 http://archive.ubuntu.com/ubuntu jammy/main amd64 pinentry-curses amd64 1.1.1-1build2 [34.4 kB]
integration-tests	Build Docker Image	2026-02-02T16:51:58.2412954Z #7 13.63 Get:136 http://archive.ubuntu.com/ubuntu jammy-updates/main amd64 gpg-agent amd64 2.2.27-3ubuntu2.5 [209 kB]
integration-tests	Build Docker Image	2026-02-02T16:51:58.2414300Z #7 13.63 Get:137 http://archive.ubuntu.com/ubuntu jammy-updates/main amd64 gpg-wks-client amd64 2.2.27-3ubuntu2.5 [62.7 kB]
integration-tests	Build Docker Image	2026-02-02T16:51:58.2415901Z #7 13.69 Get:138 http://archive.ubuntu.com/ubuntu jammy-updates/main amd64 gpg-wks-server amd64 2.2.27-3ubuntu2.5 [57.6 kB]
integration-tests	Build Docker Image	2026-02-02T16:51:58.2417045Z #7 13.69 Get:139 http://archive.ubuntu.com/ubuntu jammy-updates/main amd64 gpgsm amd64 2.2.27-3ubuntu2.5 [197 kB]
integration-tests	Build Docker Image	2026-02-02T16:51:58.2418124Z #7 13.69 Get:140 http://archive.ubuntu.com/ubuntu jammy-updates/main amd64 gnupg all 2.2.27-3ubuntu2.5 [315 kB]
integration-tests	Build Docker Image	2026-02-02T16:51:58.2419330Z #7 13.76 Get:141 http://archive.ubuntu.com/ubuntu jammy/main amd64 javascript-common all 11+nmu1 [5936 B]
integration-tests	Build Docker Image	2026-02-02T16:51:58.3715247Z #7 13.76 Get:142 http://archive.ubuntu.com/ubuntu jammy/main amd64 libjson-perl all 4.04000-1 [81.8 kB]
integration-tests	Build Docker Image	2026-02-02T16:51:58.3716620Z #7 13.76 Get:143 http://archive.ubuntu.com/ubuntu jammy/main amd64 libperlio-gzip-perl amd64 0.19-1build8 [14.9 kB]
integration-tests	Build Docker Image	2026-02-02T16:51:58.3718426Z #7 13.76 Get:144 http://archive.ubuntu.com/ubuntu jammy/universe amd64 lcov all 1.15-1 [99.5 kB]
integration-tests	Build Docker Image	2026-02-02T16:51:58.3719503Z #7 13.76 Get:145 http://archive.ubuntu.com/ubuntu jammy/main amd64 libalgorithm-diff-perl all 1.201-1 [41.8 kB]
integration-tests	Build Docker Image	2026-02-02T16:51:58.3720872Z #7 13.76 Get:146 http://archive.ubuntu.com/ubuntu jammy/main amd64 libalgorithm-diff-xs-perl amd64 0.04-6build3 [11.9 kB]
integration-tests	Build Docker Image	2026-02-02T16:51:58.3721986Z #7 13.76 Get:147 http://archive.ubuntu.com/ubuntu jammy/main amd64 libalgorithm-merge-perl all 0.08-3 [12.0 kB]
integration-tests	Build Docker Image	2026-02-02T16:51:58.3723149Z #7 13.82 Get:148 http://archive.ubuntu.com/ubuntu jammy-updates/main amd64 libfreetype6 amd64 2.11.1+dfsg-1ubuntu0.3 [388 kB]
integration-tests	Build Docker Image	2026-02-02T16:51:58.3724628Z #7 13.82 Get:149 http://archive.ubuntu.com/ubuntu jammy/main amd64 libfontconfig1 amd64 2.13.1-4.2ubuntu5 [131 kB]
integration-tests	Build Docker Image	2026-02-02T16:51:58.3725924Z #7 13.82 Get:150 http://archive.ubuntu.com/ubuntu jammy/main amd64 libjpeg-turbo8 amd64 2.1.2-0ubuntu1 [134 kB]
integration-tests	Build Docker Image	2026-02-02T16:51:58.3727118Z #7 13.89 Get:151 http://archive.ubuntu.com/ubuntu jammy/main amd64 libjpeg8 amd64 8c-2ubuntu10 [2264 B]
integration-tests	Build Docker Image	2026-02-02T16:51:58.5021834Z #7 13.89 Get:152 http://archive.ubuntu.com/ubuntu jammy/main amd64 libdeflate0 amd64 1.10-2 [70.9 kB]
integration-tests	Build Docker Image	2026-02-02T16:51:58.5024152Z #7 13.89 Get:153 http://archive.ubuntu.com/ubuntu jammy-updates/main amd64 libjbig0 amd64 2.1-3.1ubuntu0.22.04.1 [29.2 kB]
integration-tests	Build Docker Image	2026-02-02T16:51:58.5025874Z #7 13.89 Get:154 http://archive.ubuntu.com/ubuntu jammy-updates/main amd64 libwebp7 amd64 1.2.2-2ubuntu0.22.04.2 [206 kB]
integration-tests	Build Docker Image	2026-02-02T16:51:58.5027544Z #7 13.89 Get:155 http://archive.ubuntu.com/ubuntu jammy-updates/main amd64 libtiff5 amd64 4.3.0-6ubuntu0.12 [185 kB]
integration-tests	Build Docker Image	2026-02-02T16:51:58.5029429Z #7 13.89 Get:156 http://archive.ubuntu.com/ubuntu jammy-updates/main amd64 libxpm4 amd64 1:3.5.12-1ubuntu0.22.04.2 [36.7 kB]
integration-tests	Build Docker Image	2026-02-02T16:51:58.5030965Z #7 13.89 Get:157 http://archive.ubuntu.com/ubuntu jammy-updates/main amd64 libgd3 amd64 2.3.0-2ubuntu2.3 [129 kB]
integration-tests	Build Docker Image	2026-02-02T16:51:58.5032633Z #7 13.95 Get:158 http://archive.ubuntu.com/ubuntu jammy-updates/main amd64 libc-devtools amd64 2.35-0ubuntu3.12 [28.9 kB]
integration-tests	Build Docker Image	2026-02-02T16:51:58.5034108Z #7 13.95 Get:159 http://archive.ubuntu.com/ubuntu jammy/main amd64 libcommon-sense-perl amd64 3.75-2build1 [21.1 kB]
integration-tests	Build Docker Image	2026-02-02T16:51:58.5035650Z #7 13.95 Get:160 http://archive.ubuntu.com/ubuntu jammy-updates/main amd64 libexpat1-dev amd64 2.4.7-1ubuntu0.6 [148 kB]
integration-tests	Build Docker Image	2026-02-02T16:51:58.5036841Z #7 14.02 Get:161 http://archive.ubuntu.com/ubuntu jammy/main amd64 libfile-fcntllock-perl amd64 0.22-3build7 [33.9 kB]
integration-tests	Build Docker Image	2026-02-02T16:51:58.6486470Z #7 14.02 Get:162 http://archive.ubuntu.com/ubuntu jammy/main amd64 libjs-jquery all 3.6.0+dfsg+~3.5.13-1 [321 kB]
integration-tests	Build Docker Image	2026-02-02T16:51:58.6487710Z #7 14.02 Get:163 http://archive.ubuntu.com/ubuntu jammy/main amd64 libjs-underscore all 1.13.2~dfsg-2 [118 kB]
integration-tests	Build Docker Image	2026-02-02T16:51:58.6488905Z #7 14.02 Get:164 http://archive.ubuntu.com/ubuntu jammy/main amd64 libjs-sphinxdoc all 4.3.2-1 [139 kB]
integration-tests	Build Docker Image	2026-02-02T16:51:58.6489851Z #7 14.02 Get:165 http://archive.ubuntu.com/ubuntu jammy/main amd64 libtypes-serialiser-perl all 1.01-1 [11.6 kB]
integration-tests	Build Docker Image	2026-02-02T16:51:58.6490925Z #7 14.02 Get:166 http://archive.ubuntu.com/ubuntu jammy-updates/main amd64 libjson-xs-perl amd64 4.040-0ubuntu0.22.04.1 [87.0 kB]
integration-tests	Build Docker Image	2026-02-02T16:51:58.6492240Z #7 14.02 Get:167 http://archive.ubuntu.com/ubuntu jammy-updates/main amd64 libldap-common all 2.5.19+dfsg-0ubuntu0.22.04.1 [16.1 kB]
integration-tests	Build Docker Image	2026-02-02T16:51:58.6493564Z #7 14.08 Get:168 http://archive.ubuntu.com/ubuntu jammy-updates/main amd64 libpython3.10 amd64 3.10.12-1~22.04.13 [1949 kB]
integration-tests	Build Docker Image	2026-02-02T16:51:58.6495000Z #7 14.09 Get:169 http://archive.ubuntu.com/ubuntu jammy-updates/main amd64 zlib1g-dev amd64 1:1.2.11.dfsg-2ubuntu9.2 [164 kB]
integration-tests	Build Docker Image	2026-02-02T16:51:58.6496280Z #7 14.10 Get:170 http://archive.ubuntu.com/ubuntu jammy-updates/main amd64 libpython3.10-dev amd64 3.10.12-1~22.04.13 [4763 kB]
integration-tests	Build Docker Image	2026-02-02T16:51:58.6497401Z #7 14.16 Get:171 http://archive.ubuntu.com/ubuntu jammy-updates/main amd64 libpython3-dev amd64 3.10.6-1~22.04.1 [7064 B]
integration-tests	Build Docker Image	2026-02-02T16:51:58.7630091Z #7 14.16 Get:172 http://archive.ubuntu.com/ubuntu jammy-updates/main amd64 libsasl2-modules amd64 2.1.27+dfsg2-3ubuntu1.2 [68.8 kB]
integration-tests	Build Docker Image	2026-02-02T16:51:58.7632122Z #7 14.16 Get:173 http://archive.ubuntu.com/ubuntu jammy/main amd64 manpages-dev all 5.10-1ubuntu1 [2309 kB]
integration-tests	Build Docker Image	2026-02-02T16:51:58.7633708Z #7 14.23 Get:174 http://archive.ubuntu.com/ubuntu jammy/main amd64 pkg-config amd64 0.29.2-1ubuntu3 [48.2 kB]
integration-tests	Build Docker Image	2026-02-02T16:51:58.7635506Z #7 14.23 Get:175 http://archive.ubuntu.com/ubuntu jammy-updates/main amd64 python3.10-dev amd64 3.10.12-1~22.04.13 [508 kB]
integration-tests	Build Docker Image	2026-02-02T16:51:58.7637170Z #7 14.24 Get:176 http://archive.ubuntu.com/ubuntu jammy-updates/main amd64 python3-lib2to3 all 3.10.8-1~22.04 [77.6 kB]
integration-tests	Build Docker Image	2026-02-02T16:51:58.7638773Z #7 14.24 Get:177 http://archive.ubuntu.com/ubuntu jammy-updates/main amd64 python3-distutils all 3.10.8-1~22.04 [139 kB]
integration-tests	Build Docker Image	2026-02-02T16:51:58.7640417Z #7 14.24 Get:178 http://archive.ubuntu.com/ubuntu jammy-updates/main amd64 python3-dev amd64 3.10.6-1~22.04.1 [26.0 kB]
integration-tests	Build Docker Image	2026-02-02T16:51:58.7642190Z #7 14.24 Get:179 http://archive.ubuntu.com/ubuntu jammy-updates/main amd64 python3-setuptools all 59.6.0-1.2ubuntu0.22.04.3 [340 kB]
integration-tests	Build Docker Image	2026-02-02T16:51:58.7643680Z #7 14.28 Get:180 http://archive.ubuntu.com/ubuntu jammy-updates/universe amd64 python3-wheel all 0.37.1-2ubuntu0.22.04.1 [32.0 kB]
integration-tests	Build Docker Image	2026-02-02T16:51:58.9422929Z #7 14.28 Get:181 http://archive.ubuntu.com/ubuntu jammy-updates/universe amd64 python3-pip all 22.0.2+dfsg-1ubuntu0.7 [1306 kB]
integration-tests	Build Docker Image	2026-02-02T16:51:58.9424284Z #7 14.30 Get:182 http://archive.ubuntu.com/ubuntu jammy/universe amd64 cmocka-doc all 1.1.5-2 [84.2 kB]
integration-tests	Build Docker Image	2026-02-02T16:51:58.9425571Z #7 14.34 Get:183 http://archive.ubuntu.com/ubuntu jammy/universe amd64 libcmocka0 amd64 1.1.5-2 [21.1 kB]
integration-tests	Build Docker Image	2026-02-02T16:51:58.9426915Z #7 14.34 Get:184 http://archive.ubuntu.com/ubuntu jammy/universe amd64 libcmocka-dev amd64 1.1.5-2 [15.9 kB]
integration-tests	Build Docker Image	2026-02-02T16:51:58.9428056Z #7 14.34 Get:185 http://archive.ubuntu.com/ubuntu jammy/main amd64 libgd-perl amd64 2.76-2build1 [138 kB]
integration-tests	Build Docker Image	2026-02-02T16:51:58.9429041Z #7 14.46 debconf: delaying package configuration, since apt-utils is not installed
integration-tests	Build Docker Image	2026-02-02T16:51:59.0482890Z #7 14.48 Fetched 177 MB in 8s (21.2 MB/s)
integration-tests	Build Docker Image	2026-02-02T16:51:59.0483439Z #7 14.49 (Reading database ... 
integration-tests	Build Docker Image	2026-02-02T16:51:59.0483804Z (Reading database ... 5%
integration-tests	Build Docker Image	2026-02-02T16:51:59.0484132Z (Reading database ... 10%
integration-tests	Build Docker Image	2026-02-02T16:51:59.0484587Z (Reading database ... 15%
integration-tests	Build Docker Image	2026-02-02T16:51:59.0484778Z (Reading database ... 20%
integration-tests	Build Docker Image	2026-02-02T16:51:59.0484977Z (Reading database ... 25%
integration-tests	Build Docker Image	2026-02-02T16:51:59.0485166Z (Reading database ... 30%
integration-tests	Build Docker Image	2026-02-02T16:51:59.0485363Z (Reading database ... 35%
integration-tests	Build Docker Image	2026-02-02T16:51:59.0485556Z (Reading database ... 40%
integration-tests	Build Docker Image	2026-02-02T16:51:59.0485772Z (Reading database ... 45%
integration-tests	Build Docker Image	2026-02-02T16:51:59.0485973Z (Reading database ... 50%
integration-tests	Build Docker Image	2026-02-02T16:51:59.0486165Z (Reading database ... 55%
integration-tests	Build Docker Image	2026-02-02T16:51:59.0486359Z (Reading database ... 60%
integration-tests	Build Docker Image	2026-02-02T16:51:59.0486545Z (Reading database ... 65%
integration-tests	Build Docker Image	2026-02-02T16:51:59.0486734Z (Reading database ... 70%
integration-tests	Build Docker Image	2026-02-02T16:51:59.0486917Z (Reading database ... 75%
integration-tests	Build Docker Image	2026-02-02T16:51:59.0487111Z (Reading database ... 80%
integration-tests	Build Docker Image	2026-02-02T16:51:59.0487292Z (Reading database ... 85%
integration-tests	Build Docker Image	2026-02-02T16:51:59.0487492Z (Reading database ... 90%
integration-tests	Build Docker Image	2026-02-02T16:51:59.0487676Z (Reading database ... 95%
integration-tests	Build Docker Image	2026-02-02T16:51:59.0487871Z (Reading database ... 100%
integration-tests	Build Docker Image	2026-02-02T16:51:59.0488166Z (Reading database ... 4393 files and directories currently installed.)
integration-tests	Build Docker Image	2026-02-02T16:51:59.0488570Z #7 14.50 Preparing to unpack .../libc6_2.35-0ubuntu3.12_amd64.deb ...
integration-tests	Build Docker Image	2026-02-02T16:51:59.0488975Z #7 14.56 Unpacking libc6:amd64 (2.35-0ubuntu3.12) over (2.35-0ubuntu3.11) ...
integration-tests	Build Docker Image	2026-02-02T16:51:59.3179540Z #7 14.83 Setting up libc6:amd64 (2.35-0ubuntu3.12) ...
integration-tests	Build Docker Image	2026-02-02T16:52:00.3985938Z #7 15.91 Selecting previously unselected package liblocale-gettext-perl.
integration-tests	Build Docker Image	2026-02-02T16:52:00.5225272Z #7 15.91 (Reading database ... 
integration-tests	Build Docker Image	2026-02-02T16:52:00.5225755Z (Reading database ... 5%
integration-tests	Build Docker Image	2026-02-02T16:52:00.5225969Z (Reading database ... 10%
integration-tests	Build Docker Image	2026-02-02T16:52:00.5226175Z (Reading database ... 15%
integration-tests	Build Docker Image	2026-02-02T16:52:00.5226363Z (Reading database ... 20%
integration-tests	Build Docker Image	2026-02-02T16:52:00.5226628Z (Reading database ... 25%
integration-tests	Build Docker Image	2026-02-02T16:52:00.5226880Z (Reading database ... 30%
integration-tests	Build Docker Image	2026-02-02T16:52:00.5227099Z (Reading database ... 35%
integration-tests	Build Docker Image	2026-02-02T16:52:00.5227362Z (Reading database ... 40%
integration-tests	Build Docker Image	2026-02-02T16:52:00.5227635Z (Reading database ... 45%
integration-tests	Build Docker Image	2026-02-02T16:52:00.5227824Z (Reading database ... 50%
integration-tests	Build Docker Image	2026-02-02T16:52:00.5228014Z (Reading database ... 55%
integration-tests	Build Docker Image	2026-02-02T16:52:00.5228199Z (Reading database ... 60%
integration-tests	Build Docker Image	2026-02-02T16:52:00.5228412Z (Reading database ... 65%
integration-tests	Build Docker Image	2026-02-02T16:52:00.5228663Z (Reading database ... 70%
integration-tests	Build Docker Image	2026-02-02T16:52:00.5228844Z (Reading database ... 75%
integration-tests	Build Docker Image	2026-02-02T16:52:00.5229053Z (Reading database ... 80%
integration-tests	Build Docker Image	2026-02-02T16:52:00.5229263Z (Reading database ... 85%
integration-tests	Build Docker Image	2026-02-02T16:52:00.5229492Z (Reading database ... 90%
integration-tests	Build Docker Image	2026-02-02T16:52:00.5229684Z (Reading database ... 95%
integration-tests	Build Docker Image	2026-02-02T16:52:00.5229873Z (Reading database ... 100%
integration-tests	Build Docker Image	2026-02-02T16:52:00.5230171Z (Reading database ... 4393 files and directories currently installed.)
integration-tests	Build Docker Image	2026-02-02T16:52:00.5230618Z #7 15.92 Preparing to unpack .../liblocale-gettext-perl_1.07-4build3_amd64.deb ...
integration-tests	Build Docker Image	2026-02-02T16:52:00.5231258Z #7 15.92 Unpacking liblocale-gettext-perl (1.07-4build3) ...
integration-tests	Build Docker Image	2026-02-02T16:52:00.5231663Z #7 15.93 Selecting previously unselected package libpython3.10-minimal:amd64.
integration-tests	Build Docker Image	2026-02-02T16:52:00.5232120Z #7 15.93 Preparing to unpack .../libpython3.10-minimal_3.10.12-1~22.04.13_amd64.deb ...
integration-tests	Build Docker Image	2026-02-02T16:52:00.5232732Z #7 15.93 Unpacking libpython3.10-minimal:amd64 (3.10.12-1~22.04.13) ...
integration-tests	Build Docker Image	2026-02-02T16:52:00.5233106Z #7 15.98 Selecting previously unselected package libexpat1:amd64.
integration-tests	Build Docker Image	2026-02-02T16:52:00.5233585Z #7 15.98 Preparing to unpack .../libexpat1_2.4.7-1ubuntu0.6_amd64.deb ...
integration-tests	Build Docker Image	2026-02-02T16:52:00.5233927Z #7 15.99 Unpacking libexpat1:amd64 (2.4.7-1ubuntu0.6) ...
integration-tests	Build Docker Image	2026-02-02T16:52:00.5234272Z #7 16.00 Selecting previously unselected package python3.10-minimal.
integration-tests	Build Docker Image	2026-02-02T16:52:00.5235094Z #7 16.00 Preparing to unpack .../python3.10-minimal_3.10.12-1~22.04.13_amd64.deb ...
integration-tests	Build Docker Image	2026-02-02T16:52:00.5235486Z #7 16.00 Unpacking python3.10-minimal (3.10.12-1~22.04.13) ...
integration-tests	Build Docker Image	2026-02-02T16:52:00.5235847Z #7 16.04 Setting up libpython3.10-minimal:amd64 (3.10.12-1~22.04.13) ...
integration-tests	Build Docker Image	2026-02-02T16:52:00.6808246Z #7 16.04 Setting up libexpat1:amd64 (2.4.7-1ubuntu0.6) ...
integration-tests	Build Docker Image	2026-02-02T16:52:00.6808876Z #7 16.05 Setting up python3.10-minimal (3.10.12-1~22.04.13) ...
integration-tests	Build Docker Image	2026-02-02T16:52:01.0162068Z #7 16.53 Selecting previously unselected package python3-minimal.
integration-tests	Build Docker Image	2026-02-02T16:52:01.1585456Z #7 16.53 (Reading database ... 
integration-tests	Build Docker Image	2026-02-02T16:52:01.1586044Z (Reading database ... 5%
integration-tests	Build Docker Image	2026-02-02T16:52:01.1586382Z (Reading database ... 10%
integration-tests	Build Docker Image	2026-02-02T16:52:01.1586731Z (Reading database ... 15%
integration-tests	Build Docker Image	2026-02-02T16:52:01.1587012Z (Reading database ... 20%
integration-tests	Build Docker Image	2026-02-02T16:52:01.1587314Z (Reading database ... 25%
integration-tests	Build Docker Image	2026-02-02T16:52:01.1587601Z (Reading database ... 30%
integration-tests	Build Docker Image	2026-02-02T16:52:01.1587896Z (Reading database ... 35%
integration-tests	Build Docker Image	2026-02-02T16:52:01.1588212Z (Reading database ... 40%
integration-tests	Build Docker Image	2026-02-02T16:52:01.1588535Z (Reading database ... 45%
integration-tests	Build Docker Image	2026-02-02T16:52:01.1588839Z (Reading database ... 50%
integration-tests	Build Docker Image	2026-02-02T16:52:01.1589140Z (Reading database ... 55%
integration-tests	Build Docker Image	2026-02-02T16:52:01.1589455Z (Reading database ... 60%
integration-tests	Build Docker Image	2026-02-02T16:52:01.1589764Z (Reading database ... 65%
integration-tests	Build Docker Image	2026-02-02T16:52:01.1590079Z (Reading database ... 70%
integration-tests	Build Docker Image	2026-02-02T16:52:01.1590403Z (Reading database ... 75%
integration-tests	Build Docker Image	2026-02-02T16:52:01.1590731Z (Reading database ... 80%
integration-tests	Build Docker Image	2026-02-02T16:52:01.1590928Z (Reading database ... 85%
integration-tests	Build Docker Image	2026-02-02T16:52:01.1591119Z (Reading database ... 90%
integration-tests	Build Docker Image	2026-02-02T16:52:01.1591381Z (Reading database ... 95%
integration-tests	Build Docker Image	2026-02-02T16:52:01.1591621Z (Reading database ... 100%
integration-tests	Build Docker Image	2026-02-02T16:52:01.1592063Z (Reading database ... 4711 files and directories currently installed.)
integration-tests	Build Docker Image	2026-02-02T16:52:01.1592736Z #7 16.53 Preparing to unpack .../0-python3-minimal_3.10.6-1~22.04.1_amd64.deb ...
integration-tests	Build Docker Image	2026-02-02T16:52:01.1593435Z #7 16.54 Unpacking python3-minimal (3.10.6-1~22.04.1) ...
integration-tests	Build Docker Image	2026-02-02T16:52:01.1593948Z #7 16.55 Selecting previously unselected package media-types.
integration-tests	Build Docker Image	2026-02-02T16:52:01.1594510Z #7 16.55 Preparing to unpack .../1-media-types_7.0.0_all.deb ...
integration-tests	Build Docker Image	2026-02-02T16:52:01.1594906Z #7 16.55 Unpacking media-types (7.0.0) ...
integration-tests	Build Docker Image	2026-02-02T16:52:01.1595238Z #7 16.56 Selecting previously unselected package libmpdec3:amd64.
integration-tests	Build Docker Image	2026-02-02T16:52:01.1595724Z #7 16.56 Preparing to unpack .../2-libmpdec3_2.5.1-2build2_amd64.deb ...
integration-tests	Build Docker Image	2026-02-02T16:52:01.1596074Z #7 16.56 Unpacking libmpdec3:amd64 (2.5.1-2build2) ...
integration-tests	Build Docker Image	2026-02-02T16:52:01.1596399Z #7 16.57 Selecting previously unselected package readline-common.
integration-tests	Build Docker Image	2026-02-02T16:52:01.1596779Z #7 16.57 Preparing to unpack .../3-readline-common_8.1.2-1_all.deb ...
integration-tests	Build Docker Image	2026-02-02T16:52:01.1597213Z #7 16.57 Unpacking readline-common (8.1.2-1) ...
integration-tests	Build Docker Image	2026-02-02T16:52:01.1597547Z #7 16.59 Selecting previously unselected package libreadline8:amd64.
integration-tests	Build Docker Image	2026-02-02T16:52:01.1597993Z #7 16.59 Preparing to unpack .../4-libreadline8_8.1.2-1_amd64.deb ...
integration-tests	Build Docker Image	2026-02-02T16:52:01.1598315Z #7 16.59 Unpacking libreadline8:amd64 (8.1.2-1) ...
integration-tests	Build Docker Image	2026-02-02T16:52:01.1598772Z #7 16.60 Selecting previously unselected package libsqlite3-0:amd64.
integration-tests	Build Docker Image	2026-02-02T16:52:01.1599165Z #7 16.60 Preparing to unpack .../5-libsqlite3-0_3.37.2-2ubuntu0.5_amd64.deb ...
integration-tests	Build Docker Image	2026-02-02T16:52:01.1599912Z #7 16.60 Unpacking libsqlite3-0:amd64 (3.37.2-2ubuntu0.5) ...
integration-tests	Build Docker Image	2026-02-02T16:52:01.1600344Z #7 16.62 Selecting previously unselected package libpython3.10-stdlib:amd64.
integration-tests	Build Docker Image	2026-02-02T16:52:01.1600944Z #7 16.62 Preparing to unpack .../6-libpython3.10-stdlib_3.10.12-1~22.04.13_amd64.deb ...
integration-tests	Build Docker Image	2026-02-02T16:52:01.1601390Z #7 16.62 Unpacking libpython3.10-stdlib:amd64 (3.10.12-1~22.04.13) ...
integration-tests	Build Docker Image	2026-02-02T16:52:01.1601930Z #7 16.67 Selecting previously unselected package python3.10.
integration-tests	Build Docker Image	2026-02-02T16:52:01.3014640Z #7 16.67 Preparing to unpack .../7-python3.10_3.10.12-1~22.04.13_amd64.deb ...
integration-tests	Build Docker Image	2026-02-02T16:52:01.3015166Z #7 16.68 Unpacking python3.10 (3.10.12-1~22.04.13) ...
integration-tests	Build Docker Image	2026-02-02T16:52:01.3015535Z #7 16.69 Selecting previously unselected package libpython3-stdlib:amd64.
integration-tests	Build Docker Image	2026-02-02T16:52:01.3015974Z #7 16.69 Preparing to unpack .../8-libpython3-stdlib_3.10.6-1~22.04.1_amd64.deb ...
integration-tests	Build Docker Image	2026-02-02T16:52:01.3016366Z #7 16.69 Unpacking libpython3-stdlib:amd64 (3.10.6-1~22.04.1) ...
integration-tests	Build Docker Image	2026-02-02T16:52:01.3016901Z #7 16.70 Setting up python3-minimal (3.10.6-1~22.04.1) ...
integration-tests	Build Docker Image	2026-02-02T16:52:01.3017396Z #7 16.82 Selecting previously unselected package python3.
integration-tests	Build Docker Image	2026-02-02T16:52:01.4714866Z #7 16.82 (Reading database ... 
integration-tests	Build Docker Image	2026-02-02T16:52:01.4715364Z (Reading database ... 5%
integration-tests	Build Docker Image	2026-02-02T16:52:01.4715702Z (Reading database ... 10%
integration-tests	Build Docker Image	2026-02-02T16:52:01.4715944Z (Reading database ... 15%
integration-tests	Build Docker Image	2026-02-02T16:52:01.4716249Z (Reading database ... 20%
integration-tests	Build Docker Image	2026-02-02T16:52:01.4716497Z (Reading database ... 25%
integration-tests	Build Docker Image	2026-02-02T16:52:01.4716752Z (Reading database ... 30%
integration-tests	Build Docker Image	2026-02-02T16:52:01.4717058Z (Reading database ... 35%
integration-tests	Build Docker Image	2026-02-02T16:52:01.4717292Z (Reading database ... 40%
integration-tests	Build Docker Image	2026-02-02T16:52:01.4717519Z (Reading database ... 45%
integration-tests	Build Docker Image	2026-02-02T16:52:01.4717742Z (Reading database ... 50%
integration-tests	Build Docker Image	2026-02-02T16:52:01.4717968Z (Reading database ... 55%
integration-tests	Build Docker Image	2026-02-02T16:52:01.4718190Z (Reading database ... 60%
integration-tests	Build Docker Image	2026-02-02T16:52:01.4718406Z (Reading database ... 65%
integration-tests	Build Docker Image	2026-02-02T16:52:01.4718633Z (Reading database ... 70%
integration-tests	Build Docker Image	2026-02-02T16:52:01.4718871Z (Reading database ... 75%
integration-tests	Build Docker Image	2026-02-02T16:52:01.4719099Z (Reading database ... 80%
integration-tests	Build Docker Image	2026-02-02T16:52:01.4719317Z (Reading database ... 85%
integration-tests	Build Docker Image	2026-02-02T16:52:01.4719543Z (Reading database ... 90%
integration-tests	Build Docker Image	2026-02-02T16:52:01.4719792Z (Reading database ... 95%
integration-tests	Build Docker Image	2026-02-02T16:52:01.4720026Z (Reading database ... 100%
integration-tests	Build Docker Image	2026-02-02T16:52:01.4720382Z (Reading database ... 5141 files and directories currently installed.)
integration-tests	Build Docker Image	2026-02-02T16:52:01.4720901Z #7 16.82 Preparing to unpack .../000-python3_3.10.6-1~22.04.1_amd64.deb ...
integration-tests	Build Docker Image	2026-02-02T16:52:01.4721341Z #7 16.82 Unpacking python3 (3.10.6-1~22.04.1) ...
integration-tests	Build Docker Image	2026-02-02T16:52:01.4721742Z #7 16.83 Selecting previously unselected package perl-modules-5.34.
integration-tests	Build Docker Image	2026-02-02T16:52:01.4722253Z #7 16.84 Preparing to unpack .../001-perl-modules-5.34_5.34.0-3ubuntu1.5_all.deb ...
integration-tests	Build Docker Image	2026-02-02T16:52:01.4722732Z #7 16.84 Unpacking perl-modules-5.34 (5.34.0-3ubuntu1.5) ...
integration-tests	Build Docker Image	2026-02-02T16:52:01.4788266Z #7 16.99 Selecting previously unselected package libgdbm6:amd64.
integration-tests	Build Docker Image	2026-02-02T16:52:01.6281081Z #7 17.00 Preparing to unpack .../002-libgdbm6_1.23-1_amd64.deb ...
integration-tests	Build Docker Image	2026-02-02T16:52:01.6281596Z #7 17.00 Unpacking libgdbm6:amd64 (1.23-1) ...
integration-tests	Build Docker Image	2026-02-02T16:52:01.6281983Z #7 17.01 Selecting previously unselected package libgdbm-compat4:amd64.
integration-tests	Build Docker Image	2026-02-02T16:52:01.6282429Z #7 17.01 Preparing to unpack .../003-libgdbm-compat4_1.23-1_amd64.deb ...
integration-tests	Build Docker Image	2026-02-02T16:52:01.6282792Z #7 17.01 Unpacking libgdbm-compat4:amd64 (1.23-1) ...
integration-tests	Build Docker Image	2026-02-02T16:52:01.6283128Z #7 17.02 Selecting previously unselected package libperl5.34:amd64.
integration-tests	Build Docker Image	2026-02-02T16:52:01.6283538Z #7 17.02 Preparing to unpack .../004-libperl5.34_5.34.0-3ubuntu1.5_amd64.deb ...
integration-tests	Build Docker Image	2026-02-02T16:52:01.6283916Z #7 17.02 Unpacking libperl5.34:amd64 (5.34.0-3ubuntu1.5) ...
integration-tests	Build Docker Image	2026-02-02T16:52:01.6284224Z #7 17.14 Selecting previously unselected package perl.
integration-tests	Build Docker Image	2026-02-02T16:52:01.7287111Z #7 17.14 Preparing to unpack .../005-perl_5.34.0-3ubuntu1.5_amd64.deb ...
integration-tests	Build Docker Image	2026-02-02T16:52:01.7287870Z #7 17.15 Unpacking perl (5.34.0-3ubuntu1.5) ...
integration-tests	Build Docker Image	2026-02-02T16:52:01.7288383Z #7 17.16 Selecting previously unselected package openssl.
integration-tests	Build Docker Image	2026-02-02T16:52:01.7289282Z #7 17.16 Preparing to unpack .../006-openssl_3.0.2-0ubuntu1.21_amd64.deb ...
integration-tests	Build Docker Image	2026-02-02T16:52:01.7289863Z #7 17.17 Unpacking openssl (3.0.2-0ubuntu1.21) ...
integration-tests	Build Docker Image	2026-02-02T16:52:01.7290433Z #7 17.19 Selecting previously unselected package ca-certificates.
integration-tests	Build Docker Image	2026-02-02T16:52:01.7291126Z #7 17.19 Preparing to unpack .../007-ca-certificates_20240203~22.04.1_all.deb ...
integration-tests	Build Docker Image	2026-02-02T16:52:01.7291767Z #7 17.19 Unpacking ca-certificates (20240203~22.04.1) ...
integration-tests	Build Docker Image	2026-02-02T16:52:01.7292455Z #7 17.21 Selecting previously unselected package less.
integration-tests	Build Docker Image	2026-02-02T16:52:01.7293057Z #7 17.22 Preparing to unpack .../008-less_590-1ubuntu0.22.04.3_amd64.deb ...
integration-tests	Build Docker Image	2026-02-02T16:52:01.7293612Z #7 17.22 Unpacking less (590-1ubuntu0.22.04.3) ...
integration-tests	Build Docker Image	2026-02-02T16:52:01.7294112Z #7 17.23 Selecting previously unselected package libmd0:amd64.
integration-tests	Build Docker Image	2026-02-02T16:52:01.7294922Z #7 17.23 Preparing to unpack .../009-libmd0_1.0.4-1build1_amd64.deb ...
integration-tests	Build Docker Image	2026-02-02T16:52:01.7295464Z #7 17.23 Unpacking libmd0:amd64 (1.0.4-1build1) ...
integration-tests	Build Docker Image	2026-02-02T16:52:01.7295995Z #7 17.24 Selecting previously unselected package libbsd0:amd64.
integration-tests	Build Docker Image	2026-02-02T16:52:01.7296573Z #7 17.24 Preparing to unpack .../010-libbsd0_0.11.5-1_amd64.deb ...
integration-tests	Build Docker Image	2026-02-02T16:52:01.7296898Z #7 17.24 Unpacking libbsd0:amd64 (0.11.5-1) ...
integration-tests	Build Docker Image	2026-02-02T16:52:01.8941512Z #7 17.26 Selecting previously unselected package libglib2.0-0:amd64.
integration-tests	Build Docker Image	2026-02-02T16:52:01.8942113Z #7 17.26 Preparing to unpack .../011-libglib2.0-0_2.72.4-0ubuntu2.8_amd64.deb ...
integration-tests	Build Docker Image	2026-02-02T16:52:01.8942582Z #7 17.26 Unpacking libglib2.0-0:amd64 (2.72.4-0ubuntu2.8) ...
integration-tests	Build Docker Image	2026-02-02T16:52:01.8942939Z #7 17.28 Selecting previously unselected package libglib2.0-data.
integration-tests	Build Docker Image	2026-02-02T16:52:01.8943334Z #7 17.29 Preparing to unpack .../012-libglib2.0-data_2.72.4-0ubuntu2.8_all.deb ...
integration-tests	Build Docker Image	2026-02-02T16:52:01.8943723Z #7 17.29 Unpacking libglib2.0-data (2.72.4-0ubuntu2.8) ...
integration-tests	Build Docker Image	2026-02-02T16:52:01.8944057Z #7 17.30 Selecting previously unselected package libicu70:amd64.
integration-tests	Build Docker Image	2026-02-02T16:52:01.8945056Z #7 17.30 Preparing to unpack .../013-libicu70_70.1-2_amd64.deb ...
integration-tests	Build Docker Image	2026-02-02T16:52:01.8945381Z #7 17.30 Unpacking libicu70:amd64 (70.1-2) ...
integration-tests	Build Docker Image	2026-02-02T16:52:01.8945689Z #7 17.41 Selecting previously unselected package libxml2:amd64.
integration-tests	Build Docker Image	2026-02-02T16:52:02.0190835Z #7 17.41 Preparing to unpack .../014-libxml2_2.9.13+dfsg-1ubuntu0.11_amd64.deb ...
integration-tests	Build Docker Image	2026-02-02T16:52:02.0191549Z #7 17.41 Unpacking libxml2:amd64 (2.9.13+dfsg-1ubuntu0.11) ...
integration-tests	Build Docker Image	2026-02-02T16:52:02.0192093Z #7 17.43 Selecting previously unselected package netbase.
integration-tests	Build Docker Image	2026-02-02T16:52:02.0192445Z #7 17.43 Preparing to unpack .../015-netbase_6.3_all.deb ...
integration-tests	Build Docker Image	2026-02-02T16:52:02.0192729Z #7 17.43 Unpacking netbase (6.3) ...
integration-tests	Build Docker Image	2026-02-02T16:52:02.0193038Z #7 17.44 Selecting previously unselected package python3-pkg-resources.
integration-tests	Build Docker Image	2026-02-02T16:52:02.0193512Z #7 17.44 Preparing to unpack .../016-python3-pkg-resources_59.6.0-1.2ubuntu0.22.04.3_all.deb ...
integration-tests	Build Docker Image	2026-02-02T16:52:02.0193973Z #7 17.44 Unpacking python3-pkg-resources (59.6.0-1.2ubuntu0.22.04.3) ...
integration-tests	Build Docker Image	2026-02-02T16:52:02.0194460Z #7 17.46 Selecting previously unselected package shared-mime-info.
integration-tests	Build Docker Image	2026-02-02T16:52:02.0194842Z #7 17.46 Preparing to unpack .../017-shared-mime-info_2.1-2_amd64.deb ...
integration-tests	Build Docker Image	2026-02-02T16:52:02.0195183Z #7 17.46 Unpacking shared-mime-info (2.1-2) ...
integration-tests	Build Docker Image	2026-02-02T16:52:02.0195476Z #7 17.48 Selecting previously unselected package ucf.
integration-tests	Build Docker Image	2026-02-02T16:52:02.0195786Z #7 17.48 Preparing to unpack .../018-ucf_3.0043_all.deb ...
integration-tests	Build Docker Image	2026-02-02T16:52:02.0196070Z #7 17.48 Moving old data out of the way
integration-tests	Build Docker Image	2026-02-02T16:52:02.0196302Z #7 17.48 Unpacking ucf (3.0043) ...
integration-tests	Build Docker Image	2026-02-02T16:52:02.0196588Z #7 17.50 Selecting previously unselected package xdg-user-dirs.
integration-tests	Build Docker Image	2026-02-02T16:52:02.0196962Z #7 17.50 Preparing to unpack .../019-xdg-user-dirs_0.17-2ubuntu4_amd64.deb ...
integration-tests	Build Docker Image	2026-02-02T16:52:02.0197328Z #7 17.50 Unpacking xdg-user-dirs (0.17-2ubuntu4) ...
integration-tests	Build Docker Image	2026-02-02T16:52:02.0197812Z #7 17.53 Selecting previously unselected package libcbor0.8:amd64.
integration-tests	Build Docker Image	2026-02-02T16:52:02.1283691Z #7 17.54 Preparing to unpack .../020-libcbor0.8_0.8.0-2ubuntu1_amd64.deb ...
integration-tests	Build Docker Image	2026-02-02T16:52:02.1285096Z #7 17.54 Unpacking libcbor0.8:amd64 (0.8.0-2ubuntu1) ...
integration-tests	Build Docker Image	2026-02-02T16:52:02.1285614Z #7 17.55 Selecting previously unselected package libedit2:amd64.
integration-tests	Build Docker Image	2026-02-02T16:52:02.1286201Z #7 17.55 Preparing to unpack .../021-libedit2_3.1-20210910-1build1_amd64.deb ...
integration-tests	Build Docker Image	2026-02-02T16:52:02.1286769Z #7 17.55 Unpacking libedit2:amd64 (3.1-20210910-1build1) ...
integration-tests	Build Docker Image	2026-02-02T16:52:02.1287299Z #7 17.56 Selecting previously unselected package libfido2-1:amd64.
integration-tests	Build Docker Image	2026-02-02T16:52:02.1288084Z #7 17.56 Preparing to unpack .../022-libfido2-1_1.10.0-1_amd64.deb ...
integration-tests	Build Docker Image	2026-02-02T16:52:02.1288529Z #7 17.56 Unpacking libfido2-1:amd64 (1.10.0-1) ...
integration-tests	Build Docker Image	2026-02-02T16:52:02.1288982Z #7 17.58 Selecting previously unselected package libnghttp2-14:amd64.
integration-tests	Build Docker Image	2026-02-02T16:52:02.1289391Z #7 17.58 Preparing to unpack .../023-libnghttp2-14_1.43.0-1ubuntu0.2_amd64.deb ...
integration-tests	Build Docker Image	2026-02-02T16:52:02.1289783Z #7 17.58 Unpacking libnghttp2-14:amd64 (1.43.0-1ubuntu0.2) ...
integration-tests	Build Docker Image	2026-02-02T16:52:02.1290246Z #7 17.59 Selecting previously unselected package libpng16-16:amd64.
integration-tests	Build Docker Image	2026-02-02T16:52:02.1290829Z #7 17.59 Preparing to unpack .../024-libpng16-16_1.6.37-3ubuntu0.3_amd64.deb ...
integration-tests	Build Docker Image	2026-02-02T16:52:02.1291421Z #7 17.59 Unpacking libpng16-16:amd64 (1.6.37-3ubuntu0.3) ...
integration-tests	Build Docker Image	2026-02-02T16:52:02.1291948Z #7 17.60 Selecting previously unselected package libpsl5:amd64.
integration-tests	Build Docker Image	2026-02-02T16:52:02.1292544Z #7 17.61 Preparing to unpack .../025-libpsl5_0.21.0-1.2build2_amd64.deb ...
integration-tests	Build Docker Image	2026-02-02T16:52:02.1292946Z #7 17.61 Unpacking libpsl5:amd64 (0.21.0-1.2build2) ...
integration-tests	Build Docker Image	2026-02-02T16:52:02.1293266Z #7 17.62 Selecting previously unselected package libuv1:amd64.
integration-tests	Build Docker Image	2026-02-02T16:52:02.1293909Z #7 17.62 Preparing to unpack .../026-libuv1_1.43.0-1ubuntu0.1_amd64.deb ...
integration-tests	Build Docker Image	2026-02-02T16:52:02.1294260Z #7 17.62 Unpacking libuv1:amd64 (1.43.0-1ubuntu0.1) ...
integration-tests	Build Docker Image	2026-02-02T16:52:02.1294838Z #7 17.63 Selecting previously unselected package libxau6:amd64.
integration-tests	Build Docker Image	2026-02-02T16:52:02.1295216Z #7 17.63 Preparing to unpack .../027-libxau6_1%3a1.0.9-1build5_amd64.deb ...
integration-tests	Build Docker Image	2026-02-02T16:52:02.1295580Z #7 17.63 Unpacking libxau6:amd64 (1:1.0.9-1build5) ...
integration-tests	Build Docker Image	2026-02-02T16:52:02.1295900Z #7 17.64 Selecting previously unselected package libxdmcp6:amd64.
integration-tests	Build Docker Image	2026-02-02T16:52:02.2314130Z #7 17.64 Preparing to unpack .../028-libxdmcp6_1%3a1.1.3-0ubuntu5_amd64.deb ...
integration-tests	Build Docker Image	2026-02-02T16:52:02.2314828Z #7 17.65 Unpacking libxdmcp6:amd64 (1:1.1.3-0ubuntu5) ...
integration-tests	Build Docker Image	2026-02-02T16:52:02.2315202Z #7 17.66 Selecting previously unselected package libxcb1:amd64.
integration-tests	Build Docker Image	2026-02-02T16:52:02.2315622Z #7 17.66 Preparing to unpack .../029-libxcb1_1.14-3ubuntu3_amd64.deb ...
integration-tests	Build Docker Image	2026-02-02T16:52:02.2315964Z #7 17.66 Unpacking libxcb1:amd64 (1.14-3ubuntu3) ...
integration-tests	Build Docker Image	2026-02-02T16:52:02.2316282Z #7 17.67 Selecting previously unselected package libx11-data.
integration-tests	Build Docker Image	2026-02-02T16:52:02.2316662Z #7 17.67 Preparing to unpack .../030-libx11-data_2%3a1.7.5-1ubuntu0.3_all.deb ...
integration-tests	Build Docker Image	2026-02-02T16:52:02.2317035Z #7 17.67 Unpacking libx11-data (2:1.7.5-1ubuntu0.3) ...
integration-tests	Build Docker Image	2026-02-02T16:52:02.2317355Z #7 17.71 Selecting previously unselected package libx11-6:amd64.
integration-tests	Build Docker Image	2026-02-02T16:52:02.2317744Z #7 17.71 Preparing to unpack .../031-libx11-6_2%3a1.7.5-1ubuntu0.3_amd64.deb ...
integration-tests	Build Docker Image	2026-02-02T16:52:02.2318107Z #7 17.71 Unpacking libx11-6:amd64 (2:1.7.5-1ubuntu0.3) ...
integration-tests	Build Docker Image	2026-02-02T16:52:02.2318423Z #7 17.72 Selecting previously unselected package libxext6:amd64.
integration-tests	Build Docker Image	2026-02-02T16:52:02.2318796Z #7 17.72 Preparing to unpack .../032-libxext6_2%3a1.3.4-1build1_amd64.deb ...
integration-tests	Build Docker Image	2026-02-02T16:52:02.2319142Z #7 17.72 Unpacking libxext6:amd64 (2:1.3.4-1build1) ...
integration-tests	Build Docker Image	2026-02-02T16:52:02.2319486Z #7 17.73 Selecting previously unselected package libxmuu1:amd64.
integration-tests	Build Docker Image	2026-02-02T16:52:02.2319837Z #7 17.74 Preparing to unpack .../033-libxmuu1_2%3a1.1.3-3_amd64.deb ...
integration-tests	Build Docker Image	2026-02-02T16:52:02.2320197Z #7 17.74 Unpacking libxmuu1:amd64 (2:1.1.3-3) ...
integration-tests	Build Docker Image	2026-02-02T16:52:02.2320637Z #7 17.75 Selecting previously unselected package manpages.
integration-tests	Build Docker Image	2026-02-02T16:52:02.3464662Z #7 17.75 Preparing to unpack .../034-manpages_5.10-1ubuntu1_all.deb ...
integration-tests	Build Docker Image	2026-02-02T16:52:02.3465365Z #7 17.75 Unpacking manpages (5.10-1ubuntu1) ...
integration-tests	Build Docker Image	2026-02-02T16:52:02.3466198Z #7 17.83 Selecting previously unselected package openssh-client.
integration-tests	Build Docker Image	2026-02-02T16:52:02.3466892Z #7 17.84 Preparing to unpack .../035-openssh-client_1%3a8.9p1-3ubuntu0.13_amd64.deb ...
integration-tests	Build Docker Image	2026-02-02T16:52:02.3467300Z #7 17.84 Unpacking openssh-client (1:8.9p1-3ubuntu0.13) ...
integration-tests	Build Docker Image	2026-02-02T16:52:02.3467644Z #7 17.86 Selecting previously unselected package publicsuffix.
integration-tests	Build Docker Image	2026-02-02T16:52:02.4487723Z #7 17.86 Preparing to unpack .../036-publicsuffix_20211207.1025-1_all.deb ...
integration-tests	Build Docker Image	2026-02-02T16:52:02.4488454Z #7 17.86 Unpacking publicsuffix (20211207.1025-1) ...
integration-tests	Build Docker Image	2026-02-02T16:52:02.4488855Z #7 17.87 Selecting previously unselected package wget.
integration-tests	Build Docker Image	2026-02-02T16:52:02.4489192Z #7 17.88 Preparing to unpack .../037-wget_1.21.2-2ubuntu1.1_amd64.deb ...
integration-tests	Build Docker Image	2026-02-02T16:52:02.4489529Z #7 17.88 Unpacking wget (1.21.2-2ubuntu1.1) ...
integration-tests	Build Docker Image	2026-02-02T16:52:02.4489817Z #7 17.89 Selecting previously unselected package xauth.
integration-tests	Build Docker Image	2026-02-02T16:52:02.4490155Z #7 17.89 Preparing to unpack .../038-xauth_1%3a1.1-1build2_amd64.deb ...
integration-tests	Build Docker Image	2026-02-02T16:52:02.4490485Z #7 17.89 Unpacking xauth (1:1.1-1build2) ...
integration-tests	Build Docker Image	2026-02-02T16:52:02.4490765Z #7 17.90 Selecting previously unselected package xz-utils.
integration-tests	Build Docker Image	2026-02-02T16:52:02.4491119Z #7 17.90 Preparing to unpack .../039-xz-utils_5.2.5-2ubuntu1_amd64.deb ...
integration-tests	Build Docker Image	2026-02-02T16:52:02.4491443Z #7 17.90 Unpacking xz-utils (5.2.5-2ubuntu1) ...
integration-tests	Build Docker Image	2026-02-02T16:52:02.4491778Z #7 17.92 Selecting previously unselected package binutils-common:amd64.
integration-tests	Build Docker Image	2026-02-02T16:52:02.4492199Z #7 17.92 Preparing to unpack .../040-binutils-common_2.38-4ubuntu2.12_amd64.deb ...
integration-tests	Build Docker Image	2026-02-02T16:52:02.4492592Z #7 17.92 Unpacking binutils-common:amd64 (2.38-4ubuntu2.12) ...
integration-tests	Build Docker Image	2026-02-02T16:52:02.4492953Z #7 17.93 Selecting previously unselected package libbinutils:amd64.
integration-tests	Build Docker Image	2026-02-02T16:52:02.4493339Z #7 17.93 Preparing to unpack .../041-libbinutils_2.38-4ubuntu2.12_amd64.deb ...
integration-tests	Build Docker Image	2026-02-02T16:52:02.4493839Z #7 17.93 Unpacking libbinutils:amd64 (2.38-4ubuntu2.12) ...
integration-tests	Build Docker Image	2026-02-02T16:52:02.4495216Z #7 17.95 Selecting previously unselected package libctf-nobfd0:amd64.
integration-tests	Build Docker Image	2026-02-02T16:52:02.4496242Z #7 17.95 Preparing to unpack .../042-libctf-nobfd0_2.38-4ubuntu2.12_amd64.deb ...
integration-tests	Build Docker Image	2026-02-02T16:52:02.4496840Z #7 17.95 Unpacking libctf-nobfd0:amd64 (2.38-4ubuntu2.12) ...
integration-tests	Build Docker Image	2026-02-02T16:52:02.4497180Z #7 17.96 Selecting previously unselected package libctf0:amd64.
integration-tests	Build Docker Image	2026-02-02T16:52:02.6451499Z #7 17.97 Preparing to unpack .../043-libctf0_2.38-4ubuntu2.12_amd64.deb ...
integration-tests	Build Docker Image	2026-02-02T16:52:02.6452227Z #7 17.97 Unpacking libctf0:amd64 (2.38-4ubuntu2.12) ...
integration-tests	Build Docker Image	2026-02-02T16:52:02.6452927Z #7 17.98 Selecting previously unselected package binutils-x86-64-linux-gnu.
integration-tests	Build Docker Image	2026-02-02T16:52:02.6453597Z #7 17.98 Preparing to unpack .../044-binutils-x86-64-linux-gnu_2.38-4ubuntu2.12_amd64.deb ...
integration-tests	Build Docker Image	2026-02-02T16:52:02.6454082Z #7 17.98 Unpacking binutils-x86-64-linux-gnu (2.38-4ubuntu2.12) ...
integration-tests	Build Docker Image	2026-02-02T16:52:02.6454575Z #7 18.03 Selecting previously unselected package binutils.
integration-tests	Build Docker Image	2026-02-02T16:52:02.6454944Z #7 18.03 Preparing to unpack .../045-binutils_2.38-4ubuntu2.12_amd64.deb ...
integration-tests	Build Docker Image	2026-02-02T16:52:02.6455306Z #7 18.03 Unpacking binutils (2.38-4ubuntu2.12) ...
integration-tests	Build Docker Image	2026-02-02T16:52:02.6455626Z #7 18.04 Selecting previously unselected package libc-dev-bin.
integration-tests	Build Docker Image	2026-02-02T16:52:02.6456011Z #7 18.05 Preparing to unpack .../046-libc-dev-bin_2.35-0ubuntu3.12_amd64.deb ...
integration-tests	Build Docker Image	2026-02-02T16:52:02.6456373Z #7 18.05 Unpacking libc-dev-bin (2.35-0ubuntu3.12) ...
integration-tests	Build Docker Image	2026-02-02T16:52:02.6456721Z #7 18.06 Selecting previously unselected package linux-libc-dev:amd64.
integration-tests	Build Docker Image	2026-02-02T16:52:02.6457129Z #7 18.06 Preparing to unpack .../047-linux-libc-dev_5.15.0-168.178_amd64.deb ...
integration-tests	Build Docker Image	2026-02-02T16:52:02.6457494Z #7 18.06 Unpacking linux-libc-dev:amd64 (5.15.0-168.178) ...
integration-tests	Build Docker Image	2026-02-02T16:52:02.6457839Z #7 18.16 Selecting previously unselected package libcrypt-dev:amd64.
integration-tests	Build Docker Image	2026-02-02T16:52:02.7853051Z #7 18.16 Preparing to unpack .../048-libcrypt-dev_1%3a4.4.27-1_amd64.deb ...
integration-tests	Build Docker Image	2026-02-02T16:52:02.7853760Z #7 18.16 Unpacking libcrypt-dev:amd64 (1:4.4.27-1) ...
integration-tests	Build Docker Image	2026-02-02T16:52:02.7854285Z #7 18.17 Selecting previously unselected package rpcsvc-proto.
integration-tests	Build Docker Image	2026-02-02T16:52:02.7855403Z #7 18.17 Preparing to unpack .../049-rpcsvc-proto_1.4.2-0ubuntu6_amd64.deb ...
integration-tests	Build Docker Image	2026-02-02T16:52:02.7855969Z #7 18.18 Unpacking rpcsvc-proto (1.4.2-0ubuntu6) ...
integration-tests	Build Docker Image	2026-02-02T16:52:02.7856481Z #7 18.19 Selecting previously unselected package libtirpc-dev:amd64.
integration-tests	Build Docker Image	2026-02-02T16:52:02.7857095Z #7 18.19 Preparing to unpack .../050-libtirpc-dev_1.3.2-2ubuntu0.1_amd64.deb ...
integration-tests	Build Docker Image	2026-02-02T16:52:02.7857664Z #7 18.19 Unpacking libtirpc-dev:amd64 (1.3.2-2ubuntu0.1) ...
integration-tests	Build Docker Image	2026-02-02T16:52:02.7858343Z #7 18.20 Selecting previously unselected package libnsl-dev:amd64.
integration-tests	Build Docker Image	2026-02-02T16:52:02.7858913Z #7 18.21 Preparing to unpack .../051-libnsl-dev_1.3.0-2build2_amd64.deb ...
integration-tests	Build Docker Image	2026-02-02T16:52:02.7859448Z #7 18.21 Unpacking libnsl-dev:amd64 (1.3.0-2build2) ...
integration-tests	Build Docker Image	2026-02-02T16:52:02.7859951Z #7 18.22 Selecting previously unselected package libc6-dev:amd64.
integration-tests	Build Docker Image	2026-02-02T16:52:02.7860637Z #7 18.22 Preparing to unpack .../052-libc6-dev_2.35-0ubuntu3.12_amd64.deb ...
integration-tests	Build Docker Image	2026-02-02T16:52:02.7861208Z #7 18.22 Unpacking libc6-dev:amd64 (2.35-0ubuntu3.12) ...
integration-tests	Build Docker Image	2026-02-02T16:52:02.7861713Z #7 18.30 Selecting previously unselected package gcc-11-base:amd64.
integration-tests	Build Docker Image	2026-02-02T16:52:02.9520438Z #7 18.30 Preparing to unpack .../053-gcc-11-base_11.4.0-1ubuntu1~22.04.2_amd64.deb ...
integration-tests	Build Docker Image	2026-02-02T16:52:02.9520933Z #7 18.30 Unpacking gcc-11-base:amd64 (11.4.0-1ubuntu1~22.04.2) ...
integration-tests	Build Docker Image	2026-02-02T16:52:02.9521295Z #7 18.31 Selecting previously unselected package libisl23:amd64.
integration-tests	Build Docker Image	2026-02-02T16:52:02.9521710Z #7 18.32 Preparing to unpack .../054-libisl23_0.24-2build1_amd64.deb ...
integration-tests	Build Docker Image	2026-02-02T16:52:02.9522042Z #7 18.32 Unpacking libisl23:amd64 (0.24-2build1) ...
integration-tests	Build Docker Image	2026-02-02T16:52:02.9522366Z #7 18.34 Selecting previously unselected package libmpfr6:amd64.
integration-tests	Build Docker Image	2026-02-02T16:52:02.9522724Z #7 18.34 Preparing to unpack .../055-libmpfr6_4.1.0-3build3_amd64.deb ...
integration-tests	Build Docker Image	2026-02-02T16:52:02.9523073Z #7 18.34 Unpacking libmpfr6:amd64 (4.1.0-3build3) ...
integration-tests	Build Docker Image	2026-02-02T16:52:02.9523395Z #7 18.36 Selecting previously unselected package libmpc3:amd64.
integration-tests	Build Docker Image	2026-02-02T16:52:02.9523761Z #7 18.36 Preparing to unpack .../056-libmpc3_1.2.1-2build1_amd64.deb ...
integration-tests	Build Docker Image	2026-02-02T16:52:02.9524090Z #7 18.36 Unpacking libmpc3:amd64 (1.2.1-2build1) ...
integration-tests	Build Docker Image	2026-02-02T16:52:02.9524522Z #7 18.37 Selecting previously unselected package cpp-11.
integration-tests	Build Docker Image	2026-02-02T16:52:02.9524886Z #7 18.37 Preparing to unpack .../057-cpp-11_11.4.0-1ubuntu1~22.04.2_amd64.deb ...
integration-tests	Build Docker Image	2026-02-02T16:52:02.9525252Z #7 18.37 Unpacking cpp-11 (11.4.0-1ubuntu1~22.04.2) ...
integration-tests	Build Docker Image	2026-02-02T16:52:02.9525557Z #7 18.47 Selecting previously unselected package cpp.
integration-tests	Build Docker Image	2026-02-02T16:52:03.0577997Z #7 18.47 Preparing to unpack .../058-cpp_4%3a11.2.0-1ubuntu1_amd64.deb ...
integration-tests	Build Docker Image	2026-02-02T16:52:03.0578689Z #7 18.47 Unpacking cpp (4:11.2.0-1ubuntu1) ...
integration-tests	Build Docker Image	2026-02-02T16:52:03.0579188Z #7 18.48 Selecting previously unselected package libcc1-0:amd64.
integration-tests	Build Docker Image	2026-02-02T16:52:03.0579809Z #7 18.48 Preparing to unpack .../059-libcc1-0_12.3.0-1ubuntu1~22.04.2_amd64.deb ...
integration-tests	Build Docker Image	2026-02-02T16:52:03.0580400Z #7 18.48 Unpacking libcc1-0:amd64 (12.3.0-1ubuntu1~22.04.2) ...
integration-tests	Build Docker Image	2026-02-02T16:52:03.0580982Z #7 18.49 Selecting previously unselected package libgomp1:amd64.
integration-tests	Build Docker Image	2026-02-02T16:52:03.0581588Z #7 18.49 Preparing to unpack .../060-libgomp1_12.3.0-1ubuntu1~22.04.2_amd64.deb ...
integration-tests	Build Docker Image	2026-02-02T16:52:03.0582166Z #7 18.50 Unpacking libgomp1:amd64 (12.3.0-1ubuntu1~22.04.2) ...
integration-tests	Build Docker Image	2026-02-02T16:52:03.0582684Z #7 18.51 Selecting previously unselected package libitm1:amd64.
integration-tests	Build Docker Image	2026-02-02T16:52:03.0583258Z #7 18.51 Preparing to unpack .../061-libitm1_12.3.0-1ubuntu1~22.04.2_amd64.deb ...
integration-tests	Build Docker Image	2026-02-02T16:52:03.0583861Z #7 18.51 Unpacking libitm1:amd64 (12.3.0-1ubuntu1~22.04.2) ...
integration-tests	Build Docker Image	2026-02-02T16:52:03.0584572Z #7 18.52 Selecting previously unselected package libatomic1:amd64.
integration-tests	Build Docker Image	2026-02-02T16:52:03.0585214Z #7 18.52 Preparing to unpack .../062-libatomic1_12.3.0-1ubuntu1~22.04.2_amd64.deb ...
integration-tests	Build Docker Image	2026-02-02T16:52:03.0585830Z #7 18.52 Unpacking libatomic1:amd64 (12.3.0-1ubuntu1~22.04.2) ...
integration-tests	Build Docker Image	2026-02-02T16:52:03.0586352Z #7 18.53 Selecting previously unselected package libasan6:amd64.
integration-tests	Build Docker Image	2026-02-02T16:52:03.0587213Z #7 18.53 Preparing to unpack .../063-libasan6_11.4.0-1ubuntu1~22.04.2_amd64.deb ...
integration-tests	Build Docker Image	2026-02-02T16:52:03.0587790Z #7 18.54 Unpacking libasan6:amd64 (11.4.0-1ubuntu1~22.04.2) ...
integration-tests	Build Docker Image	2026-02-02T16:52:03.0588343Z #7 18.57 Selecting previously unselected package liblsan0:amd64.
integration-tests	Build Docker Image	2026-02-02T16:52:03.1620972Z #7 18.57 Preparing to unpack .../064-liblsan0_12.3.0-1ubuntu1~22.04.2_amd64.deb ...
integration-tests	Build Docker Image	2026-02-02T16:52:03.1621627Z #7 18.58 Unpacking liblsan0:amd64 (12.3.0-1ubuntu1~22.04.2) ...
integration-tests	Build Docker Image	2026-02-02T16:52:03.1622422Z #7 18.60 Selecting previously unselected package libtsan0:amd64.
integration-tests	Build Docker Image	2026-02-02T16:52:03.1622974Z #7 18.60 Preparing to unpack .../065-libtsan0_11.4.0-1ubuntu1~22.04.2_amd64.deb ...
integration-tests	Build Docker Image	2026-02-02T16:52:03.1623517Z #7 18.60 Unpacking libtsan0:amd64 (11.4.0-1ubuntu1~22.04.2) ...
integration-tests	Build Docker Image	2026-02-02T16:52:03.1624108Z #7 18.64 Selecting previously unselected package libubsan1:amd64.
integration-tests	Build Docker Image	2026-02-02T16:52:03.1624798Z #7 18.64 Preparing to unpack .../066-libubsan1_12.3.0-1ubuntu1~22.04.2_amd64.deb ...
integration-tests	Build Docker Image	2026-02-02T16:52:03.1625211Z #7 18.64 Unpacking libubsan1:amd64 (12.3.0-1ubuntu1~22.04.2) ...
integration-tests	Build Docker Image	2026-02-02T16:52:03.1625566Z #7 18.66 Selecting previously unselected package libquadmath0:amd64.
integration-tests	Build Docker Image	2026-02-02T16:52:03.1625978Z #7 18.67 Preparing to unpack .../067-libquadmath0_12.3.0-1ubuntu1~22.04.2_amd64.deb ...
integration-tests	Build Docker Image	2026-02-02T16:52:03.1626386Z #7 18.67 Unpacking libquadmath0:amd64 (12.3.0-1ubuntu1~22.04.2) ...
integration-tests	Build Docker Image	2026-02-02T16:52:03.1626758Z #7 18.68 Selecting previously unselected package libgcc-11-dev:amd64.
integration-tests	Build Docker Image	2026-02-02T16:52:03.3773779Z #7 18.68 Preparing to unpack .../068-libgcc-11-dev_11.4.0-1ubuntu1~22.04.2_amd64.deb ...
integration-tests	Build Docker Image	2026-02-02T16:52:03.3774625Z #7 18.68 Unpacking libgcc-11-dev:amd64 (11.4.0-1ubuntu1~22.04.2) ...
integration-tests	Build Docker Image	2026-02-02T16:52:03.3775072Z #7 18.74 Selecting previously unselected package gcc-11.
integration-tests	Build Docker Image	2026-02-02T16:52:03.3775515Z #7 18.74 Preparing to unpack .../069-gcc-11_11.4.0-1ubuntu1~22.04.2_amd64.deb ...
integration-tests	Build Docker Image	2026-02-02T16:52:03.3775970Z #7 18.74 Unpacking gcc-11 (11.4.0-1ubuntu1~22.04.2) ...
integration-tests	Build Docker Image	2026-02-02T16:52:03.4181508Z #7 18.93 Selecting previously unselected package gcc.
integration-tests	Build Docker Image	2026-02-02T16:52:03.5452557Z #7 18.93 Preparing to unpack .../070-gcc_4%3a11.2.0-1ubuntu1_amd64.deb ...
integration-tests	Build Docker Image	2026-02-02T16:52:03.5453247Z #7 18.94 Unpacking gcc (4:11.2.0-1ubuntu1) ...
integration-tests	Build Docker Image	2026-02-02T16:52:03.5453840Z #7 18.95 Selecting previously unselected package libstdc++-11-dev:amd64.
integration-tests	Build Docker Image	2026-02-02T16:52:03.5454600Z #7 18.95 Preparing to unpack .../071-libstdc++-11-dev_11.4.0-1ubuntu1~22.04.2_amd64.deb ...
integration-tests	Build Docker Image	2026-02-02T16:52:03.5455047Z #7 18.95 Unpacking libstdc++-11-dev:amd64 (11.4.0-1ubuntu1~22.04.2) ...
integration-tests	Build Docker Image	2026-02-02T16:52:03.5455438Z #7 19.06 Selecting previously unselected package g++-11.
integration-tests	Build Docker Image	2026-02-02T16:52:03.6527985Z #7 19.06 Preparing to unpack .../072-g++-11_11.4.0-1ubuntu1~22.04.2_amd64.deb ...
integration-tests	Build Docker Image	2026-02-02T16:52:03.6528503Z #7 19.06 Unpacking g++-11 (11.4.0-1ubuntu1~22.04.2) ...
integration-tests	Build Docker Image	2026-02-02T16:52:03.6528812Z #7 19.17 Selecting previously unselected package g++.
integration-tests	Build Docker Image	2026-02-02T16:52:03.7596123Z #7 19.17 Preparing to unpack .../073-g++_4%3a11.2.0-1ubuntu1_amd64.deb ...
integration-tests	Build Docker Image	2026-02-02T16:52:03.7596681Z #7 19.17 Unpacking g++ (4:11.2.0-1ubuntu1) ...
integration-tests	Build Docker Image	2026-02-02T16:52:03.7596971Z #7 19.18 Selecting previously unselected package make.
integration-tests	Build Docker Image	2026-02-02T16:52:03.7597396Z #7 19.18 Preparing to unpack .../074-make_4.3-4.1build1_amd64.deb ...
integration-tests	Build Docker Image	2026-02-02T16:52:03.7597715Z #7 19.18 Unpacking make (4.3-4.1build1) ...
integration-tests	Build Docker Image	2026-02-02T16:52:03.7598094Z #7 19.19 Selecting previously unselected package libdpkg-perl.
integration-tests	Build Docker Image	2026-02-02T16:52:03.7598477Z #7 19.20 Preparing to unpack .../075-libdpkg-perl_1.21.1ubuntu2.6_all.deb ...
integration-tests	Build Docker Image	2026-02-02T16:52:03.7598950Z #7 19.20 Unpacking libdpkg-perl (1.21.1ubuntu2.6) ...
integration-tests	Build Docker Image	2026-02-02T16:52:03.7599252Z #7 19.22 Selecting previously unselected package bzip2.
integration-tests	Build Docker Image	2026-02-02T16:52:03.7599639Z #7 19.22 Preparing to unpack .../076-bzip2_1.0.8-5build1_amd64.deb ...
integration-tests	Build Docker Image	2026-02-02T16:52:03.7599953Z #7 19.22 Unpacking bzip2 (1.0.8-5build1) ...
integration-tests	Build Docker Image	2026-02-02T16:52:03.7600282Z #7 19.23 Selecting previously unselected package patch.
integration-tests	Build Docker Image	2026-02-02T16:52:03.7600616Z #7 19.23 Preparing to unpack .../077-patch_2.7.6-7build2_amd64.deb ...
integration-tests	Build Docker Image	2026-02-02T16:52:03.7601212Z #7 19.23 Unpacking patch (2.7.6-7build2) ...
integration-tests	Build Docker Image	2026-02-02T16:52:03.7601521Z #7 19.24 Selecting previously unselected package lto-disabled-list.
integration-tests	Build Docker Image	2026-02-02T16:52:03.7602007Z #7 19.24 Preparing to unpack .../078-lto-disabled-list_24_all.deb ...
integration-tests	Build Docker Image	2026-02-02T16:52:03.7602327Z #7 19.24 Unpacking lto-disabled-list (24) ...
integration-tests	Build Docker Image	2026-02-02T16:52:03.7602687Z #7 19.25 Selecting previously unselected package dpkg-dev.
integration-tests	Build Docker Image	2026-02-02T16:52:03.7603141Z #7 19.25 Preparing to unpack .../079-dpkg-dev_1.21.1ubuntu2.6_all.deb ...
integration-tests	Build Docker Image	2026-02-02T16:52:03.7603532Z #7 19.25 Unpacking dpkg-dev (1.21.1ubuntu2.6) ...
integration-tests	Build Docker Image	2026-02-02T16:52:03.7603856Z #7 19.27 Selecting previously unselected package build-essential.
integration-tests	Build Docker Image	2026-02-02T16:52:03.9255577Z #7 19.28 Preparing to unpack .../080-build-essential_12.9ubuntu3_amd64.deb ...
integration-tests	Build Docker Image	2026-02-02T16:52:03.9256343Z #7 19.28 Unpacking build-essential (12.9ubuntu3) ...
integration-tests	Build Docker Image	2026-02-02T16:52:03.9256835Z #7 19.29 Selecting previously unselected package libllvm14:amd64.
integration-tests	Build Docker Image	2026-02-02T16:52:03.9257266Z #7 19.29 Preparing to unpack .../081-libllvm14_1%3a14.0.0-1ubuntu1.1_amd64.deb ...
integration-tests	Build Docker Image	2026-02-02T16:52:03.9257655Z #7 19.29 Unpacking libllvm14:amd64 (1:14.0.0-1ubuntu1.1) ...
integration-tests	Build Docker Image	2026-02-02T16:52:04.0733735Z #7 19.59 Selecting previously unselected package libclang-cpp14.
integration-tests	Build Docker Image	2026-02-02T16:52:04.2256029Z #7 19.59 Preparing to unpack .../082-libclang-cpp14_1%3a14.0.0-1ubuntu1.1_amd64.deb ...
integration-tests	Build Docker Image	2026-02-02T16:52:04.2256894Z #7 19.59 Unpacking libclang-cpp14 (1:14.0.0-1ubuntu1.1) ...
integration-tests	Build Docker Image	2026-02-02T16:52:04.2460876Z #7 19.76 Selecting previously unselected package clang-format-14.
integration-tests	Build Docker Image	2026-02-02T16:52:04.3462239Z #7 19.76 Preparing to unpack .../083-clang-format-14_1%3a14.0.0-1ubuntu1.1_amd64.deb ...
integration-tests	Build Docker Image	2026-02-02T16:52:04.3463032Z #7 19.76 Unpacking clang-format-14 (1:14.0.0-1ubuntu1.1) ...
integration-tests	Build Docker Image	2026-02-02T16:52:04.3463668Z #7 19.78 Selecting previously unselected package clang-format:amd64.
integration-tests	Build Docker Image	2026-02-02T16:52:04.3465031Z #7 19.78 Preparing to unpack .../084-clang-format_1%3a14.0-55~exp2_amd64.deb ...
integration-tests	Build Docker Image	2026-02-02T16:52:04.3465570Z #7 19.78 Unpacking clang-format:amd64 (1:14.0-55~exp2) ...
integration-tests	Build Docker Image	2026-02-02T16:52:04.3465932Z #7 19.80 Selecting previously unselected package libarchive13:amd64.
integration-tests	Build Docker Image	2026-02-02T16:52:04.3466327Z #7 19.80 Preparing to unpack .../085-libarchive13_3.6.0-1ubuntu1.5_amd64.deb ...
integration-tests	Build Docker Image	2026-02-02T16:52:04.3466703Z #7 19.80 Unpacking libarchive13:amd64 (3.6.0-1ubuntu1.5) ...
integration-tests	Build Docker Image	2026-02-02T16:52:04.3467044Z #7 19.81 Selecting previously unselected package libbrotli1:amd64.
integration-tests	Build Docker Image	2026-02-02T16:52:04.3467446Z #7 19.82 Preparing to unpack .../086-libbrotli1_1.0.9-2build6_amd64.deb ...
integration-tests	Build Docker Image	2026-02-02T16:52:04.3467805Z #7 19.82 Unpacking libbrotli1:amd64 (1.0.9-2build6) ...
integration-tests	Build Docker Image	2026-02-02T16:52:04.3468156Z #7 19.83 Selecting previously unselected package libsasl2-modules-db:amd64.
integration-tests	Build Docker Image	2026-02-02T16:52:04.3468626Z #7 19.83 Preparing to unpack .../087-libsasl2-modules-db_2.1.27+dfsg2-3ubuntu1.2_amd64.deb ...
integration-tests	Build Docker Image	2026-02-02T16:52:04.3469082Z #7 19.83 Unpacking libsasl2-modules-db:amd64 (2.1.27+dfsg2-3ubuntu1.2) ...
integration-tests	Build Docker Image	2026-02-02T16:52:04.3469470Z #7 19.85 Selecting previously unselected package libsasl2-2:amd64.
integration-tests	Build Docker Image	2026-02-02T16:52:04.3469860Z #7 19.85 Preparing to unpack .../088-libsasl2-2_2.1.27+dfsg2-3ubuntu1.2_amd64.deb ...
integration-tests	Build Docker Image	2026-02-02T16:52:04.3470261Z #7 19.85 Unpacking libsasl2-2:amd64 (2.1.27+dfsg2-3ubuntu1.2) ...
integration-tests	Build Docker Image	2026-02-02T16:52:04.3470628Z #7 19.86 Selecting previously unselected package libldap-2.5-0:amd64.
integration-tests	Build Docker Image	2026-02-02T16:52:04.4513041Z #7 19.86 Preparing to unpack .../089-libldap-2.5-0_2.5.19+dfsg-0ubuntu0.22.04.1_amd64.deb ...
integration-tests	Build Docker Image	2026-02-02T16:52:04.4513948Z #7 19.86 Unpacking libldap-2.5-0:amd64 (2.5.19+dfsg-0ubuntu0.22.04.1) ...
integration-tests	Build Docker Image	2026-02-02T16:52:04.4515102Z #7 19.88 Selecting previously unselected package librtmp1:amd64.
integration-tests	Build Docker Image	2026-02-02T16:52:04.4515804Z #7 19.88 Preparing to unpack .../090-librtmp1_2.4+20151223.gitfa8646d.1-2build4_amd64.deb ...
integration-tests	Build Docker Image	2026-02-02T16:52:04.4516505Z #7 19.88 Unpacking librtmp1:amd64 (2.4+20151223.gitfa8646d.1-2build4) ...
integration-tests	Build Docker Image	2026-02-02T16:52:04.4517072Z #7 19.89 Selecting previously unselected package libssh-4:amd64.
integration-tests	Build Docker Image	2026-02-02T16:52:04.4517927Z #7 19.89 Preparing to unpack .../091-libssh-4_0.9.6-2ubuntu0.22.04.5_amd64.deb ...
integration-tests	Build Docker Image	2026-02-02T16:52:04.4518518Z #7 19.89 Unpacking libssh-4:amd64 (0.9.6-2ubuntu0.22.04.5) ...
integration-tests	Build Docker Image	2026-02-02T16:52:04.4519038Z #7 19.91 Selecting previously unselected package libcurl4:amd64.
integration-tests	Build Docker Image	2026-02-02T16:52:04.4519619Z #7 19.91 Preparing to unpack .../092-libcurl4_7.81.0-1ubuntu1.21_amd64.deb ...
integration-tests	Build Docker Image	2026-02-02T16:52:04.4520187Z #7 19.91 Unpacking libcurl4:amd64 (7.81.0-1ubuntu1.21) ...
integration-tests	Build Docker Image	2026-02-02T16:52:04.4520901Z #7 19.92 Selecting previously unselected package libjsoncpp25:amd64.
integration-tests	Build Docker Image	2026-02-02T16:52:04.4521476Z #7 19.93 Preparing to unpack .../093-libjsoncpp25_1.9.5-3_amd64.deb ...
integration-tests	Build Docker Image	2026-02-02T16:52:04.4521980Z #7 19.93 Unpacking libjsoncpp25:amd64 (1.9.5-3) ...
integration-tests	Build Docker Image	2026-02-02T16:52:04.4522462Z #7 19.94 Selecting previously unselected package librhash0:amd64.
integration-tests	Build Docker Image	2026-02-02T16:52:04.4523041Z #7 19.94 Preparing to unpack .../094-librhash0_1.4.2-1ubuntu1_amd64.deb ...
integration-tests	Build Docker Image	2026-02-02T16:52:04.4523582Z #7 19.94 Unpacking librhash0:amd64 (1.4.2-1ubuntu1) ...
integration-tests	Build Docker Image	2026-02-02T16:52:04.4524094Z #7 19.95 Selecting previously unselected package dh-elpa-helper.
integration-tests	Build Docker Image	2026-02-02T16:52:04.4524844Z #7 19.95 Preparing to unpack .../095-dh-elpa-helper_2.0.9ubuntu1_all.deb ...
integration-tests	Build Docker Image	2026-02-02T16:52:04.4525371Z #7 19.95 Unpacking dh-elpa-helper (2.0.9ubuntu1) ...
integration-tests	Build Docker Image	2026-02-02T16:52:04.4525872Z #7 19.97 Selecting previously unselected package emacsen-common.
integration-tests	Build Docker Image	2026-02-02T16:52:04.6286209Z #7 19.97 Preparing to unpack .../096-emacsen-common_3.0.4_all.deb ...
integration-tests	Build Docker Image	2026-02-02T16:52:04.6286845Z #7 19.97 Unpacking emacsen-common (3.0.4) ...
integration-tests	Build Docker Image	2026-02-02T16:52:04.6287177Z #7 19.99 Selecting previously unselected package cmake-data.
integration-tests	Build Docker Image	2026-02-02T16:52:04.6287777Z #7 19.99 Preparing to unpack .../097-cmake-data_3.22.1-1ubuntu1.22.04.2_all.deb ...
integration-tests	Build Docker Image	2026-02-02T16:52:04.6288278Z #7 19.99 Unpacking cmake-data (3.22.1-1ubuntu1.22.04.2) ...
integration-tests	Build Docker Image	2026-02-02T16:52:04.7222246Z #7 20.24 Selecting previously unselected package cmake.
integration-tests	Build Docker Image	2026-02-02T16:52:04.8822498Z #7 20.24 Preparing to unpack .../098-cmake_3.22.1-1ubuntu1.22.04.2_amd64.deb ...
integration-tests	Build Docker Image	2026-02-02T16:52:04.8823008Z #7 20.24 Unpacking cmake (3.22.1-1ubuntu1.22.04.2) ...
integration-tests	Build Docker Image	2026-02-02T16:52:04.8823376Z #7 20.31 Selecting previously unselected package libtinyxml2-9:amd64.
integration-tests	Build Docker Image	2026-02-02T16:52:04.8823775Z #7 20.31 Preparing to unpack .../099-libtinyxml2-9_9.0.0+dfsg-3_amd64.deb ...
integration-tests	Build Docker Image	2026-02-02T16:52:04.8824142Z #7 20.31 Unpacking libtinyxml2-9:amd64 (9.0.0+dfsg-3) ...
integration-tests	Build Docker Image	2026-02-02T16:52:04.8825039Z #7 20.33 Selecting previously unselected package libz3-4:amd64.
integration-tests	Build Docker Image	2026-02-02T16:52:04.8825415Z #7 20.33 Preparing to unpack .../100-libz3-4_4.8.12-1_amd64.deb ...
integration-tests	Build Docker Image	2026-02-02T16:52:04.8825735Z #7 20.33 Unpacking libz3-4:amd64 (4.8.12-1) ...
integration-tests	Build Docker Image	2026-02-02T16:52:04.8826050Z #7 20.40 Selecting previously unselected package python3-pygments.
integration-tests	Build Docker Image	2026-02-02T16:52:04.9897567Z #7 20.40 Preparing to unpack .../101-python3-pygments_2.11.2+dfsg-2ubuntu0.1_all.deb ...
integration-tests	Build Docker Image	2026-02-02T16:52:04.9898121Z #7 20.40 Unpacking python3-pygments (2.11.2+dfsg-2ubuntu0.1) ...
integration-tests	Build Docker Image	2026-02-02T16:52:04.9898513Z #7 20.44 Selecting previously unselected package cppcheck.
integration-tests	Build Docker Image	2026-02-02T16:52:04.9898873Z #7 20.44 Preparing to unpack .../102-cppcheck_2.7-1_amd64.deb ...
integration-tests	Build Docker Image	2026-02-02T16:52:04.9899173Z #7 20.44 Unpacking cppcheck (2.7-1) ...
integration-tests	Build Docker Image	2026-02-02T16:52:04.9899444Z #7 20.49 Selecting previously unselected package curl.
integration-tests	Build Docker Image	2026-02-02T16:52:04.9899783Z #7 20.49 Preparing to unpack .../103-curl_7.81.0-1ubuntu1.21_amd64.deb ...
integration-tests	Build Docker Image	2026-02-02T16:52:04.9900118Z #7 20.49 Unpacking curl (7.81.0-1ubuntu1.21) ...
integration-tests	Build Docker Image	2026-02-02T16:52:04.9900446Z #7 20.50 Selecting previously unselected package libassuan0:amd64.
integration-tests	Build Docker Image	2026-02-02T16:52:05.0931865Z #7 20.51 Preparing to unpack .../104-libassuan0_2.5.5-1build1_amd64.deb ...
integration-tests	Build Docker Image	2026-02-02T16:52:05.0932386Z #7 20.51 Unpacking libassuan0:amd64 (2.5.5-1build1) ...
integration-tests	Build Docker Image	2026-02-02T16:52:05.0932733Z #7 20.52 Selecting previously unselected package gpgconf.
integration-tests	Build Docker Image	2026-02-02T16:52:05.0933089Z #7 20.52 Preparing to unpack .../105-gpgconf_2.2.27-3ubuntu2.5_amd64.deb ...
integration-tests	Build Docker Image	2026-02-02T16:52:05.0933437Z #7 20.52 Unpacking gpgconf (2.2.27-3ubuntu2.5) ...
integration-tests	Build Docker Image	2026-02-02T16:52:05.0933985Z #7 20.53 Selecting previously unselected package libksba8:amd64.
integration-tests	Build Docker Image	2026-02-02T16:52:05.0934537Z #7 20.53 Preparing to unpack .../106-libksba8_1.6.0-2ubuntu0.2_amd64.deb ...
integration-tests	Build Docker Image	2026-02-02T16:52:05.0934896Z #7 20.54 Unpacking libksba8:amd64 (1.6.0-2ubuntu0.2) ...
integration-tests	Build Docker Image	2026-02-02T16:52:05.0935221Z #7 20.55 Selecting previously unselected package libnpth0:amd64.
integration-tests	Build Docker Image	2026-02-02T16:52:05.0935590Z #7 20.55 Preparing to unpack .../107-libnpth0_1.6-3build2_amd64.deb ...
integration-tests	Build Docker Image	2026-02-02T16:52:05.0936039Z #7 20.55 Unpacking libnpth0:amd64 (1.6-3build2) ...
integration-tests	Build Docker Image	2026-02-02T16:52:05.0936344Z #7 20.56 Selecting previously unselected package dirmngr.
integration-tests	Build Docker Image	2026-02-02T16:52:05.0936692Z #7 20.56 Preparing to unpack .../108-dirmngr_2.2.27-3ubuntu2.5_amd64.deb ...
integration-tests	Build Docker Image	2026-02-02T16:52:05.0937030Z #7 20.57 Unpacking dirmngr (2.2.27-3ubuntu2.5) ...
integration-tests	Build Docker Image	2026-02-02T16:52:05.0937353Z #7 20.59 Selecting previously unselected package libfakeroot:amd64.
integration-tests	Build Docker Image	2026-02-02T16:52:05.0937737Z #7 20.59 Preparing to unpack .../109-libfakeroot_1.28-1ubuntu1_amd64.deb ...
integration-tests	Build Docker Image	2026-02-02T16:52:05.0938094Z #7 20.59 Unpacking libfakeroot:amd64 (1.28-1ubuntu1) ...
integration-tests	Build Docker Image	2026-02-02T16:52:05.0938399Z #7 20.61 Selecting previously unselected package fakeroot.
integration-tests	Build Docker Image	2026-02-02T16:52:05.1940697Z #7 20.61 Preparing to unpack .../110-fakeroot_1.28-1ubuntu1_amd64.deb ...
integration-tests	Build Docker Image	2026-02-02T16:52:05.1941163Z #7 20.61 Unpacking fakeroot (1.28-1ubuntu1) ...
integration-tests	Build Docker Image	2026-02-02T16:52:05.1941499Z #7 20.62 Selecting previously unselected package fonts-dejavu-core.
integration-tests	Build Docker Image	2026-02-02T16:52:05.1941941Z #7 20.62 Preparing to unpack .../111-fonts-dejavu-core_2.37-2build1_all.deb ...
integration-tests	Build Docker Image	2026-02-02T16:52:05.1942457Z #7 20.63 Unpacking fonts-dejavu-core (2.37-2build1) ...
integration-tests	Build Docker Image	2026-02-02T16:52:05.1943067Z #7 20.71 Selecting previously unselected package fontconfig-config.
integration-tests	Build Docker Image	2026-02-02T16:52:05.1943479Z #7 20.71 Preparing to unpack .../112-fontconfig-config_2.13.1-4.2ubuntu5_all.deb ...
integration-tests	Build Docker Image	2026-02-02T16:52:05.3470151Z #7 20.71 Unpacking fontconfig-config (2.13.1-4.2ubuntu5) ...
integration-tests	Build Docker Image	2026-02-02T16:52:05.3470903Z #7 20.73 Selecting previously unselected package libcurl3-gnutls:amd64.
integration-tests	Build Docker Image	2026-02-02T16:52:05.3471369Z #7 20.73 Preparing to unpack .../113-libcurl3-gnutls_7.81.0-1ubuntu1.21_amd64.deb ...
integration-tests	Build Docker Image	2026-02-02T16:52:05.3471781Z #7 20.73 Unpacking libcurl3-gnutls:amd64 (7.81.0-1ubuntu1.21) ...
integration-tests	Build Docker Image	2026-02-02T16:52:05.3472146Z #7 20.74 Selecting previously unselected package liberror-perl.
integration-tests	Build Docker Image	2026-02-02T16:52:05.3472505Z #7 20.74 Preparing to unpack .../114-liberror-perl_0.17029-1_all.deb ...
integration-tests	Build Docker Image	2026-02-02T16:52:05.3472856Z #7 20.74 Unpacking liberror-perl (0.17029-1) ...
integration-tests	Build Docker Image	2026-02-02T16:52:05.3473152Z #7 20.76 Selecting previously unselected package git-man.
integration-tests	Build Docker Image	2026-02-02T16:52:05.3473520Z #7 20.76 Preparing to unpack .../115-git-man_1%3a2.34.1-1ubuntu1.15_all.deb ...
integration-tests	Build Docker Image	2026-02-02T16:52:05.3473884Z #7 20.76 Unpacking git-man (1:2.34.1-1ubuntu1.15) ...
integration-tests	Build Docker Image	2026-02-02T16:52:05.3474172Z #7 20.78 Selecting previously unselected package git.
integration-tests	Build Docker Image	2026-02-02T16:52:05.3474959Z #7 20.78 Preparing to unpack .../116-git_1%3a2.34.1-1ubuntu1.15_amd64.deb ...
integration-tests	Build Docker Image	2026-02-02T16:52:05.3475311Z #7 20.78 Unpacking git (1:2.34.1-1ubuntu1.15) ...
integration-tests	Build Docker Image	2026-02-02T16:52:05.3475616Z #7 20.86 Selecting previously unselected package gnupg-l10n.
integration-tests	Build Docker Image	2026-02-02T16:52:05.4530701Z #7 20.86 Preparing to unpack .../117-gnupg-l10n_2.2.27-3ubuntu2.5_all.deb ...
integration-tests	Build Docker Image	2026-02-02T16:52:05.4531462Z #7 20.87 Unpacking gnupg-l10n (2.2.27-3ubuntu2.5) ...
integration-tests	Build Docker Image	2026-02-02T16:52:05.4532000Z #7 20.88 Selecting previously unselected package gnupg-utils.
integration-tests	Build Docker Image	2026-02-02T16:52:05.4532643Z #7 20.88 Preparing to unpack .../118-gnupg-utils_2.2.27-3ubuntu2.5_amd64.deb ...
integration-tests	Build Docker Image	2026-02-02T16:52:05.4533277Z #7 20.88 Unpacking gnupg-utils (2.2.27-3ubuntu2.5) ...
integration-tests	Build Docker Image	2026-02-02T16:52:05.4533764Z #7 20.89 Selecting previously unselected package gpg.
integration-tests	Build Docker Image	2026-02-02T16:52:05.4534301Z #7 20.90 Preparing to unpack .../119-gpg_2.2.27-3ubuntu2.5_amd64.deb ...
integration-tests	Build Docker Image	2026-02-02T16:52:05.4534989Z #7 20.90 Unpacking gpg (2.2.27-3ubuntu2.5) ...
integration-tests	Build Docker Image	2026-02-02T16:52:05.4535488Z #7 20.91 Selecting previously unselected package pinentry-curses.
integration-tests	Build Docker Image	2026-02-02T16:52:05.4536359Z #7 20.91 Preparing to unpack .../120-pinentry-curses_1.1.1-1build2_amd64.deb ...
integration-tests	Build Docker Image	2026-02-02T16:52:05.4536916Z #7 20.91 Unpacking pinentry-curses (1.1.1-1build2) ...
integration-tests	Build Docker Image	2026-02-02T16:52:05.4537401Z #7 20.93 Selecting previously unselected package gpg-agent.
integration-tests	Build Docker Image	2026-02-02T16:52:05.4537957Z #7 20.93 Preparing to unpack .../121-gpg-agent_2.2.27-3ubuntu2.5_amd64.deb ...
integration-tests	Build Docker Image	2026-02-02T16:52:05.4538495Z #7 20.93 Unpacking gpg-agent (2.2.27-3ubuntu2.5) ...
integration-tests	Build Docker Image	2026-02-02T16:52:05.4538970Z #7 20.94 Selecting previously unselected package gpg-wks-client.
integration-tests	Build Docker Image	2026-02-02T16:52:05.4539749Z #7 20.94 Preparing to unpack .../122-gpg-wks-client_2.2.27-3ubuntu2.5_amd64.deb ...
integration-tests	Build Docker Image	2026-02-02T16:52:05.4540324Z #7 20.94 Unpacking gpg-wks-client (2.2.27-3ubuntu2.5) ...
integration-tests	Build Docker Image	2026-02-02T16:52:05.4540815Z #7 20.96 Selecting previously unselected package gpg-wks-server.
integration-tests	Build Docker Image	2026-02-02T16:52:05.4541412Z #7 20.96 Preparing to unpack .../123-gpg-wks-server_2.2.27-3ubuntu2.5_amd64.deb ...
integration-tests	Build Docker Image	2026-02-02T16:52:05.4541977Z #7 20.96 Unpacking gpg-wks-server (2.2.27-3ubuntu2.5) ...
integration-tests	Build Docker Image	2026-02-02T16:52:05.4542470Z #7 20.97 Selecting previously unselected package gpgsm.
integration-tests	Build Docker Image	2026-02-02T16:52:05.5622302Z #7 20.97 Preparing to unpack .../124-gpgsm_2.2.27-3ubuntu2.5_amd64.deb ...
integration-tests	Build Docker Image	2026-02-02T16:52:05.5622809Z #7 20.97 Unpacking gpgsm (2.2.27-3ubuntu2.5) ...
integration-tests	Build Docker Image	2026-02-02T16:52:05.5623118Z #7 20.98 Selecting previously unselected package gnupg.
integration-tests	Build Docker Image	2026-02-02T16:52:05.5623464Z #7 20.98 Preparing to unpack .../125-gnupg_2.2.27-3ubuntu2.5_all.deb ...
integration-tests	Build Docker Image	2026-02-02T16:52:05.5623802Z #7 20.98 Unpacking gnupg (2.2.27-3ubuntu2.5) ...
integration-tests	Build Docker Image	2026-02-02T16:52:05.5624155Z #7 21.00 Selecting previously unselected package javascript-common.
integration-tests	Build Docker Image	2026-02-02T16:52:05.5624721Z #7 21.00 Preparing to unpack .../126-javascript-common_11+nmu1_all.deb ...
integration-tests	Build Docker Image	2026-02-02T16:52:05.5625078Z #7 21.01 Unpacking javascript-common (11+nmu1) ...
integration-tests	Build Docker Image	2026-02-02T16:52:05.5625426Z #7 21.02 Selecting previously unselected package libjson-perl.
integration-tests	Build Docker Image	2026-02-02T16:52:05.5625793Z #7 21.02 Preparing to unpack .../127-libjson-perl_4.04000-1_all.deb ...
integration-tests	Build Docker Image	2026-02-02T16:52:05.5626132Z #7 21.02 Unpacking libjson-perl (4.04000-1) ...
integration-tests	Build Docker Image	2026-02-02T16:52:05.5626470Z #7 21.03 Selecting previously unselected package libperlio-gzip-perl.
integration-tests	Build Docker Image	2026-02-02T16:52:05.5626891Z #7 21.03 Preparing to unpack .../128-libperlio-gzip-perl_0.19-1build8_amd64.deb ...
integration-tests	Build Docker Image	2026-02-02T16:52:05.5627298Z #7 21.03 Unpacking libperlio-gzip-perl (0.19-1build8) ...
integration-tests	Build Docker Image	2026-02-02T16:52:05.5627620Z #7 21.05 Selecting previously unselected package lcov.
integration-tests	Build Docker Image	2026-02-02T16:52:05.5627925Z #7 21.05 Preparing to unpack .../129-lcov_1.15-1_all.deb ...
integration-tests	Build Docker Image	2026-02-02T16:52:05.5628209Z #7 21.05 Unpacking lcov (1.15-1) ...
integration-tests	Build Docker Image	2026-02-02T16:52:05.5705047Z #7 21.06 Selecting previously unselected package libalgorithm-diff-perl.
integration-tests	Build Docker Image	2026-02-02T16:52:05.5705880Z #7 21.06 Preparing to unpack .../130-libalgorithm-diff-perl_1.201-1_all.deb ...
integration-tests	Build Docker Image	2026-02-02T16:52:05.5706602Z #7 21.06 Unpacking libalgorithm-diff-perl (1.201-1) ...
integration-tests	Build Docker Image	2026-02-02T16:52:05.5707360Z #7 21.08 Selecting previously unselected package libalgorithm-diff-xs-perl.
integration-tests	Build Docker Image	2026-02-02T16:52:05.6657772Z #7 21.08 Preparing to unpack .../131-libalgorithm-diff-xs-perl_0.04-6build3_amd64.deb ...
integration-tests	Build Docker Image	2026-02-02T16:52:05.6659934Z #7 21.08 Unpacking libalgorithm-diff-xs-perl (0.04-6build3) ...
integration-tests	Build Docker Image	2026-02-02T16:52:05.6660737Z #7 21.09 Selecting previously unselected package libalgorithm-merge-perl.
integration-tests	Build Docker Image	2026-02-02T16:52:05.6661239Z #7 21.09 Preparing to unpack .../132-libalgorithm-merge-perl_0.08-3_all.deb ...
integration-tests	Build Docker Image	2026-02-02T16:52:05.6661648Z #7 21.09 Unpacking libalgorithm-merge-perl (0.08-3) ...
integration-tests	Build Docker Image	2026-02-02T16:52:05.6662123Z #7 21.11 Selecting previously unselected package libfreetype6:amd64.
integration-tests	Build Docker Image	2026-02-02T16:52:05.6662543Z #7 21.11 Preparing to unpack .../133-libfreetype6_2.11.1+dfsg-1ubuntu0.3_amd64.deb ...
integration-tests	Build Docker Image	2026-02-02T16:52:05.6663082Z #7 21.11 Unpacking libfreetype6:amd64 (2.11.1+dfsg-1ubuntu0.3) ...
integration-tests	Build Docker Image	2026-02-02T16:52:05.6663485Z #7 21.12 Selecting previously unselected package libfontconfig1:amd64.
integration-tests	Build Docker Image	2026-02-02T16:52:05.6663936Z #7 21.13 Preparing to unpack .../134-libfontconfig1_2.13.1-4.2ubuntu5_amd64.deb ...
integration-tests	Build Docker Image	2026-02-02T16:52:05.6664907Z #7 21.13 Unpacking libfontconfig1:amd64 (2.13.1-4.2ubuntu5) ...
integration-tests	Build Docker Image	2026-02-02T16:52:05.6665397Z #7 21.14 Selecting previously unselected package libjpeg-turbo8:amd64.
integration-tests	Build Docker Image	2026-02-02T16:52:05.6665836Z #7 21.14 Preparing to unpack .../135-libjpeg-turbo8_2.1.2-0ubuntu1_amd64.deb ...
integration-tests	Build Docker Image	2026-02-02T16:52:05.6666255Z #7 21.14 Unpacking libjpeg-turbo8:amd64 (2.1.2-0ubuntu1) ...
integration-tests	Build Docker Image	2026-02-02T16:52:05.6666643Z #7 21.15 Selecting previously unselected package libjpeg8:amd64.
integration-tests	Build Docker Image	2026-02-02T16:52:05.6667131Z #7 21.15 Preparing to unpack .../136-libjpeg8_8c-2ubuntu10_amd64.deb ...
integration-tests	Build Docker Image	2026-02-02T16:52:05.6667591Z #7 21.16 Unpacking libjpeg8:amd64 (8c-2ubuntu10) ...
integration-tests	Build Docker Image	2026-02-02T16:52:05.6667926Z #7 21.17 Selecting previously unselected package libdeflate0:amd64.
integration-tests	Build Docker Image	2026-02-02T16:52:05.6668429Z #7 21.17 Preparing to unpack .../137-libdeflate0_1.10-2_amd64.deb ...
integration-tests	Build Docker Image	2026-02-02T16:52:05.6668755Z #7 21.17 Unpacking libdeflate0:amd64 (1.10-2) ...
integration-tests	Build Docker Image	2026-02-02T16:52:05.6669135Z #7 21.18 Selecting previously unselected package libjbig0:amd64.
integration-tests	Build Docker Image	2026-02-02T16:52:05.7687286Z #7 21.18 Preparing to unpack .../138-libjbig0_2.1-3.1ubuntu0.22.04.1_amd64.deb ...
integration-tests	Build Docker Image	2026-02-02T16:52:05.7687926Z #7 21.18 Unpacking libjbig0:amd64 (2.1-3.1ubuntu0.22.04.1) ...
integration-tests	Build Docker Image	2026-02-02T16:52:05.7688301Z #7 21.20 Selecting previously unselected package libwebp7:amd64.
integration-tests	Build Docker Image	2026-02-02T16:52:05.7688780Z #7 21.20 Preparing to unpack .../139-libwebp7_1.2.2-2ubuntu0.22.04.2_amd64.deb ...
integration-tests	Build Docker Image	2026-02-02T16:52:05.7689223Z #7 21.20 Unpacking libwebp7:amd64 (1.2.2-2ubuntu0.22.04.2) ...
integration-tests	Build Docker Image	2026-02-02T16:52:05.7689592Z #7 21.21 Selecting previously unselected package libtiff5:amd64.
integration-tests	Build Docker Image	2026-02-02T16:52:05.7690032Z #7 21.21 Preparing to unpack .../140-libtiff5_4.3.0-6ubuntu0.12_amd64.deb ...
integration-tests	Build Docker Image	2026-02-02T16:52:05.7690390Z #7 21.21 Unpacking libtiff5:amd64 (4.3.0-6ubuntu0.12) ...
integration-tests	Build Docker Image	2026-02-02T16:52:05.7690779Z #7 21.23 Selecting previously unselected package libxpm4:amd64.
integration-tests	Build Docker Image	2026-02-02T16:52:05.7691175Z #7 21.23 Preparing to unpack .../141-libxpm4_1%3a3.5.12-1ubuntu0.22.04.2_amd64.deb ...
integration-tests	Build Docker Image	2026-02-02T16:52:05.7691632Z #7 21.23 Unpacking libxpm4:amd64 (1:3.5.12-1ubuntu0.22.04.2) ...
integration-tests	Build Docker Image	2026-02-02T16:52:05.7691965Z #7 21.24 Selecting previously unselected package libgd3:amd64.
integration-tests	Build Docker Image	2026-02-02T16:52:05.7692379Z #7 21.24 Preparing to unpack .../142-libgd3_2.3.0-2ubuntu2.3_amd64.deb ...
integration-tests	Build Docker Image	2026-02-02T16:52:05.7692724Z #7 21.24 Unpacking libgd3:amd64 (2.3.0-2ubuntu2.3) ...
integration-tests	Build Docker Image	2026-02-02T16:52:05.7693087Z #7 21.26 Selecting previously unselected package libc-devtools.
integration-tests	Build Docker Image	2026-02-02T16:52:05.7693480Z #7 21.26 Preparing to unpack .../143-libc-devtools_2.35-0ubuntu3.12_amd64.deb ...
integration-tests	Build Docker Image	2026-02-02T16:52:05.7693909Z #7 21.26 Unpacking libc-devtools (2.35-0ubuntu3.12) ...
integration-tests	Build Docker Image	2026-02-02T16:52:05.7694269Z #7 21.27 Selecting previously unselected package libcommon-sense-perl:amd64.
integration-tests	Build Docker Image	2026-02-02T16:52:05.7694882Z #7 21.27 Preparing to unpack .../144-libcommon-sense-perl_3.75-2build1_amd64.deb ...
integration-tests	Build Docker Image	2026-02-02T16:52:05.7695363Z #7 21.27 Unpacking libcommon-sense-perl:amd64 (3.75-2build1) ...
integration-tests	Build Docker Image	2026-02-02T16:52:05.7695736Z #7 21.28 Selecting previously unselected package libexpat1-dev:amd64.
integration-tests	Build Docker Image	2026-02-02T16:52:05.8718899Z #7 21.29 Preparing to unpack .../145-libexpat1-dev_2.4.7-1ubuntu0.6_amd64.deb ...
integration-tests	Build Docker Image	2026-02-02T16:52:05.8720206Z #7 21.29 Unpacking libexpat1-dev:amd64 (2.4.7-1ubuntu0.6) ...
integration-tests	Build Docker Image	2026-02-02T16:52:05.8720873Z #7 21.30 Selecting previously unselected package libfile-fcntllock-perl.
integration-tests	Build Docker Image	2026-02-02T16:52:05.8721610Z #7 21.30 Preparing to unpack .../146-libfile-fcntllock-perl_0.22-3build7_amd64.deb ...
integration-tests	Build Docker Image	2026-02-02T16:52:05.8722298Z #7 21.30 Unpacking libfile-fcntllock-perl (0.22-3build7) ...
integration-tests	Build Docker Image	2026-02-02T16:52:05.8722886Z #7 21.32 Selecting previously unselected package libjs-jquery.
integration-tests	Build Docker Image	2026-02-02T16:52:05.8723523Z #7 21.32 Preparing to unpack .../147-libjs-jquery_3.6.0+dfsg+~3.5.13-1_all.deb ...
integration-tests	Build Docker Image	2026-02-02T16:52:05.8724131Z #7 21.32 Unpacking libjs-jquery (3.6.0+dfsg+~3.5.13-1) ...
integration-tests	Build Docker Image	2026-02-02T16:52:05.8724872Z #7 21.33 Selecting previously unselected package libjs-underscore.
integration-tests	Build Docker Image	2026-02-02T16:52:05.8725483Z #7 21.34 Preparing to unpack .../148-libjs-underscore_1.13.2~dfsg-2_all.deb ...
integration-tests	Build Docker Image	2026-02-02T16:52:05.8726296Z #7 21.34 Unpacking libjs-underscore (1.13.2~dfsg-2) ...
integration-tests	Build Docker Image	2026-02-02T16:52:05.8726812Z #7 21.35 Selecting previously unselected package libjs-sphinxdoc.
integration-tests	Build Docker Image	2026-02-02T16:52:05.8727379Z #7 21.35 Preparing to unpack .../149-libjs-sphinxdoc_4.3.2-1_all.deb ...
integration-tests	Build Docker Image	2026-02-02T16:52:05.8727882Z #7 21.35 Unpacking libjs-sphinxdoc (4.3.2-1) ...
integration-tests	Build Docker Image	2026-02-02T16:52:05.8728419Z #7 21.36 Selecting previously unselected package libtypes-serialiser-perl.
integration-tests	Build Docker Image	2026-02-02T16:52:05.8729217Z #7 21.36 Preparing to unpack .../150-libtypes-serialiser-perl_1.01-1_all.deb ...
integration-tests	Build Docker Image	2026-02-02T16:52:05.8729805Z #7 21.36 Unpacking libtypes-serialiser-perl (1.01-1) ...
integration-tests	Build Docker Image	2026-02-02T16:52:05.8730314Z #7 21.37 Selecting previously unselected package libjson-xs-perl.
integration-tests	Build Docker Image	2026-02-02T16:52:05.8730942Z #7 21.37 Preparing to unpack .../151-libjson-xs-perl_4.040-0ubuntu0.22.04.1_amd64.deb ...
integration-tests	Build Docker Image	2026-02-02T16:52:05.8731569Z #7 21.38 Unpacking libjson-xs-perl (4.040-0ubuntu0.22.04.1) ...
integration-tests	Build Docker Image	2026-02-02T16:52:05.8732101Z #7 21.39 Selecting previously unselected package libldap-common.
integration-tests	Build Docker Image	2026-02-02T16:52:06.0222562Z #7 21.39 Preparing to unpack .../152-libldap-common_2.5.19+dfsg-0ubuntu0.22.04.1_all.deb ...
integration-tests	Build Docker Image	2026-02-02T16:52:06.0223951Z #7 21.39 Unpacking libldap-common (2.5.19+dfsg-0ubuntu0.22.04.1) ...
integration-tests	Build Docker Image	2026-02-02T16:52:06.0224752Z #7 21.40 Selecting previously unselected package libpython3.10:amd64.
integration-tests	Build Docker Image	2026-02-02T16:52:06.0225435Z #7 21.40 Preparing to unpack .../153-libpython3.10_3.10.12-1~22.04.13_amd64.deb ...
integration-tests	Build Docker Image	2026-02-02T16:52:06.0226089Z #7 21.40 Unpacking libpython3.10:amd64 (3.10.12-1~22.04.13) ...
integration-tests	Build Docker Image	2026-02-02T16:52:06.0226671Z #7 21.43 Selecting previously unselected package zlib1g-dev:amd64.
integration-tests	Build Docker Image	2026-02-02T16:52:06.0227324Z #7 21.44 Preparing to unpack .../154-zlib1g-dev_1%3a1.2.11.dfsg-2ubuntu9.2_amd64.deb ...
integration-tests	Build Docker Image	2026-02-02T16:52:06.0227983Z #7 21.44 Unpacking zlib1g-dev:amd64 (1:1.2.11.dfsg-2ubuntu9.2) ...
integration-tests	Build Docker Image	2026-02-02T16:52:06.0228577Z #7 21.45 Selecting previously unselected package libpython3.10-dev:amd64.
integration-tests	Build Docker Image	2026-02-02T16:52:06.0229242Z #7 21.45 Preparing to unpack .../155-libpython3.10-dev_3.10.12-1~22.04.13_amd64.deb ...
integration-tests	Build Docker Image	2026-02-02T16:52:06.0229866Z #7 21.45 Unpacking libpython3.10-dev:amd64 (3.10.12-1~22.04.13) ...
integration-tests	Build Docker Image	2026-02-02T16:52:06.0230433Z #7 21.54 Selecting previously unselected package libpython3-dev:amd64.
integration-tests	Build Docker Image	2026-02-02T16:52:06.2040388Z #7 21.54 Preparing to unpack .../156-libpython3-dev_3.10.6-1~22.04.1_amd64.deb ...
integration-tests	Build Docker Image	2026-02-02T16:52:06.2041246Z #7 21.54 Unpacking libpython3-dev:amd64 (3.10.6-1~22.04.1) ...
integration-tests	Build Docker Image	2026-02-02T16:52:06.2041968Z #7 21.55 Selecting previously unselected package libsasl2-modules:amd64.
integration-tests	Build Docker Image	2026-02-02T16:52:06.2042812Z #7 21.55 Preparing to unpack .../157-libsasl2-modules_2.1.27+dfsg2-3ubuntu1.2_amd64.deb ...
integration-tests	Build Docker Image	2026-02-02T16:52:06.2043633Z #7 21.55 Unpacking libsasl2-modules:amd64 (2.1.27+dfsg2-3ubuntu1.2) ...
integration-tests	Build Docker Image	2026-02-02T16:52:06.2044443Z #7 21.57 Selecting previously unselected package manpages-dev.
integration-tests	Build Docker Image	2026-02-02T16:52:06.2045130Z #7 21.57 Preparing to unpack .../158-manpages-dev_5.10-1ubuntu1_all.deb ...
integration-tests	Build Docker Image	2026-02-02T16:52:06.2045781Z #7 21.57 Unpacking manpages-dev (5.10-1ubuntu1) ...
integration-tests	Build Docker Image	2026-02-02T16:52:06.2333763Z #7 21.75 Selecting previously unselected package pkg-config.
integration-tests	Build Docker Image	2026-02-02T16:52:06.3549812Z #7 21.75 Preparing to unpack .../159-pkg-config_0.29.2-1ubuntu3_amd64.deb ...
integration-tests	Build Docker Image	2026-02-02T16:52:06.3550534Z #7 21.75 Unpacking pkg-config (0.29.2-1ubuntu3) ...
integration-tests	Build Docker Image	2026-02-02T16:52:06.3551122Z #7 21.76 Selecting previously unselected package python3.10-dev.
integration-tests	Build Docker Image	2026-02-02T16:52:06.3551793Z #7 21.77 Preparing to unpack .../160-python3.10-dev_3.10.12-1~22.04.13_amd64.deb ...
integration-tests	Build Docker Image	2026-02-02T16:52:06.3552209Z #7 21.77 Unpacking python3.10-dev (3.10.12-1~22.04.13) ...
integration-tests	Build Docker Image	2026-02-02T16:52:06.3552614Z #7 21.78 Selecting previously unselected package python3-lib2to3.
integration-tests	Build Docker Image	2026-02-02T16:52:06.3553007Z #7 21.78 Preparing to unpack .../161-python3-lib2to3_3.10.8-1~22.04_all.deb ...
integration-tests	Build Docker Image	2026-02-02T16:52:06.3553367Z #7 21.78 Unpacking python3-lib2to3 (3.10.8-1~22.04) ...
integration-tests	Build Docker Image	2026-02-02T16:52:06.3553706Z #7 21.80 Selecting previously unselected package python3-distutils.
integration-tests	Build Docker Image	2026-02-02T16:52:06.3554312Z #7 21.81 Preparing to unpack .../162-python3-distutils_3.10.8-1~22.04_all.deb ...
integration-tests	Build Docker Image	2026-02-02T16:52:06.3554862Z #7 21.81 Unpacking python3-distutils (3.10.8-1~22.04) ...
integration-tests	Build Docker Image	2026-02-02T16:52:06.3555190Z #7 21.83 Selecting previously unselected package python3-dev.
integration-tests	Build Docker Image	2026-02-02T16:52:06.3555550Z #7 21.83 Preparing to unpack .../163-python3-dev_3.10.6-1~22.04.1_amd64.deb ...
integration-tests	Build Docker Image	2026-02-02T16:52:06.3555904Z #7 21.83 Unpacking python3-dev (3.10.6-1~22.04.1) ...
integration-tests	Build Docker Image	2026-02-02T16:52:06.3556333Z #7 21.84 Selecting previously unselected package python3-setuptools.
integration-tests	Build Docker Image	2026-02-02T16:52:06.3556770Z #7 21.84 Preparing to unpack .../164-python3-setuptools_59.6.0-1.2ubuntu0.22.04.3_all.deb ...
integration-tests	Build Docker Image	2026-02-02T16:52:06.3557218Z #7 21.84 Unpacking python3-setuptools (59.6.0-1.2ubuntu0.22.04.3) ...
integration-tests	Build Docker Image	2026-02-02T16:52:06.3557576Z #7 21.87 Selecting previously unselected package python3-wheel.
integration-tests	Build Docker Image	2026-02-02T16:52:06.4740930Z #7 21.87 Preparing to unpack .../165-python3-wheel_0.37.1-2ubuntu0.22.04.1_all.deb ...
integration-tests	Build Docker Image	2026-02-02T16:52:06.4741748Z #7 21.87 Unpacking python3-wheel (0.37.1-2ubuntu0.22.04.1) ...
integration-tests	Build Docker Image	2026-02-02T16:52:06.4742124Z #7 21.89 Selecting previously unselected package python3-pip.
integration-tests	Build Docker Image	2026-02-02T16:52:06.4742521Z #7 21.89 Preparing to unpack .../166-python3-pip_22.0.2+dfsg-1ubuntu0.7_all.deb ...
integration-tests	Build Docker Image	2026-02-02T16:52:06.4742909Z #7 21.89 Unpacking python3-pip (22.0.2+dfsg-1ubuntu0.7) ...
integration-tests	Build Docker Image	2026-02-02T16:52:06.4743245Z #7 21.96 Selecting previously unselected package cmocka-doc.
integration-tests	Build Docker Image	2026-02-02T16:52:06.4743583Z #7 21.96 Preparing to unpack .../167-cmocka-doc_1.1.5-2_all.deb ...
integration-tests	Build Docker Image	2026-02-02T16:52:06.4743903Z #7 21.97 Unpacking cmocka-doc (1.1.5-2) ...
integration-tests	Build Docker Image	2026-02-02T16:52:06.4744206Z #7 21.99 Selecting previously unselected package libcmocka0:amd64.
integration-tests	Build Docker Image	2026-02-02T16:52:06.5745222Z #7 21.99 Preparing to unpack .../168-libcmocka0_1.1.5-2_amd64.deb ...
integration-tests	Build Docker Image	2026-02-02T16:52:06.5745880Z #7 21.99 Unpacking libcmocka0:amd64 (1.1.5-2) ...
integration-tests	Build Docker Image	2026-02-02T16:52:06.5746474Z #7 22.00 Selecting previously unselected package libcmocka-dev:amd64.
integration-tests	Build Docker Image	2026-02-02T16:52:06.5747068Z #7 22.00 Preparing to unpack .../169-libcmocka-dev_1.1.5-2_amd64.deb ...
integration-tests	Build Docker Image	2026-02-02T16:52:06.5747415Z #7 22.01 Unpacking libcmocka-dev:amd64 (1.1.5-2) ...
integration-tests	Build Docker Image	2026-02-02T16:52:06.5747734Z #7 22.02 Selecting previously unselected package libgd-perl.
integration-tests	Build Docker Image	2026-02-02T16:52:06.5748259Z #7 22.02 Preparing to unpack .../170-libgd-perl_2.76-2build1_amd64.deb ...
integration-tests	Build Docker Image	2026-02-02T16:52:06.5748862Z #7 22.02 Unpacking libgd-perl (2.76-2build1) ...
integration-tests	Build Docker Image	2026-02-02T16:52:06.5749342Z #7 22.04 Setting up libksba8:amd64 (1.6.0-2ubuntu0.2) ...
integration-tests	Build Docker Image	2026-02-02T16:52:06.5749773Z #7 22.04 Setting up media-types (7.0.0) ...
integration-tests	Build Docker Image	2026-02-02T16:52:06.5750045Z #7 22.04 Setting up javascript-common (11+nmu1) ...
integration-tests	Build Docker Image	2026-02-02T16:52:06.5750369Z #7 22.06 Setting up gcc-11-base:amd64 (11.4.0-1ubuntu1~22.04.2) ...
integration-tests	Build Docker Image	2026-02-02T16:52:06.5750703Z #7 22.06 Setting up libxau6:amd64 (1:1.0.9-1build5) ...
integration-tests	Build Docker Image	2026-02-02T16:52:06.5750977Z #7 22.06 Setting up lto-disabled-list (24) ...
integration-tests	Build Docker Image	2026-02-02T16:52:06.5751268Z #7 22.06 Setting up libpsl5:amd64 (0.21.0-1.2build2) ...
integration-tests	Build Docker Image	2026-02-02T16:52:06.5751681Z #7 22.07 Setting up wget (1.21.2-2ubuntu1.1) ...
integration-tests	Build Docker Image	2026-02-02T16:52:06.5751968Z #7 22.07 Setting up xdg-user-dirs (0.17-2ubuntu4) ...
integration-tests	Build Docker Image	2026-02-02T16:52:06.5752271Z #7 22.08 Setting up libglib2.0-0:amd64 (2.72.4-0ubuntu2.8) ...
integration-tests	Build Docker Image	2026-02-02T16:52:06.5752570Z #7 22.08 No schema files found: doing nothing.
integration-tests	Build Docker Image	2026-02-02T16:52:06.5752833Z #7 22.08 Setting up manpages (5.10-1ubuntu1) ...
integration-tests	Build Docker Image	2026-02-02T16:52:06.5753109Z #7 22.09 Setting up libcbor0.8:amd64 (0.8.0-2ubuntu1) ...
integration-tests	Build Docker Image	2026-02-02T16:52:06.5753553Z #7 22.09 Setting up libbrotli1:amd64 (1.0.9-2build6) ...
integration-tests	Build Docker Image	2026-02-02T16:52:06.5753972Z #7 22.09 Setting up libsqlite3-0:amd64 (3.37.2-2ubuntu0.5) ...
integration-tests	Build Docker Image	2026-02-02T16:52:06.6760428Z #7 22.09 Setting up libsasl2-modules:amd64 (2.1.27+dfsg2-3ubuntu1.2) ...
integration-tests	Build Docker Image	2026-02-02T16:52:06.6760925Z #7 22.10 Setting up binutils-common:amd64 (2.38-4ubuntu2.12) ...
integration-tests	Build Docker Image	2026-02-02T16:52:06.6761316Z #7 22.10 Setting up libnghttp2-14:amd64 (1.43.0-1ubuntu0.2) ...
integration-tests	Build Docker Image	2026-02-02T16:52:06.6761639Z #7 22.10 Setting up libdeflate0:amd64 (1.10-2) ...
integration-tests	Build Docker Image	2026-02-02T16:52:06.6762235Z #7 22.10 Setting up less (590-1ubuntu0.22.04.3) ...
integration-tests	Build Docker Image	2026-02-02T16:52:06.6762551Z #7 22.11 Setting up linux-libc-dev:amd64 (5.15.0-168.178) ...
integration-tests	Build Docker Image	2026-02-02T16:52:06.6763046Z #7 22.11 Setting up libctf-nobfd0:amd64 (2.38-4ubuntu2.12) ...
integration-tests	Build Docker Image	2026-02-02T16:52:06.6763356Z #7 22.11 Setting up libnpth0:amd64 (1.6-3build2) ...
integration-tests	Build Docker Image	2026-02-02T16:52:06.6763657Z #7 22.12 Setting up libassuan0:amd64 (2.5.5-1build1) ...
integration-tests	Build Docker Image	2026-02-02T16:52:06.6763977Z #7 22.12 Setting up libgomp1:amd64 (12.3.0-1ubuntu1~22.04.2) ...
integration-tests	Build Docker Image	2026-02-02T16:52:06.6764817Z #7 22.12 Setting up perl-modules-5.34 (5.34.0-3ubuntu1.5) ...
integration-tests	Build Docker Image	2026-02-02T16:52:06.6765187Z #7 22.12 Setting up bzip2 (1.0.8-5build1) ...
integration-tests	Build Docker Image	2026-02-02T16:52:06.6765503Z #7 22.13 Setting up libldap-common (2.5.19+dfsg-0ubuntu0.22.04.1) ...
integration-tests	Build Docker Image	2026-02-02T16:52:06.6765844Z #7 22.13 Setting up libjbig0:amd64 (2.1-3.1ubuntu0.22.04.1) ...
integration-tests	Build Docker Image	2026-02-02T16:52:06.6766161Z #7 22.13 Setting up libfakeroot:amd64 (1.28-1ubuntu1) ...
integration-tests	Build Docker Image	2026-02-02T16:52:06.6766466Z #7 22.13 Setting up libasan6:amd64 (11.4.0-1ubuntu1~22.04.2) ...
integration-tests	Build Docker Image	2026-02-02T16:52:06.6766770Z #7 22.14 Setting up libcmocka0:amd64 (1.1.5-2) ...
integration-tests	Build Docker Image	2026-02-02T16:52:06.6767106Z #7 22.14 Setting up libsasl2-modules-db:amd64 (2.1.27+dfsg2-3ubuntu1.2) ...
integration-tests	Build Docker Image	2026-02-02T16:52:06.6767440Z #7 22.14 Setting up fakeroot (1.28-1ubuntu1) ...
integration-tests	Build Docker Image	2026-02-02T16:52:06.6767898Z #7 22.14 update-alternatives: using /usr/bin/fakeroot-sysv to provide /usr/bin/fakeroot (fakeroot) in auto mode
integration-tests	Build Docker Image	2026-02-02T16:52:06.6768793Z #7 22.14 update-alternatives: warning: skip creation of /usr/share/man/man1/fakeroot.1.gz because associated file /usr/share/man/man1/fakeroot-sysv.1.gz (of link group fakeroot) doesn't exist
integration-tests	Build Docker Image	2026-02-02T16:52:06.6770047Z #7 22.14 update-alternatives: warning: skip creation of /usr/share/man/man1/faked.1.gz because associated file /usr/share/man/man1/faked-sysv.1.gz (of link group fakeroot) doesn't exist
integration-tests	Build Docker Image	2026-02-02T16:52:06.6771290Z #7 22.14 update-alternatives: warning: skip creation of /usr/share/man/es/man1/fakeroot.1.gz because associated file /usr/share/man/es/man1/fakeroot-sysv.1.gz (of link group fakeroot) doesn't exist
integration-tests	Build Docker Image	2026-02-02T16:52:06.6772406Z #7 22.14 update-alternatives: warning: skip creation of /usr/share/man/es/man1/faked.1.gz because associated file /usr/share/man/es/man1/faked-sysv.1.gz (of link group fakeroot) doesn't exist
integration-tests	Build Docker Image	2026-02-02T16:52:06.6773549Z #7 22.14 update-alternatives: warning: skip creation of /usr/share/man/fr/man1/fakeroot.1.gz because associated file /usr/share/man/fr/man1/fakeroot-sysv.1.gz (of link group fakeroot) doesn't exist
integration-tests	Build Docker Image	2026-02-02T16:52:06.6775349Z #7 22.14 update-alternatives: warning: skip creation of /usr/share/man/fr/man1/faked.1.gz because associated file /usr/share/man/fr/man1/faked-sysv.1.gz (of link group fakeroot) doesn't exist
integration-tests	Build Docker Image	2026-02-02T16:52:06.6776554Z #7 22.14 update-alternatives: warning: skip creation of /usr/share/man/sv/man1/fakeroot.1.gz because associated file /usr/share/man/sv/man1/fakeroot-sysv.1.gz (of link group fakeroot) doesn't exist
integration-tests	Build Docker Image	2026-02-02T16:52:06.6777666Z #7 22.14 update-alternatives: warning: skip creation of /usr/share/man/sv/man1/faked.1.gz because associated file /usr/share/man/sv/man1/faked-sysv.1.gz (of link group fakeroot) doesn't exist
integration-tests	Build Docker Image	2026-02-02T16:52:06.6778346Z #7 22.14 Setting up libz3-4:amd64 (4.8.12-1) ...
integration-tests	Build Docker Image	2026-02-02T16:52:06.6778634Z #7 22.15 Setting up libglib2.0-data (2.72.4-0ubuntu2.8) ...
integration-tests	Build Docker Image	2026-02-02T16:52:06.6778959Z #7 22.15 Setting up libtirpc-dev:amd64 (1.3.2-2ubuntu0.1) ...
integration-tests	Build Docker Image	2026-02-02T16:52:06.6779270Z #7 22.15 Setting up libuv1:amd64 (1.43.0-1ubuntu0.1) ...
integration-tests	Build Docker Image	2026-02-02T16:52:06.6779583Z #7 22.15 Setting up rpcsvc-proto (1.4.2-0ubuntu6) ...
integration-tests	Build Docker Image	2026-02-02T16:52:06.6779864Z #7 22.16 Setting up emacsen-common (3.0.4) ...
integration-tests	Build Docker Image	2026-02-02T16:52:06.6780146Z #7 22.18 Setting up libx11-data (2:1.7.5-1ubuntu0.3) ...
integration-tests	Build Docker Image	2026-02-02T16:52:06.6780422Z #7 22.18 Setting up make (4.3-4.1build1) ...
integration-tests	Build Docker Image	2026-02-02T16:52:06.6780685Z #7 22.18 Setting up libmpfr6:amd64 (4.1.0-3build3) ...
integration-tests	Build Docker Image	2026-02-02T16:52:06.6780973Z #7 22.18 Setting up gnupg-l10n (2.2.27-3ubuntu2.5) ...
integration-tests	Build Docker Image	2026-02-02T16:52:06.6781477Z #7 22.19 Setting up librtmp1:amd64 (2.4+20151223.gitfa8646d.1-2build4) ...
integration-tests	Build Docker Image	2026-02-02T16:52:06.6781828Z #7 22.19 Setting up dh-elpa-helper (2.0.9ubuntu1) ...
integration-tests	Build Docker Image	2026-02-02T16:52:06.6782104Z #7 22.19 Setting up xz-utils (5.2.5-2ubuntu1) ...
integration-tests	Build Docker Image	2026-02-02T16:52:06.7778447Z #7 22.19 update-alternatives: using /usr/bin/xz to provide /usr/bin/lzma (lzma) in auto mode
integration-tests	Build Docker Image	2026-02-02T16:52:06.7780091Z #7 22.20 update-alternatives: warning: skip creation of /usr/share/man/man1/lzma.1.gz because associated file /usr/share/man/man1/xz.1.gz (of link group lzma) doesn't exist
integration-tests	Build Docker Image	2026-02-02T16:52:06.7781347Z #7 22.20 update-alternatives: warning: skip creation of /usr/share/man/man1/unlzma.1.gz because associated file /usr/share/man/man1/unxz.1.gz (of link group lzma) doesn't exist
integration-tests	Build Docker Image	2026-02-02T16:52:06.7782421Z #7 22.20 update-alternatives: warning: skip creation of /usr/share/man/man1/lzcat.1.gz because associated file /usr/share/man/man1/xzcat.1.gz (of link group lzma) doesn't exist
integration-tests	Build Docker Image	2026-02-02T16:52:06.7783426Z #7 22.20 update-alternatives: warning: skip creation of /usr/share/man/man1/lzmore.1.gz because associated file /usr/share/man/man1/xzmore.1.gz (of link group lzma) doesn't exist
integration-tests	Build Docker Image	2026-02-02T16:52:06.7784590Z #7 22.20 update-alternatives: warning: skip creation of /usr/share/man/man1/lzless.1.gz because associated file /usr/share/man/man1/xzless.1.gz (of link group lzma) doesn't exist
integration-tests	Build Docker Image	2026-02-02T16:52:06.7785776Z #7 22.20 update-alternatives: warning: skip creation of /usr/share/man/man1/lzdiff.1.gz because associated file /usr/share/man/man1/xzdiff.1.gz (of link group lzma) doesn't exist
integration-tests	Build Docker Image	2026-02-02T16:52:06.7786776Z #7 22.20 update-alternatives: warning: skip creation of /usr/share/man/man1/lzcmp.1.gz because associated file /usr/share/man/man1/xzcmp.1.gz (of link group lzma) doesn't exist
integration-tests	Build Docker Image	2026-02-02T16:52:06.7787833Z #7 22.20 update-alternatives: warning: skip creation of /usr/share/man/man1/lzgrep.1.gz because associated file /usr/share/man/man1/xzgrep.1.gz (of link group lzma) doesn't exist
integration-tests	Build Docker Image	2026-02-02T16:52:06.7788862Z #7 22.20 update-alternatives: warning: skip creation of /usr/share/man/man1/lzegrep.1.gz because associated file /usr/share/man/man1/xzegrep.1.gz (of link group lzma) doesn't exist
integration-tests	Build Docker Image	2026-02-02T16:52:06.7789939Z #7 22.20 update-alternatives: warning: skip creation of /usr/share/man/man1/lzfgrep.1.gz because associated file /usr/share/man/man1/xzfgrep.1.gz (of link group lzma) doesn't exist
integration-tests	Build Docker Image	2026-02-02T16:52:06.7790643Z #7 22.20 Setting up libquadmath0:amd64 (12.3.0-1ubuntu1~22.04.2) ...
integration-tests	Build Docker Image	2026-02-02T16:52:06.7791000Z #7 22.20 Setting up libpng16-16:amd64 (1.6.37-3ubuntu0.3) ...
integration-tests	Build Docker Image	2026-02-02T16:52:06.7791313Z #7 22.20 Setting up libmpc3:amd64 (1.2.1-2build1) ...
integration-tests	Build Docker Image	2026-02-02T16:52:06.7791640Z #7 22.20 Setting up libatomic1:amd64 (12.3.0-1ubuntu1~22.04.2) ...
integration-tests	Build Docker Image	2026-02-02T16:52:06.7791967Z #7 22.21 Setting up libtinyxml2-9:amd64 (9.0.0+dfsg-3) ...
integration-tests	Build Docker Image	2026-02-02T16:52:06.7792257Z #7 22.21 Setting up patch (2.7.6-7build2) ...
integration-tests	Build Docker Image	2026-02-02T16:52:06.7792525Z #7 22.21 Setting up libjsoncpp25:amd64 (1.9.5-3) ...
integration-tests	Build Docker Image	2026-02-02T16:52:06.7792837Z #7 22.21 Setting up fonts-dejavu-core (2.37-2build1) ...
integration-tests	Build Docker Image	2026-02-02T16:52:06.7793110Z #7 22.22 Setting up ucf (3.0043) ...
integration-tests	Build Docker Image	2026-02-02T16:52:06.7793455Z #7 22.28 Setting up libcmocka-dev:amd64 (1.1.5-2) ...
integration-tests	Build Docker Image	2026-02-02T16:52:06.7793762Z #7 22.28 Setting up libjpeg-turbo8:amd64 (2.1.2-0ubuntu1) ...
integration-tests	Build Docker Image	2026-02-02T16:52:06.7794097Z #7 22.29 Setting up libsasl2-2:amd64 (2.1.27+dfsg2-3ubuntu1.2) ...
integration-tests	Build Docker Image	2026-02-02T16:52:06.7794528Z #7 22.29 Setting up libssh-4:amd64 (0.9.6-2ubuntu0.22.04.5) ...
integration-tests	Build Docker Image	2026-02-02T16:52:06.7794850Z #7 22.29 Setting up libwebp7:amd64 (1.2.2-2ubuntu0.22.04.2) ...
integration-tests	Build Docker Image	2026-02-02T16:52:06.7795180Z #7 22.29 Setting up libubsan1:amd64 (12.3.0-1ubuntu1~22.04.2) ...
integration-tests	Build Docker Image	2026-02-02T16:52:06.8789527Z #7 22.30 Setting up libmd0:amd64 (1.0.4-1build1) ...
integration-tests	Build Docker Image	2026-02-02T16:52:06.8790198Z #7 22.30 Setting up libnsl-dev:amd64 (1.3.0-2build2) ...
integration-tests	Build Docker Image	2026-02-02T16:52:06.8790661Z #7 22.30 Setting up librhash0:amd64 (1.4.2-1ubuntu1) ...
integration-tests	Build Docker Image	2026-02-02T16:52:06.8790960Z #7 22.30 Setting up libcrypt-dev:amd64 (1:4.4.27-1) ...
integration-tests	Build Docker Image	2026-02-02T16:52:06.8791477Z #7 22.30 Setting up libmpdec3:amd64 (2.5.1-2build2) ...
integration-tests	Build Docker Image	2026-02-02T16:52:06.8791779Z #7 22.31 Setting up git-man (1:2.34.1-1ubuntu1.15) ...
integration-tests	Build Docker Image	2026-02-02T16:52:06.8792055Z #7 22.31 Setting up netbase (6.3) ...
integration-tests	Build Docker Image	2026-02-02T16:52:06.8792329Z #7 22.32 Setting up cmake-data (3.22.1-1ubuntu1.22.04.2) ...
integration-tests	Build Docker Image	2026-02-02T16:52:06.8792641Z #7 22.35 Setting up libjs-jquery (3.6.0+dfsg+~3.5.13-1) ...
integration-tests	Build Docker Image	2026-02-02T16:52:06.8793012Z #7 22.35 Setting up libbinutils:amd64 (2.38-4ubuntu2.12) ...
integration-tests	Build Docker Image	2026-02-02T16:52:06.8793401Z #7 22.35 Setting up libfido2-1:amd64 (1.10.0-1) ...
integration-tests	Build Docker Image	2026-02-02T16:52:06.8793753Z #7 22.36 Setting up libisl23:amd64 (0.24-2build1) ...
integration-tests	Build Docker Image	2026-02-02T16:52:06.8794158Z #7 22.36 Setting up libc-dev-bin (2.35-0ubuntu3.12) ...
integration-tests	Build Docker Image	2026-02-02T16:52:06.8794645Z #7 22.36 Setting up openssl (3.0.2-0ubuntu1.21) ...
integration-tests	Build Docker Image	2026-02-02T16:52:06.8795035Z #7 22.37 Setting up libbsd0:amd64 (0.11.5-1) ...
integration-tests	Build Docker Image	2026-02-02T16:52:06.8795315Z #7 22.37 Setting up readline-common (8.1.2-1) ...
integration-tests	Build Docker Image	2026-02-02T16:52:06.8795604Z #7 22.38 Setting up publicsuffix (20211207.1025-1) ...
integration-tests	Build Docker Image	2026-02-02T16:52:06.8795919Z #7 22.38 Setting up libcc1-0:amd64 (12.3.0-1ubuntu1~22.04.2) ...
integration-tests	Build Docker Image	2026-02-02T16:52:06.8796254Z #7 22.38 Setting up liblocale-gettext-perl (1.07-4build3) ...
integration-tests	Build Docker Image	2026-02-02T16:52:06.8796596Z #7 22.38 Setting up liblsan0:amd64 (12.3.0-1ubuntu1~22.04.2) ...
integration-tests	Build Docker Image	2026-02-02T16:52:06.8796927Z #7 22.39 Setting up libitm1:amd64 (12.3.0-1ubuntu1~22.04.2) ...
integration-tests	Build Docker Image	2026-02-02T16:52:06.8797263Z #7 22.39 Setting up libgdbm6:amd64 (1.23-1) ...
integration-tests	Build Docker Image	2026-02-02T16:52:06.8797566Z #7 22.39 Setting up libjs-underscore (1.13.2~dfsg-2) ...
integration-tests	Build Docker Image	2026-02-02T16:52:06.8797841Z #7 22.39 Setting up libicu70:amd64 (70.1-2) ...
integration-tests	Build Docker Image	2026-02-02T16:52:06.8798134Z #7 22.39 Setting up libtsan0:amd64 (11.4.0-1ubuntu1~22.04.2) ...
integration-tests	Build Docker Image	2026-02-02T16:52:07.0937106Z #7 22.40 Setting up libctf0:amd64 (2.38-4ubuntu2.12) ...
integration-tests	Build Docker Image	2026-02-02T16:52:07.0937676Z #7 22.40 Setting up libjpeg8:amd64 (8c-2ubuntu10) ...
integration-tests	Build Docker Image	2026-02-02T16:52:07.0938196Z #7 22.40 Setting up pinentry-curses (1.1.1-1build2) ...
integration-tests	Build Docker Image	2026-02-02T16:52:07.0938764Z #7 22.41 Setting up cpp-11 (11.4.0-1ubuntu1~22.04.2) ...
integration-tests	Build Docker Image	2026-02-02T16:52:07.0939269Z #7 22.41 Setting up manpages-dev (5.10-1ubuntu1) ...
integration-tests	Build Docker Image	2026-02-02T16:52:07.0939782Z #7 22.41 Setting up libxdmcp6:amd64 (1:1.1.3-0ubuntu5) ...
integration-tests	Build Docker Image	2026-02-02T16:52:07.0940266Z #7 22.41 Setting up libxcb1:amd64 (1.14-3ubuntu3) ...
integration-tests	Build Docker Image	2026-02-02T16:52:07.0940751Z #7 22.41 Setting up fontconfig-config (2.13.1-4.2ubuntu5) ...
integration-tests	Build Docker Image	2026-02-02T16:52:07.0941231Z #7 22.45 Setting up libedit2:amd64 (3.1-20210910-1build1) ...
integration-tests	Build Docker Image	2026-02-02T16:52:07.0941548Z #7 22.45 Setting up libreadline8:amd64 (8.1.2-1) ...
integration-tests	Build Docker Image	2026-02-02T16:52:07.0941885Z #7 22.45 Setting up libldap-2.5-0:amd64 (2.5.19+dfsg-0ubuntu0.22.04.1) ...
integration-tests	Build Docker Image	2026-02-02T16:52:07.0942270Z #7 22.46 Setting up libpython3.10-stdlib:amd64 (3.10.12-1~22.04.13) ...
integration-tests	Build Docker Image	2026-02-02T16:52:07.0942625Z #7 22.46 Setting up ca-certificates (20240203~22.04.1) ...
integration-tests	Build Docker Image	2026-02-02T16:52:07.2779841Z #7 22.79 Updating certificates in /etc/ssl/certs...
integration-tests	Build Docker Image	2026-02-02T16:52:07.6941933Z #7 23.21 146 added, 0 removed; done.
integration-tests	Build Docker Image	2026-02-02T16:52:07.9050835Z #7 23.22 Setting up libfreetype6:amd64 (2.11.1+dfsg-1ubuntu0.3) ...
integration-tests	Build Docker Image	2026-02-02T16:52:07.9051379Z #7 23.22 Setting up libgdbm-compat4:amd64 (1.23-1) ...
integration-tests	Build Docker Image	2026-02-02T16:52:07.9051704Z #7 23.23 Setting up libjs-sphinxdoc (4.3.2-1) ...
integration-tests	Build Docker Image	2026-02-02T16:52:07.9051994Z #7 23.23 Setting up cmocka-doc (1.1.5-2) ...
integration-tests	Build Docker Image	2026-02-02T16:52:07.9052307Z #7 23.23 Setting up libgcc-11-dev:amd64 (11.4.0-1ubuntu1~22.04.2) ...
integration-tests	Build Docker Image	2026-02-02T16:52:07.9052634Z #7 23.23 Setting up cpp (4:11.2.0-1ubuntu1) ...
integration-tests	Build Docker Image	2026-02-02T16:52:07.9052939Z #7 23.24 Setting up gpgconf (2.2.27-3ubuntu2.5) ...
integration-tests	Build Docker Image	2026-02-02T16:52:07.9053235Z #7 23.24 Setting up libcurl4:amd64 (7.81.0-1ubuntu1.21) ...
integration-tests	Build Docker Image	2026-02-02T16:52:07.9053548Z #7 23.24 Setting up libc6-dev:amd64 (2.35-0ubuntu3.12) ...
integration-tests	Build Docker Image	2026-02-02T16:52:07.9053852Z #7 23.24 Setting up libx11-6:amd64 (2:1.7.5-1ubuntu0.3) ...
integration-tests	Build Docker Image	2026-02-02T16:52:07.9054156Z #7 23.24 Setting up libtiff5:amd64 (4.3.0-6ubuntu0.12) ...
integration-tests	Build Docker Image	2026-02-02T16:52:07.9054637Z #7 23.25 Setting up curl (7.81.0-1ubuntu1.21) ...
integration-tests	Build Docker Image	2026-02-02T16:52:07.9055269Z #7 23.25 Setting up libfontconfig1:amd64 (2.13.1-4.2ubuntu5) ...
integration-tests	Build Docker Image	2026-02-02T16:52:07.9055601Z #7 23.25 Setting up libxml2:amd64 (2.9.13+dfsg-1ubuntu0.11) ...
integration-tests	Build Docker Image	2026-02-02T16:52:07.9055906Z #7 23.25 Setting up libxmuu1:amd64 (2:1.1.3-3) ...
integration-tests	Build Docker Image	2026-02-02T16:52:07.9056178Z #7 23.26 Setting up gpg (2.2.27-3ubuntu2.5) ...
integration-tests	Build Docker Image	2026-02-02T16:52:07.9056488Z #7 23.26 Setting up libpython3-stdlib:amd64 (3.10.6-1~22.04.1) ...
integration-tests	Build Docker Image	2026-02-02T16:52:07.9056916Z #7 23.26 Setting up gnupg-utils (2.2.27-3ubuntu2.5) ...
integration-tests	Build Docker Image	2026-02-02T16:52:07.9057243Z #7 23.26 Setting up binutils-x86-64-linux-gnu (2.38-4ubuntu2.12) ...
integration-tests	Build Docker Image	2026-02-02T16:52:07.9057593Z #7 23.26 Setting up libpython3.10:amd64 (3.10.12-1~22.04.13) ...
integration-tests	Build Docker Image	2026-02-02T16:52:07.9057908Z #7 23.27 Setting up libperl5.34:amd64 (5.34.0-3ubuntu1.5) ...
integration-tests	Build Docker Image	2026-02-02T16:52:07.9058217Z #7 23.27 Setting up gpg-agent (2.2.27-3ubuntu2.5) ...
integration-tests	Build Docker Image	2026-02-02T16:52:08.1142392Z #7 23.63 Setting up python3.10 (3.10.12-1~22.04.13) ...
integration-tests	Build Docker Image	2026-02-02T16:52:08.6255238Z #7 24.14 Setting up libxpm4:amd64 (1:3.5.12-1ubuntu0.22.04.2) ...
integration-tests	Build Docker Image	2026-02-02T16:52:08.7562501Z #7 24.14 Setting up libarchive13:amd64 (3.6.0-1ubuntu1.5) ...
integration-tests	Build Docker Image	2026-02-02T16:52:08.7563171Z #7 24.15 Setting up openssh-client (1:8.9p1-3ubuntu0.13) ...
integration-tests	Build Docker Image	2026-02-02T16:52:08.7563818Z #7 24.19 update-alternatives: using /usr/bin/ssh to provide /usr/bin/rsh (rsh) in auto mode
integration-tests	Build Docker Image	2026-02-02T16:52:08.7565121Z #7 24.19 update-alternatives: warning: skip creation of /usr/share/man/man1/rsh.1.gz because associated file /usr/share/man/man1/ssh.1.gz (of link group rsh) doesn't exist
integration-tests	Build Docker Image	2026-02-02T16:52:08.7566273Z #7 24.19 update-alternatives: using /usr/bin/slogin to provide /usr/bin/rlogin (rlogin) in auto mode
integration-tests	Build Docker Image	2026-02-02T16:52:08.7567193Z #7 24.19 update-alternatives: warning: skip creation of /usr/share/man/man1/rlogin.1.gz because associated file /usr/share/man/man1/slogin.1.gz (of link group rlogin) doesn't exist
integration-tests	Build Docker Image	2026-02-02T16:52:08.7567999Z #7 24.19 update-alternatives: using /usr/bin/scp to provide /usr/bin/rcp (rcp) in auto mode
integration-tests	Build Docker Image	2026-02-02T16:52:08.7568831Z #7 24.19 update-alternatives: warning: skip creation of /usr/share/man/man1/rcp.1.gz because associated file /usr/share/man/man1/scp.1.gz (of link group rcp) doesn't exist
integration-tests	Build Docker Image	2026-02-02T16:52:08.7569566Z #7 24.19 Setting up gpgsm (2.2.27-3ubuntu2.5) ...
integration-tests	Build Docker Image	2026-02-02T16:52:08.7569866Z #7 24.20 Setting up libxext6:amd64 (2:1.3.4-1build1) ...
integration-tests	Build Docker Image	2026-02-02T16:52:08.7570189Z #7 24.20 Setting up libcurl3-gnutls:amd64 (7.81.0-1ubuntu1.21) ...
integration-tests	Build Docker Image	2026-02-02T16:52:08.7570513Z #7 24.20 Setting up python3 (3.10.6-1~22.04.1) ...
integration-tests	Build Docker Image	2026-02-02T16:52:08.7570780Z #7 24.27 Setting up binutils (2.38-4ubuntu2.12) ...
integration-tests	Build Docker Image	2026-02-02T16:52:08.8566807Z #7 24.27 Setting up dirmngr (2.2.27-3ubuntu2.5) ...
integration-tests	Build Docker Image	2026-02-02T16:52:08.8567299Z #7 24.37 Setting up perl (5.34.0-3ubuntu1.5) ...
integration-tests	Build Docker Image	2026-02-02T16:52:09.0174891Z #7 24.38 Setting up libexpat1-dev:amd64 (2.4.7-1ubuntu0.6) ...
integration-tests	Build Docker Image	2026-02-02T16:52:09.0175542Z #7 24.38 Setting up shared-mime-info (2.1-2) ...
integration-tests	Build Docker Image	2026-02-02T16:52:09.4301832Z #7 24.95 Setting up libgd3:amd64 (2.3.0-2ubuntu2.3) ...
integration-tests	Build Docker Image	2026-02-02T16:52:09.5321388Z #7 24.95 Setting up libdpkg-perl (1.21.1ubuntu2.6) ...
integration-tests	Build Docker Image	2026-02-02T16:52:09.5322097Z #7 24.95 Setting up libstdc++-11-dev:amd64 (11.4.0-1ubuntu1~22.04.2) ...
integration-tests	Build Docker Image	2026-02-02T16:52:09.5322605Z #7 24.96 Setting up gpg-wks-server (2.2.27-3ubuntu2.5) ...
integration-tests	Build Docker Image	2026-02-02T16:52:09.5323037Z #7 24.96 Setting up zlib1g-dev:amd64 (1:1.2.11.dfsg-2ubuntu9.2) ...
integration-tests	Build Docker Image	2026-02-02T16:52:09.5323457Z #7 24.96 Setting up libllvm14:amd64 (1:14.0.0-1ubuntu1.1) ...
integration-tests	Build Docker Image	2026-02-02T16:52:09.5324062Z #7 24.96 Setting up gcc-11 (11.4.0-1ubuntu1~22.04.2) ...
integration-tests	Build Docker Image	2026-02-02T16:52:09.5324592Z #7 24.96 Setting up xauth (1:1.1-1build2) ...
integration-tests	Build Docker Image	2026-02-02T16:52:09.5325061Z #7 24.97 Setting up libjson-perl (4.04000-1) ...
integration-tests	Build Docker Image	2026-02-02T16:52:09.5325418Z #7 24.97 Setting up cmake (3.22.1-1ubuntu1.22.04.2) ...
integration-tests	Build Docker Image	2026-02-02T16:52:09.5325887Z #7 24.98 Setting up python3-lib2to3 (3.10.8-1~22.04) ...
integration-tests	Build Docker Image	2026-02-02T16:52:09.5326253Z #7 25.05 Setting up libperlio-gzip-perl (0.19-1build8) ...
integration-tests	Build Docker Image	2026-02-02T16:52:09.6672336Z #7 25.05 Setting up libc-devtools (2.35-0ubuntu3.12) ...
integration-tests	Build Docker Image	2026-02-02T16:52:09.6675158Z #7 25.05 Setting up python3-pkg-resources (59.6.0-1.2ubuntu0.22.04.3) ...
integration-tests	Build Docker Image	2026-02-02T16:52:09.6675816Z #7 25.18 Setting up python3-distutils (3.10.8-1~22.04) ...
integration-tests	Build Docker Image	2026-02-02T16:52:09.9061151Z #7 25.27 Setting up python3-setuptools (59.6.0-1.2ubuntu0.22.04.3) ...
integration-tests	Build Docker Image	2026-02-02T16:52:10.0041047Z #7 25.52 Setting up gpg-wks-client (2.2.27-3ubuntu2.5) ...
integration-tests	Build Docker Image	2026-02-02T16:52:10.1107613Z #7 25.52 Setting up g++-11 (11.4.0-1ubuntu1~22.04.2) ...
integration-tests	Build Docker Image	2026-02-02T16:52:10.1110870Z #7 25.52 Setting up libfile-fcntllock-perl (0.22-3build7) ...
integration-tests	Build Docker Image	2026-02-02T16:52:10.1111282Z #7 25.53 Setting up libalgorithm-diff-perl (1.201-1) ...
integration-tests	Build Docker Image	2026-02-02T16:52:10.1111689Z #7 25.53 Setting up libcommon-sense-perl:amd64 (3.75-2build1) ...
integration-tests	Build Docker Image	2026-02-02T16:52:10.1112357Z #7 25.53 Setting up python3-wheel (0.37.1-2ubuntu0.22.04.1) ...
integration-tests	Build Docker Image	2026-02-02T16:52:10.1112722Z #7 25.63 Setting up gcc (4:11.2.0-1ubuntu1) ...
integration-tests	Build Docker Image	2026-02-02T16:52:10.2792259Z #7 25.63 Setting up dpkg-dev (1.21.1ubuntu2.6) ...
integration-tests	Build Docker Image	2026-02-02T16:52:10.2792942Z #7 25.64 Setting up liberror-perl (0.17029-1) ...
integration-tests	Build Docker Image	2026-02-02T16:52:10.2793461Z #7 25.64 Setting up libgd-perl (2.76-2build1) ...
integration-tests	Build Docker Image	2026-02-02T16:52:10.2794068Z #7 25.64 Setting up python3-pygments (2.11.2+dfsg-2ubuntu0.1) ...
integration-tests	Build Docker Image	2026-02-02T16:52:10.5642417Z #7 26.08 Setting up pkg-config (0.29.2-1ubuntu3) ...
integration-tests	Build Docker Image	2026-02-02T16:52:10.7551398Z #7 26.11 Setting up libpython3.10-dev:amd64 (3.10.12-1~22.04.13) ...
integration-tests	Build Docker Image	2026-02-02T16:52:10.7552236Z #7 26.11 Setting up libclang-cpp14 (1:14.0.0-1ubuntu1.1) ...
integration-tests	Build Docker Image	2026-02-02T16:52:10.7552899Z #7 26.11 Setting up git (1:2.34.1-1ubuntu1.15) ...
integration-tests	Build Docker Image	2026-02-02T16:52:10.7553482Z #7 26.12 Setting up python3-pip (22.0.2+dfsg-1ubuntu0.7) ...
integration-tests	Build Docker Image	2026-02-02T16:52:11.4134861Z #7 26.93 Setting up cppcheck (2.7-1) ...
integration-tests	Build Docker Image	2026-02-02T16:52:11.6221880Z #7 26.93 Setting up python3.10-dev (3.10.12-1~22.04.13) ...
integration-tests	Build Docker Image	2026-02-02T16:52:11.6222587Z #7 26.93 Setting up libtypes-serialiser-perl (1.01-1) ...
integration-tests	Build Docker Image	2026-02-02T16:52:11.6223112Z #7 26.94 Setting up g++ (4:11.2.0-1ubuntu1) ...
integration-tests	Build Docker Image	2026-02-02T16:52:11.6223818Z #7 26.95 update-alternatives: using /usr/bin/g++ to provide /usr/bin/c++ (c++) in auto mode
integration-tests	Build Docker Image	2026-02-02T16:52:11.6225185Z #7 26.95 update-alternatives: warning: skip creation of /usr/share/man/man1/c++.1.gz because associated file /usr/share/man/man1/g++.1.gz (of link group c++) doesn't exist
integration-tests	Build Docker Image	2026-02-02T16:52:11.6225919Z #7 26.95 Setting up gnupg (2.2.27-3ubuntu2.5) ...
integration-tests	Build Docker Image	2026-02-02T16:52:11.6226215Z #7 26.95 Setting up build-essential (12.9ubuntu3) ...
integration-tests	Build Docker Image	2026-02-02T16:52:11.6226540Z #7 26.96 Setting up clang-format-14 (1:14.0.0-1ubuntu1.1) ...
integration-tests	Build Docker Image	2026-02-02T16:52:11.6226888Z #7 26.96 Setting up libalgorithm-diff-xs-perl (0.04-6build3) ...
integration-tests	Build Docker Image	2026-02-02T16:52:11.6227228Z #7 26.96 Setting up libalgorithm-merge-perl (0.08-3) ...
integration-tests	Build Docker Image	2026-02-02T16:52:11.6227558Z #7 26.96 Setting up libjson-xs-perl (4.040-0ubuntu0.22.04.1) ...
integration-tests	Build Docker Image	2026-02-02T16:52:11.6227878Z #7 26.96 Setting up clang-format:amd64 (1:14.0-55~exp2) ...
integration-tests	Build Docker Image	2026-02-02T16:52:11.6228205Z #7 26.97 Setting up libpython3-dev:amd64 (3.10.6-1~22.04.1) ...
integration-tests	Build Docker Image	2026-02-02T16:52:11.6228495Z #7 26.97 Setting up lcov (1.15-1) ...
integration-tests	Build Docker Image	2026-02-02T16:52:11.6228750Z #7 26.97 Setting up python3-dev (3.10.6-1~22.04.1) ...
integration-tests	Build Docker Image	2026-02-02T16:52:11.6229107Z #7 26.97 Processing triggers for libc-bin (2.35-0ubuntu3.11) ...
integration-tests	Build Docker Image	2026-02-02T16:52:11.6229590Z #7 26.98 Processing triggers for ca-certificates (20240203~22.04.1) ...
integration-tests	Build Docker Image	2026-02-02T16:52:11.6230158Z #7 26.99 Updating certificates in /etc/ssl/certs...
integration-tests	Build Docker Image	2026-02-02T16:52:11.7811793Z #7 27.30 0 added, 0 removed; done.
integration-tests	Build Docker Image	2026-02-02T16:52:11.7812227Z #7 27.30 Running hooks in /etc/ca-certificates/update.d...
integration-tests	Build Docker Image	2026-02-02T16:52:11.9323023Z #7 27.30 done.
integration-tests	Build Docker Image	2026-02-02T16:52:13.2667078Z #7 DONE 28.8s
integration-tests	Build Docker Image	2026-02-02T16:52:13.4307490Z 
integration-tests	Build Docker Image	2026-02-02T16:52:13.4308236Z #8 [3/5] COPY scripts/requirements.txt /tmp/requirements.txt
integration-tests	Build Docker Image	2026-02-02T16:52:13.4308658Z #8 DONE 0.0s
integration-tests	Build Docker Image	2026-02-02T16:52:13.4308784Z 
integration-tests	Build Docker Image	2026-02-02T16:52:13.4308923Z #9 [4/5] RUN pip3 install -r /tmp/requirements.txt
integration-tests	Build Docker Image	2026-02-02T16:52:13.7510887Z #9 0.471 Collecting py-uds>=1.2.0
integration-tests	Build Docker Image	2026-02-02T16:52:13.8693989Z #9 0.556   Downloading py_uds-3.1.1-py3-none-any.whl (172 kB)
integration-tests	Build Docker Image	2026-02-02T16:52:13.9952091Z #9 0.589      ━━━━━━━━━━━━━━━━━━━━━━━━━━━━━━━━━━━━━━━ 172.1/172.1 KB 5.5 MB/s eta 0:00:00
integration-tests	Build Docker Image	2026-02-02T16:52:13.9952872Z #9 0.615 Collecting can-isotp>=1.8
integration-tests	Build Docker Image	2026-02-02T16:52:13.9953339Z #9 0.627   Downloading can_isotp-2.0.7-py3-none-any.whl (34 kB)
integration-tests	Build Docker Image	2026-02-02T16:52:13.9953823Z #9 0.672 Collecting python-can>=4.0.0
integration-tests	Build Docker Image	2026-02-02T16:52:13.9954313Z #9 0.684   Downloading python_can-4.6.1-py3-none-any.whl (276 kB)
integration-tests	Build Docker Image	2026-02-02T16:52:14.1093186Z #9 0.715      ━━━━━━━━━━━━━━━━━━━━━━━━━━━━━━━━━━━━━━━ 277.0/277.0 KB 9.2 MB/s eta 0:00:00
integration-tests	Build Docker Image	2026-02-02T16:52:14.1093805Z #9 0.767 Collecting jsonschema
integration-tests	Build Docker Image	2026-02-02T16:52:14.1094282Z #9 0.778   Downloading jsonschema-4.26.0-py3-none-any.whl (90 kB)
integration-tests	Build Docker Image	2026-02-02T16:52:14.1095297Z #9 0.786      ━━━━━━━━━━━━━━━━━━━━━━━━━━━━━━━━━━━━━━━━ 90.6/90.6 KB 13.9 MB/s eta 0:00:00
integration-tests	Build Docker Image	2026-02-02T16:52:14.1095817Z #9 0.829 Collecting west
integration-tests	Build Docker Image	2026-02-02T16:52:14.2158911Z #9 0.846   Downloading west-1.5.0-py3-none-any.whl (106 kB)
integration-tests	Build Docker Image	2026-02-02T16:52:14.2160010Z #9 0.858      ━━━━━━━━━━━━━━━━━━━━━━━━━━━━━━━━━━━━━━━ 107.0/107.0 KB 9.5 MB/s eta 0:00:00
integration-tests	Build Docker Image	2026-02-02T16:52:14.2160521Z #9 0.910 Collecting aenum>=3.0.0
integration-tests	Build Docker Image	2026-02-02T16:52:14.2160982Z #9 0.920   Downloading aenum-3.1.16-py3-none-any.whl (165 kB)
integration-tests	Build Docker Image	2026-02-02T16:52:14.3668663Z #9 0.936      ━━━━━━━━━━━━━━━━━━━━━━━━━━━━━━━━━━━━━━ 165.6/165.6 KB 11.7 MB/s eta 0:00:00
integration-tests	Build Docker Image	2026-02-02T16:52:14.5810094Z #9 1.301 Collecting wrapt~=1.10
integration-tests	Build Docker Image	2026-02-02T16:52:14.6830526Z #9 1.312   Downloading wrapt-1.17.3-cp310-cp310-manylinux1_x86_64.manylinux_2_28_x86_64.manylinux_2_5_x86_64.whl (81 kB)
integration-tests	Build Docker Image	2026-02-02T16:52:14.6831882Z #9 1.319      ━━━━━━━━━━━━━━━━━━━━━━━━━━━━━━━━━━━━━━━━ 82.0/82.0 KB 14.4 MB/s eta 0:00:00
integration-tests	Build Docker Image	2026-02-02T16:52:14.6832458Z #9 1.354 Collecting typing_extensions>=3.10.0.0
integration-tests	Build Docker Image	2026-02-02T16:52:14.6833056Z #9 1.364   Downloading typing_extensions-4.15.0-py3-none-any.whl (44 kB)
integration-tests	Build Docker Image	2026-02-02T16:52:14.6833852Z #9 1.368      ━━━━━━━━━━━━━━━━━━━━━━━━━━━━━━━━━━━━━━━━ 44.6/44.6 KB 17.7 MB/s eta 0:00:00
integration-tests	Build Docker Image	2026-02-02T16:52:14.6834697Z #9 1.403 Collecting packaging>=23.1
integration-tests	Build Docker Image	2026-02-02T16:52:14.8507670Z #9 1.414   Downloading packaging-26.0-py3-none-any.whl (74 kB)
integration-tests	Build Docker Image	2026-02-02T16:52:14.8508618Z #9 1.420      ━━━━━━━━━━━━━━━━━━━━━━━━━━━━━━━━━━━━━━━━ 74.4/74.4 KB 13.4 MB/s eta 0:00:00
integration-tests	Build Docker Image	2026-02-02T16:52:15.3452823Z #9 2.065 Collecting rpds-py>=0.25.0
integration-tests	Build Docker Image	2026-02-02T16:52:15.4480520Z #9 2.076   Downloading rpds_py-0.30.0-cp310-cp310-manylinux_2_17_x86_64.manylinux2014_x86_64.whl (390 kB)
integration-tests	Build Docker Image	2026-02-02T16:52:15.4482160Z #9 2.108      ━━━━━━━━━━━━━━━━━━━━━━━━━━━━━━━━━━━━━━ 390.5/390.5 KB 12.9 MB/s eta 0:00:00
integration-tests	Build Docker Image	2026-02-02T16:52:15.4482789Z #9 2.157 Collecting referencing>=0.28.4
integration-tests	Build Docker Image	2026-02-02T16:52:15.4483491Z #9 2.168   Downloading referencing-0.37.0-py3-none-any.whl (26 kB)
integration-tests	Build Docker Image	2026-02-02T16:52:15.5636249Z #9 2.199 Collecting attrs>=22.2.0
integration-tests	Build Docker Image	2026-02-02T16:52:15.5636698Z #9 2.210   Downloading attrs-25.4.0-py3-none-any.whl (67 kB)
integration-tests	Build Docker Image	2026-02-02T16:52:15.5637429Z #9 2.215      ━━━━━━━━━━━━━━━━━━━━━━━━━━━━━━━━━━━━━━━━ 67.6/67.6 KB 18.4 MB/s eta 0:00:00
integration-tests	Build Docker Image	2026-02-02T16:52:15.5637904Z #9 2.241 Collecting jsonschema-specifications>=2023.03.6
integration-tests	Build Docker Image	2026-02-02T16:52:15.5638395Z #9 2.252   Downloading jsonschema_specifications-2025.9.1-py3-none-any.whl (18 kB)
integration-tests	Build Docker Image	2026-02-02T16:52:15.5638828Z #9 2.284 Collecting colorama
integration-tests	Build Docker Image	2026-02-02T16:52:15.6853040Z #9 2.294   Downloading colorama-0.4.6-py2.py3-none-any.whl (25 kB)
integration-tests	Build Docker Image	2026-02-02T16:52:15.6853789Z #9 2.314 Collecting pykwalify
integration-tests	Build Docker Image	2026-02-02T16:52:15.6854544Z #9 2.325   Downloading pykwalify-1.8.0-py2.py3-none-any.whl (24 kB)
integration-tests	Build Docker Image	2026-02-02T16:52:15.6855257Z #9 2.405 Collecting PyYAML>=5.1
integration-tests	Build Docker Image	2026-02-02T16:52:15.7981388Z #9 2.416   Downloading pyyaml-6.0.3-cp310-cp310-manylinux2014_x86_64.manylinux_2_17_x86_64.manylinux_2_28_x86_64.whl (770 kB)
integration-tests	Build Docker Image	2026-02-02T16:52:15.7982498Z #9 2.465      ━━━━━━━━━━━━━━━━━━━━━━━━━━━━━━━━━━━━━━ 770.3/770.3 KB 16.1 MB/s eta 0:00:00
integration-tests	Build Docker Image	2026-02-02T16:52:15.7982879Z #9 2.518 Collecting docopt>=0.6.2
integration-tests	Build Docker Image	2026-02-02T16:52:15.9312946Z #9 2.529   Downloading docopt-0.6.2.tar.gz (25 kB)
integration-tests	Build Docker Image	2026-02-02T16:52:15.9314106Z #9 2.535   Preparing metadata (setup.py): started
integration-tests	Build Docker Image	2026-02-02T16:52:15.9315092Z #9 2.651   Preparing metadata (setup.py): finished with status 'done'
integration-tests	Build Docker Image	2026-02-02T16:52:16.1337739Z #9 2.679 Collecting python-dateutil>=2.8.0
integration-tests	Build Docker Image	2026-02-02T16:52:16.1338576Z #9 2.689   Downloading python_dateutil-2.9.0.post0-py2.py3-none-any.whl (229 kB)
integration-tests	Build Docker Image	2026-02-02T16:52:16.1339832Z #9 2.703      ━━━━━━━━━━━━━━━━━━━━━━━━━━━━━━━━━━━━━━ 229.9/229.9 KB 18.7 MB/s eta 0:00:00
integration-tests	Build Docker Image	2026-02-02T16:52:16.2644731Z #9 2.984 Collecting ruamel.yaml>=0.16.0
integration-tests	Build Docker Image	2026-02-02T16:52:16.4810828Z #9 2.995   Downloading ruamel_yaml-0.19.1-py3-none-any.whl (118 kB)
integration-tests	Build Docker Image	2026-02-02T16:52:16.4811922Z #9 3.001      ━━━━━━━━━━━━━━━━━━━━━━━━━━━━━━━━━━━━━━ 118.1/118.1 KB 25.6 MB/s eta 0:00:00
integration-tests	Build Docker Image	2026-02-02T16:52:16.4812439Z #9 3.030 Collecting six>=1.5
integration-tests	Build Docker Image	2026-02-02T16:52:16.4812855Z #9 3.040   Downloading six-1.17.0-py2.py3-none-any.whl (11 kB)
integration-tests	Build Docker Image	2026-02-02T16:52:16.4813376Z #9 3.054 Building wheels for collected packages: docopt
integration-tests	Build Docker Image	2026-02-02T16:52:16.4813938Z #9 3.055   Building wheel for docopt (setup.py): started
integration-tests	Build Docker Image	2026-02-02T16:52:16.4814613Z #9 3.201   Building wheel for docopt (setup.py): finished with status 'done'
integration-tests	Build Docker Image	2026-02-02T16:52:16.6934205Z #9 3.201   Created wheel for docopt: filename=docopt-0.6.2-py2.py3-none-any.whl size=13723 sha256=f062982b3a415b87db76f28bc5354e7efc4e86f959f827538b8e6ba4c3374ac5
integration-tests	Build Docker Image	2026-02-02T16:52:16.6935472Z #9 3.202   Stored in directory: /root/.cache/pip/wheels/fc/ab/d4/5da2067ac95b36618c629a5f93f809425700506f72c9732fac
integration-tests	Build Docker Image	2026-02-02T16:52:16.6936070Z #9 3.203 Successfully built docopt
integration-tests	Build Docker Image	2026-02-02T16:52:16.6937153Z #9 3.263 Installing collected packages: docopt, aenum, wrapt, typing_extensions, six, ruamel.yaml, rpds-py, PyYAML, packaging, colorama, can-isotp, attrs, referencing, python-dateutil, python-can, pykwalify, py-uds, jsonschema-specifications, west, jsonschema
integration-tests	Build Docker Image	2026-02-02T16:52:17.2937992Z #9 4.013 Successfully installed PyYAML-6.0.3 aenum-3.1.16 attrs-25.4.0 can-isotp-2.0.7 colorama-0.4.6 docopt-0.6.2 jsonschema-4.26.0 jsonschema-specifications-2025.9.1 packaging-26.0 py-uds-3.1.1 pykwalify-1.8.0 python-can-4.6.1 python-dateutil-2.9.0.post0 referencing-0.37.0 rpds-py-0.30.0 ruamel.yaml-0.19.1 six-1.17.0 typing_extensions-4.15.0 west-1.5.0 wrapt-1.17.3
integration-tests	Build Docker Image	2026-02-02T16:52:17.4441953Z #9 4.014 WARNING: Running pip as the 'root' user can result in broken permissions and conflicting behaviour with the system package manager. It is recommended to use a virtual environment instead: https://pip.pypa.io/warnings/venv
integration-tests	Build Docker Image	2026-02-02T16:52:17.4649696Z #9 DONE 4.2s
integration-tests	Build Docker Image	2026-02-02T16:52:17.6287648Z 
integration-tests	Build Docker Image	2026-02-02T16:52:17.6289166Z #10 [5/5] WORKDIR /app
integration-tests	Build Docker Image	2026-02-02T16:52:17.6291457Z #10 DONE 0.0s
integration-tests	Build Docker Image	2026-02-02T16:52:17.6291642Z 
integration-tests	Build Docker Image	2026-02-02T16:52:17.6291771Z #11 exporting to image
integration-tests	Build Docker Image	2026-02-02T16:52:17.6292095Z #11 exporting layers
integration-tests	Build Docker Image	2026-02-02T16:52:20.0287554Z #11 exporting layers 2.6s done
integration-tests	Build Docker Image	2026-02-02T16:52:20.0478471Z #11 writing image sha256:f35eec3458c2434dcfd34350b9afa18407f5d368e1a545166434c2690d50ecac done
integration-tests	Build Docker Image	2026-02-02T16:52:20.0479304Z #11 naming to docker.io/library/libuds-test-env done
integration-tests	Build Docker Image	2026-02-02T16:52:20.0479768Z #11 DONE 2.6s
integration-tests	Build Integration Artifacts	﻿2026-02-02T16:52:20.0549505Z ##[group]Run docker run --rm \
integration-tests	Build Integration Artifacts	2026-02-02T16:52:20.0549797Z [36;1mdocker run --rm \[0m
integration-tests	Build Integration Artifacts	2026-02-02T16:52:20.0550015Z [36;1m  -v $GITHUB_WORKSPACE:/app \[0m
integration-tests	Build Integration Artifacts	2026-02-02T16:52:20.0550265Z [36;1m  -u $(id -u):$(id -g) \[0m
integration-tests	Build Integration Artifacts	2026-02-02T16:52:20.0550490Z [36;1m  libuds-test-env \[0m
integration-tests	Build Integration Artifacts	2026-02-02T16:52:20.0550741Z [36;1m  bash -c "set -euo pipefail[0m
integration-tests	Build Integration Artifacts	2026-02-02T16:52:20.0551013Z [36;1m    cmake -S . -B build -DBUILD_TESTING=ON[0m
integration-tests	Build Integration Artifacts	2026-02-02T16:52:20.0551383Z [36;1m    cmake --build build --target uds_host_sim test_integration[0m
integration-tests	Build Integration Artifacts	2026-02-02T16:52:20.0551721Z [36;1m    make -C examples/client_demo"[0m
integration-tests	Build Integration Artifacts	2026-02-02T16:52:20.0571587Z shell: /usr/bin/bash -e {0}
integration-tests	Build Integration Artifacts	2026-02-02T16:52:20.0571845Z ##[endgroup]
integration-tests	Build Integration Artifacts	2026-02-02T16:52:20.2482811Z -- The C compiler identification is GNU 11.4.0
integration-tests	Build Integration Artifacts	2026-02-02T16:52:20.2563888Z -- Detecting C compiler ABI info
integration-tests	Build Integration Artifacts	2026-02-02T16:52:20.3095651Z -- Detecting C compiler ABI info - done
integration-tests	Build Integration Artifacts	2026-02-02T16:52:20.3156668Z -- Check for working C compiler: /usr/bin/cc - skipped
integration-tests	Build Integration Artifacts	2026-02-02T16:52:20.3158332Z -- Detecting C compile features
integration-tests	Build Integration Artifacts	2026-02-02T16:52:20.3162403Z -- Detecting C compile features - done
integration-tests	Build Integration Artifacts	2026-02-02T16:52:20.3201899Z -- Found PkgConfig: /usr/bin/pkg-config (found version "0.29.2") 
integration-tests	Build Integration Artifacts	2026-02-02T16:52:20.3206858Z -- Checking for module 'cmocka'
integration-tests	Build Integration Artifacts	2026-02-02T16:52:20.3279491Z --   Found cmocka, version 1.1.5
integration-tests	Build Integration Artifacts	2026-02-02T16:52:20.3473110Z -- Configuring done
integration-tests	Build Integration Artifacts	2026-02-02T16:52:20.3759949Z -- Generating done
integration-tests	Build Integration Artifacts	2026-02-02T16:52:20.3779489Z -- Build files have been written to: /app/build
integration-tests	Build Integration Artifacts	2026-02-02T16:52:20.4202863Z [  9%] Building C object CMakeFiles/uds.dir/src/core/uds_core.c.o
integration-tests	Build Integration Artifacts	2026-02-02T16:52:20.4551777Z [ 18%] Building C object CMakeFiles/uds.dir/src/services/uds_service_session.c.o
integration-tests	Build Integration Artifacts	2026-02-02T16:52:20.4752199Z [ 27%] Building C object CMakeFiles/uds.dir/src/services/uds_service_data.c.o
integration-tests	Build Integration Artifacts	2026-02-02T16:52:20.4981478Z [ 36%] Building C object CMakeFiles/uds.dir/src/services/uds_service_security.c.o
integration-tests	Build Integration Artifacts	2026-02-02T16:52:20.5193350Z [ 45%] Building C object CMakeFiles/uds.dir/src/services/uds_service_maintenance.c.o
integration-tests	Build Integration Artifacts	2026-02-02T16:52:20.5435261Z [ 54%] Building C object CMakeFiles/uds.dir/src/services/uds_service_flash.c.o
integration-tests	Build Integration Artifacts	2026-02-02T16:52:20.5675810Z [ 63%] Building C object CMakeFiles/uds.dir/src/services/uds_service_mem.c.o
integration-tests	Build Integration Artifacts	2026-02-02T16:52:20.5896197Z [ 72%] Building C object CMakeFiles/uds.dir/src/transport/uds_tp_isotp.c.o
integration-tests	Build Integration Artifacts	2026-02-02T16:52:20.6152617Z [ 81%] Linking C static library libuds.a
integration-tests	Build Integration Artifacts	2026-02-02T16:52:20.6372657Z [ 81%] Built target uds
integration-tests	Build Integration Artifacts	2026-02-02T16:52:20.6500350Z [ 90%] Building C object examples/host_sim/CMakeFiles/uds_host_sim.dir/main.c.o
integration-tests	Build Integration Artifacts	2026-02-02T16:52:20.6872604Z [100%] Linking C executable uds_host_sim
integration-tests	Build Integration Artifacts	2026-02-02T16:52:20.7139647Z [100%] Built target uds_host_sim
integration-tests	Build Integration Artifacts	2026-02-02T16:52:20.7401333Z Consolidate compiler generated dependencies of target uds
integration-tests	Build Integration Artifacts	2026-02-02T16:52:20.7473267Z [ 75%] Built target uds
integration-tests	Build Integration Artifacts	2026-02-02T16:52:20.7601436Z [ 83%] Building C object tests/CMakeFiles/test_integration.dir/integration/test_integration.c.o
integration-tests	Build Integration Artifacts	2026-02-02T16:52:20.7869741Z [ 91%] Building C object tests/CMakeFiles/test_integration.dir/unit/test_helpers.c.o
integration-tests	Build Integration Artifacts	2026-02-02T16:52:20.8077665Z [100%] Linking C executable test_integration
integration-tests	Build Integration Artifacts	2026-02-02T16:52:20.8353893Z [100%] Built target test_integration
integration-tests	Build Integration Artifacts	2026-02-02T16:52:20.8441826Z make: Entering directory '/app/examples/client_demo'
integration-tests	Build Integration Artifacts	2026-02-02T16:52:20.8443131Z gcc -Wall -Wextra -I../../include -I../../src/core -o uds_client_demo main.c ../../src/core/uds_core.c ../../src/transport/uds_tp_isotp.c ../../src/services/uds_service_session.c ../../src/services/uds_service_data.c ../../src/services/uds_service_security.c ../../src/services/uds_service_maintenance.c ../../src/services/uds_service_flash.c ../../src/services/uds_service_mem.c
integration-tests	Build Integration Artifacts	2026-02-02T16:52:21.0221105Z make: Leaving directory '/app/examples/client_demo'
integration-tests	Run C Integration Test (ctest)	﻿2026-02-02T16:52:21.0846276Z ##[group]Run docker run --rm \
integration-tests	Run C Integration Test (ctest)	2026-02-02T16:52:21.0846567Z [36;1mdocker run --rm \[0m
integration-tests	Run C Integration Test (ctest)	2026-02-02T16:52:21.0846793Z [36;1m  -v $GITHUB_WORKSPACE:/app \[0m
integration-tests	Run C Integration Test (ctest)	2026-02-02T16:52:21.0847046Z [36;1m  -u $(id -u):$(id -g) \[0m
integration-tests	Run C Integration Test (ctest)	2026-02-02T16:52:21.0847277Z [36;1m  libuds-test-env \[0m
integration-tests	Run C Integration Test (ctest)	2026-02-02T16:52:21.0847582Z [36;1m  bash -c "cd build && ctest -R test_integration --output-on-failure"[0m
integration-tests	Run C Integration Test (ctest)	2026-02-02T16:52:21.0866421Z shell: /usr/bin/bash -e {0}
integration-tests	Run C Integration Test (ctest)	2026-02-02T16:52:21.0866667Z ##[endgroup]
integration-tests	Run C Integration Test (ctest)	2026-02-02T16:52:21.2052809Z Test project /app/build
integration-tests	Run C Integration Test (ctest)	2026-02-02T16:52:21.2059919Z     Start 32: test_integration
integration-tests	Run C Integration Test (ctest)	2026-02-02T16:52:21.2072840Z 1/1 Test #32: test_integration .................   Passed    0.00 sec
integration-tests	Run C Integration Test (ctest)	2026-02-02T16:52:21.2074880Z 
integration-tests	Run C Integration Test (ctest)	2026-02-02T16:52:21.2075024Z 100% tests passed, 0 tests failed out of 1
integration-tests	Run C Integration Test (ctest)	2026-02-02T16:52:21.2075202Z 
integration-tests	Run C Integration Test (ctest)	2026-02-02T16:52:21.2075286Z Total Test time (real) =   0.00 sec
integration-tests	Run Host Simulator Loopback	﻿2026-02-02T16:52:21.2627285Z ##[group]Run docker run --rm \
integration-tests	Run Host Simulator Loopback	2026-02-02T16:52:21.2627556Z [36;1mdocker run --rm \[0m
integration-tests	Run Host Simulator Loopback	2026-02-02T16:52:21.2627780Z [36;1m  -v $GITHUB_WORKSPACE:/app \[0m
integration-tests	Run Host Simulator Loopback	2026-02-02T16:52:21.2628018Z [36;1m  -u $(id -u):$(id -g) \[0m
integration-tests	Run Host Simulator Loopback	2026-02-02T16:52:21.2628376Z [36;1m  libuds-test-env \[0m
integration-tests	Run Host Simulator Loopback	2026-02-02T16:52:21.2628610Z [36;1m  bash -c "./run_integration_test.sh"[0m
integration-tests	Run Host Simulator Loopback	2026-02-02T16:52:21.2647585Z shell: /usr/bin/bash -e {0}
integration-tests	Run Host Simulator Loopback	2026-02-02T16:52:21.2647829Z ##[endgroup]
integration-tests	Run Host Simulator Loopback	2026-02-02T16:52:21.3845999Z --- Starting C-to-C Integration Test (Port 5005) ---
integration-tests	Run Host Simulator Loopback	2026-02-02T16:52:24.3876040Z SUCCESS: C Client to C Simulator communication verified!
integration-tests	Run Host Simulator Loopback	2026-02-02T16:52:24.3876671Z --- Client Log Output ---
integration-tests	Run Host Simulator Loopback	2026-02-02T16:52:24.3881476Z UDS Client starting (Target: 127.0.0.1:5005)
integration-tests	Run Host Simulator Loopback	2026-02-02T16:52:24.3882020Z [CLIENT] Sending DiagnosticSessionControl (Extended)...
integration-tests	Run Host Simulator Loopback	2026-02-02T16:52:24.3882327Z [CLIENT] Response Received: SID=50, Len=5
integration-tests	Run Host Simulator Loopback	2026-02-02T16:52:24.3882597Z [CLIENT] Data: 03 00 32 01 F4
integration-tests	Run Host Simulator Loopback	2026-02-02T16:52:24.3882930Z [CLIENT] Session changed OK
integration-tests	Run Host Simulator Loopback	2026-02-02T16:52:24.3883149Z 
integration-tests	Run Host Simulator Loopback	2026-02-02T16:52:24.3883258Z [CLIENT] Sending ReadDataByIdentifier (VIN)...
integration-tests	Run Host Simulator Loopback	2026-02-02T16:52:24.3883538Z [CLIENT] Response Received: SID=62, Len=16
integration-tests	Run Host Simulator Loopback	2026-02-02T16:52:24.3883823Z [CLIENT] Data: F1 90 55 44 53 4C 49 42 5F 53 49 4D 5F 30 30 31
integration-tests	Run Host Simulator Loopback	2026-02-02T16:52:24.3884253Z [CLIENT] Read Data OK
integration-tests	Run Python Integration Suite	﻿2026-02-02T16:52:24.4529690Z ##[group]Run docker run --rm \
integration-tests	Run Python Integration Suite	2026-02-02T16:52:24.4529986Z [36;1mdocker run --rm \[0m
integration-tests	Run Python Integration Suite	2026-02-02T16:52:24.4530218Z [36;1m  -v $GITHUB_WORKSPACE:/app \[0m
integration-tests	Run Python Integration Suite	2026-02-02T16:52:24.4530460Z [36;1m  -u $(id -u):$(id -g) \[0m
integration-tests	Run Python Integration Suite	2026-02-02T16:52:24.4530690Z [36;1m  libuds-test-env \[0m
integration-tests	Run Python Integration Suite	2026-02-02T16:52:24.4530957Z [36;1m  bash -c "python3 tests/integration/test_uds.py"[0m
integration-tests	Run Python Integration Suite	2026-02-02T16:52:24.4549559Z shell: /usr/bin/bash -e {0}
integration-tests	Run Python Integration Suite	2026-02-02T16:52:24.4549806Z ##[endgroup]
integration-tests	Run Python Integration Suite	2026-02-02T16:52:25.5839878Z [TEST] Starting ECU Simulator...
integration-tests	Run Python Integration Suite	2026-02-02T16:52:25.5840427Z [TEST] 1. Diagnostic Session Control (10 03)
integration-tests	Run Python Integration Suite	2026-02-02T16:52:25.5840829Z   [TX] SF: 021003
integration-tests	Run Python Integration Suite	2026-02-02T16:52:25.5841118Z   [RX] DATA: 065003003201f400
integration-tests	Run Python Integration Suite	2026-02-02T16:52:25.5841482Z [TEST] 2. Authentication (29 02 - Certificate)
integration-tests	Run Python Integration Suite	2026-02-02T16:52:25.5841906Z   [TX] SF: 042902dead
integration-tests	Run Python Integration Suite	2026-02-02T16:52:25.5842196Z   [RX] DATA: 0369020100000000
integration-tests	Run Python Integration Suite	2026-02-02T16:52:25.5842587Z [TEST] 3. Security Access (27 01/02)
integration-tests	Run Python Integration Suite	2026-02-02T16:52:25.5842951Z   [TX] SF: 022701
integration-tests	Run Python Integration Suite	2026-02-02T16:52:25.5843462Z   [RX] DATA: 066701deadbeef00
integration-tests	Run Python Integration Suite	2026-02-02T16:52:25.5843810Z   [TX] SF: 062702dfaebff0
integration-tests	Run Python Integration Suite	2026-02-02T16:52:25.5844124Z   [RX] DATA: 0267020000000000
integration-tests	Run Python Integration Suite	2026-02-02T16:52:25.5844680Z [TEST] 4. Data Services (22 F1 90 / 2E 01 23)
integration-tests	Run Python Integration Suite	2026-02-02T16:52:25.5845173Z   [TX] SF: 0322f190
integration-tests	Run Python Integration Suite	2026-02-02T16:52:25.5845576Z   [RX] DATA: 101162f190554453
integration-tests	Run Python Integration Suite	2026-02-02T16:52:25.5845979Z   [RX] DATA: 214c49425f53494d
integration-tests	Run Python Integration Suite	2026-02-02T16:52:25.5846464Z   [RX] DATA: 225f303031000000
integration-tests	Run Python Integration Suite	2026-02-02T16:52:25.5846800Z   [TX] FF: 10132e0123544553
integration-tests	Run Python Integration Suite	2026-02-02T16:52:25.5847146Z   [RX] FC: 3000000000000000
integration-tests	Run Python Integration Suite	2026-02-02T16:52:25.5847528Z   [TX] CF: 21545f434c49454e
integration-tests	Run Python Integration Suite	2026-02-02T16:52:25.5847865Z   [TX] CF: 22545f30303100
integration-tests	Run Python Integration Suite	2026-02-02T16:52:25.5848198Z   [RX] DATA: 036e012300000000
integration-tests	Run Python Integration Suite	2026-02-02T16:52:25.5848675Z [TEST] 5. Maintenance / DTC Services (19 01 / 85 01 / 14 FF FF FF)
integration-tests	Run Python Integration Suite	2026-02-02T16:52:25.5849216Z   [TX] SF: 031901ff
integration-tests	Run Python Integration Suite	2026-02-02T16:52:25.5849529Z   [RX] DATA: 0659010101000200
integration-tests	Run Python Integration Suite	2026-02-02T16:52:25.5849875Z   [TX] SF: 028501
integration-tests	Run Python Integration Suite	2026-02-02T16:52:25.5850215Z   [RX] DATA: 02c5010000000000
integration-tests	Run Python Integration Suite	2026-02-02T16:52:25.5850547Z   [TX] SF: 0414ffffff
integration-tests	Run Python Integration Suite	2026-02-02T16:52:25.5850853Z   [RX] DATA: 0154000000000000
integration-tests	Run Python Integration Suite	2026-02-02T16:52:25.5851212Z [TEST] 6. Flash Engine (31 / 34 / 36 / 37)
integration-tests	Run Python Integration Suite	2026-02-02T16:52:25.5851619Z   [TX] SF: 043101ff00
integration-tests	Run Python Integration Suite	2026-02-02T16:52:25.5851922Z   [RX] DATA: 057101ff00000000
integration-tests	Run Python Integration Suite	2026-02-02T16:52:25.5852379Z   [TX] FF: 100b340044112233
integration-tests	Run Python Integration Suite	2026-02-02T16:52:25.5852746Z   [RX] FC: 3000000000000000
integration-tests	Run Python Integration Suite	2026-02-02T16:52:25.5853208Z   [TX] CF: 214400001000
integration-tests	Run Python Integration Suite	2026-02-02T16:52:25.5853559Z   [RX] DATA: 0674200000040000
integration-tests	Run Python Integration Suite	2026-02-02T16:52:25.5853893Z   [TX] SF: 043601aabb
integration-tests	Run Python Integration Suite	2026-02-02T16:52:25.5854206Z   [RX] DATA: 0276010000000000
integration-tests	Run Python Integration Suite	2026-02-02T16:52:25.5854688Z   [TX] SF: 0137
integration-tests	Run Python Integration Suite	2026-02-02T16:52:25.5854946Z   [RX] DATA: 0177000000000000
integration-tests	Run Python Integration Suite	2026-02-02T16:52:25.5855286Z [TEST] 7. Comm Control & Tester Present
integration-tests	Run Python Integration Suite	2026-02-02T16:52:25.5855663Z   [TX] SF: 03280001
integration-tests	Run Python Integration Suite	2026-02-02T16:52:25.5856242Z   [RX] DATA: 0268000000000000
integration-tests	Run Python Integration Suite	2026-02-02T16:52:25.5856563Z   [TX] SF: 023e00
integration-tests	Run Python Integration Suite	2026-02-02T16:52:25.5856833Z   [RX] DATA: 027e000000000000
integration-tests	Run Python Integration Suite	2026-02-02T16:52:25.5857179Z [TEST] 8. ECU Reset (11 01)
integration-tests	Run Python Integration Suite	2026-02-02T16:52:25.5857491Z   [TX] SF: 021101
integration-tests	Run Python Integration Suite	2026-02-02T16:52:25.5857774Z   [RX] DATA: 0251010000000000
integration-tests	Run Python Integration Suite	2026-02-02T16:52:25.5858113Z [TEST] 9. Memory Services (23 / 3D)
integration-tests	Run Python Integration Suite	2026-02-02T16:52:25.5858493Z   [TX] SF: 063d12001001ab
integration-tests	Run Python Integration Suite	2026-02-02T16:52:25.5858824Z   [RX] DATA: 057d120010010000
integration-tests	Run Python Integration Suite	2026-02-02T16:52:25.5859150Z   [TX] SF: 052312001001
integration-tests	Run Python Integration Suite	2026-02-02T16:52:25.5859469Z   [RX] DATA: 0263ab0000000000
integration-tests	Run Python Integration Suite	2026-02-02T16:52:25.5859692Z 
integration-tests	Run Python Integration Suite	2026-02-02T16:52:25.5859962Z --- ALL 15 SERVICES (Including Memory) VERIFIED VIA INTEGRATION ---
integration-tests	Archive Integration Logs	﻿2026-02-02T16:52:25.6618606Z ##[group]Run actions/upload-artifact@v4
integration-tests	Archive Integration Logs	2026-02-02T16:52:25.6618872Z with:
integration-tests	Archive Integration Logs	2026-02-02T16:52:25.6619040Z   name: integration-logs
integration-tests	Archive Integration Logs	2026-02-02T16:52:25.6619267Z   path: build/Testing
integration-tests	Archive Integration Logs	sim_c.log
integration-tests	Archive Integration Logs	client_c.log
integration-tests	Archive Integration Logs	
integration-tests	Archive Integration Logs	2026-02-02T16:52:25.6619518Z   if-no-files-found: warn
integration-tests	Archive Integration Logs	2026-02-02T16:52:25.6619750Z   compression-level: 6
integration-tests	Archive Integration Logs	2026-02-02T16:52:25.6619936Z   overwrite: false
integration-tests	Archive Integration Logs	2026-02-02T16:52:25.6620115Z   include-hidden-files: false
integration-tests	Archive Integration Logs	2026-02-02T16:52:25.6620322Z ##[endgroup]
integration-tests	Archive Integration Logs	2026-02-02T16:52:25.8716941Z Multiple search paths detected. Calculating the least common ancestor of all paths
integration-tests	Archive Integration Logs	2026-02-02T16:52:25.8721121Z The least common ancestor is /home/runner/work/udslib/udslib. This will be the root directory of the artifact
integration-tests	Archive Integration Logs	2026-02-02T16:52:25.8722557Z With the provided path, there will be 4 files uploaded
integration-tests	Archive Integration Logs	2026-02-02T16:52:25.8726904Z Artifact name is valid!
integration-tests	Archive Integration Logs	2026-02-02T16:52:25.8728727Z Root directory input is valid!
integration-tests	Archive Integration Logs	2026-02-02T16:52:26.1606423Z Beginning upload of artifact content to blob storage
integration-tests	Archive Integration Logs	2026-02-02T16:52:26.4085151Z Uploaded bytes 1113
integration-tests	Archive Integration Logs	2026-02-02T16:52:26.4735561Z Finished uploading artifact content to blob storage!
integration-tests	Archive Integration Logs	2026-02-02T16:52:26.4739640Z SHA256 digest of uploaded artifact zip is ea73c4831a38a570563fba00ebbab982d1121d59ad5d1b007ccd82c507d9875d
integration-tests	Archive Integration Logs	2026-02-02T16:52:26.4742115Z Finalizing artifact upload
integration-tests	Archive Integration Logs	2026-02-02T16:52:26.6344097Z Artifact integration-logs.zip successfully finalized. Artifact ID 5346604678
integration-tests	Archive Integration Logs	2026-02-02T16:52:26.6345728Z Artifact integration-logs has been successfully uploaded! Final size is 1113 bytes. Artifact ID is 5346604678
integration-tests	Archive Integration Logs	2026-02-02T16:52:26.6352146Z Artifact download URL: https://github.com/w1ne/udslib/actions/runs/21599152388/artifacts/5346604678
integration-tests	Post Run actions/checkout@v4	﻿2026-02-02T16:52:26.6503691Z Post job cleanup.
integration-tests	Post Run actions/checkout@v4	2026-02-02T16:52:26.7378452Z [command]/usr/bin/git version
integration-tests	Post Run actions/checkout@v4	2026-02-02T16:52:26.7412031Z git version 2.52.0
integration-tests	Post Run actions/checkout@v4	2026-02-02T16:52:26.7452180Z Temporarily overriding HOME='/home/runner/work/_temp/93364e3f-4445-4bd1-87ca-fa8079a33dd1' before making global git config changes
integration-tests	Post Run actions/checkout@v4	2026-02-02T16:52:26.7452955Z Adding repository directory to the temporary git global config as a safe directory
integration-tests	Post Run actions/checkout@v4	2026-02-02T16:52:26.7465235Z [command]/usr/bin/git config --global --add safe.directory /home/runner/work/udslib/udslib
integration-tests	Post Run actions/checkout@v4	2026-02-02T16:52:26.7494041Z [command]/usr/bin/git config --local --name-only --get-regexp core\.sshCommand
integration-tests	Post Run actions/checkout@v4	2026-02-02T16:52:26.7520717Z [command]/usr/bin/git submodule foreach --recursive sh -c "git config --local --name-only --get-regexp 'core\.sshCommand' && git config --local --unset-all 'core.sshCommand' || :"
integration-tests	Post Run actions/checkout@v4	2026-02-02T16:52:26.7684204Z fatal: No url found for submodule path 'external/iso14229' in .gitmodules
integration-tests	Post Run actions/checkout@v4	2026-02-02T16:52:26.7731777Z ##[warning]The process '/usr/bin/git' failed with exit code 128
integration-tests	Complete job	﻿2026-02-02T16:52:26.7800513Z Cleaning up orphan processes
